[2026-08-09 15:13:59.519] *                          variant_start  (app-vendored-stable_lib-vendored-stable_ocaml_binding-vendored-stable_python_binding-vendored-stable_source-vendored-stable)
[2026-08-09 15:13:59.519] *                          graph_start  (13 steps)
[2026-08-09 15:13:59.519] configure                  check_pre  (pass)
[2026-08-09 15:13:59.522] configure                  cmd  (test -d canary/examples/tiny/scenarios/_cache/behavior_silent/workspace/c/build || { echo 'lib_dir missing: canary/examples/tiny/scenarios/_cache/behavior_silent/workspace/c/build'; exit 1; } && echo 'ok' > /home/red/code/research/tola/_out/canary/projects/tiny1/behavior_silent/configure/conf_app-vendored-stable_lib-vendored-stable_ocaml_binding-vendored-stable_python_binding-vendored-stable_source-vendored-stable.ok)
[2026-08-09 15:13:59.522] configure                  detect  (ok, output present)
[2026-08-09 15:13:59.522] configure                  check_post  (pass)
[2026-08-09 15:13:59.523] configure                  done
[2026-08-09 15:13:59.525] scan_sources               check_pre  (pass)
[2026-08-09 15:13:59.527] scan_sources               cmd  (python3 canary/scripts/inspect_tiny_typed.py --layer header --path canary/examples/tiny/scenarios/_cache/behavior_silent/workspace/c/include/tiny.h > /home/red/code/research/tola/_out/canary/projects/tiny1/behavior_silent/scan_sources/inspect_typed_header_app-vendored-stable_lib-vendored-stable_ocaml_binding-vendored-stable_python_binding-vendored-stable_source-vendored-stable.json && python3 canary/scripts/inspect_tiny_typed.py --layer stub_ocaml --path canary/examples/tiny/scenarios/_cache/behavior_silent/workspace/ocaml/tiny_raw.mli > /home/red/code/research/tola/_out/canary/projects/tiny1/behavior_silent/scan_sources/inspect_typed_binding_stub_ocaml_app-vendored-stable_lib-vendored-stable_ocaml_binding-vendored-stable_python_binding-vendored-stable_source-vendored-stable.json && python3 canary/scripts/inspect_tiny_typed.py --layer user_ocaml --path canary/examples/tiny/scenarios/_cache/behavior_silent/workspace/ocaml/tiny.mli > /home/red/code/research/tola/_out/canary/projects/tiny1/behavior_silent/scan_sources/inspect_typed_binding_user_ocaml_app-vendored-stable_lib-vendored-stable_ocaml_binding-vendored-stable_python_binding-vendored-stable_source-vendored-stable.json && python3 canary/scripts/inspect_tiny_typed.py --layer stub_python --path canary/examples/tiny/scenarios/_cache/behavior_silent/workspace/python_cext/tiny_cext/_native.c > /home/red/code/research/tola/_out/canary/projects/tiny1/behavior_silent/scan_sources/inspect_typed_binding_stub_python_app-vendored-stable_lib-vendored-stable_ocaml_binding-vendored-stable_python_binding-vendored-stable_source-vendored-stable.json && python3 canary/scripts/inspect_tiny_typed.py --layer user_python --path canary/examples/tiny/scenarios/_cache/behavior_silent/workspace/python_cext/tiny_cext/__init__.py > /home/red/code/research/tola/_out/canary/projects/tiny1/behavior_silent/scan_sources/inspect_typed_binding_user_python_app-vendored-stable_lib-vendored-stable_ocaml_binding-vendored-stable_python_binding-vendored-stable_source-vendored-stable.json && echo 'ok' > /home/red/code/research/tola/_out/canary/projects/tiny1/behavior_silent/scan_sources/scan_app-vendored-stable_lib-vendored-stable_ocaml_binding-vendored-stable_python_binding-vendored-stable_source-vendored-stable.ok)
[2026-08-09 15:13:59.705] scan_sources               detect  (ok, output present)
[2026-08-09 15:13:59.705] scan_sources               check_post  (pass)
[2026-08-09 15:13:59.705] scan_sources               done
[2026-08-09 15:13:59.708] build_lib                  check_pre  (pass)
[2026-08-09 15:13:59.710] build_lib                  cmd  (test -f canary/examples/tiny/scenarios/_cache/behavior_silent/workspace/c/build/libtiny.so.1 || { mkdir -p canary/examples/tiny/scenarios/_cache/behavior_silent/workspace/c/build && gcc -c -fPIC -Icanary/examples/tiny/scenarios/_cache/behavior_silent/workspace/c/include canary/examples/tiny/scenarios/_cache/behavior_silent/workspace/c/src/tiny.c -o canary/examples/tiny/scenarios/_cache/behavior_silent/workspace/c/build/tiny.o && gcc -shared -fPIC -Wl,-soname,libtiny.so.1 -Wl,--version-script=canary/examples/tiny/scenarios/_cache/behavior_silent/workspace/c/tiny.map canary/examples/tiny/scenarios/_cache/behavior_silent/workspace/c/build/tiny.o -o canary/examples/tiny/scenarios/_cache/behavior_silent/workspace/c/build/libtiny.so.1.0 && ln -sf libtiny.so.1.0 canary/examples/tiny/scenarios/_cache/behavior_silent/workspace/c/build/libtiny.so.1 && ln -sf libtiny.so.1 canary/examples/tiny/scenarios/_cache/behavior_silent/workspace/c/build/libtiny.so ; } && echo 'ok' > /home/red/code/research/tola/_out/canary/projects/tiny1/behavior_silent/build_lib/build_app-vendored-stable_lib-vendored-stable_ocaml_binding-vendored-stable_python_binding-vendored-stable_source-vendored-stable.ok)
[2026-08-09 15:13:59.711] build_lib                  detect  (ok, output present)
[2026-08-09 15:13:59.711] build_lib                  check_post  (pass)
[2026-08-09 15:13:59.711] build_lib                  done
[2026-08-09 15:13:59.713] build_lib_inspect          check_pre  (pass)
[2026-08-09 15:13:59.715] build_lib_inspect          cmd  (nm -D "canary/examples/tiny/scenarios/_cache/behavior_silent/workspace/c/build/libtiny.so.1" 2>/dev/null \
  | python3 canary/scripts/inspect_native.py --emit-symbols --elf --path "canary/examples/tiny/scenarios/_cache/behavior_silent/workspace/c/build/libtiny.so.1" --prefixes 'tiny_' --watchlist 'tiny_sum,tiny_diff,tiny_offset' \
  > /home/red/code/research/tola/_out/canary/projects/tiny1/behavior_silent/build_lib/inspect_app-vendored-stable_lib-vendored-stable_ocaml_binding-vendored-stable_python_binding-vendored-stable_source-vendored-stable.json)
[2026-08-09 15:13:59.766] build_lib_inspect          detect  (ok, output present)
[2026-08-09 15:13:59.766] build_lib_inspect          check_post  (pass)
[2026-08-09 15:13:59.766] build_lib_inspect          done
[2026-08-09 15:13:59.769] build_binding_ocaml        check_pre  (pass)
[2026-08-09 15:13:59.771] build_binding_ocaml        cmd  ((LIBRARY_PATH=$PWD/canary/examples/tiny/scenarios/_cache/behavior_silent/workspace/c/build LD_RUN_PATH=$PWD/canary/examples/tiny/scenarios/_cache/behavior_silent/workspace/c/build dune build --root canary/examples/tiny/scenarios/_cache/behavior_silent/workspace ocaml/tiny.cmxa ocaml/libtiny_stubs.a) > /home/red/code/research/tola/_out/canary/projects/tiny1/behavior_silent/build_binding/ocaml/build_app-vendored-stable_lib-vendored-stable_ocaml_binding-vendored-stable_python_binding-vendored-stable_source-vendored-stable.log 2>&1 && echo 'ok' > /home/red/code/research/tola/_out/canary/projects/tiny1/behavior_silent/build_binding/ocaml/build_app-vendored-stable_lib-vendored-stable_ocaml_binding-vendored-stable_python_binding-vendored-stable_source-vendored-stable.ok)
[2026-08-09 15:13:59.807] build_binding_ocaml        detect  (ok, output present)
[2026-08-09 15:13:59.807] build_binding_ocaml        compat_predicted  (no contract fired)
[2026-08-09 15:13:59.807] build_binding_ocaml        contract_skipped  (c3 cmp_behavior: disabled in registry (blocked))
[2026-08-09 15:13:59.807] build_binding_ocaml        contract_skipped  (c7 api_sound_repack: disabled in registry (stubbed))
[2026-08-09 15:13:59.807] build_binding_ocaml        contract_skipped  (c8 cmp_api_faithfulness: disabled in registry (stubbed))
[2026-08-09 15:13:59.807] build_binding_ocaml        done  (no compat failure predicted; success expected)
[2026-08-09 15:13:59.809] build_binding_ocaml_inspect  check_pre  (pass)
[2026-08-09 15:13:59.811] build_binding_ocaml_inspect  cmd  (python3 canary/scripts/inspect_binding.py --kind stub --path canary/examples/tiny/scenarios/_cache/behavior_silent/workspace/_build/default/ocaml/libtiny_stubs.a --prefix tiny_ > /home/red/code/research/tola/_out/canary/projects/tiny1/behavior_silent/build_binding/ocaml/inspect_app-vendored-stable_lib-vendored-stable_ocaml_binding-vendored-stable_python_binding-vendored-stable_source-vendored-stable.json && python3 canary/scripts/inspect_binding.py --kind mli --module-prefix Tiny --path canary/examples/tiny/scenarios/_cache/behavior_silent/workspace/ocaml/tiny.mli --watchlist 'Tiny,Tiny.sum,Tiny.diff,Tiny.offset' > /home/red/code/research/tola/_out/canary/projects/tiny1/behavior_silent/build_binding/ocaml/inspect_mli_app-vendored-stable_lib-vendored-stable_ocaml_binding-vendored-stable_python_binding-vendored-stable_source-vendored-stable.json)
[2026-08-09 15:13:59.933] build_binding_ocaml_inspect  detect  (ok, output present)
[2026-08-09 15:13:59.933] build_binding_ocaml_inspect  check_post  (pass)
[2026-08-09 15:13:59.933] build_binding_ocaml_inspect  done
[2026-08-09 15:13:59.935] probe_binding_ocaml        check_pre  (pass)
[2026-08-09 15:13:59.938] probe_binding_ocaml        cmd  ((LIBRARY_PATH=$PWD/canary/examples/tiny/scenarios/_cache/behavior_silent/workspace/c/build LD_RUN_PATH=$PWD/canary/examples/tiny/scenarios/_cache/behavior_silent/workspace/c/build dune build --root canary/examples/tiny/scenarios/_cache/behavior_silent/workspace ocaml/examples/probe_baseline.exe && LD_LIBRARY_PATH=$PWD/canary/examples/tiny/scenarios/_cache/behavior_silent/workspace/c/build canary/examples/tiny/scenarios/_cache/behavior_silent/workspace/_build/default/ocaml/examples/probe_baseline.exe) > /home/red/code/research/tola/_out/canary/projects/tiny1/behavior_silent/probe_binding/ocaml/probe_app-vendored-stable_lib-vendored-stable_ocaml_binding-vendored-stable_python_binding-vendored-stable_source-vendored-stable.log 2>&1)
[2026-08-09 15:13:59.973] probe_binding_ocaml        cmd_fail  (exit 1)
[2026-08-09 15:13:59.973] probe_binding_ocaml        detect  (error, output present)
[2026-08-09 15:13:59.974] probe_binding_ocaml        compat_predicted  (no contract fired)
[2026-08-09 15:13:59.974] probe_binding_ocaml        contract_skipped  (c3 cmp_behavior: disabled in registry (blocked))
[2026-08-09 15:13:59.974] probe_binding_ocaml        contract_skipped  (c7 api_sound_repack: disabled in registry (stubbed))
[2026-08-09 15:13:59.974] probe_binding_ocaml        contract_skipped  (c8 cmp_api_faithfulness: disabled in registry (stubbed))
[2026-08-09 15:13:59.974] probe_binding_ocaml        failed  (no compat failure predicted but command failed)
[2026-08-09 15:13:59.974] build_binding_python       check_pre  (pass)
[2026-08-09 15:13:59.976] build_binding_python       cmd  (ls canary/examples/tiny/scenarios/_cache/behavior_silent/workspace/python_cext/tiny_cext/_native.cpython-*.so > /dev/null && echo 'ok' > /home/red/code/research/tola/_out/canary/projects/tiny1/behavior_silent/build_binding/python/build_app-vendored-stable_lib-vendored-stable_ocaml_binding-vendored-stable_python_binding-vendored-stable_source-vendored-stable.ok)
[2026-08-09 15:13:59.978] build_binding_python       detect  (ok, output present)
[2026-08-09 15:13:59.978] build_binding_python       check_post  (pass)
[2026-08-09 15:13:59.978] build_binding_python       done
[2026-08-09 15:13:59.980] build_binding_python_inspect  check_pre  (pass)
[2026-08-09 15:13:59.982] build_binding_python_inspect  cmd  (python3 canary/scripts/inspect_binding.py --kind stub --path canary/examples/tiny/scenarios/_cache/behavior_silent/workspace/python_cext/tiny_cext/_native.cpython-*.so --prefix tiny_ > /home/red/code/research/tola/_out/canary/projects/tiny1/behavior_silent/build_binding/python/inspect_app-vendored-stable_lib-vendored-stable_ocaml_binding-vendored-stable_python_binding-vendored-stable_source-vendored-stable.json && LD_LIBRARY_PATH=$PWD/canary/examples/tiny/scenarios/_cache/behavior_silent/workspace/c/build PYTHONPATH=canary/examples/tiny/scenarios/_cache/behavior_silent/workspace/python_cext python3 canary/scripts/inspect_python.py --pkg tiny_cext --watchlist 'sum,diff,offset' > /home/red/code/research/tola/_out/canary/projects/tiny1/behavior_silent/build_binding/python/inspect_attrs_app-vendored-stable_lib-vendored-stable_ocaml_binding-vendored-stable_python_binding-vendored-stable_source-vendored-stable.json)
[2026-08-09 15:14:00.098] build_binding_python_inspect  detect  (ok, output present)
[2026-08-09 15:14:00.098] build_binding_python_inspect  check_post  (pass)
[2026-08-09 15:14:00.098] build_binding_python_inspect  done
[2026-08-09 15:14:00.100] probe_binding_python       check_pre  (pass)
[2026-08-09 15:14:00.103] probe_binding_python       cmd  (LD_LIBRARY_PATH=$PWD/canary/examples/tiny/scenarios/_cache/behavior_silent/workspace/c/build PYTHONPATH=canary/examples/tiny/scenarios/_cache/behavior_silent/workspace/python_cext python3 canary/examples/tiny/scenarios/_cache/behavior_silent/workspace/python_cext/examples/probe_baseline.py > /home/red/code/research/tola/_out/canary/projects/tiny1/behavior_silent/probe_binding/python/probe_app-vendored-stable_lib-vendored-stable_ocaml_binding-vendored-stable_python_binding-vendored-stable_source-vendored-stable.log 2>&1)
[2026-08-09 15:14:00.115] probe_binding_python       cmd_fail  (exit 1)
[2026-08-09 15:14:00.115] probe_binding_python       detect  (error, output present)
[2026-08-09 15:14:00.115] probe_binding_python       compat_predicted  (no contract fired)
[2026-08-09 15:14:00.115] probe_binding_python       contract_skipped  (c3 cmp_behavior: disabled in registry (blocked))
[2026-08-09 15:14:00.115] probe_binding_python       contract_skipped  (c7 api_sound_repack: disabled in registry (stubbed))
[2026-08-09 15:14:00.115] probe_binding_python       contract_skipped  (c8 cmp_api_faithfulness: disabled in registry (stubbed))
[2026-08-09 15:14:00.115] probe_binding_python       failed  (no compat failure predicted but command failed)
[2026-08-09 15:14:00.115] probe_lib                  check_pre  (pass)
[2026-08-09 15:14:00.118] probe_lib                  cmd  (nm -D canary/examples/tiny/scenarios/_cache/behavior_silent/workspace/c/build/libtiny.so.1 | grep -E '^[0-9a-f]+ T tiny_' > /home/red/code/research/tola/_out/canary/projects/tiny1/behavior_silent/probe_lib/probe_app-vendored-stable_lib-vendored-stable_ocaml_binding-vendored-stable_python_binding-vendored-stable_source-vendored-stable.log 2>&1)
[2026-08-09 15:14:00.160] probe_lib                  detect  (ok, output present)
[2026-08-09 15:14:00.160] probe_lib                  check_post  (pass)
[2026-08-09 15:14:00.160] probe_lib                  done
[2026-08-09 15:14:00.162] *                          graph_end  (9/13 completed)
[2026-08-09 15:14:00.162] probe_binding_ocaml        failed
[2026-08-09 15:14:00.162] probe_binding_ocaml_inspect  skipped
[2026-08-09 15:14:00.162] probe_binding_python       failed
[2026-08-09 15:14:00.162] probe_binding_python_inspect  skipped
[2026-08-09 15:14:00.163] *                          diagram  (_out/canary/projects/tiny1/behavior_silent/-run/diagrams/all.mmd)
[2026-08-09 15:14:00.163] *                          diagram  (_out/canary/projects/tiny1/behavior_silent/-run/diagrams/full.mmd)
[2026-08-09 15:14:00.163] *                          view  (lib (2 steps))
[2026-08-09 15:14:00.164] *                          view  (probes (5 steps))
[2026-08-09 15:14:00.164] *                          view  (binding_ocaml (4 steps))
[2026-08-09 15:14:00.164] *                          view  (binding_python (4 steps))
[2026-08-09 15:14:00.165] *                          html  (_out/canary/projects/tiny1/behavior_silent/-run/result.html)
[2026-08-09 15:14:00.166] *                          index  (_out/canary/projects/index.html)
[2026-08-09 15:14:00.166] *                          invariant  (full.mmd: OK (13 nodes, 13 IDs))
[2026-08-09 15:14:00.166] !                          invariant  (binding_ocaml.mmd: missing [2])
[2026-08-09 15:14:00.166] !                          invariant  (SOME FAILED)
[2026-08-09 15:17:57.258] *                          variant_start  (app-vendored-stable_lib-vendored-stable_ocaml_binding-vendored-stable_python_binding-vendored-stable_source-vendored-stable)
[2026-08-09 15:17:57.259] *                          graph_start  (13 steps)
[2026-08-09 15:17:57.259] configure                  skip  (verdict marker (prior success))
[2026-08-09 15:17:57.259] scan_sources               skip  (verdict marker (prior success))
[2026-08-09 15:17:57.259] build_lib                  skip  (verdict marker (prior success))
[2026-08-09 15:17:57.259] build_lib_inspect          skip  (verdict marker (prior success))
[2026-08-09 15:17:57.259] build_binding_ocaml        skip  (verdict marker (prior success))
[2026-08-09 15:17:57.259] build_binding_ocaml_inspect  skip  (verdict marker (prior success))
[2026-08-09 15:17:57.259] build_binding_python       skip  (verdict marker (prior success))
[2026-08-09 15:17:57.259] build_binding_python_inspect  skip  (verdict marker (prior success))
[2026-08-09 15:17:57.259] probe_lib                  skip  (verdict marker (prior success))
[2026-08-09 15:17:57.259] probe_binding_ocaml        check_pre  (pass)
[2026-08-09 15:17:57.261] probe_binding_ocaml        cmd  ((LIBRARY_PATH=$PWD/canary/examples/tiny/scenarios/_cache/behavior_silent/workspace/c/build LD_RUN_PATH=$PWD/canary/examples/tiny/scenarios/_cache/behavior_silent/workspace/c/build dune build --root canary/examples/tiny/scenarios/_cache/behavior_silent/workspace ocaml/examples/probe_baseline.exe && LD_LIBRARY_PATH=$PWD/canary/examples/tiny/scenarios/_cache/behavior_silent/workspace/c/build canary/examples/tiny/scenarios/_cache/behavior_silent/workspace/_build/default/ocaml/examples/probe_baseline.exe) > /home/red/code/research/tola/_out/canary/projects/tiny1/behavior_silent/probe_binding/ocaml/probe_app-vendored-stable_lib-vendored-stable_ocaml_binding-vendored-stable_python_binding-vendored-stable_source-vendored-stable.log 2>&1)
[2026-08-09 15:17:57.293] probe_binding_ocaml        cmd_fail  (exit 1)
[2026-08-09 15:17:57.293] probe_binding_ocaml        detect  (error, output present)
[2026-08-09 15:17:57.293] probe_binding_ocaml        done  (expected failure confirmed)
[2026-08-09 15:17:57.295] probe_binding_ocaml_inspect  check_pre  (pass)
[2026-08-09 15:17:57.297] probe_binding_ocaml_inspect  cmd  (python3 canary/scripts/inspect_binding.py --kind mli --module-prefix Tiny --path canary/examples/tiny/scenarios/_cache/behavior_silent/workspace/ocaml/tiny.mli --watchlist 'Tiny,Tiny.sum,Tiny.diff,Tiny.offset' > /home/red/code/research/tola/_out/canary/projects/tiny1/behavior_silent/probe_binding/ocaml/inspect_app-vendored-stable_lib-vendored-stable_ocaml_binding-vendored-stable_python_binding-vendored-stable_source-vendored-stable.json)
[2026-08-09 15:17:57.338] probe_binding_ocaml_inspect  detect  (ok, output present)
[2026-08-09 15:17:57.338] probe_binding_ocaml_inspect  check_post  (pass)
[2026-08-09 15:17:57.338] probe_binding_ocaml_inspect  done
[2026-08-09 15:17:57.340] probe_binding_python       check_pre  (pass)
[2026-08-09 15:17:57.342] probe_binding_python       cmd  (LD_LIBRARY_PATH=$PWD/canary/examples/tiny/scenarios/_cache/behavior_silent/workspace/c/build PYTHONPATH=canary/examples/tiny/scenarios/_cache/behavior_silent/workspace/python_cext python3 canary/examples/tiny/scenarios/_cache/behavior_silent/workspace/python_cext/examples/probe_baseline.py > /home/red/code/research/tola/_out/canary/projects/tiny1/behavior_silent/probe_binding/python/probe_app-vendored-stable_lib-vendored-stable_ocaml_binding-vendored-stable_python_binding-vendored-stable_source-vendored-stable.log 2>&1)
[2026-08-09 15:17:57.355] probe_binding_python       cmd_fail  (exit 1)
[2026-08-09 15:17:57.355] probe_binding_python       detect  (error, output present)
[2026-08-09 15:17:57.355] probe_binding_python       done  (expected failure confirmed)
[2026-08-09 15:17:57.357] probe_binding_python_inspect  check_pre  (pass)
[2026-08-09 15:17:57.359] probe_binding_python_inspect  cmd  (LD_LIBRARY_PATH=$PWD/canary/examples/tiny/scenarios/_cache/behavior_silent/workspace/c/build PYTHONPATH=canary/examples/tiny/scenarios/_cache/behavior_silent/workspace/python_cext python3 canary/scripts/inspect_python.py --pkg tiny_cext --watchlist 'sum,diff,offset' > /home/red/code/research/tola/_out/canary/projects/tiny1/behavior_silent/probe_binding/python/inspect_app-vendored-stable_lib-vendored-stable_ocaml_binding-vendored-stable_python_binding-vendored-stable_source-vendored-stable.json)
[2026-08-09 15:17:57.394] probe_binding_python_inspect  detect  (ok, output present)
[2026-08-09 15:17:57.394] probe_binding_python_inspect  check_post  (pass)
[2026-08-09 15:17:57.394] probe_binding_python_inspect  done
[2026-08-09 15:17:57.396] *                          graph_end  (13/13 completed)
[2026-08-09 15:17:57.396] *                          diagram  (_out/canary/projects/tiny1/behavior_silent/-run/diagrams/all.mmd)
[2026-08-09 15:17:57.397] *                          diagram  (_out/canary/projects/tiny1/behavior_silent/-run/diagrams/full.mmd)
[2026-08-09 15:17:57.397] *                          view  (lib (2 steps))
[2026-08-09 15:17:57.397] *                          view  (probes (5 steps))
[2026-08-09 15:17:57.398] *                          view  (binding_ocaml (4 steps))
[2026-08-09 15:17:57.398] *                          view  (binding_python (4 steps))
[2026-08-09 15:17:57.399] *                          html  (_out/canary/projects/tiny1/behavior_silent/-run/result.html)
[2026-08-09 15:17:57.400] *                          index  (_out/canary/projects/index.html)
[2026-08-09 15:17:57.400] *                          invariant  (full.mmd: OK (13 nodes, 13 IDs))
[2026-08-09 15:17:57.400] !                          invariant  (binding_ocaml.mmd: missing [2])
[2026-08-09 15:17:57.400] !                          invariant  (SOME FAILED)
[2026-08-09 15:18:32.950] *                          variant_start  (app-vendored-stable_lib-vendored-stable_ocaml_binding-vendored-stable_python_binding-vendored-stable_source-vendored-stable)
[2026-08-09 15:18:32.950] *                          graph_start  (13 steps)
[2026-08-09 15:18:32.950] configure                  skip  (verdict marker (prior success))
[2026-08-09 15:18:32.950] scan_sources               skip  (verdict marker (prior success))
[2026-08-09 15:18:32.950] build_lib                  skip  (verdict marker (prior success))
[2026-08-09 15:18:32.950] build_lib_inspect          skip  (verdict marker (prior success))
[2026-08-09 15:18:32.950] build_binding_ocaml        skip  (verdict marker (prior success))
[2026-08-09 15:18:32.950] build_binding_ocaml_inspect  skip  (verdict marker (prior success))
[2026-08-09 15:18:32.950] probe_binding_ocaml        skip  (verdict marker (prior xfail))
[2026-08-09 15:18:32.950] probe_binding_ocaml_inspect  skip  (verdict marker (prior success))
[2026-08-09 15:18:32.950] build_binding_python       skip  (verdict marker (prior success))
[2026-08-09 15:18:32.950] build_binding_python_inspect  skip  (verdict marker (prior success))
[2026-08-09 15:18:32.950] probe_binding_python       skip  (verdict marker (prior xfail))
[2026-08-09 15:18:32.950] probe_binding_python_inspect  skip  (verdict marker (prior success))
[2026-08-09 15:18:32.950] probe_lib                  skip  (verdict marker (prior success))
[2026-08-09 15:18:32.950] *                          graph_end  (13/13 completed)
[2026-08-09 15:18:32.950] *                          diagram  (_out/canary/projects/tiny1/behavior_silent/-run/diagrams/all.mmd)
[2026-08-09 15:18:32.951] *                          diagram  (_out/canary/projects/tiny1/behavior_silent/-run/diagrams/full.mmd)
[2026-08-09 15:18:32.951] *                          view  (lib (2 steps))
[2026-08-09 15:18:32.951] *                          view  (probes (5 steps))
[2026-08-09 15:18:32.951] *                          view  (binding_ocaml (4 steps))
[2026-08-09 15:18:32.953] *                          view  (binding_python (4 steps))
[2026-08-09 15:18:32.953] *                          html  (_out/canary/projects/tiny1/behavior_silent/-run/result.html)
[2026-08-09 15:18:32.954] *                          index  (_out/canary/projects/index.html)
[2026-08-09 15:18:32.954] *                          invariant  (full.mmd: OK (13 nodes, 13 IDs))
[2026-08-09 15:18:32.954] !                          invariant  (binding_ocaml.mmd: missing [2])
[2026-08-09 15:18:32.954] !                          invariant  (SOME FAILED)
[2026-08-09 15:43:08.080] *                          variant_start  (source-vendored-stable_lib-vendored-stable_ocaml_binding-vendored-stable_python_binding-vendored-stable_python_binding-vendored-stable_app-vendored-stable_app-vendored-stable)
[2026-08-09 15:43:08.080] *                          graph_start  (13 steps)
[2026-08-09 15:43:08.081] configure                  check_pre  (pass)
[2026-08-09 15:43:08.083] configure                  cmd  (test -d canary/examples/tiny/scenarios/_cache/behavior_silent/workspace/c/build || { echo 'lib_dir missing: canary/examples/tiny/scenarios/_cache/behavior_silent/workspace/c/build'; exit 1; } && echo 'ok' > /home/red/code/research/tola/_out/canary/projects/tiny1/behavior_silent/configure/conf_source-vendored-stable_lib-vendored-stable_ocaml_binding-vendored-stable_python_binding-vendored-stable_python_binding-vendored-stable_app-vendored-stable_app-vendored-stable.ok)
[2026-08-09 15:43:08.083] configure                  detect  (ok, output present)
[2026-08-09 15:43:08.083] configure                  check_post  (pass)
[2026-08-09 15:43:08.083] configure                  done
[2026-08-09 15:43:08.085] scan_sources               check_pre  (pass)
[2026-08-09 15:43:08.087] scan_sources               cmd  (python3 canary/scripts/inspect_tiny_typed.py --layer header --path canary/examples/tiny/scenarios/_cache/behavior_silent/workspace/c/include/tiny.h > /home/red/code/research/tola/_out/canary/projects/tiny1/behavior_silent/scan_sources/inspect_typed_header_source-vendored-stable_lib-vendored-stable_ocaml_binding-vendored-stable_python_binding-vendored-stable_python_binding-vendored-stable_app-vendored-stable_app-vendored-stable.json && python3 canary/scripts/inspect_tiny_typed.py --layer stub_ocaml --path canary/examples/tiny/scenarios/_cache/behavior_silent/workspace/ocaml/tiny_raw.mli > /home/red/code/research/tola/_out/canary/projects/tiny1/behavior_silent/scan_sources/inspect_typed_binding_stub_ocaml_source-vendored-stable_lib-vendored-stable_ocaml_binding-vendored-stable_python_binding-vendored-stable_python_binding-vendored-stable_app-vendored-stable_app-vendored-stable.json && python3 canary/scripts/inspect_tiny_typed.py --layer user_ocaml --path canary/examples/tiny/scenarios/_cache/behavior_silent/workspace/ocaml/tiny.mli > /home/red/code/research/tola/_out/canary/projects/tiny1/behavior_silent/scan_sources/inspect_typed_binding_user_ocaml_source-vendored-stable_lib-vendored-stable_ocaml_binding-vendored-stable_python_binding-vendored-stable_python_binding-vendored-stable_app-vendored-stable_app-vendored-stable.json && python3 canary/scripts/inspect_tiny_typed.py --layer stub_python --path canary/examples/tiny/scenarios/_cache/behavior_silent/workspace/python_cext/tiny_cext/_native.c > /home/red/code/research/tola/_out/canary/projects/tiny1/behavior_silent/scan_sources/inspect_typed_binding_stub_python_source-vendored-stable_lib-vendored-stable_ocaml_binding-vendored-stable_python_binding-vendored-stable_python_binding-vendored-stable_app-vendored-stable_app-vendored-stable.json && python3 canary/scripts/inspect_tiny_typed.py --layer user_python --path canary/examples/tiny/scenarios/_cache/behavior_silent/workspace/python_cext/tiny_cext/__init__.py > /home/red/code/research/tola/_out/canary/projects/tiny1/behavior_silent/scan_sources/inspect_typed_binding_user_python_source-vendored-stable_lib-vendored-stable_ocaml_binding-vendored-stable_python_binding-vendored-stable_python_binding-vendored-stable_app-vendored-stable_app-vendored-stable.json && echo 'ok' > /home/red/code/research/tola/_out/canary/projects/tiny1/behavior_silent/scan_sources/scan_source-vendored-stable_lib-vendored-stable_ocaml_binding-vendored-stable_python_binding-vendored-stable_python_binding-vendored-stable_app-vendored-stable_app-vendored-stable.ok)
[2026-08-09 15:43:08.256] scan_sources               detect  (ok, output present)
[2026-08-09 15:43:08.256] scan_sources               check_post  (pass)
[2026-08-09 15:43:08.256] scan_sources               done
[2026-08-09 15:43:08.258] build_lib                  check_pre  (pass)
[2026-08-09 15:43:08.260] build_lib                  cmd  (test -f canary/examples/tiny/scenarios/_cache/behavior_silent/workspace/c/build/libtiny.so.1 || { mkdir -p canary/examples/tiny/scenarios/_cache/behavior_silent/workspace/c/build && gcc -c -fPIC -Icanary/examples/tiny/scenarios/_cache/behavior_silent/workspace/c/include canary/examples/tiny/scenarios/_cache/behavior_silent/workspace/c/src/tiny.c -o canary/examples/tiny/scenarios/_cache/behavior_silent/workspace/c/build/tiny.o && gcc -shared -fPIC -Wl,-soname,libtiny.so.1 -Wl,--version-script=canary/examples/tiny/scenarios/_cache/behavior_silent/workspace/c/tiny.map canary/examples/tiny/scenarios/_cache/behavior_silent/workspace/c/build/tiny.o -o canary/examples/tiny/scenarios/_cache/behavior_silent/workspace/c/build/libtiny.so.1.0 && ln -sf libtiny.so.1.0 canary/examples/tiny/scenarios/_cache/behavior_silent/workspace/c/build/libtiny.so.1 && ln -sf libtiny.so.1 canary/examples/tiny/scenarios/_cache/behavior_silent/workspace/c/build/libtiny.so ; } && echo 'ok' > /home/red/code/research/tola/_out/canary/projects/tiny1/behavior_silent/build_lib/build_source-vendored-stable_lib-vendored-stable_ocaml_binding-vendored-stable_python_binding-vendored-stable_python_binding-vendored-stable_app-vendored-stable_app-vendored-stable.ok)
[2026-08-09 15:43:08.261] build_lib                  detect  (ok, output present)
[2026-08-09 15:43:08.261] build_lib                  check_post  (pass)
[2026-08-09 15:43:08.261] build_lib                  done
[2026-08-09 15:43:08.263] build_lib_inspect          check_pre  (pass)
[2026-08-09 15:43:08.264] build_lib_inspect          cmd  (nm -D "canary/examples/tiny/scenarios/_cache/behavior_silent/workspace/c/build/libtiny.so.1" 2>/dev/null \
  | python3 canary/scripts/inspect_native.py --emit-symbols --elf --path "canary/examples/tiny/scenarios/_cache/behavior_silent/workspace/c/build/libtiny.so.1" --prefixes 'tiny_' --watchlist 'tiny_sum,tiny_diff,tiny_offset' \
  > /home/red/code/research/tola/_out/canary/projects/tiny1/behavior_silent/build_lib/inspect_source-vendored-stable_lib-vendored-stable_ocaml_binding-vendored-stable_python_binding-vendored-stable_python_binding-vendored-stable_app-vendored-stable_app-vendored-stable.json)
[2026-08-09 15:43:08.315] build_lib_inspect          detect  (ok, output present)
[2026-08-09 15:43:08.315] build_lib_inspect          check_post  (pass)
[2026-08-09 15:43:08.315] build_lib_inspect          done
[2026-08-09 15:43:08.317] build_binding_ocaml        check_pre  (pass)
[2026-08-09 15:43:08.319] build_binding_ocaml        cmd  ((LIBRARY_PATH=$PWD/canary/examples/tiny/scenarios/_cache/behavior_silent/workspace/c/build LD_RUN_PATH=$PWD/canary/examples/tiny/scenarios/_cache/behavior_silent/workspace/c/build dune build --root canary/examples/tiny/scenarios/_cache/behavior_silent/workspace ocaml/tiny.cmxa ocaml/libtiny_stubs.a) > /home/red/code/research/tola/_out/canary/projects/tiny1/behavior_silent/build_binding/ocaml/build_source-vendored-stable_lib-vendored-stable_ocaml_binding-vendored-stable_python_binding-vendored-stable_python_binding-vendored-stable_app-vendored-stable_app-vendored-stable.log 2>&1 && echo 'ok' > /home/red/code/research/tola/_out/canary/projects/tiny1/behavior_silent/build_binding/ocaml/build_source-vendored-stable_lib-vendored-stable_ocaml_binding-vendored-stable_python_binding-vendored-stable_python_binding-vendored-stable_app-vendored-stable_app-vendored-stable.ok)
[2026-08-09 15:43:08.348] build_binding_ocaml        detect  (ok, output present)
[2026-08-09 15:43:08.349] build_binding_ocaml        compat_predicted  (no contract fired)
[2026-08-09 15:43:08.349] build_binding_ocaml        contract_skipped  (c3 cmp_behavior: disabled in registry (blocked))
[2026-08-09 15:43:08.349] build_binding_ocaml        contract_skipped  (c7 api_sound_repack: disabled in registry (stubbed))
[2026-08-09 15:43:08.349] build_binding_ocaml        contract_skipped  (c8 cmp_api_faithfulness: disabled in registry (stubbed))
[2026-08-09 15:43:08.349] build_binding_ocaml        done  (no compat failure predicted; success expected)
[2026-08-09 15:43:08.351] build_binding_ocaml_inspect  check_pre  (pass)
[2026-08-09 15:43:08.352] build_binding_ocaml_inspect  cmd  (python3 canary/scripts/inspect_binding.py --kind stub --path canary/examples/tiny/scenarios/_cache/behavior_silent/workspace/_build/default/ocaml/libtiny_stubs.a --prefix tiny_ > /home/red/code/research/tola/_out/canary/projects/tiny1/behavior_silent/build_binding/ocaml/inspect_source-vendored-stable_lib-vendored-stable_ocaml_binding-vendored-stable_python_binding-vendored-stable_python_binding-vendored-stable_app-vendored-stable_app-vendored-stable.json && python3 canary/scripts/inspect_binding.py --kind mli --module-prefix Tiny --path canary/examples/tiny/scenarios/_cache/behavior_silent/workspace/ocaml/tiny.mli --watchlist 'Tiny,Tiny.sum,Tiny.diff,Tiny.offset' > /home/red/code/research/tola/_out/canary/projects/tiny1/behavior_silent/build_binding/ocaml/inspect_mli_source-vendored-stable_lib-vendored-stable_ocaml_binding-vendored-stable_python_binding-vendored-stable_python_binding-vendored-stable_app-vendored-stable_app-vendored-stable.json)
[2026-08-09 15:43:08.474] build_binding_ocaml_inspect  detect  (ok, output present)
[2026-08-09 15:43:08.474] build_binding_ocaml_inspect  check_post  (pass)
[2026-08-09 15:43:08.474] build_binding_ocaml_inspect  done
[2026-08-09 15:43:08.476] probe_binding_ocaml        check_pre  (pass)
[2026-08-09 15:43:08.478] probe_binding_ocaml        cmd  ((LIBRARY_PATH=$PWD/canary/examples/tiny/scenarios/_cache/behavior_silent/workspace/c/build LD_RUN_PATH=$PWD/canary/examples/tiny/scenarios/_cache/behavior_silent/workspace/c/build dune build --root canary/examples/tiny/scenarios/_cache/behavior_silent/workspace ocaml/examples/probe_baseline.exe && LD_LIBRARY_PATH=$PWD/canary/examples/tiny/scenarios/_cache/behavior_silent/workspace/c/build canary/examples/tiny/scenarios/_cache/behavior_silent/workspace/_build/default/ocaml/examples/probe_baseline.exe) > /home/red/code/research/tola/_out/canary/projects/tiny1/behavior_silent/probe_binding/ocaml/probe_source-vendored-stable_lib-vendored-stable_ocaml_binding-vendored-stable_python_binding-vendored-stable_python_binding-vendored-stable_app-vendored-stable_app-vendored-stable.log 2>&1)
[2026-08-09 15:43:08.511] probe_binding_ocaml        cmd_fail  (exit 1)
[2026-08-09 15:43:08.511] probe_binding_ocaml        detect  (error, output present)
[2026-08-09 15:43:08.511] probe_binding_ocaml        compat_predicted  (no contract fired)
[2026-08-09 15:43:08.511] probe_binding_ocaml        contract_skipped  (c3 cmp_behavior: disabled in registry (blocked))
[2026-08-09 15:43:08.511] probe_binding_ocaml        contract_skipped  (c7 api_sound_repack: disabled in registry (stubbed))
[2026-08-09 15:43:08.511] probe_binding_ocaml        contract_skipped  (c8 cmp_api_faithfulness: disabled in registry (stubbed))
[2026-08-09 15:43:08.511] probe_binding_ocaml        done  (expected failure confirmed (behavioral: probe.log present despite clean artifact inspection))
[2026-08-09 15:43:08.513] probe_binding_ocaml_inspect  check_pre  (pass)
[2026-08-09 15:43:08.515] probe_binding_ocaml_inspect  cmd  (python3 canary/scripts/inspect_binding.py --kind mli --module-prefix Tiny --path canary/examples/tiny/scenarios/_cache/behavior_silent/workspace/ocaml/tiny.mli --watchlist 'Tiny,Tiny.sum,Tiny.diff,Tiny.offset' > /home/red/code/research/tola/_out/canary/projects/tiny1/behavior_silent/probe_binding/ocaml/inspect_source-vendored-stable_lib-vendored-stable_ocaml_binding-vendored-stable_python_binding-vendored-stable_python_binding-vendored-stable_app-vendored-stable_app-vendored-stable.json)
[2026-08-09 15:43:08.555] probe_binding_ocaml_inspect  detect  (ok, output present)
[2026-08-09 15:43:08.555] probe_binding_ocaml_inspect  check_post  (pass)
[2026-08-09 15:43:08.555] probe_binding_ocaml_inspect  done
[2026-08-09 15:43:08.557] build_binding_python       check_pre  (pass)
[2026-08-09 15:43:08.559] build_binding_python       cmd  (ls canary/examples/tiny/scenarios/_cache/behavior_silent/workspace/python_cext/tiny_cext/_native.cpython-*.so > /dev/null && echo 'ok' > /home/red/code/research/tola/_out/canary/projects/tiny1/behavior_silent/build_binding/python/build_source-vendored-stable_lib-vendored-stable_ocaml_binding-vendored-stable_python_binding-vendored-stable_python_binding-vendored-stable_app-vendored-stable_app-vendored-stable.ok)
[2026-08-09 15:43:08.561] build_binding_python       detect  (ok, output present)
[2026-08-09 15:43:08.561] build_binding_python       check_post  (pass)
[2026-08-09 15:43:08.561] build_binding_python       done
[2026-08-09 15:43:08.563] build_binding_python_inspect  check_pre  (pass)
[2026-08-09 15:43:08.564] build_binding_python_inspect  cmd  (python3 canary/scripts/inspect_binding.py --kind stub --path canary/examples/tiny/scenarios/_cache/behavior_silent/workspace/python_cext/tiny_cext/_native.cpython-*.so --prefix tiny_ > /home/red/code/research/tola/_out/canary/projects/tiny1/behavior_silent/build_binding/python/inspect_source-vendored-stable_lib-vendored-stable_ocaml_binding-vendored-stable_python_binding-vendored-stable_python_binding-vendored-stable_app-vendored-stable_app-vendored-stable.json && LD_LIBRARY_PATH=$PWD/canary/examples/tiny/scenarios/_cache/behavior_silent/workspace/c/build PYTHONPATH=canary/examples/tiny/scenarios/_cache/behavior_silent/workspace/python_cext python3 canary/scripts/inspect_python.py --pkg tiny_cext --watchlist 'sum,diff,offset' > /home/red/code/research/tola/_out/canary/projects/tiny1/behavior_silent/build_binding/python/inspect_attrs_source-vendored-stable_lib-vendored-stable_ocaml_binding-vendored-stable_python_binding-vendored-stable_python_binding-vendored-stable_app-vendored-stable_app-vendored-stable.json)
[2026-08-09 15:43:08.691] build_binding_python_inspect  detect  (ok, output present)
[2026-08-09 15:43:08.691] build_binding_python_inspect  check_post  (pass)
[2026-08-09 15:43:08.691] build_binding_python_inspect  done
[2026-08-09 15:43:08.693] probe_binding_python       check_pre  (pass)
[2026-08-09 15:43:08.696] probe_binding_python       cmd  (LD_LIBRARY_PATH=$PWD/canary/examples/tiny/scenarios/_cache/behavior_silent/workspace/c/build PYTHONPATH=canary/examples/tiny/scenarios/_cache/behavior_silent/workspace/python_cext python3 canary/examples/tiny/scenarios/_cache/behavior_silent/workspace/python_cext/examples/probe_baseline.py > /home/red/code/research/tola/_out/canary/projects/tiny1/behavior_silent/probe_binding/python/probe_source-vendored-stable_lib-vendored-stable_ocaml_binding-vendored-stable_python_binding-vendored-stable_python_binding-vendored-stable_app-vendored-stable_app-vendored-stable.log 2>&1)
[2026-08-09 15:43:08.708] probe_binding_python       cmd_fail  (exit 1)
[2026-08-09 15:43:08.708] probe_binding_python       detect  (error, output present)
[2026-08-09 15:43:08.708] probe_binding_python       compat_predicted  (no contract fired)
[2026-08-09 15:43:08.708] probe_binding_python       contract_skipped  (c3 cmp_behavior: disabled in registry (blocked))
[2026-08-09 15:43:08.708] probe_binding_python       contract_skipped  (c7 api_sound_repack: disabled in registry (stubbed))
[2026-08-09 15:43:08.708] probe_binding_python       contract_skipped  (c8 cmp_api_faithfulness: disabled in registry (stubbed))
[2026-08-09 15:43:08.709] probe_binding_python       done  (expected failure confirmed (behavioral: probe.log present despite clean artifact inspection))
[2026-08-09 15:43:08.711] probe_binding_python_inspect  check_pre  (pass)
[2026-08-09 15:43:08.713] probe_binding_python_inspect  cmd  (LD_LIBRARY_PATH=$PWD/canary/examples/tiny/scenarios/_cache/behavior_silent/workspace/c/build PYTHONPATH=canary/examples/tiny/scenarios/_cache/behavior_silent/workspace/python_cext python3 canary/scripts/inspect_python.py --pkg tiny_cext --watchlist 'sum,diff,offset' > /home/red/code/research/tola/_out/canary/projects/tiny1/behavior_silent/probe_binding/python/inspect_source-vendored-stable_lib-vendored-stable_ocaml_binding-vendored-stable_python_binding-vendored-stable_python_binding-vendored-stable_app-vendored-stable_app-vendored-stable.json)
[2026-08-09 15:43:08.748] probe_binding_python_inspect  detect  (ok, output present)
[2026-08-09 15:43:08.748] probe_binding_python_inspect  check_post  (pass)
[2026-08-09 15:43:08.748] probe_binding_python_inspect  done
[2026-08-09 15:43:08.750] probe_lib                  check_pre  (pass)
[2026-08-09 15:43:08.752] probe_lib                  cmd  (nm -D canary/examples/tiny/scenarios/_cache/behavior_silent/workspace/c/build/libtiny.so.1 | grep -E '^[0-9a-f]+ T tiny_' > /home/red/code/research/tola/_out/canary/projects/tiny1/behavior_silent/probe_lib/probe_source-vendored-stable_lib-vendored-stable_ocaml_binding-vendored-stable_python_binding-vendored-stable_python_binding-vendored-stable_app-vendored-stable_app-vendored-stable.log 2>&1)
[2026-08-09 15:43:08.794] probe_lib                  detect  (ok, output present)
[2026-08-09 15:43:08.794] probe_lib                  check_post  (pass)
[2026-08-09 15:43:08.794] probe_lib                  done
[2026-08-09 15:43:08.796] *                          graph_end  (13/13 completed)
[2026-08-09 15:43:08.796] *                          diagram  (_out/canary/projects/tiny1/behavior_silent/-run/diagrams/all.mmd)
[2026-08-09 15:43:08.796] *                          diagram  (_out/canary/projects/tiny1/behavior_silent/-run/diagrams/full.mmd)
[2026-08-09 15:43:08.796] *                          view  (lib (2 steps))
[2026-08-09 15:43:08.796] *                          view  (probes (5 steps))
[2026-08-09 15:43:08.797] *                          view  (binding_ocaml (4 steps))
[2026-08-09 15:43:08.797] *                          view  (binding_python (4 steps))
[2026-08-09 15:43:08.798] *                          html  (_out/canary/projects/tiny1/behavior_silent/-run/result.html)
[2026-08-09 15:43:08.799] *                          index  (_out/canary/projects/index.html)
[2026-08-09 15:43:08.799] *                          invariant  (full.mmd: OK (13 nodes, 13 IDs))
[2026-08-09 15:43:08.799] !                          invariant  (binding_ocaml.mmd: missing [2])
[2026-08-09 15:43:08.799] !                          invariant  (SOME FAILED)
