[2026-05-06 14:11:01.078] *                          variant_start  (dev_1d8c50)
[2026-05-06 14:11:01.078] *                          graph_start  (22 steps)
[2026-05-06 14:11:01.078] fetch_source               check_pre  (pass)
[2026-05-06 14:11:01.081] fetch_source               cmd  (test -d /home/red/code/contrib/z3-all/z3 && echo '/home/red/code/contrib/z3-all/z3' > /home/red/code/research/tola/_out/canary/projects/z3/fetch_source/source_dev_1d8c50.ok)
[2026-05-06 14:11:01.082] fetch_source               check_post  (pass)
[2026-05-06 14:11:01.082] fetch_source               done
[2026-05-06 14:11:01.082] scan_source                check_pre  (pass)
[2026-05-06 14:11:01.084] scan_source                cmd  (test -d /home/red/code/contrib/z3-all/z3/src/api
test -f /home/red/code/contrib/z3-all/z3/src/api/z3.h
test -f /home/red/code/contrib/z3-all/z3/src/api/z3_algebraic.h
test -f /home/red/code/contrib/z3-all/z3/src/api/z3_api.h
test -f /home/red/code/contrib/z3-all/z3/src/api/z3_ast_containers.h
test -f /home/red/code/contrib/z3-all/z3/src/api/z3_fixedpoint.h
test -f /home/red/code/contrib/z3-all/z3/src/api/z3_fpa.h
test -f /home/red/code/contrib/z3-all/z3/src/api/z3_macros.h
test -f /home/red/code/contrib/z3-all/z3/src/api/z3_optimization.h
test -f /home/red/code/contrib/z3-all/z3/src/api/z3_polynomial.h
test -f /home/red/code/contrib/z3-all/z3/src/api/z3_rcf.h
test -f /home/red/code/contrib/z3-all/z3/src/api/z3_spacer.h
test -f /home/red/code/contrib/z3-all/z3/src/api/z3_v1.h
test -d /home/red/code/contrib/z3-all/z3/src/api/ml
test -d /home/red/code/contrib/z3-all/z3/src/api/python/z3
echo 'scan ok' > /home/red/code/research/tola/_out/canary/projects/z3/fetch_source/scan_dev_1d8c50.ok)
[2026-05-06 14:11:01.085] scan_source                check_post  (pass)
[2026-05-06 14:11:01.085] scan_source                done
[2026-05-06 14:11:01.085] configure                  check_pre  (pass)
[2026-05-06 14:11:01.087] configure                  cmd  (opam exec -- cmake -S /home/red/code/contrib/z3-all/z3 -B /home/red/code/contrib/z3-all/z3/../build -G Ninja \
                -DCMAKE_VERBOSE_MAKEFILE=ON \
                -DZ3_BUILD_LIBZ3_SHARED=ON \
                -DZ3_BUILD_EXECUTABLE=OFF \
                -DZ3_BUILD_TEST_EXECUTABLES=OFF \
                -DZ3_LINK_TIME_OPTIMIZATION=ON \
                -DZ3_BUILD_JAVA_BINDINGS=OFF \
                -DZ3_BUILD_PYTHON_BINDINGS=OFF \
                -DZ3_BUILD_OCAML_BINDINGS=ON && echo 'ok' > /home/red/code/research/tola/_out/canary/projects/z3/configure/conf_dev_1d8c50.ok)
[2026-05-06 14:11:01.633] configure                  check_post  (pass)
[2026-05-06 14:11:01.633] configure                  done
[2026-05-06 14:11:01.633] build_headers              check_pre  (pass)
[2026-05-06 14:11:01.637] build_headers              cmd  (test -f /home/red/code/contrib/z3-all/z3/src/api/z3.h && echo 'ok' > /home/red/code/research/tola/_out/canary/projects/z3/build_headers/headers_dev_1d8c50.ok)
[2026-05-06 14:11:01.638] build_headers              check_post  (pass)
[2026-05-06 14:11:01.638] build_headers              done
[2026-05-06 14:11:01.638] build_lib                  check_pre  (pass)
[2026-05-06 14:11:01.640] build_lib                  cmd  (ninja -C /home/red/code/contrib/z3-all/z3/../build libz3 && echo 'ok' > /home/red/code/research/tola/_out/canary/projects/z3/build_lib/build_dev_1d8c50.ok)
[2026-05-06 14:16:52.296] build_lib                  check_post  (pass)
[2026-05-06 14:16:52.296] build_lib                  done
[2026-05-06 14:16:52.296] install_lib                check_pre  (pass)
[2026-05-06 14:16:52.299] install_lib                cmd  (PREFIX="/home/red/code/contrib/z3-all/z3/../build/../install"
mkdir -p "$PREFIX/lib"
cp /home/red/code/contrib/z3-all/z3/../build/libz3.so* "$PREFIX/lib/" 2>/dev/null || true
echo 'ok' > /home/red/code/research/tola/_out/canary/projects/z3/install_lib/install_dev_1d8c50.ok)
[2026-05-06 14:16:54.206] install_lib                check_post  (pass)
[2026-05-06 14:16:54.206] install_lib                done
[2026-05-06 14:16:54.206] fetch_lib                  check_pre  (pass)
[2026-05-06 14:16:54.208] fetch_lib                  cmd  (sudo apt-get install -y z3 && echo 'installed' > /home/red/code/research/tola/_out/canary/projects/z3/fetch_lib/lib_dev_1d8c50.ok)
[2026-05-06 14:16:54.561] fetch_lib                  check_post  (pass)
[2026-05-06 14:16:54.561] fetch_lib                  done
[2026-05-06 14:16:54.561] build_binding_ocaml        check_pre  (pass)
[2026-05-06 14:16:54.563] build_binding_ocaml        cmd  (eval $(opam env) && ninja -C /home/red/code/contrib/z3-all/z3/../build build_z3_ocaml_bindings && echo 'ok' > /home/red/code/research/tola/_out/canary/projects/z3/build_binding/ocaml/build_dev_1d8c50.ok)
[2026-05-06 14:16:54.895] build_binding_ocaml        check_post  (pass)
[2026-05-06 14:16:54.895] build_binding_ocaml        done
[2026-05-06 14:16:54.896] pack_binding_ocaml         check_pre  (pass)
[2026-05-06 14:16:54.898] pack_binding_ocaml         cmd  (eval $(opam env)
mkdir -p "/home/red/code/research/tola/_out/canary/projects/z3/pack_binding/ocaml/pack-repo/packages/z3/z3.dev"
cp "/home/red/code/research/tola/canary/templates/opam-local-repo/packages/z3/z3.dev/opam.in" "/home/red/code/research/tola/_out/canary/projects/z3/pack_binding/ocaml/pack-repo/packages/z3/z3.dev/opam.in"
(cd "/home/red/code/research/tola/_out/canary/projects/z3/pack_binding/ocaml/pack-repo" && OPAMVAR_CANARY_Z3_SRC="git+file:///home/red/code/contrib/z3-all/z3" opam config subst "packages/z3/z3.dev/opam")
printf 'opam-version: "2.0"\n' > "/home/red/code/research/tola/_out/canary/projects/z3/pack_binding/ocaml/pack-repo/repo"
opam repo remove canary-local-pack 2>/dev/null || true
opam repo add canary-local-pack "file:///home/red/code/research/tola/_out/canary/projects/z3/pack_binding/ocaml/pack-repo" --rank=1
opam update canary-local-pack
opam remove -y z3.dev || true
OPAMVAR_Z3_PREFIX="/home/red/code/contrib/z3-all/z3/../build" OPAMVAR_Z3_LIB_DIR="/home/red/code/contrib/z3-all/z3/../build" CANARY_BUILD_DIR="/home/red/code/contrib/z3-all/z3/../build" CANARY_SRC_DIR="/home/red/code/contrib/z3-all/z3" opam install -y z3.dev --verbose --keep-build-dir --assume-depexts \
  && echo 'ok' > /home/red/code/research/tola/_out/canary/projects/z3/pack_binding/ocaml/pack_dev_1d8c50.ok)
[2026-05-06 14:17:04.676] pack_binding_ocaml         check_post  (pass)
[2026-05-06 14:17:04.676] pack_binding_ocaml         done
[2026-05-06 14:17:04.676] pack_binding_ocaml_summary  check_pre  (pass)
[2026-05-06 14:17:04.678] pack_binding_ocaml_summary  cmd  (eval $(opam env)
PKG_DIR=$(ocamlfind query 'z3' 2>/dev/null)
test -n "$PKG_DIR"
python3 canary/scripts/summarize_binding.py --kind mli --dir "$PKG_DIR" \
  --watchlist 'Z3,Z3.Solver.add,Z3.Optimize.minimize,Z3.Expr.mk_app' > /home/red/code/research/tola/_out/canary/projects/z3/pack_binding/ocaml/summary_dev_1d8c50.json)
[2026-05-06 14:17:04.736] pack_binding_ocaml_summary  check_post  (pass)
[2026-05-06 14:17:04.737] pack_binding_ocaml_summary  done
[2026-05-06 14:17:04.737] pack_binding_ocaml_stub_summary  check_pre  (pass)
[2026-05-06 14:17:04.739] pack_binding_ocaml_stub_summary  cmd  (eval $(opam env)
PKG_DIR=$(ocamlfind query 'z3' 2>/dev/null)
test -n "$PKG_DIR"
STUB=$(ls "$PKG_DIR"/lib*.a 2>/dev/null | head -1)
test -n "$STUB"
python3 canary/scripts/summarize_binding.py --kind stub --path "$STUB" \
  --prefix 'Z3_' --watchlist '' \
  > /home/red/code/research/tola/_out/canary/projects/z3/pack_binding/ocaml/summary_stub_dev_1d8c50.json)
[2026-05-06 14:17:04.844] pack_binding_ocaml_stub_summary  check_post  (pass)
[2026-05-06 14:17:04.844] pack_binding_ocaml_stub_summary  done
[2026-05-06 14:17:04.844] probe_binding_ocaml        check_pre  (pass)
[2026-05-06 14:17:04.847] probe_binding_ocaml        cmd  (LIB_Z3=$(ls /home/red/code/contrib/z3-all/z3/../build/libz3.so /home/red/code/contrib/z3-all/z3/../build/libz3.dylib 2>/dev/null | head -1)
test -n "$LIB_Z3"
BINDING_DIR="/home/red/code/contrib/z3-all/z3/../build/src/api/ml"
test -d "$BINDING_DIR"
STUB=$(ls "$BINDING_DIR"/libz3ml.a 2>/dev/null | head -1)
test -n "$STUB"
python3 canary/scripts/assert_binary_symbols.py --provided-lib "$LIB_Z3" --required-lib "$STUB" \
  --symbol-prefix Z3_ 2>&1 | tee /home/red/code/research/tola/_out/canary/projects/z3/probe_binding/ocaml/symbols_dev_1d8c50.log
grep -q 'OK:' /home/red/code/research/tola/_out/canary/projects/z3/probe_binding/ocaml/symbols_dev_1d8c50.log
eval $(opam env)
ocamlfind ocamlopt -package zarith -linkpkg \
  -I "$BINDING_DIR" "$BINDING_DIR"/z3ml.cmxa /home/red/code/research/tola/canary/examples/z3/z3_example.ml \
  -o /home/red/code/research/tola/_out/canary/projects/z3/probe_binding/ocaml/z3_example > /home/red/code/research/tola/_out/canary/projects/z3/probe_binding/ocaml/probe_dev_1d8c50.log 2>&1 || exit 1
/home/red/code/research/tola/_out/canary/projects/z3/probe_binding/ocaml/z3_example >> /home/red/code/research/tola/_out/canary/projects/z3/probe_binding/ocaml/probe_dev_1d8c50.log 2>&1)
[2026-05-06 14:17:05.112] probe_binding_ocaml        check_post  (pass)
[2026-05-06 14:17:05.112] probe_binding_ocaml        done
[2026-05-06 14:17:05.112] probe_binding_ocaml_opam   check_pre  (pass)
[2026-05-06 14:17:05.115] probe_binding_ocaml_opam   cmd  (eval $(opam env)
ocamlfind ocamlopt -package z3 -linkpkg /home/red/code/research/tola/canary/examples/z3/z3_example.ml \
  -o /home/red/code/research/tola/_out/canary/projects/z3/probe_binding/ocaml_opam/z3_example > /home/red/code/research/tola/_out/canary/projects/z3/probe_binding/ocaml_opam/probe_dev_1d8c50.log 2>&1 || exit 1
/home/red/code/research/tola/_out/canary/projects/z3/probe_binding/ocaml_opam/z3_example >> /home/red/code/research/tola/_out/canary/projects/z3/probe_binding/ocaml_opam/probe_dev_1d8c50.log 2>&1)
[2026-05-06 14:17:05.240] probe_binding_ocaml_opam   check_post  (pass)
[2026-05-06 14:17:05.240] probe_binding_ocaml_opam   done
[2026-05-06 14:17:05.240] fetch_binding_python       check_pre  (pass)
[2026-05-06 14:17:05.243] fetch_binding_python       cmd  (set -e
INSTALL_LOG=/home/red/code/research/tola/_out/canary/projects/z3/fetch_binding/python/install_dev_1d8c50.log
if command -v pip >/dev/null 2>&1; then
  pip install --quiet z3-solver > "$INSTALL_LOG" 2>&1
elif python3 -m pip --version >/dev/null 2>&1; then
  python3 -m pip install --quiet z3-solver > "$INSTALL_LOG" 2>&1
elif command -v uv >/dev/null 2>&1; then
  uv pip install --quiet z3-solver > "$INSTALL_LOG" 2>&1
else
  echo "no pip / python3 -m pip / uv pip available" > "$INSTALL_LOG"
  exit 1
fi
echo 'installed' > /home/red/code/research/tola/_out/canary/projects/z3/fetch_binding/python/binding_dev_1d8c50.ok)
[2026-05-06 14:17:05.271] fetch_binding_python       check_post  (pass)
[2026-05-06 14:17:05.271] fetch_binding_python       done
[2026-05-06 14:17:05.271] fetch_binding_python_summary  check_pre  (pass)
[2026-05-06 14:17:05.273] fetch_binding_python_summary  cmd  (python3 canary/scripts/summarize_python.py --pkg 'z3' --watchlist 'Solver,BitVec,Optimize,Tactic,Context,Int,Real,Bool,parser_context' > /home/red/code/research/tola/_out/canary/projects/z3/fetch_binding/python/summary_dev_1d8c50.json)
[2026-05-06 14:17:05.339] fetch_binding_python_summary  check_post  (pass)
[2026-05-06 14:17:05.339] fetch_binding_python_summary  done
[2026-05-06 14:17:05.339] probe_binding_python       check_pre  (pass)
[2026-05-06 14:17:05.341] probe_binding_python       cmd  (set -e
python3 -c "import z3; s = z3.Solver(); x = z3.Int('x'); s.add(x > 0); print('z3 ok:', s.check()); _ = z3.parser_context" > /home/red/code/research/tola/_out/canary/projects/z3/probe_binding/python/probe_dev_1d8c50.log 2>&1 || { cat /home/red/code/research/tola/_out/canary/projects/z3/probe_binding/python/probe_dev_1d8c50.log; exit 1; }
cat /home/red/code/research/tola/_out/canary/projects/z3/probe_binding/python/probe_dev_1d8c50.log)
[2026-05-06 14:17:05.418] probe_binding_python       cmd_fail  (exit 1)
[2026-05-06 14:17:05.418] probe_binding_python       compat_predicted  (1 substring(s))
[2026-05-06 14:17:05.418] probe_binding_python       done  (expected failure confirmed (derived): z3-solver pip wheel predates z3.parser_context, added in Z3 4.15+ Python source (not yet exported in pip wheel))
[2026-05-06 14:17:05.418] probe_lib                  check_pre  (pass)
[2026-05-06 14:17:05.421] probe_lib                  cmd  (LIB_Z3=$(ls /home/red/code/contrib/z3-all/z3/../build/libz3.so /home/red/code/contrib/z3-all/z3/../build/libz3.dylib 2>/dev/null | head -1)
test -n "$LIB_Z3"
COUNT=$(nm -D "$LIB_Z3" 2>/dev/null | grep -v ' U ' | grep -c 'Z3_' || echo 0)
printf 'Z3_ symbols exported: %s\n' "$COUNT" | tee /home/red/code/research/tola/_out/canary/projects/z3/probe_lib/probe_dev_1d8c50.log
test "$COUNT" -gt 0)
[2026-05-06 14:17:05.473] probe_lib                  check_post  (pass)
[2026-05-06 14:17:05.474] probe_lib                  done
[2026-05-06 14:17:05.474] probe_lib_summary          check_pre  (pass)
[2026-05-06 14:17:05.475] probe_lib_summary          cmd  (LIB_Z3=$(ls /home/red/code/contrib/z3-all/z3/../build/libz3.so /home/red/code/contrib/z3-all/z3/../build/libz3.dylib 2>/dev/null | head -1)
test -n "$LIB_Z3"
nm -D "$LIB_Z3" 2>/dev/null \
  | python3 canary/scripts/summarize_native.py --emit-symbols --path "$LIB_Z3" --prefixes 'Z3_,Z3_mk_,Z3_solver_' --watchlist 'Z3_mk_solver,Z3_mk_optimize,Z3_mk_context,Z3_solver_check,Z3_mk_optimize_assert_soft,Z3_mk_seq_replace_re_all' \
  > /home/red/code/research/tola/_out/canary/projects/z3/probe_lib/summary_dev_1d8c50.json)
[2026-05-06 14:17:05.541] probe_lib_summary          check_post  (pass)
[2026-05-06 14:17:05.541] probe_lib_summary          done
[2026-05-06 14:17:05.541] probe_lib_staged           check_pre  (pass)
[2026-05-06 14:17:05.544] probe_lib_staged           cmd  (COUNT=$(nm -D "/home/red/code/contrib/z3-all/z3/../build/../install/lib/libz3.so" 2>/dev/null | grep -v ' U ' | grep -c 'Z3_' || echo 0)
printf 'Z3_ symbols exported: %s\n' "$COUNT" | tee /home/red/code/research/tola/_out/canary/projects/z3/probe_lib_staged/probe_dev_1d8c50.log
test "$COUNT" -gt 0)
[2026-05-06 14:17:05.603] probe_lib_staged           check_post  (pass)
[2026-05-06 14:17:05.604] probe_lib_staged           done
[2026-05-06 14:17:05.604] probe_lib_staged_summary   check_pre  (pass)
[2026-05-06 14:17:05.606] probe_lib_staged_summary   cmd  (LIB_Z3=$(ls /home/red/code/contrib/z3-all/z3/../build/libz3.so /home/red/code/contrib/z3-all/z3/../build/libz3.dylib 2>/dev/null | head -1)
test -n "$LIB_Z3"
nm -D "$LIB_Z3" 2>/dev/null \
  | python3 canary/scripts/summarize_native.py --emit-symbols --path "$LIB_Z3" --prefixes 'Z3_,Z3_mk_,Z3_solver_' --watchlist 'Z3_mk_solver,Z3_mk_optimize,Z3_mk_context,Z3_solver_check,Z3_mk_optimize_assert_soft,Z3_mk_seq_replace_re_all' \
  > /home/red/code/research/tola/_out/canary/projects/z3/probe_lib_staged/summary_dev_1d8c50.json)
[2026-05-06 14:17:05.665] probe_lib_staged_summary   check_post  (pass)
[2026-05-06 14:17:05.665] probe_lib_staged_summary   done
[2026-05-06 14:17:05.665] probe_lib_apt              check_pre  (pass)
[2026-05-06 14:17:05.667] probe_lib_apt              cmd  (LIB_Z3=$(pkg-config --variable=libdir z3 2>/dev/null)/libz3.so
test -f "$LIB_Z3" || LIB_Z3=$(pkg-config --variable=libdir z3 2>/dev/null)/libz3.dylib
test -f "$LIB_Z3"
COUNT=$(nm -D "$LIB_Z3" 2>/dev/null | grep -v ' U ' | grep -c 'Z3_' || echo 0)
printf 'Z3_ symbols exported: %s\n' "$COUNT" | tee /home/red/code/research/tola/_out/canary/projects/z3/probe_lib_apt/probe_dev_1d8c50.log
test "$COUNT" -gt 0)
[2026-05-06 14:17:05.719] probe_lib_apt              check_post  (pass)
[2026-05-06 14:17:05.719] probe_lib_apt              done
[2026-05-06 14:17:05.719] probe_lib_apt_summary      check_pre  (pass)
[2026-05-06 14:17:05.721] probe_lib_apt_summary      cmd  (LIB_Z3=$(ls /home/red/code/contrib/z3-all/z3/../build/libz3.so /home/red/code/contrib/z3-all/z3/../build/libz3.dylib 2>/dev/null | head -1)
test -n "$LIB_Z3"
nm -D "$LIB_Z3" 2>/dev/null \
  | python3 canary/scripts/summarize_native.py --emit-symbols --path "$LIB_Z3" --prefixes 'Z3_,Z3_mk_,Z3_solver_' --watchlist 'Z3_mk_solver,Z3_mk_optimize,Z3_mk_context,Z3_solver_check,Z3_mk_optimize_assert_soft,Z3_mk_seq_replace_re_all' \
  > /home/red/code/research/tola/_out/canary/projects/z3/probe_lib_apt/summary_dev_1d8c50.json)
[2026-05-06 14:17:05.778] probe_lib_apt_summary      check_post  (pass)
[2026-05-06 14:17:05.778] probe_lib_apt_summary      done
[2026-05-06 14:17:05.778] *                          graph_end  (22/22 completed)
[2026-05-06 14:17:05.778] *                          variant_start  (stable)
[2026-05-06 14:17:05.778] *                          graph_start  (7 steps)
[2026-05-06 14:17:06.151] fetch_lib                  check_pre  (pass)
[2026-05-06 14:17:06.153] fetch_lib                  cmd  (sudo apt-get install -y z3 && echo 'installed' > /home/red/code/research/tola/_out/canary/projects/z3/fetch_lib/lib_stable.ok)
[2026-05-06 14:17:06.524] fetch_lib                  check_post  (pass)
[2026-05-06 14:17:06.524] fetch_lib                  done
[2026-05-06 14:17:06.524] probe_binding_ocaml        check_pre  (pass)
[2026-05-06 14:17:06.526] probe_binding_ocaml        cmd  (eval $(opam env)
ocamlfind ocamlopt -package z3 -linkpkg /home/red/code/research/tola/canary/examples/z3/z3_example.ml \
  -o /home/red/code/research/tola/_out/canary/projects/z3/probe_binding/ocaml/z3_example > /home/red/code/research/tola/_out/canary/projects/z3/probe_binding/ocaml/probe_stable.log 2>&1 || exit 1
/home/red/code/research/tola/_out/canary/projects/z3/probe_binding/ocaml/z3_example >> /home/red/code/research/tola/_out/canary/projects/z3/probe_binding/ocaml/probe_stable.log 2>&1)
[2026-05-06 14:17:06.647] probe_binding_ocaml        check_post  (pass)
[2026-05-06 14:17:06.647] probe_binding_ocaml        done
[2026-05-06 14:17:06.921] fetch_binding_python       check_pre  (pass)
[2026-05-06 14:17:06.923] fetch_binding_python       cmd  (set -e
INSTALL_LOG=/home/red/code/research/tola/_out/canary/projects/z3/fetch_binding/python/install_stable.log
if command -v pip >/dev/null 2>&1; then
  pip install --quiet z3-solver > "$INSTALL_LOG" 2>&1
elif python3 -m pip --version >/dev/null 2>&1; then
  python3 -m pip install --quiet z3-solver > "$INSTALL_LOG" 2>&1
elif command -v uv >/dev/null 2>&1; then
  uv pip install --quiet z3-solver > "$INSTALL_LOG" 2>&1
else
  echo "no pip / python3 -m pip / uv pip available" > "$INSTALL_LOG"
  exit 1
fi
echo 'installed' > /home/red/code/research/tola/_out/canary/projects/z3/fetch_binding/python/binding_stable.ok)
[2026-05-06 14:17:06.948] fetch_binding_python       check_post  (pass)
[2026-05-06 14:17:06.948] fetch_binding_python       done
[2026-05-06 14:17:06.948] fetch_binding_python_summary  check_pre  (pass)
[2026-05-06 14:17:06.950] fetch_binding_python_summary  cmd  (echo 'NOTE: api_source is the dev spec reused for stable source z3/4.15.2; watchlist may drift'
python3 canary/scripts/summarize_python.py --pkg 'z3' --watchlist 'Solver,BitVec,Optimize,Tactic,Context,Int,Real,Bool,parser_context' > /home/red/code/research/tola/_out/canary/projects/z3/fetch_binding/python/summary_stable.json)
[2026-05-06 14:17:07.011] fetch_binding_python_summary  check_post  (pass)
[2026-05-06 14:17:07.011] fetch_binding_python_summary  done
[2026-05-06 14:17:07.011] probe_binding_python       check_pre  (pass)
[2026-05-06 14:17:07.013] probe_binding_python       cmd  (set -e
python3 -c "import z3; s = z3.Solver(); x = z3.Int('x'); s.add(x > 0); print('z3 ok:', s.check()); _ = z3.parser_context" > /home/red/code/research/tola/_out/canary/projects/z3/probe_binding/python/probe_stable.log 2>&1 || { cat /home/red/code/research/tola/_out/canary/projects/z3/probe_binding/python/probe_stable.log; exit 1; }
cat /home/red/code/research/tola/_out/canary/projects/z3/probe_binding/python/probe_stable.log)
[2026-05-06 14:17:07.089] probe_binding_python       cmd_fail  (exit 1)
[2026-05-06 14:17:07.089] probe_binding_python       compat_predicted  (1 substring(s))
[2026-05-06 14:17:07.089] probe_binding_python       done  (expected failure confirmed (derived): z3-solver pip wheel predates z3.parser_context, added in Z3 4.15+ Python source (not yet exported in pip wheel))
[2026-05-06 14:17:07.089] probe_lib                  check_pre  (pass)
[2026-05-06 14:17:07.091] probe_lib                  cmd  (LIB_Z3=$(pkg-config --variable=libdir z3 2>/dev/null)/libz3.so
test -f "$LIB_Z3" || LIB_Z3=$(pkg-config --variable=libdir z3 2>/dev/null)/libz3.dylib
test -f "$LIB_Z3"
COUNT=$(nm -D "$LIB_Z3" 2>/dev/null | grep -v ' U ' | grep -c 'Z3_' || echo 0)
printf 'Z3_ symbols exported: %s\n' "$COUNT" | tee /home/red/code/research/tola/_out/canary/projects/z3/probe_lib/probe_stable.log
test "$COUNT" -gt 0)
[2026-05-06 14:17:07.142] probe_lib                  check_post  (pass)
[2026-05-06 14:17:07.142] probe_lib                  done
[2026-05-06 14:17:07.142] probe_lib_summary          check_pre  (pass)
[2026-05-06 14:17:07.145] probe_lib_summary          cmd  (echo 'NOTE: api_source is the dev spec reused for stable source z3/4.15.2; watchlist may drift'
LIB_Z3=$(pkg-config --variable=libdir z3 2>/dev/null)/libz3.so
test -f "$LIB_Z3" || LIB_Z3=$(pkg-config --variable=libdir z3 2>/dev/null)/libz3.dylib
test -f "$LIB_Z3"
nm -D "$LIB_Z3" 2>/dev/null \
  | python3 canary/scripts/summarize_native.py --emit-symbols --path "$LIB_Z3" --prefixes 'Z3_,Z3_mk_,Z3_solver_' --watchlist 'Z3_mk_solver,Z3_mk_optimize,Z3_mk_context,Z3_solver_check,Z3_mk_optimize_assert_soft,Z3_mk_seq_replace_re_all' \
  > /home/red/code/research/tola/_out/canary/projects/z3/probe_lib/summary_stable.json)
[2026-05-06 14:17:07.201] probe_lib_summary          check_post  (pass)
[2026-05-06 14:17:07.201] probe_lib_summary          done
[2026-05-06 14:17:07.201] *                          graph_end  (7/7 completed)
[2026-05-06 14:17:07.202] *                          diagram  (_out/canary/projects/z3/_run/diagrams/all.mmd)
[2026-05-06 14:17:07.202] *                          diagram  (_out/canary/projects/z3/_run/diagrams/full.mmd)
[2026-05-06 14:17:07.202] *                          view  (source (2 steps))
[2026-05-06 14:17:07.202] *                          view  (lib (9 steps))
[2026-05-06 14:17:07.202] *                          view  (probes (9 steps))
[2026-05-06 14:17:07.203] *                          view  (binding_ocaml (6 steps))
[2026-05-06 14:17:07.203] *                          view  (binding_python (3 steps))
[2026-05-06 14:17:07.203] *                          invariant  (full.mmd: OK (22 IDs))
[2026-05-06 14:17:07.203] *                          invariant  (binding_ocaml.mmd: OK (22 IDs))
[2026-05-06 14:17:07.203] *                          invariant  (source.mmd: OK (22 IDs))
[2026-05-06 14:17:07.203] *                          invariant  (binding_python.mmd: OK (22 IDs))
[2026-05-06 14:17:07.203] *                          invariant  (lib.mmd: OK (22 IDs))
[2026-05-06 14:17:07.203] *                          invariant  (all.mmd: OK (22 IDs))
[2026-05-06 14:17:07.203] *                          invariant  (probes.mmd: OK (22 IDs))
[2026-05-06 14:17:07.205] *                          html  (_out/canary/projects/z3/_run/result.html)
[2026-05-06 14:17:07.205] *                          index  (_out/canary/projects/index.html)
