[2026-05-06 15:49:03.991] *                          graph_start  (7 steps)
[2026-05-06 15:49:03.991] fetch_lib                  check_pre  (pass)
[2026-05-06 15:49:03.994] fetch_lib                  cmd  (sudo apt-get install -y sqlite3 && echo 'installed' > /home/red/code/research/tola/_out/canary/projects/sqlite/fetch_lib/lib.ok)
[2026-05-06 15:49:04.455] fetch_lib                  check_post  (pass)
[2026-05-06 15:49:04.456] fetch_lib                  done
[2026-05-06 15:49:04.456] fetch_binding_ocaml        check_pre  (pass)
[2026-05-06 15:49:04.458] fetch_binding_ocaml        cmd  (eval $(opam env) && opam install sqlite3 -y --assume-depexts && eval $(opam env) && opam install -y ocamlfind && echo 'installed' > /home/red/code/research/tola/_out/canary/projects/sqlite/fetch_binding/ocaml/binding.ok)
[2026-05-06 15:49:05.602] fetch_binding_ocaml        check_post  (pass)
[2026-05-06 15:49:05.602] fetch_binding_ocaml        done
[2026-05-06 15:49:05.602] probe_binding_ocaml        check_pre  (pass)
[2026-05-06 15:49:05.605] probe_binding_ocaml        cmd  (eval $(opam env)
ocamlfind ocamlopt -package sqlite3 -linkpkg canary/examples/sqlite3/sqlite3_example.ml -o /home/red/code/research/tola/_out/canary/projects/sqlite/probe_binding/ocaml/sqlite3_example > /home/red/code/research/tola/_out/canary/projects/sqlite/probe_binding/ocaml/probe.log 2>&1 && /home/red/code/research/tola/_out/canary/projects/sqlite/probe_binding/ocaml/sqlite3_example >> /home/red/code/research/tola/_out/canary/projects/sqlite/probe_binding/ocaml/probe.log 2>&1
RC=$?
cat /home/red/code/research/tola/_out/canary/projects/sqlite/probe_binding/ocaml/probe.log
exit $RC)
[2026-05-06 15:49:05.718] probe_binding_ocaml        check_post  (pass)
[2026-05-06 15:49:05.718] probe_binding_ocaml        done
[2026-05-06 15:49:05.718] probe_binding_ocaml_summary  check_pre  (pass)
[2026-05-06 15:49:05.720] probe_binding_ocaml_summary  cmd  (eval $(opam env)
PKG_DIR=$(ocamlfind query 'sqlite3' 2>/dev/null)
test -n "$PKG_DIR"
{ for f in "$PKG_DIR"/*.cmxa "$PKG_DIR"/*.cma; do
    [ -f "$f" ] && ocamlobjinfo "$f"
  done
} | python3 canary/scripts/summarize_ocaml.py --path 'sqlite3' --watchlist 'Sqlite3' \
  > /home/red/code/research/tola/_out/canary/projects/sqlite/probe_binding/ocaml/summary.json)
[2026-05-06 15:49:05.790] probe_binding_ocaml_summary  check_post  (pass)
[2026-05-06 15:49:05.790] probe_binding_ocaml_summary  done
[2026-05-06 15:49:05.790] fetch_binding_python       check_pre  (pass)
[2026-05-06 15:49:05.793] fetch_binding_python       cmd  (echo 'stdlib' > /home/red/code/research/tola/_out/canary/projects/sqlite/fetch_binding/python/binding.ok)
[2026-05-06 15:49:05.794] fetch_binding_python       check_post  (pass)
[2026-05-06 15:49:05.794] fetch_binding_python       done
[2026-05-06 15:49:05.794] probe_binding_python       check_pre  (pass)
[2026-05-06 15:49:05.796] probe_binding_python       cmd  (set -e
python3 -c "import sqlite3; sqlite3.connect(':memory:').execute('SELECT 1').fetchone(); print('sqlite3 ok')" > /home/red/code/research/tola/_out/canary/projects/sqlite/probe_binding/python/probe.log 2>&1 || { cat /home/red/code/research/tola/_out/canary/projects/sqlite/probe_binding/python/probe.log; exit 1; }
cat /home/red/code/research/tola/_out/canary/projects/sqlite/probe_binding/python/probe.log)
[2026-05-06 15:49:05.816] probe_binding_python       check_post  (pass)
[2026-05-06 15:49:05.816] probe_binding_python       done
[2026-05-06 15:49:05.816] probe_binding_python_summary  check_pre  (pass)
[2026-05-06 15:49:05.818] probe_binding_python_summary  cmd  (python3 canary/scripts/summarize_python.py --pkg 'sqlite3' --watchlist 'connect,sqlite_version,sqlite_version_info,Connection,Cursor' > /home/red/code/research/tola/_out/canary/projects/sqlite/probe_binding/python/summary.json)
[2026-05-06 15:49:05.854] probe_binding_python_summary  check_post  (pass)
[2026-05-06 15:49:05.854] probe_binding_python_summary  done
[2026-05-06 15:49:05.854] *                          graph_end  (7/7 completed)
[2026-05-06 15:49:05.854] *                          diagram  (_out/canary/projects/sqlite/_run/diagrams/all.mmd)
[2026-05-06 15:49:05.855] *                          diagram  (_out/canary/projects/sqlite/_run/diagrams/full.mmd)
[2026-05-06 15:49:05.855] *                          view  (lib (1 steps))
[2026-05-06 15:49:05.855] *                          view  (probes (4 steps))
[2026-05-06 15:49:05.855] *                          view  (binding_ocaml (3 steps))
[2026-05-06 15:49:05.855] *                          view  (binding_python (3 steps))
[2026-05-06 15:49:05.857] *                          html  (_out/canary/projects/sqlite/_run/result.html)
[2026-05-06 15:49:05.857] *                          index  (_out/canary/projects/index.html)
[2026-05-06 15:49:05.857] !                          invariant  (full.mmd: connectivity errors:
  [5]→[6]: no edge A_fetch_binding_python→A_probe_binding_python
  [1]→[6]: no edge A_fetch_lib→A_probe_binding_python
  [2]→[3]: no edge A_fetch_binding_ocaml→A_probe_binding_ocaml
  [1]→[3]: no edge A_fetch_lib→A_probe_binding_ocaml)
[2026-05-06 15:49:05.857] !                          invariant  (SOME FAILED)
[2026-05-06 15:50:07.617] *                          graph_start  (7 steps)
[2026-05-06 15:50:07.617] *                          graph_end  (7/7 completed)
[2026-05-06 15:50:07.617] *                          diagram  (_out/canary/projects/sqlite/_run/diagrams/all.mmd)
[2026-05-06 15:50:07.618] *                          diagram  (_out/canary/projects/sqlite/_run/diagrams/full.mmd)
[2026-05-06 15:50:07.618] *                          view  (lib (1 steps))
[2026-05-06 15:50:07.618] *                          view  (probes (4 steps))
[2026-05-06 15:50:07.618] *                          view  (binding_ocaml (3 steps))
[2026-05-06 15:50:07.618] *                          view  (binding_python (3 steps))
[2026-05-06 15:50:07.620] *                          html  (_out/canary/projects/sqlite/_run/result.html)
[2026-05-06 15:50:07.620] *                          index  (_out/canary/projects/index.html)
[2026-05-06 15:50:07.620] !                          invariant  (full.mmd: connectivity errors:
  [5]→[6]: no edge A_fetch_binding_python→A_probe_binding_python
  [1]→[6]: no edge A_fetch_lib→A_probe_binding_python
  [2]→[3]: no edge A_fetch_binding_ocaml→A_probe_binding_ocaml
  [1]→[3]: no edge A_fetch_lib→A_probe_binding_ocaml)
[2026-05-06 15:50:07.620] !                          invariant  (SOME FAILED)
[2026-05-06 15:50:21.916] *                          graph_start  (7 steps)
[2026-05-06 15:50:21.916] *                          graph_end  (7/7 completed)
[2026-05-06 15:50:21.917] *                          diagram  (_out/canary/projects/sqlite/_run/diagrams/all.mmd)
[2026-05-06 15:50:21.917] *                          diagram  (_out/canary/projects/sqlite/_run/diagrams/full.mmd)
[2026-05-06 15:50:21.917] *                          view  (lib (1 steps))
[2026-05-06 15:50:21.917] *                          view  (probes (4 steps))
[2026-05-06 15:50:21.917] *                          view  (binding_ocaml (3 steps))
[2026-05-06 15:50:21.917] *                          view  (binding_python (3 steps))
[2026-05-06 15:50:21.919] *                          html  (_out/canary/projects/sqlite/_run/result.html)
[2026-05-06 15:50:21.919] *                          index  (_out/canary/projects/index.html)
[2026-05-06 15:50:21.919] !                          invariant  (full.mmd: connectivity errors:
  [5]→[6]: no edge A_fetch_binding_python→A_probe_binding_python
  [1]→[6]: no edge A_fetch_lib→A_probe_binding_python
  [2]→[3]: no edge A_fetch_binding_ocaml→A_probe_binding_ocaml
  [1]→[3]: no edge A_fetch_lib→A_probe_binding_ocaml)
[2026-05-06 15:50:21.919] !                          invariant  (SOME FAILED)
[2026-05-06 15:51:32.169] *                          graph_start  (7 steps)
[2026-05-06 15:51:32.169] *                          graph_end  (7/7 completed)
[2026-05-06 15:51:32.169] *                          diagram  (_out/canary/projects/sqlite/_run/diagrams/all.mmd)
[2026-05-06 15:51:32.170] *                          diagram  (_out/canary/projects/sqlite/_run/diagrams/full.mmd)
[2026-05-06 15:51:32.170] *                          view  (lib (1 steps))
[2026-05-06 15:51:32.170] *                          view  (probes (4 steps))
[2026-05-06 15:51:32.170] *                          view  (binding_ocaml (3 steps))
[2026-05-06 15:51:32.170] *                          view  (binding_python (3 steps))
[2026-05-06 15:51:32.172] *                          html  (_out/canary/projects/sqlite/_run/result.html)
[2026-05-06 15:51:32.172] *                          index  (_out/canary/projects/index.html)
[2026-05-06 15:51:32.172] !                          invariant  (full.mmd: connectivity errors:
  [5]→[6]: no edge A_fetch_binding_python→A_probe_binding_python
  [1]→[6]: no edge A_fetch_lib→A_probe_binding_python
  [2]→[3]: no edge A_fetch_binding_ocaml→A_probe_binding_ocaml
  [1]→[3]: no edge A_fetch_lib→A_probe_binding_ocaml)
[2026-05-06 15:51:32.172] !                          invariant  (SOME FAILED)
[2026-05-06 15:53:31.158] *                          graph_start  (7 steps)
[2026-05-06 15:53:31.158] *                          graph_end  (7/7 completed)
[2026-05-06 15:53:31.158] *                          diagram  (_out/canary/projects/sqlite/_run/diagrams/all.mmd)
[2026-05-06 15:53:31.158] *                          diagram  (_out/canary/projects/sqlite/_run/diagrams/full.mmd)
[2026-05-06 15:53:31.158] *                          view  (lib (1 steps))
[2026-05-06 15:53:31.158] *                          view  (probes (4 steps))
[2026-05-06 15:53:31.159] *                          view  (binding_ocaml (3 steps))
[2026-05-06 15:53:31.159] *                          view  (binding_python (3 steps))
[2026-05-06 15:53:31.160] *                          html  (_out/canary/projects/sqlite/_run/result.html)
[2026-05-06 15:53:31.161] *                          index  (_out/canary/projects/index.html)
[2026-05-06 15:53:31.161] !                          invariant  (full.mmd: connectivity errors:
  [5]→[6]: no edge A_fetch_binding_python→A_probe_binding_python
  [1]→[6]: no edge A_fetch_lib→A_probe_binding_python
  [2]→[3]: no edge A_fetch_binding_ocaml→A_probe_binding_ocaml
  [1]→[3]: no edge A_fetch_lib→A_probe_binding_ocaml)
[2026-05-06 15:53:31.161] !                          invariant  (SOME FAILED)
[2026-05-06 16:04:29.236] *                          graph_start  (7 steps)
[2026-05-06 16:04:29.236] *                          graph_end  (7/7 completed)
[2026-05-06 16:04:29.237] *                          diagram  (_out/canary/projects/sqlite/_run/diagrams/all.mmd)
[2026-05-06 16:04:29.237] *                          diagram  (_out/canary/projects/sqlite/_run/diagrams/full.mmd)
[2026-05-06 16:04:29.237] *                          view  (lib (1 steps))
[2026-05-06 16:04:29.237] *                          view  (probes (4 steps))
[2026-05-06 16:04:29.237] *                          view  (binding_ocaml (3 steps))
[2026-05-06 16:04:29.237] *                          view  (binding_python (3 steps))
[2026-05-06 16:04:29.239] *                          html  (_out/canary/projects/sqlite/_run/result.html)
[2026-05-06 16:04:29.239] *                          index  (_out/canary/projects/index.html)
[2026-05-06 16:04:29.239] !                          invariant  (full.mmd: connectivity errors:
  [5]→[6]: no edge A_fetch_binding_python→A_probe_binding_python
  [1]→[6]: no edge A_fetch_lib→A_probe_binding_python
  [2]→[3]: no edge A_fetch_binding_ocaml→A_probe_binding_ocaml
  [1]→[3]: no edge A_fetch_lib→A_probe_binding_ocaml)
[2026-05-06 16:04:29.239] !                          invariant  (SOME FAILED)
[2026-05-06 16:38:35.758] *                          graph_start  (7 steps)
[2026-05-06 16:38:35.758] *                          graph_end  (7/7 completed)
[2026-05-06 16:38:35.758] *                          diagram  (_out/canary/projects/sqlite/_run/diagrams/all.mmd)
[2026-05-06 16:38:35.758] *                          diagram  (_out/canary/projects/sqlite/_run/diagrams/full.mmd)
[2026-05-06 16:38:35.759] *                          view  (lib (1 steps))
[2026-05-06 16:38:35.759] *                          view  (probes (4 steps))
[2026-05-06 16:38:35.759] *                          view  (binding_ocaml (3 steps))
[2026-05-06 16:38:35.759] *                          view  (binding_python (3 steps))
[2026-05-06 16:38:35.761] *                          html  (_out/canary/projects/sqlite/_run/result.html)
[2026-05-06 16:38:35.761] *                          index  (_out/canary/projects/index.html)
[2026-05-06 16:38:35.761] !                          invariant  (full.mmd: connectivity errors:
  [5]→[6]: no edge A_fetch_binding_python→A_probe_binding_python
  [1]→[6]: no edge A_fetch_lib→A_probe_binding_python
  [2]→[3]: no edge A_fetch_binding_ocaml→A_probe_binding_ocaml
  [1]→[3]: no edge A_fetch_lib→A_probe_binding_ocaml)
[2026-05-06 16:38:35.761] !                          invariant  (SOME FAILED)
[2026-05-06 16:38:44.172] *                          diagram  (_out/canary/projects/sqlite/_run/diagrams/all.mmd)
[2026-05-06 16:38:44.172] *                          diagram  (_out/canary/projects/sqlite/_run/diagrams/full.mmd)
[2026-05-06 16:38:44.172] *                          view  (lib (1 steps))
[2026-05-06 16:38:44.172] *                          view  (probes (4 steps))
[2026-05-06 16:38:44.172] *                          view  (binding_ocaml (3 steps))
[2026-05-06 16:38:44.172] *                          view  (binding_python (3 steps))
[2026-05-06 16:38:44.174] *                          html  (_out/canary/projects/sqlite/_run/result.html)
[2026-05-06 16:38:44.174] *                          index  (_out/canary/projects/index.html)
[2026-05-06 16:38:44.174] *                          invariant  (full.mmd: OK (7 nodes, 7 IDs))
[2026-05-06 16:38:44.174] *                          invariant  (binding_ocaml.mmd: OK (6 nodes, 7 IDs))
[2026-05-06 16:38:44.175] *                          invariant  (binding_python.mmd: OK (6 nodes, 7 IDs))
[2026-05-06 16:38:44.175] *                          invariant  (lib.mmd: OK (5 nodes, 7 IDs))
[2026-05-06 16:38:44.175] *                          invariant  (all.mmd: OK (5 nodes, 7 IDs))
[2026-05-06 16:38:44.175] *                          invariant  (probes.mmd: OK (7 nodes, 7 IDs))
[2026-05-06 16:38:44.175] *                          invariant  (ALL OK)
