[2026-08-09 15:13:54.080] *                          variant_start  (app-vendored-stable_lib-vendored-stable_ocaml_binding-vendored-stable_python_binding-vendored-stable_source-vendored-stable)
[2026-08-09 15:13:54.080] *                          graph_start  (13 steps)
[2026-08-09 15:13:54.080] configure                  check_pre  (pass)
[2026-08-09 15:13:54.083] configure                  cmd  (test -d canary/examples/tiny/scenarios/_cache/api_repack_python/workspace/c/build || { echo 'lib_dir missing: canary/examples/tiny/scenarios/_cache/api_repack_python/workspace/c/build'; exit 1; } && echo 'ok' > /home/red/code/research/tola/_out/canary/projects/tiny1/api_repack_python/configure/conf_app-vendored-stable_lib-vendored-stable_ocaml_binding-vendored-stable_python_binding-vendored-stable_source-vendored-stable.ok)
[2026-08-09 15:13:54.083] configure                  detect  (ok, output present)
[2026-08-09 15:13:54.084] configure                  check_post  (pass)
[2026-08-09 15:13:54.084] configure                  done
[2026-08-09 15:13:54.085] scan_sources               check_pre  (pass)
[2026-08-09 15:13:54.087] scan_sources               cmd  (python3 canary/scripts/inspect_tiny_typed.py --layer header --path canary/examples/tiny/scenarios/_cache/api_repack_python/workspace/c/include/tiny.h > /home/red/code/research/tola/_out/canary/projects/tiny1/api_repack_python/scan_sources/inspect_typed_header_app-vendored-stable_lib-vendored-stable_ocaml_binding-vendored-stable_python_binding-vendored-stable_source-vendored-stable.json && python3 canary/scripts/inspect_tiny_typed.py --layer stub_ocaml --path canary/examples/tiny/scenarios/_cache/api_repack_python/workspace/ocaml/tiny_raw.mli > /home/red/code/research/tola/_out/canary/projects/tiny1/api_repack_python/scan_sources/inspect_typed_binding_stub_ocaml_app-vendored-stable_lib-vendored-stable_ocaml_binding-vendored-stable_python_binding-vendored-stable_source-vendored-stable.json && python3 canary/scripts/inspect_tiny_typed.py --layer user_ocaml --path canary/examples/tiny/scenarios/_cache/api_repack_python/workspace/ocaml/tiny.mli > /home/red/code/research/tola/_out/canary/projects/tiny1/api_repack_python/scan_sources/inspect_typed_binding_user_ocaml_app-vendored-stable_lib-vendored-stable_ocaml_binding-vendored-stable_python_binding-vendored-stable_source-vendored-stable.json && python3 canary/scripts/inspect_tiny_typed.py --layer stub_python --path canary/examples/tiny/scenarios/_cache/api_repack_python/workspace/python_cext/tiny_cext/_native.c > /home/red/code/research/tola/_out/canary/projects/tiny1/api_repack_python/scan_sources/inspect_typed_binding_stub_python_app-vendored-stable_lib-vendored-stable_ocaml_binding-vendored-stable_python_binding-vendored-stable_source-vendored-stable.json && python3 canary/scripts/inspect_tiny_typed.py --layer user_python --path canary/examples/tiny/scenarios/_cache/api_repack_python/workspace/python_cext/tiny_cext/__init__.py > /home/red/code/research/tola/_out/canary/projects/tiny1/api_repack_python/scan_sources/inspect_typed_binding_user_python_app-vendored-stable_lib-vendored-stable_ocaml_binding-vendored-stable_python_binding-vendored-stable_source-vendored-stable.json && echo 'ok' > /home/red/code/research/tola/_out/canary/projects/tiny1/api_repack_python/scan_sources/scan_app-vendored-stable_lib-vendored-stable_ocaml_binding-vendored-stable_python_binding-vendored-stable_source-vendored-stable.ok)
[2026-08-09 15:13:54.260] scan_sources               detect  (ok, output present)
[2026-08-09 15:13:54.260] scan_sources               check_post  (pass)
[2026-08-09 15:13:54.260] scan_sources               done
[2026-08-09 15:13:54.262] build_lib                  check_pre  (pass)
[2026-08-09 15:13:54.265] build_lib                  cmd  (test -f canary/examples/tiny/scenarios/_cache/api_repack_python/workspace/c/build/libtiny.so.1 || { mkdir -p canary/examples/tiny/scenarios/_cache/api_repack_python/workspace/c/build && gcc -c -fPIC -Icanary/examples/tiny/scenarios/_cache/api_repack_python/workspace/c/include canary/examples/tiny/scenarios/_cache/api_repack_python/workspace/c/src/tiny.c -o canary/examples/tiny/scenarios/_cache/api_repack_python/workspace/c/build/tiny.o && gcc -shared -fPIC -Wl,-soname,libtiny.so.1 -Wl,--version-script=canary/examples/tiny/scenarios/_cache/api_repack_python/workspace/c/tiny.map canary/examples/tiny/scenarios/_cache/api_repack_python/workspace/c/build/tiny.o -o canary/examples/tiny/scenarios/_cache/api_repack_python/workspace/c/build/libtiny.so.1.0 && ln -sf libtiny.so.1.0 canary/examples/tiny/scenarios/_cache/api_repack_python/workspace/c/build/libtiny.so.1 && ln -sf libtiny.so.1 canary/examples/tiny/scenarios/_cache/api_repack_python/workspace/c/build/libtiny.so ; } && echo 'ok' > /home/red/code/research/tola/_out/canary/projects/tiny1/api_repack_python/build_lib/build_app-vendored-stable_lib-vendored-stable_ocaml_binding-vendored-stable_python_binding-vendored-stable_source-vendored-stable.ok)
[2026-08-09 15:13:54.266] build_lib                  detect  (ok, output present)
[2026-08-09 15:13:54.266] build_lib                  check_post  (pass)
[2026-08-09 15:13:54.266] build_lib                  done
[2026-08-09 15:13:54.268] build_lib_inspect          check_pre  (pass)
[2026-08-09 15:13:54.270] build_lib_inspect          cmd  (nm -D "canary/examples/tiny/scenarios/_cache/api_repack_python/workspace/c/build/libtiny.so.1" 2>/dev/null \
  | python3 canary/scripts/inspect_native.py --emit-symbols --elf --path "canary/examples/tiny/scenarios/_cache/api_repack_python/workspace/c/build/libtiny.so.1" --prefixes 'tiny_' --watchlist 'tiny_sum,tiny_diff,tiny_offset' \
  > /home/red/code/research/tola/_out/canary/projects/tiny1/api_repack_python/build_lib/inspect_app-vendored-stable_lib-vendored-stable_ocaml_binding-vendored-stable_python_binding-vendored-stable_source-vendored-stable.json)
[2026-08-09 15:13:54.320] build_lib_inspect          detect  (ok, output present)
[2026-08-09 15:13:54.320] build_lib_inspect          check_post  (pass)
[2026-08-09 15:13:54.320] build_lib_inspect          done
[2026-08-09 15:13:54.322] build_binding_ocaml        check_pre  (pass)
[2026-08-09 15:13:54.325] build_binding_ocaml        cmd  ((LIBRARY_PATH=$PWD/canary/examples/tiny/scenarios/_cache/api_repack_python/workspace/c/build LD_RUN_PATH=$PWD/canary/examples/tiny/scenarios/_cache/api_repack_python/workspace/c/build dune build --root canary/examples/tiny/scenarios/_cache/api_repack_python/workspace ocaml/tiny.cmxa ocaml/libtiny_stubs.a) > /home/red/code/research/tola/_out/canary/projects/tiny1/api_repack_python/build_binding/ocaml/build_app-vendored-stable_lib-vendored-stable_ocaml_binding-vendored-stable_python_binding-vendored-stable_source-vendored-stable.log 2>&1 && echo 'ok' > /home/red/code/research/tola/_out/canary/projects/tiny1/api_repack_python/build_binding/ocaml/build_app-vendored-stable_lib-vendored-stable_ocaml_binding-vendored-stable_python_binding-vendored-stable_source-vendored-stable.ok)
[2026-08-09 15:13:54.362] build_binding_ocaml        detect  (ok, output present)
[2026-08-09 15:13:54.362] build_binding_ocaml        compat_predicted  (no contract fired)
[2026-08-09 15:13:54.362] build_binding_ocaml        contract_skipped  (c3 cmp_behavior: disabled in registry (blocked))
[2026-08-09 15:13:54.362] build_binding_ocaml        contract_skipped  (c7 api_sound_repack: disabled in registry (stubbed))
[2026-08-09 15:13:54.362] build_binding_ocaml        contract_skipped  (c8 cmp_api_faithfulness: disabled in registry (stubbed))
[2026-08-09 15:13:54.362] build_binding_ocaml        done  (no compat failure predicted; success expected)
[2026-08-09 15:13:54.364] build_binding_ocaml_inspect  check_pre  (pass)
[2026-08-09 15:13:54.367] build_binding_ocaml_inspect  cmd  (python3 canary/scripts/inspect_binding.py --kind stub --path canary/examples/tiny/scenarios/_cache/api_repack_python/workspace/_build/default/ocaml/libtiny_stubs.a --prefix tiny_ > /home/red/code/research/tola/_out/canary/projects/tiny1/api_repack_python/build_binding/ocaml/inspect_app-vendored-stable_lib-vendored-stable_ocaml_binding-vendored-stable_python_binding-vendored-stable_source-vendored-stable.json && python3 canary/scripts/inspect_binding.py --kind mli --module-prefix Tiny --path canary/examples/tiny/scenarios/_cache/api_repack_python/workspace/ocaml/tiny.mli --watchlist 'Tiny,Tiny.sum,Tiny.diff,Tiny.offset' > /home/red/code/research/tola/_out/canary/projects/tiny1/api_repack_python/build_binding/ocaml/inspect_mli_app-vendored-stable_lib-vendored-stable_ocaml_binding-vendored-stable_python_binding-vendored-stable_source-vendored-stable.json)
[2026-08-09 15:13:54.492] build_binding_ocaml_inspect  detect  (ok, output present)
[2026-08-09 15:13:54.492] build_binding_ocaml_inspect  check_post  (pass)
[2026-08-09 15:13:54.492] build_binding_ocaml_inspect  done
[2026-08-09 15:13:54.495] probe_binding_ocaml        check_pre  (pass)
[2026-08-09 15:13:54.498] probe_binding_ocaml        cmd  ((LIBRARY_PATH=$PWD/canary/examples/tiny/scenarios/_cache/api_repack_python/workspace/c/build LD_RUN_PATH=$PWD/canary/examples/tiny/scenarios/_cache/api_repack_python/workspace/c/build dune build --root canary/examples/tiny/scenarios/_cache/api_repack_python/workspace ocaml/examples/probe_baseline.exe && LD_LIBRARY_PATH=$PWD/canary/examples/tiny/scenarios/_cache/api_repack_python/workspace/c/build canary/examples/tiny/scenarios/_cache/api_repack_python/workspace/_build/default/ocaml/examples/probe_baseline.exe) > /home/red/code/research/tola/_out/canary/projects/tiny1/api_repack_python/probe_binding/ocaml/probe_app-vendored-stable_lib-vendored-stable_ocaml_binding-vendored-stable_python_binding-vendored-stable_source-vendored-stable.log 2>&1)
[2026-08-09 15:13:54.535] probe_binding_ocaml        detect  (ok, output present)
[2026-08-09 15:13:54.535] probe_binding_ocaml        compat_predicted  (no contract fired)
[2026-08-09 15:13:54.535] probe_binding_ocaml        contract_skipped  (c3 cmp_behavior: disabled in registry (blocked))
[2026-08-09 15:13:54.535] probe_binding_ocaml        contract_skipped  (c7 api_sound_repack: disabled in registry (stubbed))
[2026-08-09 15:13:54.535] probe_binding_ocaml        contract_skipped  (c8 cmp_api_faithfulness: disabled in registry (stubbed))
[2026-08-09 15:13:54.535] probe_binding_ocaml        done  (no compat failure predicted; success expected)
[2026-08-09 15:13:54.538] probe_binding_ocaml_inspect  check_pre  (pass)
[2026-08-09 15:13:54.539] probe_binding_ocaml_inspect  cmd  (python3 canary/scripts/inspect_binding.py --kind mli --module-prefix Tiny --path canary/examples/tiny/scenarios/_cache/api_repack_python/workspace/ocaml/tiny.mli --watchlist 'Tiny,Tiny.sum,Tiny.diff,Tiny.offset' > /home/red/code/research/tola/_out/canary/projects/tiny1/api_repack_python/probe_binding/ocaml/inspect_app-vendored-stable_lib-vendored-stable_ocaml_binding-vendored-stable_python_binding-vendored-stable_source-vendored-stable.json)
[2026-08-09 15:13:54.581] probe_binding_ocaml_inspect  detect  (ok, output present)
[2026-08-09 15:13:54.581] probe_binding_ocaml_inspect  check_post  (pass)
[2026-08-09 15:13:54.581] probe_binding_ocaml_inspect  done
[2026-08-09 15:13:54.583] build_binding_python       check_pre  (pass)
[2026-08-09 15:13:54.586] build_binding_python       cmd  (ls canary/examples/tiny/scenarios/_cache/api_repack_python/workspace/python_cext/tiny_cext/_native.cpython-*.so > /dev/null && echo 'ok' > /home/red/code/research/tola/_out/canary/projects/tiny1/api_repack_python/build_binding/python/build_app-vendored-stable_lib-vendored-stable_ocaml_binding-vendored-stable_python_binding-vendored-stable_source-vendored-stable.ok)
[2026-08-09 15:13:54.588] build_binding_python       detect  (ok, output present)
[2026-08-09 15:13:54.588] build_binding_python       check_post  (pass)
[2026-08-09 15:13:54.588] build_binding_python       done
[2026-08-09 15:13:54.589] build_binding_python_inspect  check_pre  (pass)
[2026-08-09 15:13:54.591] build_binding_python_inspect  cmd  (python3 canary/scripts/inspect_binding.py --kind stub --path canary/examples/tiny/scenarios/_cache/api_repack_python/workspace/python_cext/tiny_cext/_native.cpython-*.so --prefix tiny_ > /home/red/code/research/tola/_out/canary/projects/tiny1/api_repack_python/build_binding/python/inspect_app-vendored-stable_lib-vendored-stable_ocaml_binding-vendored-stable_python_binding-vendored-stable_source-vendored-stable.json && LD_LIBRARY_PATH=$PWD/canary/examples/tiny/scenarios/_cache/api_repack_python/workspace/c/build PYTHONPATH=canary/examples/tiny/scenarios/_cache/api_repack_python/workspace/python_cext python3 canary/scripts/inspect_python.py --pkg tiny_cext --watchlist 'sum,diff,offset' > /home/red/code/research/tola/_out/canary/projects/tiny1/api_repack_python/build_binding/python/inspect_attrs_app-vendored-stable_lib-vendored-stable_ocaml_binding-vendored-stable_python_binding-vendored-stable_source-vendored-stable.json)
[2026-08-09 15:13:54.713] build_binding_python_inspect  detect  (ok, output present)
[2026-08-09 15:13:54.713] build_binding_python_inspect  check_post  (pass)
[2026-08-09 15:13:54.713] build_binding_python_inspect  done
[2026-08-09 15:13:54.715] probe_binding_python       check_pre  (pass)
[2026-08-09 15:13:54.717] probe_binding_python       cmd  (LD_LIBRARY_PATH=$PWD/canary/examples/tiny/scenarios/_cache/api_repack_python/workspace/c/build PYTHONPATH=canary/examples/tiny/scenarios/_cache/api_repack_python/workspace/python_cext python3 canary/examples/tiny/scenarios/_cache/api_repack_python/workspace/python_cext/examples/probe_baseline.py > /home/red/code/research/tola/_out/canary/projects/tiny1/api_repack_python/probe_binding/python/probe_app-vendored-stable_lib-vendored-stable_ocaml_binding-vendored-stable_python_binding-vendored-stable_source-vendored-stable.log 2>&1)
[2026-08-09 15:13:54.730] probe_binding_python       cmd_fail  (exit 1)
[2026-08-09 15:13:54.730] probe_binding_python       detect  (error, output present)
[2026-08-09 15:13:54.731] probe_binding_python       compat_predicted  (no contract fired)
[2026-08-09 15:13:54.731] probe_binding_python       contract_skipped  (c3 cmp_behavior: disabled in registry (blocked))
[2026-08-09 15:13:54.731] probe_binding_python       contract_skipped  (c7 api_sound_repack: disabled in registry (stubbed))
[2026-08-09 15:13:54.731] probe_binding_python       contract_skipped  (c8 cmp_api_faithfulness: disabled in registry (stubbed))
[2026-08-09 15:13:54.731] probe_binding_python       failed  (no compat failure predicted but command failed)
[2026-08-09 15:13:54.731] probe_lib                  check_pre  (pass)
[2026-08-09 15:13:54.733] probe_lib                  cmd  (nm -D canary/examples/tiny/scenarios/_cache/api_repack_python/workspace/c/build/libtiny.so.1 | grep -E '^[0-9a-f]+ T tiny_' > /home/red/code/research/tola/_out/canary/projects/tiny1/api_repack_python/probe_lib/probe_app-vendored-stable_lib-vendored-stable_ocaml_binding-vendored-stable_python_binding-vendored-stable_source-vendored-stable.log 2>&1)
[2026-08-09 15:13:54.776] probe_lib                  detect  (ok, output present)
[2026-08-09 15:13:54.776] probe_lib                  check_post  (pass)
[2026-08-09 15:13:54.776] probe_lib                  done
[2026-08-09 15:13:54.778] *                          graph_end  (11/13 completed)
[2026-08-09 15:13:54.778] probe_binding_python       failed
[2026-08-09 15:13:54.779] probe_binding_python_inspect  skipped
[2026-08-09 15:13:54.780] *                          diagram  (_out/canary/projects/tiny1/api_repack_python/-run/diagrams/all.mmd)
[2026-08-09 15:13:54.780] *                          diagram  (_out/canary/projects/tiny1/api_repack_python/-run/diagrams/full.mmd)
[2026-08-09 15:13:54.780] *                          view  (lib (2 steps))
[2026-08-09 15:13:54.780] *                          view  (probes (5 steps))
[2026-08-09 15:13:54.781] *                          view  (binding_ocaml (4 steps))
[2026-08-09 15:13:54.781] *                          view  (binding_python (4 steps))
[2026-08-09 15:13:54.782] *                          html  (_out/canary/projects/tiny1/api_repack_python/-run/result.html)
[2026-08-09 15:13:54.783] *                          index  (_out/canary/projects/index.html)
[2026-08-09 15:13:54.783] *                          invariant  (full.mmd: OK (13 nodes, 13 IDs))
[2026-08-09 15:13:54.783] !                          invariant  (binding_ocaml.mmd: missing [2])
[2026-08-09 15:13:54.783] !                          invariant  (SOME FAILED)
[2026-08-09 15:17:56.619] *                          variant_start  (app-vendored-stable_lib-vendored-stable_ocaml_binding-vendored-stable_python_binding-vendored-stable_source-vendored-stable)
[2026-08-09 15:17:56.619] *                          graph_start  (13 steps)
[2026-08-09 15:17:56.619] configure                  skip  (verdict marker (prior success))
[2026-08-09 15:17:56.619] scan_sources               skip  (verdict marker (prior success))
[2026-08-09 15:17:56.619] build_lib                  skip  (verdict marker (prior success))
[2026-08-09 15:17:56.619] build_lib_inspect          skip  (verdict marker (prior success))
[2026-08-09 15:17:56.619] build_binding_ocaml        skip  (verdict marker (prior success))
[2026-08-09 15:17:56.619] build_binding_ocaml_inspect  skip  (verdict marker (prior success))
[2026-08-09 15:17:56.619] probe_binding_ocaml        skip  (verdict marker (prior success))
[2026-08-09 15:17:56.619] probe_binding_ocaml_inspect  skip  (verdict marker (prior success))
[2026-08-09 15:17:56.619] build_binding_python       skip  (verdict marker (prior success))
[2026-08-09 15:17:56.619] build_binding_python_inspect  skip  (verdict marker (prior success))
[2026-08-09 15:17:56.619] probe_lib                  skip  (verdict marker (prior success))
[2026-08-09 15:17:56.619] probe_binding_python       check_pre  (pass)
[2026-08-09 15:17:56.621] probe_binding_python       cmd  (LD_LIBRARY_PATH=$PWD/canary/examples/tiny/scenarios/_cache/api_repack_python/workspace/c/build PYTHONPATH=canary/examples/tiny/scenarios/_cache/api_repack_python/workspace/python_cext python3 canary/examples/tiny/scenarios/_cache/api_repack_python/workspace/python_cext/examples/probe_baseline.py > /home/red/code/research/tola/_out/canary/projects/tiny1/api_repack_python/probe_binding/python/probe_app-vendored-stable_lib-vendored-stable_ocaml_binding-vendored-stable_python_binding-vendored-stable_source-vendored-stable.log 2>&1)
[2026-08-09 15:17:56.634] probe_binding_python       cmd_fail  (exit 1)
[2026-08-09 15:17:56.634] probe_binding_python       detect  (error, output present)
[2026-08-09 15:17:56.634] probe_binding_python       done  (expected failure confirmed)
[2026-08-09 15:17:56.636] probe_binding_python_inspect  check_pre  (pass)
[2026-08-09 15:17:56.638] probe_binding_python_inspect  cmd  (LD_LIBRARY_PATH=$PWD/canary/examples/tiny/scenarios/_cache/api_repack_python/workspace/c/build PYTHONPATH=canary/examples/tiny/scenarios/_cache/api_repack_python/workspace/python_cext python3 canary/scripts/inspect_python.py --pkg tiny_cext --watchlist 'sum,diff,offset' > /home/red/code/research/tola/_out/canary/projects/tiny1/api_repack_python/probe_binding/python/inspect_app-vendored-stable_lib-vendored-stable_ocaml_binding-vendored-stable_python_binding-vendored-stable_source-vendored-stable.json)
[2026-08-09 15:17:56.672] probe_binding_python_inspect  detect  (ok, output present)
[2026-08-09 15:17:56.672] probe_binding_python_inspect  check_post  (pass)
[2026-08-09 15:17:56.672] probe_binding_python_inspect  done
[2026-08-09 15:17:56.674] *                          graph_end  (13/13 completed)
[2026-08-09 15:17:56.675] *                          diagram  (_out/canary/projects/tiny1/api_repack_python/-run/diagrams/all.mmd)
[2026-08-09 15:17:56.675] *                          diagram  (_out/canary/projects/tiny1/api_repack_python/-run/diagrams/full.mmd)
[2026-08-09 15:17:56.675] *                          view  (lib (2 steps))
[2026-08-09 15:17:56.675] *                          view  (probes (5 steps))
[2026-08-09 15:17:56.675] *                          view  (binding_ocaml (4 steps))
[2026-08-09 15:17:56.677] *                          view  (binding_python (4 steps))
[2026-08-09 15:17:56.678] *                          html  (_out/canary/projects/tiny1/api_repack_python/-run/result.html)
[2026-08-09 15:17:56.678] *                          index  (_out/canary/projects/index.html)
[2026-08-09 15:17:56.678] *                          invariant  (full.mmd: OK (13 nodes, 13 IDs))
[2026-08-09 15:17:56.678] !                          invariant  (binding_ocaml.mmd: missing [2])
[2026-08-09 15:17:56.678] !                          invariant  (SOME FAILED)
[2026-08-09 15:18:35.329] *                          variant_start  (app-vendored-stable_lib-vendored-stable_ocaml_binding-vendored-stable_python_binding-vendored-stable_source-vendored-stable)
[2026-08-09 15:18:35.329] *                          graph_start  (13 steps)
[2026-08-09 15:18:35.329] configure                  skip  (verdict marker (prior success))
[2026-08-09 15:18:35.329] scan_sources               skip  (verdict marker (prior success))
[2026-08-09 15:18:35.329] build_lib                  skip  (verdict marker (prior success))
[2026-08-09 15:18:35.329] build_lib_inspect          skip  (verdict marker (prior success))
[2026-08-09 15:18:35.329] build_binding_ocaml        skip  (verdict marker (prior success))
[2026-08-09 15:18:35.329] build_binding_ocaml_inspect  skip  (verdict marker (prior success))
[2026-08-09 15:18:35.329] probe_binding_ocaml        skip  (verdict marker (prior success))
[2026-08-09 15:18:35.329] probe_binding_ocaml_inspect  skip  (verdict marker (prior success))
[2026-08-09 15:18:35.329] build_binding_python       skip  (verdict marker (prior success))
[2026-08-09 15:18:35.329] build_binding_python_inspect  skip  (verdict marker (prior success))
[2026-08-09 15:18:35.330] probe_binding_python       skip  (verdict marker (prior xfail))
[2026-08-09 15:18:35.330] probe_binding_python_inspect  skip  (verdict marker (prior success))
[2026-08-09 15:18:35.330] probe_lib                  skip  (verdict marker (prior success))
[2026-08-09 15:18:35.330] *                          graph_end  (13/13 completed)
[2026-08-09 15:18:35.330] *                          diagram  (_out/canary/projects/tiny1/api_repack_python/-run/diagrams/all.mmd)
[2026-08-09 15:18:35.330] *                          diagram  (_out/canary/projects/tiny1/api_repack_python/-run/diagrams/full.mmd)
[2026-08-09 15:18:35.330] *                          view  (lib (2 steps))
[2026-08-09 15:18:35.330] *                          view  (probes (5 steps))
[2026-08-09 15:18:35.330] *                          view  (binding_ocaml (4 steps))
[2026-08-09 15:18:35.332] *                          view  (binding_python (4 steps))
[2026-08-09 15:18:35.333] *                          html  (_out/canary/projects/tiny1/api_repack_python/-run/result.html)
[2026-08-09 15:18:35.333] *                          index  (_out/canary/projects/index.html)
[2026-08-09 15:18:35.333] *                          invariant  (full.mmd: OK (13 nodes, 13 IDs))
[2026-08-09 15:18:35.333] !                          invariant  (binding_ocaml.mmd: missing [2])
[2026-08-09 15:18:35.333] !                          invariant  (SOME FAILED)
