Entering directory 'canary/examples/tiny/scenarios/_cache/header_arity_bump/workspace'
File "ocaml/dune", line 27, characters 9-19:
27 |   (names tiny_stubs)
              ^^^^^^^^^^
In file included from tiny_stubs.c:3:
tiny_stubs.c: In function ‘caml_tiny_sum’:
tiny_stubs.c:8:24: error: too few arguments to function ‘tiny_sum’
    8 |     CAMLreturn(Val_int(tiny_sum(Int_val(a), Int_val(b))));
      |                        ^~~~~~~~
/home/red/.opam/default/lib/ocaml/caml/memory.h:457:29: note: in definition of macro ‘CAMLreturnT’
  457 |   type caml__temp_result = (result); \
      |                             ^~~~~~
tiny_stubs.c:8:5: note: in expansion of macro ‘CAMLreturn’
    8 |     CAMLreturn(Val_int(tiny_sum(Int_val(a), Int_val(b))));
      |     ^~~~~~~~~~
/home/red/.opam/default/lib/ocaml/caml/mlvalues.h:83:20: note: in expansion of macro ‘Val_long’
   83 | #define Val_int(x) Val_long(x)
      |                    ^~~~~~~~
tiny_stubs.c:8:16: note: in expansion of macro ‘Val_int’
    8 |     CAMLreturn(Val_int(tiny_sum(Int_val(a), Int_val(b))));
      |                ^~~~~~~
In file included from tiny_stubs.c:4:
../c/include/tiny.h:8:5: note: declared here
    8 | int tiny_sum(int a, int b, int c);
      |     ^~~~~~~~
Leaving directory 'canary/examples/tiny/scenarios/_cache/header_arity_bump/workspace'
