[2026-05-06 17:01:41.588] *                          variant_start  (dev_1d8c50)
[2026-05-06 17:01:41.588] *                          graph_start  (22 steps)
[2026-05-06 17:01:41.589] *                          graph_end  (22/22 completed)
[2026-05-06 17:01:41.589] *                          variant_start  (stable)
[2026-05-06 17:01:41.589] *                          graph_start  (7 steps)
[2026-05-06 17:01:41.589] *                          graph_end  (7/7 completed)
[2026-05-06 17:01:41.589] *                          diagram  (_out/canary/projects/z3/-run/diagrams/all.mmd)
[2026-05-06 17:01:41.589] *                          diagram  (_out/canary/projects/z3/-run/diagrams/full.mmd)
[2026-05-06 17:01:41.590] *                          view  (source (2 steps))
[2026-05-06 17:01:41.590] *                          view  (lib (9 steps))
[2026-05-06 17:01:41.590] *                          view  (probes (9 steps))
[2026-05-06 17:01:41.590] *                          view  (binding_ocaml (6 steps))
[2026-05-06 17:01:41.590] *                          view  (binding_python (3 steps))
[2026-05-06 17:01:41.592] *                          html  (_out/canary/projects/z3/-run/result.html)
[2026-05-06 17:01:41.592] *                          index  (_out/canary/projects/index.html)
[2026-05-06 17:01:41.592] !                          invariant  (full.mmd: connectivity errors:
  [14]→[16]: no edge A_fetch_binding_python→A_probe_binding_python
  [7]→[16]: no edge A_fetch_lib→A_probe_binding_python
  [8]→[12]: no edge A_build_binding_ocaml→A_probe_binding_ocaml
  [7]→[12]: no edge A_fetch_lib→A_probe_binding_ocaml
  [4]→[8]: no edge A_build_headers→A_build_binding_ocaml
  [5]→[8]: no edge A_build_lib→A_build_binding_ocaml
  [5]→[17]: no edge A_build_lib→A_probe_lib
  [6]→[19]: no edge A_install_lib→A_probe_lib_staged
  [9]→[13]: no edge A_pack_binding_ocaml→A_probe_binding_ocaml_opam
  [7]→[13]: no edge A_fetch_lib→A_probe_binding_ocaml_opam
  [7]→[21]: no edge A_fetch_lib→A_probe_lib_apt
  [1]→[2]: no edge A_fetch_source→A_scan_source)
[2026-05-06 17:01:41.592] !                          invariant  (SOME FAILED)
[2026-05-06 17:37:13.097] *                          variant_start  (dev_1d8c50)
[2026-05-06 17:37:13.097] *                          graph_start  (22 steps)
[2026-05-06 17:37:13.098] pack_binding_ocaml_inspect  check_pre  (pass)
[2026-05-06 17:37:13.100] pack_binding_ocaml_inspect  cmd  (eval $(opam env)
PKG_DIR=$(ocamlfind query 'z3' 2>/dev/null)
test -n "$PKG_DIR"
python3 canary/scripts/inspect_binding.py --kind mli --dir "$PKG_DIR" \
  --watchlist 'Z3,Z3.Solver.add,Z3.Optimize.minimize,Z3.Expr.mk_app' > /home/red/code/research/tola/_out/canary/projects/z3/pack_binding/ocaml/inspect_dev_1d8c50.json)
[2026-05-06 17:37:13.165] pack_binding_ocaml_inspect  check_post  (pass)
[2026-05-06 17:37:13.165] pack_binding_ocaml_inspect  done
[2026-05-06 17:37:13.165] pack_binding_ocaml_stub_inspect  check_pre  (pass)
[2026-05-06 17:37:13.167] pack_binding_ocaml_stub_inspect  cmd  (eval $(opam env)
PKG_DIR=$(ocamlfind query 'z3' 2>/dev/null)
test -n "$PKG_DIR"
STUB=$(ls "$PKG_DIR"/lib*.a 2>/dev/null | head -1)
test -n "$STUB"
python3 canary/scripts/inspect_binding.py --kind stub --path "$STUB" \
  --prefix 'Z3_' --watchlist '' \
  > /home/red/code/research/tola/_out/canary/projects/z3/pack_binding/ocaml/inspect_stub_dev_1d8c50.json)
[2026-05-06 17:37:13.277] pack_binding_ocaml_stub_inspect  check_post  (pass)
[2026-05-06 17:37:13.277] pack_binding_ocaml_stub_inspect  done
[2026-05-06 17:37:13.277] fetch_binding_python_inspect  check_pre  (pass)
[2026-05-06 17:37:13.279] fetch_binding_python_inspect  cmd  (python3 canary/scripts/inspect_python.py --pkg 'z3' --watchlist 'Solver,BitVec,Optimize,Tactic,Context,Int,Real,Bool,parser_context' > /home/red/code/research/tola/_out/canary/projects/z3/fetch_binding/python/inspect_dev_1d8c50.json)
[2026-05-06 17:37:13.354] fetch_binding_python_inspect  check_post  (pass)
[2026-05-06 17:37:13.354] fetch_binding_python_inspect  done
[2026-05-06 17:37:13.354] probe_lib_inspect          check_pre  (pass)
[2026-05-06 17:37:13.356] probe_lib_inspect          cmd  (LIB_Z3=$(ls /home/red/code/contrib/z3-all/z3/../build/libz3.so /home/red/code/contrib/z3-all/z3/../build/libz3.dylib 2>/dev/null | head -1)
test -n "$LIB_Z3"
nm -D "$LIB_Z3" 2>/dev/null \
  | python3 canary/scripts/inspect_native.py --emit-symbols --path "$LIB_Z3" --prefixes 'Z3_,Z3_mk_,Z3_solver_' --watchlist 'Z3_mk_solver,Z3_mk_optimize,Z3_mk_context,Z3_solver_check,Z3_mk_optimize_assert_soft,Z3_mk_seq_replace_re_all' \
  > /home/red/code/research/tola/_out/canary/projects/z3/probe_lib/inspect_dev_1d8c50.json)
[2026-05-06 17:37:13.417] probe_lib_inspect          check_post  (pass)
[2026-05-06 17:37:13.417] probe_lib_inspect          done
[2026-05-06 17:37:13.417] probe_lib_staged_inspect   check_pre  (pass)
[2026-05-06 17:37:13.419] probe_lib_staged_inspect   cmd  (LIB_Z3=$(ls /home/red/code/contrib/z3-all/z3/../build/libz3.so /home/red/code/contrib/z3-all/z3/../build/libz3.dylib 2>/dev/null | head -1)
test -n "$LIB_Z3"
nm -D "$LIB_Z3" 2>/dev/null \
  | python3 canary/scripts/inspect_native.py --emit-symbols --path "$LIB_Z3" --prefixes 'Z3_,Z3_mk_,Z3_solver_' --watchlist 'Z3_mk_solver,Z3_mk_optimize,Z3_mk_context,Z3_solver_check,Z3_mk_optimize_assert_soft,Z3_mk_seq_replace_re_all' \
  > /home/red/code/research/tola/_out/canary/projects/z3/probe_lib_staged/inspect_dev_1d8c50.json)
[2026-05-06 17:37:13.486] probe_lib_staged_inspect   check_post  (pass)
[2026-05-06 17:37:13.486] probe_lib_staged_inspect   done
[2026-05-06 17:37:13.486] probe_lib_apt_inspect      check_pre  (pass)
[2026-05-06 17:37:13.488] probe_lib_apt_inspect      cmd  (LIB_Z3=$(ls /home/red/code/contrib/z3-all/z3/../build/libz3.so /home/red/code/contrib/z3-all/z3/../build/libz3.dylib 2>/dev/null | head -1)
test -n "$LIB_Z3"
nm -D "$LIB_Z3" 2>/dev/null \
  | python3 canary/scripts/inspect_native.py --emit-symbols --path "$LIB_Z3" --prefixes 'Z3_,Z3_mk_,Z3_solver_' --watchlist 'Z3_mk_solver,Z3_mk_optimize,Z3_mk_context,Z3_solver_check,Z3_mk_optimize_assert_soft,Z3_mk_seq_replace_re_all' \
  > /home/red/code/research/tola/_out/canary/projects/z3/probe_lib_apt/inspect_dev_1d8c50.json)
[2026-05-06 17:37:13.546] probe_lib_apt_inspect      check_post  (pass)
[2026-05-06 17:37:13.546] probe_lib_apt_inspect      done
[2026-05-06 17:37:13.546] *                          graph_end  (22/22 completed)
[2026-05-06 17:37:13.546] *                          variant_start  (stable)
[2026-05-06 17:37:13.546] *                          graph_start  (7 steps)
[2026-05-06 17:37:13.547] fetch_binding_python_inspect  check_pre  (pass)
[2026-05-06 17:37:13.549] fetch_binding_python_inspect  cmd  (echo 'NOTE: api_source is the dev spec reused for stable source z3/4.15.2; watchlist may drift'
python3 canary/scripts/inspect_python.py --pkg 'z3' --watchlist 'Solver,BitVec,Optimize,Tactic,Context,Int,Real,Bool,parser_context' > /home/red/code/research/tola/_out/canary/projects/z3/fetch_binding/python/inspect_stable.json)
[2026-05-06 17:37:13.612] fetch_binding_python_inspect  check_post  (pass)
[2026-05-06 17:37:13.612] fetch_binding_python_inspect  done
[2026-05-06 17:37:13.612] probe_lib_inspect          check_pre  (pass)
[2026-05-06 17:37:13.614] probe_lib_inspect          cmd  (echo 'NOTE: api_source is the dev spec reused for stable source z3/4.15.2; watchlist may drift'
LIB_Z3=$(pkg-config --variable=libdir z3 2>/dev/null)/libz3.so
test -f "$LIB_Z3" || LIB_Z3=$(pkg-config --variable=libdir z3 2>/dev/null)/libz3.dylib
test -f "$LIB_Z3"
nm -D "$LIB_Z3" 2>/dev/null \
  | python3 canary/scripts/inspect_native.py --emit-symbols --path "$LIB_Z3" --prefixes 'Z3_,Z3_mk_,Z3_solver_' --watchlist 'Z3_mk_solver,Z3_mk_optimize,Z3_mk_context,Z3_solver_check,Z3_mk_optimize_assert_soft,Z3_mk_seq_replace_re_all' \
  > /home/red/code/research/tola/_out/canary/projects/z3/probe_lib/inspect_stable.json)
[2026-05-06 17:37:13.684] probe_lib_inspect          check_post  (pass)
[2026-05-06 17:37:13.685] probe_lib_inspect          done
[2026-05-06 17:37:13.685] *                          graph_end  (7/7 completed)
[2026-05-06 17:37:13.685] *                          diagram  (_out/canary/projects/z3/-run/diagrams/all.mmd)
[2026-05-06 17:37:13.685] *                          diagram  (_out/canary/projects/z3/-run/diagrams/full.mmd)
[2026-05-06 17:37:13.685] *                          view  (source (2 steps))
[2026-05-06 17:37:13.686] *                          view  (lib (9 steps))
[2026-05-06 17:37:13.686] *                          view  (probes (9 steps))
[2026-05-06 17:37:13.686] *                          view  (binding_ocaml (6 steps))
[2026-05-06 17:37:13.686] *                          view  (binding_python (3 steps))
[2026-05-06 17:37:13.688] *                          html  (_out/canary/projects/z3/-run/result.html)
[2026-05-06 17:37:13.689] *                          index  (_out/canary/projects/index.html)
[2026-05-06 17:37:13.689] !                          invariant  (full.mmd: connectivity errors:
  [14]→[16]: no edge A_fetch_binding_python→A_probe_binding_python
  [7]→[16]: no edge A_fetch_lib→A_probe_binding_python
  [8]→[12]: no edge A_build_binding_ocaml→A_probe_binding_ocaml
  [7]→[12]: no edge A_fetch_lib→A_probe_binding_ocaml
  [4]→[8]: no edge A_build_headers→A_build_binding_ocaml
  [5]→[8]: no edge A_build_lib→A_build_binding_ocaml
  [5]→[17]: no edge A_build_lib→A_probe_lib
  [6]→[19]: no edge A_install_lib→A_probe_lib_staged
  [9]→[13]: no edge A_pack_binding_ocaml→A_probe_binding_ocaml_opam
  [7]→[13]: no edge A_fetch_lib→A_probe_binding_ocaml_opam
  [7]→[21]: no edge A_fetch_lib→A_probe_lib_apt
  [1]→[2]: no edge A_fetch_source→A_scan_source)
[2026-05-06 17:37:13.689] !                          invariant  (SOME FAILED)
[2026-05-06 17:40:07.730] *                          variant_start  (dev_1d8c50)
[2026-05-06 17:40:07.730] *                          graph_start  (22 steps)
[2026-05-06 17:40:07.731] *                          graph_end  (22/22 completed)
[2026-05-06 17:40:07.731] *                          variant_start  (stable)
[2026-05-06 17:40:07.731] *                          graph_start  (7 steps)
[2026-05-06 17:40:07.731] *                          graph_end  (7/7 completed)
[2026-05-06 17:40:07.731] *                          diagram  (_out/canary/projects/z3/-run/diagrams/all.mmd)
[2026-05-06 17:40:07.731] *                          diagram  (_out/canary/projects/z3/-run/diagrams/full.mmd)
[2026-05-06 17:40:07.732] *                          view  (source (2 steps))
[2026-05-06 17:40:07.732] *                          view  (lib (9 steps))
[2026-05-06 17:40:07.732] *                          view  (probes (9 steps))
[2026-05-06 17:40:07.732] *                          view  (binding_ocaml (6 steps))
[2026-05-06 17:40:07.732] *                          view  (binding_python (3 steps))
[2026-05-06 17:40:07.734] *                          html  (_out/canary/projects/z3/-run/result.html)
[2026-05-06 17:40:07.734] *                          index  (_out/canary/projects/index.html)
[2026-05-06 17:40:07.735] !                          invariant  (full.mmd: connectivity errors:
  [14]→[16]: no edge A_fetch_binding_python→A_probe_binding_python
  [7]→[16]: no edge A_fetch_lib→A_probe_binding_python
  [8]→[12]: no edge A_build_binding_ocaml→A_probe_binding_ocaml
  [7]→[12]: no edge A_fetch_lib→A_probe_binding_ocaml
  [4]→[8]: no edge A_build_headers→A_build_binding_ocaml
  [5]→[8]: no edge A_build_lib→A_build_binding_ocaml
  [5]→[17]: no edge A_build_lib→A_probe_lib
  [6]→[19]: no edge A_install_lib→A_probe_lib_staged
  [9]→[13]: no edge A_pack_binding_ocaml→A_probe_binding_ocaml_opam
  [7]→[13]: no edge A_fetch_lib→A_probe_binding_ocaml_opam
  [7]→[21]: no edge A_fetch_lib→A_probe_lib_apt
  [1]→[2]: no edge A_fetch_source→A_scan_source)
[2026-05-06 17:40:07.735] !                          invariant  (SOME FAILED)
