[2026-08-09 15:14:11.913] *                          variant_start  (app-vendored-stable_lib-vendored-stable_ocaml_binding-vendored-stable_python_binding-vendored-stable_source-vendored-stable)
[2026-08-09 15:14:11.913] *                          graph_start  (13 steps)
[2026-08-09 15:14:11.913] configure                  check_pre  (pass)
[2026-08-09 15:14:11.916] configure                  cmd  (test -d canary/examples/tiny/scenarios/_cache/symbol_orphan/workspace/c/build || { echo 'lib_dir missing: canary/examples/tiny/scenarios/_cache/symbol_orphan/workspace/c/build'; exit 1; } && echo 'ok' > /home/red/code/research/tola/_out/canary/projects/tiny1/symbol_orphan/configure/conf_app-vendored-stable_lib-vendored-stable_ocaml_binding-vendored-stable_python_binding-vendored-stable_source-vendored-stable.ok)
[2026-08-09 15:14:11.917] configure                  detect  (ok, output present)
[2026-08-09 15:14:11.917] configure                  check_post  (pass)
[2026-08-09 15:14:11.917] configure                  done
[2026-08-09 15:14:11.919] scan_sources               check_pre  (pass)
[2026-08-09 15:14:11.921] scan_sources               cmd  (python3 canary/scripts/inspect_tiny_typed.py --layer header --path canary/examples/tiny/scenarios/_cache/symbol_orphan/workspace/c/include/tiny.h > /home/red/code/research/tola/_out/canary/projects/tiny1/symbol_orphan/scan_sources/inspect_typed_header_app-vendored-stable_lib-vendored-stable_ocaml_binding-vendored-stable_python_binding-vendored-stable_source-vendored-stable.json && python3 canary/scripts/inspect_tiny_typed.py --layer stub_ocaml --path canary/examples/tiny/scenarios/_cache/symbol_orphan/workspace/ocaml/tiny_raw.mli > /home/red/code/research/tola/_out/canary/projects/tiny1/symbol_orphan/scan_sources/inspect_typed_binding_stub_ocaml_app-vendored-stable_lib-vendored-stable_ocaml_binding-vendored-stable_python_binding-vendored-stable_source-vendored-stable.json && python3 canary/scripts/inspect_tiny_typed.py --layer user_ocaml --path canary/examples/tiny/scenarios/_cache/symbol_orphan/workspace/ocaml/tiny.mli > /home/red/code/research/tola/_out/canary/projects/tiny1/symbol_orphan/scan_sources/inspect_typed_binding_user_ocaml_app-vendored-stable_lib-vendored-stable_ocaml_binding-vendored-stable_python_binding-vendored-stable_source-vendored-stable.json && python3 canary/scripts/inspect_tiny_typed.py --layer stub_python --path canary/examples/tiny/scenarios/_cache/symbol_orphan/workspace/python_cext/tiny_cext/_native.c > /home/red/code/research/tola/_out/canary/projects/tiny1/symbol_orphan/scan_sources/inspect_typed_binding_stub_python_app-vendored-stable_lib-vendored-stable_ocaml_binding-vendored-stable_python_binding-vendored-stable_source-vendored-stable.json && python3 canary/scripts/inspect_tiny_typed.py --layer user_python --path canary/examples/tiny/scenarios/_cache/symbol_orphan/workspace/python_cext/tiny_cext/__init__.py > /home/red/code/research/tola/_out/canary/projects/tiny1/symbol_orphan/scan_sources/inspect_typed_binding_user_python_app-vendored-stable_lib-vendored-stable_ocaml_binding-vendored-stable_python_binding-vendored-stable_source-vendored-stable.json && echo 'ok' > /home/red/code/research/tola/_out/canary/projects/tiny1/symbol_orphan/scan_sources/scan_app-vendored-stable_lib-vendored-stable_ocaml_binding-vendored-stable_python_binding-vendored-stable_source-vendored-stable.ok)
[2026-08-09 15:14:12.090] scan_sources               detect  (ok, output present)
[2026-08-09 15:14:12.090] scan_sources               check_post  (pass)
[2026-08-09 15:14:12.090] scan_sources               done
[2026-08-09 15:14:12.092] build_lib                  check_pre  (pass)
[2026-08-09 15:14:12.094] build_lib                  cmd  (test -f canary/examples/tiny/scenarios/_cache/symbol_orphan/workspace/c/build/libtiny.so.1 || { mkdir -p canary/examples/tiny/scenarios/_cache/symbol_orphan/workspace/c/build && gcc -c -fPIC -Icanary/examples/tiny/scenarios/_cache/symbol_orphan/workspace/c/include canary/examples/tiny/scenarios/_cache/symbol_orphan/workspace/c/src/tiny.c -o canary/examples/tiny/scenarios/_cache/symbol_orphan/workspace/c/build/tiny.o && gcc -shared -fPIC -Wl,-soname,libtiny.so.1 -Wl,--version-script=canary/examples/tiny/scenarios/_cache/symbol_orphan/workspace/c/tiny.map canary/examples/tiny/scenarios/_cache/symbol_orphan/workspace/c/build/tiny.o -o canary/examples/tiny/scenarios/_cache/symbol_orphan/workspace/c/build/libtiny.so.1.0 && ln -sf libtiny.so.1.0 canary/examples/tiny/scenarios/_cache/symbol_orphan/workspace/c/build/libtiny.so.1 && ln -sf libtiny.so.1 canary/examples/tiny/scenarios/_cache/symbol_orphan/workspace/c/build/libtiny.so ; } && echo 'ok' > /home/red/code/research/tola/_out/canary/projects/tiny1/symbol_orphan/build_lib/build_app-vendored-stable_lib-vendored-stable_ocaml_binding-vendored-stable_python_binding-vendored-stable_source-vendored-stable.ok)
[2026-08-09 15:14:12.095] build_lib                  detect  (ok, output present)
[2026-08-09 15:14:12.095] build_lib                  check_post  (pass)
[2026-08-09 15:14:12.095] build_lib                  done
[2026-08-09 15:14:12.097] build_lib_inspect          check_pre  (pass)
[2026-08-09 15:14:12.099] build_lib_inspect          cmd  (nm -D "canary/examples/tiny/scenarios/_cache/symbol_orphan/workspace/c/build/libtiny.so.1" 2>/dev/null \
  | python3 canary/scripts/inspect_native.py --emit-symbols --elf --path "canary/examples/tiny/scenarios/_cache/symbol_orphan/workspace/c/build/libtiny.so.1" --prefixes 'tiny_' --watchlist 'tiny_sum,tiny_diff,tiny_offset' \
  > /home/red/code/research/tola/_out/canary/projects/tiny1/symbol_orphan/build_lib/inspect_app-vendored-stable_lib-vendored-stable_ocaml_binding-vendored-stable_python_binding-vendored-stable_source-vendored-stable.json)
[2026-08-09 15:14:12.148] build_lib_inspect          detect  (ok, output present)
[2026-08-09 15:14:12.148] build_lib_inspect          check_post  (pass)
[2026-08-09 15:14:12.148] build_lib_inspect          done
[2026-08-09 15:14:12.150] build_binding_ocaml        check_pre  (pass)
[2026-08-09 15:14:12.153] build_binding_ocaml        cmd  ((LIBRARY_PATH=$PWD/canary/examples/tiny/scenarios/_cache/symbol_orphan/workspace/c/build LD_RUN_PATH=$PWD/canary/examples/tiny/scenarios/_cache/symbol_orphan/workspace/c/build dune build --root canary/examples/tiny/scenarios/_cache/symbol_orphan/workspace ocaml/tiny.cmxa ocaml/libtiny_stubs.a) > /home/red/code/research/tola/_out/canary/projects/tiny1/symbol_orphan/build_binding/ocaml/build_app-vendored-stable_lib-vendored-stable_ocaml_binding-vendored-stable_python_binding-vendored-stable_source-vendored-stable.log 2>&1 && echo 'ok' > /home/red/code/research/tola/_out/canary/projects/tiny1/symbol_orphan/build_binding/ocaml/build_app-vendored-stable_lib-vendored-stable_ocaml_binding-vendored-stable_python_binding-vendored-stable_source-vendored-stable.ok)
[2026-08-09 15:14:12.184] build_binding_ocaml        detect  (ok, output present)
[2026-08-09 15:14:12.185] build_binding_ocaml        compat_predicted  (no contract fired)
[2026-08-09 15:14:12.185] build_binding_ocaml        contract_skipped  (c3 cmp_behavior: disabled in registry (blocked))
[2026-08-09 15:14:12.185] build_binding_ocaml        contract_skipped  (c7 api_sound_repack: disabled in registry (stubbed))
[2026-08-09 15:14:12.185] build_binding_ocaml        contract_skipped  (c8 cmp_api_faithfulness: disabled in registry (stubbed))
[2026-08-09 15:14:12.185] build_binding_ocaml        done  (no compat failure predicted; success expected)
[2026-08-09 15:14:12.187] build_binding_ocaml_inspect  check_pre  (pass)
[2026-08-09 15:14:12.188] build_binding_ocaml_inspect  cmd  (python3 canary/scripts/inspect_binding.py --kind stub --path canary/examples/tiny/scenarios/_cache/symbol_orphan/workspace/_build/default/ocaml/libtiny_stubs.a --prefix tiny_ > /home/red/code/research/tola/_out/canary/projects/tiny1/symbol_orphan/build_binding/ocaml/inspect_app-vendored-stable_lib-vendored-stable_ocaml_binding-vendored-stable_python_binding-vendored-stable_source-vendored-stable.json && python3 canary/scripts/inspect_binding.py --kind mli --module-prefix Tiny --path canary/examples/tiny/scenarios/_cache/symbol_orphan/workspace/ocaml/tiny.mli --watchlist 'Tiny,Tiny.sum,Tiny.diff,Tiny.offset' > /home/red/code/research/tola/_out/canary/projects/tiny1/symbol_orphan/build_binding/ocaml/inspect_mli_app-vendored-stable_lib-vendored-stable_ocaml_binding-vendored-stable_python_binding-vendored-stable_source-vendored-stable.json)
[2026-08-09 15:14:12.310] build_binding_ocaml_inspect  detect  (ok, output present)
[2026-08-09 15:14:12.310] build_binding_ocaml_inspect  check_post  (pass)
[2026-08-09 15:14:12.310] build_binding_ocaml_inspect  done
[2026-08-09 15:14:12.312] probe_binding_ocaml        check_pre  (pass)
[2026-08-09 15:14:12.315] probe_binding_ocaml        cmd  ((LIBRARY_PATH=$PWD/canary/examples/tiny/scenarios/_cache/symbol_orphan/workspace/c/build LD_RUN_PATH=$PWD/canary/examples/tiny/scenarios/_cache/symbol_orphan/workspace/c/build dune build --root canary/examples/tiny/scenarios/_cache/symbol_orphan/workspace ocaml/examples/probe_baseline.exe && LD_LIBRARY_PATH=$PWD/canary/examples/tiny/scenarios/_cache/symbol_orphan/workspace/c/build canary/examples/tiny/scenarios/_cache/symbol_orphan/workspace/_build/default/ocaml/examples/probe_baseline.exe) > /home/red/code/research/tola/_out/canary/projects/tiny1/symbol_orphan/probe_binding/ocaml/probe_app-vendored-stable_lib-vendored-stable_ocaml_binding-vendored-stable_python_binding-vendored-stable_source-vendored-stable.log 2>&1)
[2026-08-09 15:14:12.414] probe_binding_ocaml        cmd_fail  (exit 1)
[2026-08-09 15:14:12.414] probe_binding_ocaml        detect  (error, output present)
[2026-08-09 15:14:12.414] probe_binding_ocaml        compat_predicted  (c1 cmp_symbol: 1 substring(s))
[2026-08-09 15:14:12.414] probe_binding_ocaml        contract_skipped  (c3 cmp_behavior: disabled in registry (blocked))
[2026-08-09 15:14:12.414] probe_binding_ocaml        contract_skipped  (c7 api_sound_repack: disabled in registry (stubbed))
[2026-08-09 15:14:12.414] probe_binding_ocaml        contract_skipped  (c8 cmp_api_faithfulness: disabled in registry (stubbed))
[2026-08-09 15:14:12.414] probe_binding_ocaml        done  (expected failure confirmed (derived) [c1])
[2026-08-09 15:14:12.417] probe_binding_ocaml_inspect  check_pre  (pass)
[2026-08-09 15:14:12.418] probe_binding_ocaml_inspect  cmd  (python3 canary/scripts/inspect_binding.py --kind mli --module-prefix Tiny --path canary/examples/tiny/scenarios/_cache/symbol_orphan/workspace/ocaml/tiny.mli --watchlist 'Tiny,Tiny.sum,Tiny.diff,Tiny.offset' > /home/red/code/research/tola/_out/canary/projects/tiny1/symbol_orphan/probe_binding/ocaml/inspect_app-vendored-stable_lib-vendored-stable_ocaml_binding-vendored-stable_python_binding-vendored-stable_source-vendored-stable.json)
[2026-08-09 15:14:12.459] probe_binding_ocaml_inspect  detect  (ok, output present)
[2026-08-09 15:14:12.459] probe_binding_ocaml_inspect  check_post  (pass)
[2026-08-09 15:14:12.459] probe_binding_ocaml_inspect  done
[2026-08-09 15:14:12.461] build_binding_python       check_pre  (pass)
[2026-08-09 15:14:12.464] build_binding_python       cmd  (ls canary/examples/tiny/scenarios/_cache/symbol_orphan/workspace/python_cext/tiny_cext/_native.cpython-*.so > /dev/null && echo 'ok' > /home/red/code/research/tola/_out/canary/projects/tiny1/symbol_orphan/build_binding/python/build_app-vendored-stable_lib-vendored-stable_ocaml_binding-vendored-stable_python_binding-vendored-stable_source-vendored-stable.ok)
[2026-08-09 15:14:12.466] build_binding_python       detect  (ok, output present)
[2026-08-09 15:14:12.466] build_binding_python       check_post  (pass)
[2026-08-09 15:14:12.466] build_binding_python       done
[2026-08-09 15:14:12.468] build_binding_python_inspect  check_pre  (pass)
[2026-08-09 15:14:12.469] build_binding_python_inspect  cmd  (python3 canary/scripts/inspect_binding.py --kind stub --path canary/examples/tiny/scenarios/_cache/symbol_orphan/workspace/python_cext/tiny_cext/_native.cpython-*.so --prefix tiny_ > /home/red/code/research/tola/_out/canary/projects/tiny1/symbol_orphan/build_binding/python/inspect_app-vendored-stable_lib-vendored-stable_ocaml_binding-vendored-stable_python_binding-vendored-stable_source-vendored-stable.json && LD_LIBRARY_PATH=$PWD/canary/examples/tiny/scenarios/_cache/symbol_orphan/workspace/c/build PYTHONPATH=canary/examples/tiny/scenarios/_cache/symbol_orphan/workspace/python_cext python3 canary/scripts/inspect_python.py --pkg tiny_cext --watchlist 'sum,diff,offset' > /home/red/code/research/tola/_out/canary/projects/tiny1/symbol_orphan/build_binding/python/inspect_attrs_app-vendored-stable_lib-vendored-stable_ocaml_binding-vendored-stable_python_binding-vendored-stable_source-vendored-stable.json)
[2026-08-09 15:14:12.590] build_binding_python_inspect  detect  (ok, output present)
[2026-08-09 15:14:12.590] build_binding_python_inspect  check_post  (pass)
[2026-08-09 15:14:12.590] build_binding_python_inspect  done
[2026-08-09 15:14:12.593] probe_binding_python       check_pre  (pass)
[2026-08-09 15:14:12.595] probe_binding_python       cmd  (LD_LIBRARY_PATH=$PWD/canary/examples/tiny/scenarios/_cache/symbol_orphan/workspace/c/build PYTHONPATH=canary/examples/tiny/scenarios/_cache/symbol_orphan/workspace/python_cext python3 canary/examples/tiny/scenarios/_cache/symbol_orphan/workspace/python_cext/examples/probe_baseline.py > /home/red/code/research/tola/_out/canary/projects/tiny1/symbol_orphan/probe_binding/python/probe_app-vendored-stable_lib-vendored-stable_ocaml_binding-vendored-stable_python_binding-vendored-stable_source-vendored-stable.log 2>&1)
[2026-08-09 15:14:12.607] probe_binding_python       detect  (ok, output present)
[2026-08-09 15:14:12.607] probe_binding_python       compat_predicted  (no contract fired)
[2026-08-09 15:14:12.608] probe_binding_python       contract_skipped  (c3 cmp_behavior: disabled in registry (blocked))
[2026-08-09 15:14:12.608] probe_binding_python       contract_skipped  (c7 api_sound_repack: disabled in registry (stubbed))
[2026-08-09 15:14:12.608] probe_binding_python       contract_skipped  (c8 cmp_api_faithfulness: disabled in registry (stubbed))
[2026-08-09 15:14:12.608] probe_binding_python       done  (no compat failure predicted; success expected)
[2026-08-09 15:14:12.610] probe_binding_python_inspect  check_pre  (pass)
[2026-08-09 15:14:12.611] probe_binding_python_inspect  cmd  (LD_LIBRARY_PATH=$PWD/canary/examples/tiny/scenarios/_cache/symbol_orphan/workspace/c/build PYTHONPATH=canary/examples/tiny/scenarios/_cache/symbol_orphan/workspace/python_cext python3 canary/scripts/inspect_python.py --pkg tiny_cext --watchlist 'sum,diff,offset' > /home/red/code/research/tola/_out/canary/projects/tiny1/symbol_orphan/probe_binding/python/inspect_app-vendored-stable_lib-vendored-stable_ocaml_binding-vendored-stable_python_binding-vendored-stable_source-vendored-stable.json)
[2026-08-09 15:14:12.647] probe_binding_python_inspect  detect  (ok, output present)
[2026-08-09 15:14:12.647] probe_binding_python_inspect  check_post  (pass)
[2026-08-09 15:14:12.647] probe_binding_python_inspect  done
[2026-08-09 15:14:12.649] probe_lib                  check_pre  (pass)
[2026-08-09 15:14:12.652] probe_lib                  cmd  (nm -D canary/examples/tiny/scenarios/_cache/symbol_orphan/workspace/c/build/libtiny.so.1 | grep -E '^[0-9a-f]+ T tiny_' > /home/red/code/research/tola/_out/canary/projects/tiny1/symbol_orphan/probe_lib/probe_app-vendored-stable_lib-vendored-stable_ocaml_binding-vendored-stable_python_binding-vendored-stable_source-vendored-stable.log 2>&1)
[2026-08-09 15:14:12.694] probe_lib                  detect  (ok, output present)
[2026-08-09 15:14:12.694] probe_lib                  check_post  (pass)
[2026-08-09 15:14:12.694] probe_lib                  done
[2026-08-09 15:14:12.696] *                          graph_end  (13/13 completed)
[2026-08-09 15:14:12.697] *                          diagram  (_out/canary/projects/tiny1/symbol_orphan/-run/diagrams/all.mmd)
[2026-08-09 15:14:12.697] *                          diagram  (_out/canary/projects/tiny1/symbol_orphan/-run/diagrams/full.mmd)
[2026-08-09 15:14:12.697] *                          view  (lib (2 steps))
[2026-08-09 15:14:12.697] *                          view  (probes (5 steps))
[2026-08-09 15:14:12.698] *                          view  (binding_ocaml (4 steps))
[2026-08-09 15:14:12.698] *                          view  (binding_python (4 steps))
[2026-08-09 15:14:12.699] *                          html  (_out/canary/projects/tiny1/symbol_orphan/-run/result.html)
[2026-08-09 15:14:12.700] *                          index  (_out/canary/projects/index.html)
[2026-08-09 15:14:12.700] *                          invariant  (full.mmd: OK (13 nodes, 13 IDs))
[2026-08-09 15:14:12.700] !                          invariant  (binding_ocaml.mmd: missing [2])
[2026-08-09 15:14:12.700] !                          invariant  (SOME FAILED)
[2026-08-09 15:18:34.737] *                          variant_start  (app-vendored-stable_lib-vendored-stable_ocaml_binding-vendored-stable_python_binding-vendored-stable_source-vendored-stable)
[2026-08-09 15:18:34.737] *                          graph_start  (13 steps)
[2026-08-09 15:18:34.737] configure                  skip  (verdict marker (prior success))
[2026-08-09 15:18:34.737] scan_sources               skip  (verdict marker (prior success))
[2026-08-09 15:18:34.737] build_lib                  skip  (verdict marker (prior success))
[2026-08-09 15:18:34.737] build_lib_inspect          skip  (verdict marker (prior success))
[2026-08-09 15:18:34.737] build_binding_ocaml        skip  (verdict marker (prior success))
[2026-08-09 15:18:34.737] build_binding_ocaml_inspect  skip  (verdict marker (prior success))
[2026-08-09 15:18:34.737] probe_binding_ocaml        skip  (verdict marker (prior xfail) [c1])
[2026-08-09 15:18:34.737] probe_binding_ocaml_inspect  skip  (verdict marker (prior success))
[2026-08-09 15:18:34.737] build_binding_python       skip  (verdict marker (prior success))
[2026-08-09 15:18:34.737] build_binding_python_inspect  skip  (verdict marker (prior success))
[2026-08-09 15:18:34.737] probe_binding_python       skip  (verdict marker (prior success))
[2026-08-09 15:18:34.737] probe_binding_python_inspect  skip  (verdict marker (prior success))
[2026-08-09 15:18:34.737] probe_lib                  skip  (verdict marker (prior success))
[2026-08-09 15:18:34.737] *                          graph_end  (13/13 completed)
[2026-08-09 15:18:34.737] *                          diagram  (_out/canary/projects/tiny1/symbol_orphan/-run/diagrams/all.mmd)
[2026-08-09 15:18:34.737] *                          diagram  (_out/canary/projects/tiny1/symbol_orphan/-run/diagrams/full.mmd)
[2026-08-09 15:18:34.738] *                          view  (lib (2 steps))
[2026-08-09 15:18:34.738] *                          view  (probes (5 steps))
[2026-08-09 15:18:34.738] *                          view  (binding_ocaml (4 steps))
[2026-08-09 15:18:34.739] *                          view  (binding_python (4 steps))
[2026-08-09 15:18:34.740] *                          html  (_out/canary/projects/tiny1/symbol_orphan/-run/result.html)
[2026-08-09 15:18:34.741] *                          index  (_out/canary/projects/index.html)
[2026-08-09 15:18:34.741] *                          invariant  (full.mmd: OK (13 nodes, 13 IDs))
[2026-08-09 15:18:34.741] !                          invariant  (binding_ocaml.mmd: missing [2])
[2026-08-09 15:18:34.741] !                          invariant  (SOME FAILED)
