[2026-08-09 15:13:52.834] *                          variant_start  (app-vendored-stable_lib-vendored-stable_ocaml_binding-vendored-stable_python_binding-vendored-stable_source-vendored-stable)
[2026-08-09 15:13:52.834] *                          graph_start  (13 steps)
[2026-08-09 15:13:52.834] configure                  check_pre  (pass)
[2026-08-09 15:13:52.836] configure                  cmd  (test -d canary/examples/tiny/scenarios/_cache/api_repack/workspace/c/build || { echo 'lib_dir missing: canary/examples/tiny/scenarios/_cache/api_repack/workspace/c/build'; exit 1; } && echo 'ok' > /home/red/code/research/tola/_out/canary/projects/tiny1/api_repack/configure/conf_app-vendored-stable_lib-vendored-stable_ocaml_binding-vendored-stable_python_binding-vendored-stable_source-vendored-stable.ok)
[2026-08-09 15:13:52.837] configure                  detect  (ok, output present)
[2026-08-09 15:13:52.837] configure                  check_post  (pass)
[2026-08-09 15:13:52.837] configure                  done
[2026-08-09 15:13:52.839] scan_sources               check_pre  (pass)
[2026-08-09 15:13:52.841] scan_sources               cmd  (python3 canary/scripts/inspect_tiny_typed.py --layer header --path canary/examples/tiny/scenarios/_cache/api_repack/workspace/c/include/tiny.h > /home/red/code/research/tola/_out/canary/projects/tiny1/api_repack/scan_sources/inspect_typed_header_app-vendored-stable_lib-vendored-stable_ocaml_binding-vendored-stable_python_binding-vendored-stable_source-vendored-stable.json && python3 canary/scripts/inspect_tiny_typed.py --layer stub_ocaml --path canary/examples/tiny/scenarios/_cache/api_repack/workspace/ocaml/tiny_raw.mli > /home/red/code/research/tola/_out/canary/projects/tiny1/api_repack/scan_sources/inspect_typed_binding_stub_ocaml_app-vendored-stable_lib-vendored-stable_ocaml_binding-vendored-stable_python_binding-vendored-stable_source-vendored-stable.json && python3 canary/scripts/inspect_tiny_typed.py --layer user_ocaml --path canary/examples/tiny/scenarios/_cache/api_repack/workspace/ocaml/tiny.mli > /home/red/code/research/tola/_out/canary/projects/tiny1/api_repack/scan_sources/inspect_typed_binding_user_ocaml_app-vendored-stable_lib-vendored-stable_ocaml_binding-vendored-stable_python_binding-vendored-stable_source-vendored-stable.json && python3 canary/scripts/inspect_tiny_typed.py --layer stub_python --path canary/examples/tiny/scenarios/_cache/api_repack/workspace/python_cext/tiny_cext/_native.c > /home/red/code/research/tola/_out/canary/projects/tiny1/api_repack/scan_sources/inspect_typed_binding_stub_python_app-vendored-stable_lib-vendored-stable_ocaml_binding-vendored-stable_python_binding-vendored-stable_source-vendored-stable.json && python3 canary/scripts/inspect_tiny_typed.py --layer user_python --path canary/examples/tiny/scenarios/_cache/api_repack/workspace/python_cext/tiny_cext/__init__.py > /home/red/code/research/tola/_out/canary/projects/tiny1/api_repack/scan_sources/inspect_typed_binding_user_python_app-vendored-stable_lib-vendored-stable_ocaml_binding-vendored-stable_python_binding-vendored-stable_source-vendored-stable.json && echo 'ok' > /home/red/code/research/tola/_out/canary/projects/tiny1/api_repack/scan_sources/scan_app-vendored-stable_lib-vendored-stable_ocaml_binding-vendored-stable_python_binding-vendored-stable_source-vendored-stable.ok)
[2026-08-09 15:13:53.011] scan_sources               detect  (ok, output present)
[2026-08-09 15:13:53.011] scan_sources               check_post  (pass)
[2026-08-09 15:13:53.011] scan_sources               done
[2026-08-09 15:13:53.013] build_lib                  check_pre  (pass)
[2026-08-09 15:13:53.016] build_lib                  cmd  (test -f canary/examples/tiny/scenarios/_cache/api_repack/workspace/c/build/libtiny.so.1 || { mkdir -p canary/examples/tiny/scenarios/_cache/api_repack/workspace/c/build && gcc -c -fPIC -Icanary/examples/tiny/scenarios/_cache/api_repack/workspace/c/include canary/examples/tiny/scenarios/_cache/api_repack/workspace/c/src/tiny.c -o canary/examples/tiny/scenarios/_cache/api_repack/workspace/c/build/tiny.o && gcc -shared -fPIC -Wl,-soname,libtiny.so.1 -Wl,--version-script=canary/examples/tiny/scenarios/_cache/api_repack/workspace/c/tiny.map canary/examples/tiny/scenarios/_cache/api_repack/workspace/c/build/tiny.o -o canary/examples/tiny/scenarios/_cache/api_repack/workspace/c/build/libtiny.so.1.0 && ln -sf libtiny.so.1.0 canary/examples/tiny/scenarios/_cache/api_repack/workspace/c/build/libtiny.so.1 && ln -sf libtiny.so.1 canary/examples/tiny/scenarios/_cache/api_repack/workspace/c/build/libtiny.so ; } && echo 'ok' > /home/red/code/research/tola/_out/canary/projects/tiny1/api_repack/build_lib/build_app-vendored-stable_lib-vendored-stable_ocaml_binding-vendored-stable_python_binding-vendored-stable_source-vendored-stable.ok)
[2026-08-09 15:13:53.017] build_lib                  detect  (ok, output present)
[2026-08-09 15:13:53.017] build_lib                  check_post  (pass)
[2026-08-09 15:13:53.017] build_lib                  done
[2026-08-09 15:13:53.019] build_lib_inspect          check_pre  (pass)
[2026-08-09 15:13:53.020] build_lib_inspect          cmd  (nm -D "canary/examples/tiny/scenarios/_cache/api_repack/workspace/c/build/libtiny.so.1" 2>/dev/null \
  | python3 canary/scripts/inspect_native.py --emit-symbols --elf --path "canary/examples/tiny/scenarios/_cache/api_repack/workspace/c/build/libtiny.so.1" --prefixes 'tiny_' --watchlist 'tiny_sum,tiny_diff,tiny_offset' \
  > /home/red/code/research/tola/_out/canary/projects/tiny1/api_repack/build_lib/inspect_app-vendored-stable_lib-vendored-stable_ocaml_binding-vendored-stable_python_binding-vendored-stable_source-vendored-stable.json)
[2026-08-09 15:13:53.070] build_lib_inspect          detect  (ok, output present)
[2026-08-09 15:13:53.070] build_lib_inspect          check_post  (pass)
[2026-08-09 15:13:53.070] build_lib_inspect          done
[2026-08-09 15:13:53.072] build_binding_ocaml        check_pre  (pass)
[2026-08-09 15:13:53.075] build_binding_ocaml        cmd  ((LIBRARY_PATH=$PWD/canary/examples/tiny/scenarios/_cache/api_repack/workspace/c/build LD_RUN_PATH=$PWD/canary/examples/tiny/scenarios/_cache/api_repack/workspace/c/build dune build --root canary/examples/tiny/scenarios/_cache/api_repack/workspace ocaml/tiny.cmxa ocaml/libtiny_stubs.a) > /home/red/code/research/tola/_out/canary/projects/tiny1/api_repack/build_binding/ocaml/build_app-vendored-stable_lib-vendored-stable_ocaml_binding-vendored-stable_python_binding-vendored-stable_source-vendored-stable.log 2>&1 && echo 'ok' > /home/red/code/research/tola/_out/canary/projects/tiny1/api_repack/build_binding/ocaml/build_app-vendored-stable_lib-vendored-stable_ocaml_binding-vendored-stable_python_binding-vendored-stable_source-vendored-stable.ok)
[2026-08-09 15:13:53.108] build_binding_ocaml        detect  (ok, output present)
[2026-08-09 15:13:53.108] build_binding_ocaml        compat_predicted  (no contract fired)
[2026-08-09 15:13:53.108] build_binding_ocaml        contract_skipped  (c3 cmp_behavior: disabled in registry (blocked))
[2026-08-09 15:13:53.108] build_binding_ocaml        contract_skipped  (c7 api_sound_repack: disabled in registry (stubbed))
[2026-08-09 15:13:53.108] build_binding_ocaml        contract_skipped  (c8 cmp_api_faithfulness: disabled in registry (stubbed))
[2026-08-09 15:13:53.108] build_binding_ocaml        done  (no compat failure predicted; success expected)
[2026-08-09 15:13:53.110] build_binding_ocaml_inspect  check_pre  (pass)
[2026-08-09 15:13:53.112] build_binding_ocaml_inspect  cmd  (python3 canary/scripts/inspect_binding.py --kind stub --path canary/examples/tiny/scenarios/_cache/api_repack/workspace/_build/default/ocaml/libtiny_stubs.a --prefix tiny_ > /home/red/code/research/tola/_out/canary/projects/tiny1/api_repack/build_binding/ocaml/inspect_app-vendored-stable_lib-vendored-stable_ocaml_binding-vendored-stable_python_binding-vendored-stable_source-vendored-stable.json && python3 canary/scripts/inspect_binding.py --kind mli --module-prefix Tiny --path canary/examples/tiny/scenarios/_cache/api_repack/workspace/ocaml/tiny.mli --watchlist 'Tiny,Tiny.sum,Tiny.diff,Tiny.offset' > /home/red/code/research/tola/_out/canary/projects/tiny1/api_repack/build_binding/ocaml/inspect_mli_app-vendored-stable_lib-vendored-stable_ocaml_binding-vendored-stable_python_binding-vendored-stable_source-vendored-stable.json)
[2026-08-09 15:13:53.232] build_binding_ocaml_inspect  detect  (ok, output present)
[2026-08-09 15:13:53.232] build_binding_ocaml_inspect  check_post  (pass)
[2026-08-09 15:13:53.232] build_binding_ocaml_inspect  done
[2026-08-09 15:13:53.234] probe_binding_ocaml        check_pre  (pass)
[2026-08-09 15:13:53.237] probe_binding_ocaml        cmd  ((LIBRARY_PATH=$PWD/canary/examples/tiny/scenarios/_cache/api_repack/workspace/c/build LD_RUN_PATH=$PWD/canary/examples/tiny/scenarios/_cache/api_repack/workspace/c/build dune build --root canary/examples/tiny/scenarios/_cache/api_repack/workspace ocaml/examples/probe_baseline.exe && LD_LIBRARY_PATH=$PWD/canary/examples/tiny/scenarios/_cache/api_repack/workspace/c/build canary/examples/tiny/scenarios/_cache/api_repack/workspace/_build/default/ocaml/examples/probe_baseline.exe) > /home/red/code/research/tola/_out/canary/projects/tiny1/api_repack/probe_binding/ocaml/probe_app-vendored-stable_lib-vendored-stable_ocaml_binding-vendored-stable_python_binding-vendored-stable_source-vendored-stable.log 2>&1)
[2026-08-09 15:13:53.273] probe_binding_ocaml        cmd_fail  (exit 1)
[2026-08-09 15:13:53.273] probe_binding_ocaml        detect  (error, output present)
[2026-08-09 15:13:53.273] probe_binding_ocaml        compat_predicted  (no contract fired)
[2026-08-09 15:13:53.273] probe_binding_ocaml        contract_skipped  (c3 cmp_behavior: disabled in registry (blocked))
[2026-08-09 15:13:53.273] probe_binding_ocaml        contract_skipped  (c7 api_sound_repack: disabled in registry (stubbed))
[2026-08-09 15:13:53.273] probe_binding_ocaml        contract_skipped  (c8 cmp_api_faithfulness: disabled in registry (stubbed))
[2026-08-09 15:13:53.273] probe_binding_ocaml        failed  (no compat failure predicted but command failed)
[2026-08-09 15:13:53.273] build_binding_python       check_pre  (pass)
[2026-08-09 15:13:53.276] build_binding_python       cmd  (ls canary/examples/tiny/scenarios/_cache/api_repack/workspace/python_cext/tiny_cext/_native.cpython-*.so > /dev/null && echo 'ok' > /home/red/code/research/tola/_out/canary/projects/tiny1/api_repack/build_binding/python/build_app-vendored-stable_lib-vendored-stable_ocaml_binding-vendored-stable_python_binding-vendored-stable_source-vendored-stable.ok)
[2026-08-09 15:13:53.278] build_binding_python       detect  (ok, output present)
[2026-08-09 15:13:53.278] build_binding_python       check_post  (pass)
[2026-08-09 15:13:53.278] build_binding_python       done
[2026-08-09 15:13:53.279] build_binding_python_inspect  check_pre  (pass)
[2026-08-09 15:13:53.281] build_binding_python_inspect  cmd  (python3 canary/scripts/inspect_binding.py --kind stub --path canary/examples/tiny/scenarios/_cache/api_repack/workspace/python_cext/tiny_cext/_native.cpython-*.so --prefix tiny_ > /home/red/code/research/tola/_out/canary/projects/tiny1/api_repack/build_binding/python/inspect_app-vendored-stable_lib-vendored-stable_ocaml_binding-vendored-stable_python_binding-vendored-stable_source-vendored-stable.json && LD_LIBRARY_PATH=$PWD/canary/examples/tiny/scenarios/_cache/api_repack/workspace/c/build PYTHONPATH=canary/examples/tiny/scenarios/_cache/api_repack/workspace/python_cext python3 canary/scripts/inspect_python.py --pkg tiny_cext --watchlist 'sum,diff,offset' > /home/red/code/research/tola/_out/canary/projects/tiny1/api_repack/build_binding/python/inspect_attrs_app-vendored-stable_lib-vendored-stable_ocaml_binding-vendored-stable_python_binding-vendored-stable_source-vendored-stable.json)
[2026-08-09 15:13:53.397] build_binding_python_inspect  detect  (ok, output present)
[2026-08-09 15:13:53.397] build_binding_python_inspect  check_post  (pass)
[2026-08-09 15:13:53.397] build_binding_python_inspect  done
[2026-08-09 15:13:53.399] probe_binding_python       check_pre  (pass)
[2026-08-09 15:13:53.402] probe_binding_python       cmd  (LD_LIBRARY_PATH=$PWD/canary/examples/tiny/scenarios/_cache/api_repack/workspace/c/build PYTHONPATH=canary/examples/tiny/scenarios/_cache/api_repack/workspace/python_cext python3 canary/examples/tiny/scenarios/_cache/api_repack/workspace/python_cext/examples/probe_baseline.py > /home/red/code/research/tola/_out/canary/projects/tiny1/api_repack/probe_binding/python/probe_app-vendored-stable_lib-vendored-stable_ocaml_binding-vendored-stable_python_binding-vendored-stable_source-vendored-stable.log 2>&1)
[2026-08-09 15:13:53.414] probe_binding_python       detect  (ok, output present)
[2026-08-09 15:13:53.414] probe_binding_python       compat_predicted  (no contract fired)
[2026-08-09 15:13:53.414] probe_binding_python       contract_skipped  (c3 cmp_behavior: disabled in registry (blocked))
[2026-08-09 15:13:53.414] probe_binding_python       contract_skipped  (c7 api_sound_repack: disabled in registry (stubbed))
[2026-08-09 15:13:53.414] probe_binding_python       contract_skipped  (c8 cmp_api_faithfulness: disabled in registry (stubbed))
[2026-08-09 15:13:53.414] probe_binding_python       done  (no compat failure predicted; success expected)
[2026-08-09 15:13:53.417] probe_binding_python_inspect  check_pre  (pass)
[2026-08-09 15:13:53.418] probe_binding_python_inspect  cmd  (LD_LIBRARY_PATH=$PWD/canary/examples/tiny/scenarios/_cache/api_repack/workspace/c/build PYTHONPATH=canary/examples/tiny/scenarios/_cache/api_repack/workspace/python_cext python3 canary/scripts/inspect_python.py --pkg tiny_cext --watchlist 'sum,diff,offset' > /home/red/code/research/tola/_out/canary/projects/tiny1/api_repack/probe_binding/python/inspect_app-vendored-stable_lib-vendored-stable_ocaml_binding-vendored-stable_python_binding-vendored-stable_source-vendored-stable.json)
[2026-08-09 15:13:53.453] probe_binding_python_inspect  detect  (ok, output present)
[2026-08-09 15:13:53.453] probe_binding_python_inspect  check_post  (pass)
[2026-08-09 15:13:53.453] probe_binding_python_inspect  done
[2026-08-09 15:13:53.455] probe_lib                  check_pre  (pass)
[2026-08-09 15:13:53.458] probe_lib                  cmd  (nm -D canary/examples/tiny/scenarios/_cache/api_repack/workspace/c/build/libtiny.so.1 | grep -E '^[0-9a-f]+ T tiny_' > /home/red/code/research/tola/_out/canary/projects/tiny1/api_repack/probe_lib/probe_app-vendored-stable_lib-vendored-stable_ocaml_binding-vendored-stable_python_binding-vendored-stable_source-vendored-stable.log 2>&1)
[2026-08-09 15:13:53.500] probe_lib                  detect  (ok, output present)
[2026-08-09 15:13:53.500] probe_lib                  check_post  (pass)
[2026-08-09 15:13:53.500] probe_lib                  done
[2026-08-09 15:13:53.502] *                          graph_end  (11/13 completed)
[2026-08-09 15:13:53.502] probe_binding_ocaml        failed
[2026-08-09 15:13:53.502] probe_binding_ocaml_inspect  skipped
[2026-08-09 15:13:53.504] *                          diagram  (_out/canary/projects/tiny1/api_repack/-run/diagrams/all.mmd)
[2026-08-09 15:13:53.504] *                          diagram  (_out/canary/projects/tiny1/api_repack/-run/diagrams/full.mmd)
[2026-08-09 15:13:53.504] *                          view  (lib (2 steps))
[2026-08-09 15:13:53.504] *                          view  (probes (5 steps))
[2026-08-09 15:13:53.504] *                          view  (binding_ocaml (4 steps))
[2026-08-09 15:13:53.505] *                          view  (binding_python (4 steps))
[2026-08-09 15:13:53.506] *                          html  (_out/canary/projects/tiny1/api_repack/-run/result.html)
[2026-08-09 15:13:53.507] *                          index  (_out/canary/projects/index.html)
[2026-08-09 15:13:53.507] *                          invariant  (full.mmd: OK (13 nodes, 13 IDs))
[2026-08-09 15:13:53.507] !                          invariant  (binding_ocaml.mmd: missing [2])
[2026-08-09 15:13:53.507] !                          invariant  (SOME FAILED)
[2026-08-09 15:17:55.925] *                          variant_start  (app-vendored-stable_lib-vendored-stable_ocaml_binding-vendored-stable_python_binding-vendored-stable_source-vendored-stable)
[2026-08-09 15:17:55.925] *                          graph_start  (13 steps)
[2026-08-09 15:17:55.925] configure                  skip  (verdict marker (prior success))
[2026-08-09 15:17:55.925] scan_sources               skip  (verdict marker (prior success))
[2026-08-09 15:17:55.925] build_lib                  skip  (verdict marker (prior success))
[2026-08-09 15:17:55.925] build_lib_inspect          skip  (verdict marker (prior success))
[2026-08-09 15:17:55.925] build_binding_ocaml        skip  (verdict marker (prior success))
[2026-08-09 15:17:55.925] build_binding_ocaml_inspect  skip  (verdict marker (prior success))
[2026-08-09 15:17:55.925] build_binding_python       skip  (verdict marker (prior success))
[2026-08-09 15:17:55.925] build_binding_python_inspect  skip  (verdict marker (prior success))
[2026-08-09 15:17:55.925] probe_binding_python       skip  (verdict marker (prior success))
[2026-08-09 15:17:55.925] probe_binding_python_inspect  skip  (verdict marker (prior success))
[2026-08-09 15:17:55.925] probe_lib                  skip  (verdict marker (prior success))
[2026-08-09 15:17:55.925] probe_binding_ocaml        check_pre  (pass)
[2026-08-09 15:17:55.928] probe_binding_ocaml        cmd  ((LIBRARY_PATH=$PWD/canary/examples/tiny/scenarios/_cache/api_repack/workspace/c/build LD_RUN_PATH=$PWD/canary/examples/tiny/scenarios/_cache/api_repack/workspace/c/build dune build --root canary/examples/tiny/scenarios/_cache/api_repack/workspace ocaml/examples/probe_baseline.exe && LD_LIBRARY_PATH=$PWD/canary/examples/tiny/scenarios/_cache/api_repack/workspace/c/build canary/examples/tiny/scenarios/_cache/api_repack/workspace/_build/default/ocaml/examples/probe_baseline.exe) > /home/red/code/research/tola/_out/canary/projects/tiny1/api_repack/probe_binding/ocaml/probe_app-vendored-stable_lib-vendored-stable_ocaml_binding-vendored-stable_python_binding-vendored-stable_source-vendored-stable.log 2>&1)
[2026-08-09 15:17:55.971] probe_binding_ocaml        cmd_fail  (exit 1)
[2026-08-09 15:17:55.971] probe_binding_ocaml        detect  (error, output present)
[2026-08-09 15:17:55.971] probe_binding_ocaml        done  (expected failure confirmed)
[2026-08-09 15:17:55.973] probe_binding_ocaml_inspect  check_pre  (pass)
[2026-08-09 15:17:55.975] probe_binding_ocaml_inspect  cmd  (python3 canary/scripts/inspect_binding.py --kind mli --module-prefix Tiny --path canary/examples/tiny/scenarios/_cache/api_repack/workspace/ocaml/tiny.mli --watchlist 'Tiny,Tiny.sum,Tiny.diff,Tiny.offset' > /home/red/code/research/tola/_out/canary/projects/tiny1/api_repack/probe_binding/ocaml/inspect_app-vendored-stable_lib-vendored-stable_ocaml_binding-vendored-stable_python_binding-vendored-stable_source-vendored-stable.json)
[2026-08-09 15:17:56.018] probe_binding_ocaml_inspect  detect  (ok, output present)
[2026-08-09 15:17:56.018] probe_binding_ocaml_inspect  check_post  (pass)
[2026-08-09 15:17:56.018] probe_binding_ocaml_inspect  done
[2026-08-09 15:17:56.020] *                          graph_end  (13/13 completed)
[2026-08-09 15:17:56.020] *                          diagram  (_out/canary/projects/tiny1/api_repack/-run/diagrams/all.mmd)
[2026-08-09 15:17:56.021] *                          diagram  (_out/canary/projects/tiny1/api_repack/-run/diagrams/full.mmd)
[2026-08-09 15:17:56.021] *                          view  (lib (2 steps))
[2026-08-09 15:17:56.021] *                          view  (probes (5 steps))
[2026-08-09 15:17:56.021] *                          view  (binding_ocaml (4 steps))
[2026-08-09 15:17:56.022] *                          view  (binding_python (4 steps))
[2026-08-09 15:17:56.023] *                          html  (_out/canary/projects/tiny1/api_repack/-run/result.html)
[2026-08-09 15:17:56.024] *                          index  (_out/canary/projects/index.html)
[2026-08-09 15:17:56.024] *                          invariant  (full.mmd: OK (13 nodes, 13 IDs))
[2026-08-09 15:17:56.024] !                          invariant  (binding_ocaml.mmd: missing [2])
[2026-08-09 15:17:56.024] !                          invariant  (SOME FAILED)
[2026-08-09 15:18:33.545] *                          variant_start  (app-vendored-stable_lib-vendored-stable_ocaml_binding-vendored-stable_python_binding-vendored-stable_source-vendored-stable)
[2026-08-09 15:18:33.545] *                          graph_start  (13 steps)
[2026-08-09 15:18:33.545] configure                  skip  (verdict marker (prior success))
[2026-08-09 15:18:33.545] scan_sources               skip  (verdict marker (prior success))
[2026-08-09 15:18:33.545] build_lib                  skip  (verdict marker (prior success))
[2026-08-09 15:18:33.545] build_lib_inspect          skip  (verdict marker (prior success))
[2026-08-09 15:18:33.545] build_binding_ocaml        skip  (verdict marker (prior success))
[2026-08-09 15:18:33.545] build_binding_ocaml_inspect  skip  (verdict marker (prior success))
[2026-08-09 15:18:33.545] probe_binding_ocaml        skip  (verdict marker (prior xfail))
[2026-08-09 15:18:33.545] probe_binding_ocaml_inspect  skip  (verdict marker (prior success))
[2026-08-09 15:18:33.545] build_binding_python       skip  (verdict marker (prior success))
[2026-08-09 15:18:33.545] build_binding_python_inspect  skip  (verdict marker (prior success))
[2026-08-09 15:18:33.545] probe_binding_python       skip  (verdict marker (prior success))
[2026-08-09 15:18:33.545] probe_binding_python_inspect  skip  (verdict marker (prior success))
[2026-08-09 15:18:33.545] probe_lib                  skip  (verdict marker (prior success))
[2026-08-09 15:18:33.545] *                          graph_end  (13/13 completed)
[2026-08-09 15:18:33.545] *                          diagram  (_out/canary/projects/tiny1/api_repack/-run/diagrams/all.mmd)
[2026-08-09 15:18:33.545] *                          diagram  (_out/canary/projects/tiny1/api_repack/-run/diagrams/full.mmd)
[2026-08-09 15:18:33.546] *                          view  (lib (2 steps))
[2026-08-09 15:18:33.546] *                          view  (probes (5 steps))
[2026-08-09 15:18:33.546] *                          view  (binding_ocaml (4 steps))
[2026-08-09 15:18:33.547] *                          view  (binding_python (4 steps))
[2026-08-09 15:18:33.548] *                          html  (_out/canary/projects/tiny1/api_repack/-run/result.html)
[2026-08-09 15:18:33.549] *                          index  (_out/canary/projects/index.html)
[2026-08-09 15:18:33.549] *                          invariant  (full.mmd: OK (13 nodes, 13 IDs))
[2026-08-09 15:18:33.549] !                          invariant  (binding_ocaml.mmd: missing [2])
[2026-08-09 15:18:33.549] !                          invariant  (SOME FAILED)
[2026-08-09 15:43:06.768] *                          variant_start  (source-vendored-stable_lib-vendored-stable_ocaml_binding-vendored-stable_python_binding-vendored-stable_python_binding-vendored-stable_app-vendored-stable_app-vendored-stable)
[2026-08-09 15:43:06.768] *                          graph_start  (13 steps)
[2026-08-09 15:43:06.768] configure                  check_pre  (pass)
[2026-08-09 15:43:06.770] configure                  cmd  (test -d canary/examples/tiny/scenarios/_cache/api_repack/workspace/c/build || { echo 'lib_dir missing: canary/examples/tiny/scenarios/_cache/api_repack/workspace/c/build'; exit 1; } && echo 'ok' > /home/red/code/research/tola/_out/canary/projects/tiny1/api_repack/configure/conf_source-vendored-stable_lib-vendored-stable_ocaml_binding-vendored-stable_python_binding-vendored-stable_python_binding-vendored-stable_app-vendored-stable_app-vendored-stable.ok)
[2026-08-09 15:43:06.771] configure                  detect  (ok, output present)
[2026-08-09 15:43:06.771] configure                  check_post  (pass)
[2026-08-09 15:43:06.771] configure                  done
[2026-08-09 15:43:06.773] scan_sources               check_pre  (pass)
[2026-08-09 15:43:06.775] scan_sources               cmd  (python3 canary/scripts/inspect_tiny_typed.py --layer header --path canary/examples/tiny/scenarios/_cache/api_repack/workspace/c/include/tiny.h > /home/red/code/research/tola/_out/canary/projects/tiny1/api_repack/scan_sources/inspect_typed_header_source-vendored-stable_lib-vendored-stable_ocaml_binding-vendored-stable_python_binding-vendored-stable_python_binding-vendored-stable_app-vendored-stable_app-vendored-stable.json && python3 canary/scripts/inspect_tiny_typed.py --layer stub_ocaml --path canary/examples/tiny/scenarios/_cache/api_repack/workspace/ocaml/tiny_raw.mli > /home/red/code/research/tola/_out/canary/projects/tiny1/api_repack/scan_sources/inspect_typed_binding_stub_ocaml_source-vendored-stable_lib-vendored-stable_ocaml_binding-vendored-stable_python_binding-vendored-stable_python_binding-vendored-stable_app-vendored-stable_app-vendored-stable.json && python3 canary/scripts/inspect_tiny_typed.py --layer user_ocaml --path canary/examples/tiny/scenarios/_cache/api_repack/workspace/ocaml/tiny.mli > /home/red/code/research/tola/_out/canary/projects/tiny1/api_repack/scan_sources/inspect_typed_binding_user_ocaml_source-vendored-stable_lib-vendored-stable_ocaml_binding-vendored-stable_python_binding-vendored-stable_python_binding-vendored-stable_app-vendored-stable_app-vendored-stable.json && python3 canary/scripts/inspect_tiny_typed.py --layer stub_python --path canary/examples/tiny/scenarios/_cache/api_repack/workspace/python_cext/tiny_cext/_native.c > /home/red/code/research/tola/_out/canary/projects/tiny1/api_repack/scan_sources/inspect_typed_binding_stub_python_source-vendored-stable_lib-vendored-stable_ocaml_binding-vendored-stable_python_binding-vendored-stable_python_binding-vendored-stable_app-vendored-stable_app-vendored-stable.json && python3 canary/scripts/inspect_tiny_typed.py --layer user_python --path canary/examples/tiny/scenarios/_cache/api_repack/workspace/python_cext/tiny_cext/__init__.py > /home/red/code/research/tola/_out/canary/projects/tiny1/api_repack/scan_sources/inspect_typed_binding_user_python_source-vendored-stable_lib-vendored-stable_ocaml_binding-vendored-stable_python_binding-vendored-stable_python_binding-vendored-stable_app-vendored-stable_app-vendored-stable.json && echo 'ok' > /home/red/code/research/tola/_out/canary/projects/tiny1/api_repack/scan_sources/scan_source-vendored-stable_lib-vendored-stable_ocaml_binding-vendored-stable_python_binding-vendored-stable_python_binding-vendored-stable_app-vendored-stable_app-vendored-stable.ok)
[2026-08-09 15:43:06.965] scan_sources               detect  (ok, output present)
[2026-08-09 15:43:06.965] scan_sources               check_post  (pass)
[2026-08-09 15:43:06.965] scan_sources               done
[2026-08-09 15:43:06.967] build_lib                  check_pre  (pass)
[2026-08-09 15:43:06.969] build_lib                  cmd  (test -f canary/examples/tiny/scenarios/_cache/api_repack/workspace/c/build/libtiny.so.1 || { mkdir -p canary/examples/tiny/scenarios/_cache/api_repack/workspace/c/build && gcc -c -fPIC -Icanary/examples/tiny/scenarios/_cache/api_repack/workspace/c/include canary/examples/tiny/scenarios/_cache/api_repack/workspace/c/src/tiny.c -o canary/examples/tiny/scenarios/_cache/api_repack/workspace/c/build/tiny.o && gcc -shared -fPIC -Wl,-soname,libtiny.so.1 -Wl,--version-script=canary/examples/tiny/scenarios/_cache/api_repack/workspace/c/tiny.map canary/examples/tiny/scenarios/_cache/api_repack/workspace/c/build/tiny.o -o canary/examples/tiny/scenarios/_cache/api_repack/workspace/c/build/libtiny.so.1.0 && ln -sf libtiny.so.1.0 canary/examples/tiny/scenarios/_cache/api_repack/workspace/c/build/libtiny.so.1 && ln -sf libtiny.so.1 canary/examples/tiny/scenarios/_cache/api_repack/workspace/c/build/libtiny.so ; } && echo 'ok' > /home/red/code/research/tola/_out/canary/projects/tiny1/api_repack/build_lib/build_source-vendored-stable_lib-vendored-stable_ocaml_binding-vendored-stable_python_binding-vendored-stable_python_binding-vendored-stable_app-vendored-stable_app-vendored-stable.ok)
[2026-08-09 15:43:06.970] build_lib                  detect  (ok, output present)
[2026-08-09 15:43:06.970] build_lib                  check_post  (pass)
[2026-08-09 15:43:06.970] build_lib                  done
[2026-08-09 15:43:06.972] build_lib_inspect          check_pre  (pass)
[2026-08-09 15:43:06.974] build_lib_inspect          cmd  (nm -D "canary/examples/tiny/scenarios/_cache/api_repack/workspace/c/build/libtiny.so.1" 2>/dev/null \
  | python3 canary/scripts/inspect_native.py --emit-symbols --elf --path "canary/examples/tiny/scenarios/_cache/api_repack/workspace/c/build/libtiny.so.1" --prefixes 'tiny_' --watchlist 'tiny_sum,tiny_diff,tiny_offset' \
  > /home/red/code/research/tola/_out/canary/projects/tiny1/api_repack/build_lib/inspect_source-vendored-stable_lib-vendored-stable_ocaml_binding-vendored-stable_python_binding-vendored-stable_python_binding-vendored-stable_app-vendored-stable_app-vendored-stable.json)
[2026-08-09 15:43:07.025] build_lib_inspect          detect  (ok, output present)
[2026-08-09 15:43:07.025] build_lib_inspect          check_post  (pass)
[2026-08-09 15:43:07.025] build_lib_inspect          done
[2026-08-09 15:43:07.027] build_binding_ocaml        check_pre  (pass)
[2026-08-09 15:43:07.029] build_binding_ocaml        cmd  ((LIBRARY_PATH=$PWD/canary/examples/tiny/scenarios/_cache/api_repack/workspace/c/build LD_RUN_PATH=$PWD/canary/examples/tiny/scenarios/_cache/api_repack/workspace/c/build dune build --root canary/examples/tiny/scenarios/_cache/api_repack/workspace ocaml/tiny.cmxa ocaml/libtiny_stubs.a) > /home/red/code/research/tola/_out/canary/projects/tiny1/api_repack/build_binding/ocaml/build_source-vendored-stable_lib-vendored-stable_ocaml_binding-vendored-stable_python_binding-vendored-stable_python_binding-vendored-stable_app-vendored-stable_app-vendored-stable.log 2>&1 && echo 'ok' > /home/red/code/research/tola/_out/canary/projects/tiny1/api_repack/build_binding/ocaml/build_source-vendored-stable_lib-vendored-stable_ocaml_binding-vendored-stable_python_binding-vendored-stable_python_binding-vendored-stable_app-vendored-stable_app-vendored-stable.ok)
[2026-08-09 15:43:07.059] build_binding_ocaml        detect  (ok, output present)
[2026-08-09 15:43:07.059] build_binding_ocaml        compat_predicted  (no contract fired)
[2026-08-09 15:43:07.059] build_binding_ocaml        contract_skipped  (c3 cmp_behavior: disabled in registry (blocked))
[2026-08-09 15:43:07.059] build_binding_ocaml        contract_skipped  (c7 api_sound_repack: disabled in registry (stubbed))
[2026-08-09 15:43:07.059] build_binding_ocaml        contract_skipped  (c8 cmp_api_faithfulness: disabled in registry (stubbed))
[2026-08-09 15:43:07.059] build_binding_ocaml        done  (no compat failure predicted; success expected)
[2026-08-09 15:43:07.061] build_binding_ocaml_inspect  check_pre  (pass)
[2026-08-09 15:43:07.063] build_binding_ocaml_inspect  cmd  (python3 canary/scripts/inspect_binding.py --kind stub --path canary/examples/tiny/scenarios/_cache/api_repack/workspace/_build/default/ocaml/libtiny_stubs.a --prefix tiny_ > /home/red/code/research/tola/_out/canary/projects/tiny1/api_repack/build_binding/ocaml/inspect_source-vendored-stable_lib-vendored-stable_ocaml_binding-vendored-stable_python_binding-vendored-stable_python_binding-vendored-stable_app-vendored-stable_app-vendored-stable.json && python3 canary/scripts/inspect_binding.py --kind mli --module-prefix Tiny --path canary/examples/tiny/scenarios/_cache/api_repack/workspace/ocaml/tiny.mli --watchlist 'Tiny,Tiny.sum,Tiny.diff,Tiny.offset' > /home/red/code/research/tola/_out/canary/projects/tiny1/api_repack/build_binding/ocaml/inspect_mli_source-vendored-stable_lib-vendored-stable_ocaml_binding-vendored-stable_python_binding-vendored-stable_python_binding-vendored-stable_app-vendored-stable_app-vendored-stable.json)
[2026-08-09 15:43:07.187] build_binding_ocaml_inspect  detect  (ok, output present)
[2026-08-09 15:43:07.187] build_binding_ocaml_inspect  check_post  (pass)
[2026-08-09 15:43:07.187] build_binding_ocaml_inspect  done
[2026-08-09 15:43:07.189] probe_binding_ocaml        check_pre  (pass)
[2026-08-09 15:43:07.191] probe_binding_ocaml        cmd  ((LIBRARY_PATH=$PWD/canary/examples/tiny/scenarios/_cache/api_repack/workspace/c/build LD_RUN_PATH=$PWD/canary/examples/tiny/scenarios/_cache/api_repack/workspace/c/build dune build --root canary/examples/tiny/scenarios/_cache/api_repack/workspace ocaml/examples/probe_baseline.exe && LD_LIBRARY_PATH=$PWD/canary/examples/tiny/scenarios/_cache/api_repack/workspace/c/build canary/examples/tiny/scenarios/_cache/api_repack/workspace/_build/default/ocaml/examples/probe_baseline.exe) > /home/red/code/research/tola/_out/canary/projects/tiny1/api_repack/probe_binding/ocaml/probe_source-vendored-stable_lib-vendored-stable_ocaml_binding-vendored-stable_python_binding-vendored-stable_python_binding-vendored-stable_app-vendored-stable_app-vendored-stable.log 2>&1)
[2026-08-09 15:43:07.226] probe_binding_ocaml        cmd_fail  (exit 1)
[2026-08-09 15:43:07.226] probe_binding_ocaml        detect  (error, output present)
[2026-08-09 15:43:07.226] probe_binding_ocaml        compat_predicted  (no contract fired)
[2026-08-09 15:43:07.226] probe_binding_ocaml        contract_skipped  (c3 cmp_behavior: disabled in registry (blocked))
[2026-08-09 15:43:07.226] probe_binding_ocaml        contract_skipped  (c7 api_sound_repack: disabled in registry (stubbed))
[2026-08-09 15:43:07.226] probe_binding_ocaml        contract_skipped  (c8 cmp_api_faithfulness: disabled in registry (stubbed))
[2026-08-09 15:43:07.226] probe_binding_ocaml        done  (expected failure confirmed (behavioral: probe.log present despite clean artifact inspection))
[2026-08-09 15:43:07.228] probe_binding_ocaml_inspect  check_pre  (pass)
[2026-08-09 15:43:07.230] probe_binding_ocaml_inspect  cmd  (python3 canary/scripts/inspect_binding.py --kind mli --module-prefix Tiny --path canary/examples/tiny/scenarios/_cache/api_repack/workspace/ocaml/tiny.mli --watchlist 'Tiny,Tiny.sum,Tiny.diff,Tiny.offset' > /home/red/code/research/tola/_out/canary/projects/tiny1/api_repack/probe_binding/ocaml/inspect_source-vendored-stable_lib-vendored-stable_ocaml_binding-vendored-stable_python_binding-vendored-stable_python_binding-vendored-stable_app-vendored-stable_app-vendored-stable.json)
[2026-08-09 15:43:07.270] probe_binding_ocaml_inspect  detect  (ok, output present)
[2026-08-09 15:43:07.270] probe_binding_ocaml_inspect  check_post  (pass)
[2026-08-09 15:43:07.270] probe_binding_ocaml_inspect  done
[2026-08-09 15:43:07.272] build_binding_python       check_pre  (pass)
[2026-08-09 15:43:07.274] build_binding_python       cmd  (ls canary/examples/tiny/scenarios/_cache/api_repack/workspace/python_cext/tiny_cext/_native.cpython-*.so > /dev/null && echo 'ok' > /home/red/code/research/tola/_out/canary/projects/tiny1/api_repack/build_binding/python/build_source-vendored-stable_lib-vendored-stable_ocaml_binding-vendored-stable_python_binding-vendored-stable_python_binding-vendored-stable_app-vendored-stable_app-vendored-stable.ok)
[2026-08-09 15:43:07.276] build_binding_python       detect  (ok, output present)
[2026-08-09 15:43:07.276] build_binding_python       check_post  (pass)
[2026-08-09 15:43:07.276] build_binding_python       done
[2026-08-09 15:43:07.278] build_binding_python_inspect  check_pre  (pass)
[2026-08-09 15:43:07.280] build_binding_python_inspect  cmd  (python3 canary/scripts/inspect_binding.py --kind stub --path canary/examples/tiny/scenarios/_cache/api_repack/workspace/python_cext/tiny_cext/_native.cpython-*.so --prefix tiny_ > /home/red/code/research/tola/_out/canary/projects/tiny1/api_repack/build_binding/python/inspect_source-vendored-stable_lib-vendored-stable_ocaml_binding-vendored-stable_python_binding-vendored-stable_python_binding-vendored-stable_app-vendored-stable_app-vendored-stable.json && LD_LIBRARY_PATH=$PWD/canary/examples/tiny/scenarios/_cache/api_repack/workspace/c/build PYTHONPATH=canary/examples/tiny/scenarios/_cache/api_repack/workspace/python_cext python3 canary/scripts/inspect_python.py --pkg tiny_cext --watchlist 'sum,diff,offset' > /home/red/code/research/tola/_out/canary/projects/tiny1/api_repack/build_binding/python/inspect_attrs_source-vendored-stable_lib-vendored-stable_ocaml_binding-vendored-stable_python_binding-vendored-stable_python_binding-vendored-stable_app-vendored-stable_app-vendored-stable.json)
[2026-08-09 15:43:07.398] build_binding_python_inspect  detect  (ok, output present)
[2026-08-09 15:43:07.398] build_binding_python_inspect  check_post  (pass)
[2026-08-09 15:43:07.398] build_binding_python_inspect  done
[2026-08-09 15:43:07.401] probe_binding_python       check_pre  (pass)
[2026-08-09 15:43:07.402] probe_binding_python       cmd  (LD_LIBRARY_PATH=$PWD/canary/examples/tiny/scenarios/_cache/api_repack/workspace/c/build PYTHONPATH=canary/examples/tiny/scenarios/_cache/api_repack/workspace/python_cext python3 canary/examples/tiny/scenarios/_cache/api_repack/workspace/python_cext/examples/probe_baseline.py > /home/red/code/research/tola/_out/canary/projects/tiny1/api_repack/probe_binding/python/probe_source-vendored-stable_lib-vendored-stable_ocaml_binding-vendored-stable_python_binding-vendored-stable_python_binding-vendored-stable_app-vendored-stable_app-vendored-stable.log 2>&1)
[2026-08-09 15:43:07.415] probe_binding_python       detect  (ok, output present)
[2026-08-09 15:43:07.415] probe_binding_python       compat_predicted  (no contract fired)
[2026-08-09 15:43:07.415] probe_binding_python       contract_skipped  (c3 cmp_behavior: disabled in registry (blocked))
[2026-08-09 15:43:07.415] probe_binding_python       contract_skipped  (c7 api_sound_repack: disabled in registry (stubbed))
[2026-08-09 15:43:07.415] probe_binding_python       contract_skipped  (c8 cmp_api_faithfulness: disabled in registry (stubbed))
[2026-08-09 15:43:07.415] probe_binding_python       done  (no compat failure predicted; success expected)
[2026-08-09 15:43:07.418] probe_binding_python_inspect  check_pre  (pass)
[2026-08-09 15:43:07.420] probe_binding_python_inspect  cmd  (LD_LIBRARY_PATH=$PWD/canary/examples/tiny/scenarios/_cache/api_repack/workspace/c/build PYTHONPATH=canary/examples/tiny/scenarios/_cache/api_repack/workspace/python_cext python3 canary/scripts/inspect_python.py --pkg tiny_cext --watchlist 'sum,diff,offset' > /home/red/code/research/tola/_out/canary/projects/tiny1/api_repack/probe_binding/python/inspect_source-vendored-stable_lib-vendored-stable_ocaml_binding-vendored-stable_python_binding-vendored-stable_python_binding-vendored-stable_app-vendored-stable_app-vendored-stable.json)
[2026-08-09 15:43:07.455] probe_binding_python_inspect  detect  (ok, output present)
[2026-08-09 15:43:07.455] probe_binding_python_inspect  check_post  (pass)
[2026-08-09 15:43:07.455] probe_binding_python_inspect  done
[2026-08-09 15:43:07.457] probe_lib                  check_pre  (pass)
[2026-08-09 15:43:07.459] probe_lib                  cmd  (nm -D canary/examples/tiny/scenarios/_cache/api_repack/workspace/c/build/libtiny.so.1 | grep -E '^[0-9a-f]+ T tiny_' > /home/red/code/research/tola/_out/canary/projects/tiny1/api_repack/probe_lib/probe_source-vendored-stable_lib-vendored-stable_ocaml_binding-vendored-stable_python_binding-vendored-stable_python_binding-vendored-stable_app-vendored-stable_app-vendored-stable.log 2>&1)
[2026-08-09 15:43:07.502] probe_lib                  detect  (ok, output present)
[2026-08-09 15:43:07.502] probe_lib                  check_post  (pass)
[2026-08-09 15:43:07.502] probe_lib                  done
[2026-08-09 15:43:07.504] *                          graph_end  (13/13 completed)
[2026-08-09 15:43:07.504] *                          diagram  (_out/canary/projects/tiny1/api_repack/-run/diagrams/all.mmd)
[2026-08-09 15:43:07.504] *                          diagram  (_out/canary/projects/tiny1/api_repack/-run/diagrams/full.mmd)
[2026-08-09 15:43:07.504] *                          view  (lib (2 steps))
[2026-08-09 15:43:07.505] *                          view  (probes (5 steps))
[2026-08-09 15:43:07.505] *                          view  (binding_ocaml (4 steps))
[2026-08-09 15:43:07.505] *                          view  (binding_python (4 steps))
[2026-08-09 15:43:07.506] *                          html  (_out/canary/projects/tiny1/api_repack/-run/result.html)
[2026-08-09 15:43:07.507] *                          index  (_out/canary/projects/index.html)
[2026-08-09 15:43:07.507] *                          invariant  (full.mmd: OK (13 nodes, 13 IDs))
[2026-08-09 15:43:07.507] !                          invariant  (binding_ocaml.mmd: missing [2])
[2026-08-09 15:43:07.507] !                          invariant  (SOME FAILED)
