[2026-08-09 15:13:58.088] *                          variant_start  (app-vendored-stable_lib-vendored-stable_ocaml_binding-vendored-stable_python_binding-vendored-stable_source-vendored-stable)
[2026-08-09 15:13:58.088] *                          graph_start  (13 steps)
[2026-08-09 15:13:58.088] configure                  check_pre  (pass)
[2026-08-09 15:13:58.092] configure                  cmd  (test -d canary/examples/tiny/scenarios/_cache/app_over_helper_ocaml/workspace/c/build || { echo 'lib_dir missing: canary/examples/tiny/scenarios/_cache/app_over_helper_ocaml/workspace/c/build'; exit 1; } && echo 'ok' > /home/red/code/research/tola/_out/canary/projects/tiny1/app_over_helper_ocaml/configure/conf_app-vendored-stable_lib-vendored-stable_ocaml_binding-vendored-stable_python_binding-vendored-stable_source-vendored-stable.ok)
[2026-08-09 15:13:58.093] configure                  detect  (ok, output present)
[2026-08-09 15:13:58.093] configure                  check_post  (pass)
[2026-08-09 15:13:58.093] configure                  done
[2026-08-09 15:13:58.095] scan_sources               check_pre  (pass)
[2026-08-09 15:13:58.098] scan_sources               cmd  (python3 canary/scripts/inspect_tiny_typed.py --layer header --path canary/examples/tiny/scenarios/_cache/app_over_helper_ocaml/workspace/c/include/tiny.h > /home/red/code/research/tola/_out/canary/projects/tiny1/app_over_helper_ocaml/scan_sources/inspect_typed_header_app-vendored-stable_lib-vendored-stable_ocaml_binding-vendored-stable_python_binding-vendored-stable_source-vendored-stable.json && python3 canary/scripts/inspect_tiny_typed.py --layer stub_ocaml --path canary/examples/tiny/scenarios/_cache/app_over_helper_ocaml/workspace/ocaml/tiny_raw.mli > /home/red/code/research/tola/_out/canary/projects/tiny1/app_over_helper_ocaml/scan_sources/inspect_typed_binding_stub_ocaml_app-vendored-stable_lib-vendored-stable_ocaml_binding-vendored-stable_python_binding-vendored-stable_source-vendored-stable.json && python3 canary/scripts/inspect_tiny_typed.py --layer user_ocaml --path canary/examples/tiny/scenarios/_cache/app_over_helper_ocaml/workspace/ocaml/tiny.mli > /home/red/code/research/tola/_out/canary/projects/tiny1/app_over_helper_ocaml/scan_sources/inspect_typed_binding_user_ocaml_app-vendored-stable_lib-vendored-stable_ocaml_binding-vendored-stable_python_binding-vendored-stable_source-vendored-stable.json && python3 canary/scripts/inspect_tiny_typed.py --layer stub_python --path canary/examples/tiny/scenarios/_cache/app_over_helper_ocaml/workspace/python_cext/tiny_cext/_native.c > /home/red/code/research/tola/_out/canary/projects/tiny1/app_over_helper_ocaml/scan_sources/inspect_typed_binding_stub_python_app-vendored-stable_lib-vendored-stable_ocaml_binding-vendored-stable_python_binding-vendored-stable_source-vendored-stable.json && python3 canary/scripts/inspect_tiny_typed.py --layer user_python --path canary/examples/tiny/scenarios/_cache/app_over_helper_ocaml/workspace/python_cext/tiny_cext/__init__.py > /home/red/code/research/tola/_out/canary/projects/tiny1/app_over_helper_ocaml/scan_sources/inspect_typed_binding_user_python_app-vendored-stable_lib-vendored-stable_ocaml_binding-vendored-stable_python_binding-vendored-stable_source-vendored-stable.json && echo 'ok' > /home/red/code/research/tola/_out/canary/projects/tiny1/app_over_helper_ocaml/scan_sources/scan_app-vendored-stable_lib-vendored-stable_ocaml_binding-vendored-stable_python_binding-vendored-stable_source-vendored-stable.ok)
[2026-08-09 15:13:58.307] scan_sources               detect  (ok, output present)
[2026-08-09 15:13:58.307] scan_sources               check_post  (pass)
[2026-08-09 15:13:58.307] scan_sources               done
[2026-08-09 15:13:58.310] build_lib                  check_pre  (pass)
[2026-08-09 15:13:58.312] build_lib                  cmd  (test -f canary/examples/tiny/scenarios/_cache/app_over_helper_ocaml/workspace/c/build/libtiny.so.1 || { mkdir -p canary/examples/tiny/scenarios/_cache/app_over_helper_ocaml/workspace/c/build && gcc -c -fPIC -Icanary/examples/tiny/scenarios/_cache/app_over_helper_ocaml/workspace/c/include canary/examples/tiny/scenarios/_cache/app_over_helper_ocaml/workspace/c/src/tiny.c -o canary/examples/tiny/scenarios/_cache/app_over_helper_ocaml/workspace/c/build/tiny.o && gcc -shared -fPIC -Wl,-soname,libtiny.so.1 -Wl,--version-script=canary/examples/tiny/scenarios/_cache/app_over_helper_ocaml/workspace/c/tiny.map canary/examples/tiny/scenarios/_cache/app_over_helper_ocaml/workspace/c/build/tiny.o -o canary/examples/tiny/scenarios/_cache/app_over_helper_ocaml/workspace/c/build/libtiny.so.1.0 && ln -sf libtiny.so.1.0 canary/examples/tiny/scenarios/_cache/app_over_helper_ocaml/workspace/c/build/libtiny.so.1 && ln -sf libtiny.so.1 canary/examples/tiny/scenarios/_cache/app_over_helper_ocaml/workspace/c/build/libtiny.so ; } && echo 'ok' > /home/red/code/research/tola/_out/canary/projects/tiny1/app_over_helper_ocaml/build_lib/build_app-vendored-stable_lib-vendored-stable_ocaml_binding-vendored-stable_python_binding-vendored-stable_source-vendored-stable.ok)
[2026-08-09 15:13:58.313] build_lib                  detect  (ok, output present)
[2026-08-09 15:13:58.313] build_lib                  check_post  (pass)
[2026-08-09 15:13:58.313] build_lib                  done
[2026-08-09 15:13:58.315] build_lib_inspect          check_pre  (pass)
[2026-08-09 15:13:58.317] build_lib_inspect          cmd  (nm -D "canary/examples/tiny/scenarios/_cache/app_over_helper_ocaml/workspace/c/build/libtiny.so.1" 2>/dev/null \
  | python3 canary/scripts/inspect_native.py --emit-symbols --elf --path "canary/examples/tiny/scenarios/_cache/app_over_helper_ocaml/workspace/c/build/libtiny.so.1" --prefixes 'tiny_' --watchlist 'tiny_sum,tiny_diff,tiny_offset' \
  > /home/red/code/research/tola/_out/canary/projects/tiny1/app_over_helper_ocaml/build_lib/inspect_app-vendored-stable_lib-vendored-stable_ocaml_binding-vendored-stable_python_binding-vendored-stable_source-vendored-stable.json)
[2026-08-09 15:13:58.377] build_lib_inspect          detect  (ok, output present)
[2026-08-09 15:13:58.377] build_lib_inspect          check_post  (pass)
[2026-08-09 15:13:58.377] build_lib_inspect          done
[2026-08-09 15:13:58.379] build_binding_ocaml        check_pre  (pass)
[2026-08-09 15:13:58.382] build_binding_ocaml        cmd  ((LIBRARY_PATH=$PWD/canary/examples/tiny/scenarios/_cache/app_over_helper_ocaml/workspace/c/build LD_RUN_PATH=$PWD/canary/examples/tiny/scenarios/_cache/app_over_helper_ocaml/workspace/c/build dune build --root canary/examples/tiny/scenarios/_cache/app_over_helper_ocaml/workspace ocaml/tiny.cmxa ocaml/libtiny_stubs.a) > /home/red/code/research/tola/_out/canary/projects/tiny1/app_over_helper_ocaml/build_binding/ocaml/build_app-vendored-stable_lib-vendored-stable_ocaml_binding-vendored-stable_python_binding-vendored-stable_source-vendored-stable.log 2>&1 && echo 'ok' > /home/red/code/research/tola/_out/canary/projects/tiny1/app_over_helper_ocaml/build_binding/ocaml/build_app-vendored-stable_lib-vendored-stable_ocaml_binding-vendored-stable_python_binding-vendored-stable_source-vendored-stable.ok)
[2026-08-09 15:13:58.414] build_binding_ocaml        detect  (ok, output present)
[2026-08-09 15:13:58.414] build_binding_ocaml        compat_predicted  (no contract fired)
[2026-08-09 15:13:58.414] build_binding_ocaml        contract_skipped  (c3 cmp_behavior: disabled in registry (blocked))
[2026-08-09 15:13:58.414] build_binding_ocaml        contract_skipped  (c7 api_sound_repack: disabled in registry (stubbed))
[2026-08-09 15:13:58.414] build_binding_ocaml        contract_skipped  (c8 cmp_api_faithfulness: disabled in registry (stubbed))
[2026-08-09 15:13:58.414] build_binding_ocaml        done  (no compat failure predicted; success expected)
[2026-08-09 15:13:58.416] build_binding_ocaml_inspect  check_pre  (pass)
[2026-08-09 15:13:58.418] build_binding_ocaml_inspect  cmd  (python3 canary/scripts/inspect_binding.py --kind stub --path canary/examples/tiny/scenarios/_cache/app_over_helper_ocaml/workspace/_build/default/ocaml/libtiny_stubs.a --prefix tiny_ > /home/red/code/research/tola/_out/canary/projects/tiny1/app_over_helper_ocaml/build_binding/ocaml/inspect_app-vendored-stable_lib-vendored-stable_ocaml_binding-vendored-stable_python_binding-vendored-stable_source-vendored-stable.json && python3 canary/scripts/inspect_binding.py --kind mli --module-prefix Tiny --path canary/examples/tiny/scenarios/_cache/app_over_helper_ocaml/workspace/ocaml/tiny.mli --watchlist 'Tiny,Tiny.sum,Tiny.diff,Tiny.offset' > /home/red/code/research/tola/_out/canary/projects/tiny1/app_over_helper_ocaml/build_binding/ocaml/inspect_mli_app-vendored-stable_lib-vendored-stable_ocaml_binding-vendored-stable_python_binding-vendored-stable_source-vendored-stable.json)
[2026-08-09 15:13:58.553] build_binding_ocaml_inspect  detect  (ok, output present)
[2026-08-09 15:13:58.553] build_binding_ocaml_inspect  check_post  (pass)
[2026-08-09 15:13:58.553] build_binding_ocaml_inspect  done
[2026-08-09 15:13:58.555] probe_binding_ocaml        check_pre  (pass)
[2026-08-09 15:13:58.559] probe_binding_ocaml        cmd  ((LIBRARY_PATH=$PWD/canary/examples/tiny/scenarios/_cache/app_over_helper_ocaml/workspace/c/build LD_RUN_PATH=$PWD/canary/examples/tiny/scenarios/_cache/app_over_helper_ocaml/workspace/c/build dune build --root canary/examples/tiny/scenarios/_cache/app_over_helper_ocaml/workspace ocaml/examples/probe_baseline.exe && LD_LIBRARY_PATH=$PWD/canary/examples/tiny/scenarios/_cache/app_over_helper_ocaml/workspace/c/build canary/examples/tiny/scenarios/_cache/app_over_helper_ocaml/workspace/_build/default/ocaml/examples/probe_baseline.exe) > /home/red/code/research/tola/_out/canary/projects/tiny1/app_over_helper_ocaml/probe_binding/ocaml/probe_app-vendored-stable_lib-vendored-stable_ocaml_binding-vendored-stable_python_binding-vendored-stable_source-vendored-stable.log 2>&1)
[2026-08-09 15:13:58.602] probe_binding_ocaml        detect  (ok, output present)
[2026-08-09 15:13:58.602] probe_binding_ocaml        compat_predicted  (no contract fired)
[2026-08-09 15:13:58.602] probe_binding_ocaml        contract_skipped  (c3 cmp_behavior: disabled in registry (blocked))
[2026-08-09 15:13:58.602] probe_binding_ocaml        contract_skipped  (c7 api_sound_repack: disabled in registry (stubbed))
[2026-08-09 15:13:58.602] probe_binding_ocaml        contract_skipped  (c8 cmp_api_faithfulness: disabled in registry (stubbed))
[2026-08-09 15:13:58.602] probe_binding_ocaml        done  (no compat failure predicted; success expected)
[2026-08-09 15:13:58.604] probe_binding_ocaml_inspect  check_pre  (pass)
[2026-08-09 15:13:58.607] probe_binding_ocaml_inspect  cmd  (python3 canary/scripts/inspect_binding.py --kind mli --module-prefix Tiny --path canary/examples/tiny/scenarios/_cache/app_over_helper_ocaml/workspace/ocaml/tiny.mli --watchlist 'Tiny,Tiny.sum,Tiny.diff,Tiny.offset' > /home/red/code/research/tola/_out/canary/projects/tiny1/app_over_helper_ocaml/probe_binding/ocaml/inspect_app-vendored-stable_lib-vendored-stable_ocaml_binding-vendored-stable_python_binding-vendored-stable_source-vendored-stable.json)
[2026-08-09 15:13:58.654] probe_binding_ocaml_inspect  detect  (ok, output present)
[2026-08-09 15:13:58.654] probe_binding_ocaml_inspect  check_post  (pass)
[2026-08-09 15:13:58.654] probe_binding_ocaml_inspect  done
[2026-08-09 15:13:58.657] build_binding_python       check_pre  (pass)
[2026-08-09 15:13:58.660] build_binding_python       cmd  (ls canary/examples/tiny/scenarios/_cache/app_over_helper_ocaml/workspace/python_cext/tiny_cext/_native.cpython-*.so > /dev/null && echo 'ok' > /home/red/code/research/tola/_out/canary/projects/tiny1/app_over_helper_ocaml/build_binding/python/build_app-vendored-stable_lib-vendored-stable_ocaml_binding-vendored-stable_python_binding-vendored-stable_source-vendored-stable.ok)
[2026-08-09 15:13:58.662] build_binding_python       detect  (ok, output present)
[2026-08-09 15:13:58.662] build_binding_python       check_post  (pass)
[2026-08-09 15:13:58.662] build_binding_python       done
[2026-08-09 15:13:58.664] build_binding_python_inspect  check_pre  (pass)
[2026-08-09 15:13:58.667] build_binding_python_inspect  cmd  (python3 canary/scripts/inspect_binding.py --kind stub --path canary/examples/tiny/scenarios/_cache/app_over_helper_ocaml/workspace/python_cext/tiny_cext/_native.cpython-*.so --prefix tiny_ > /home/red/code/research/tola/_out/canary/projects/tiny1/app_over_helper_ocaml/build_binding/python/inspect_app-vendored-stable_lib-vendored-stable_ocaml_binding-vendored-stable_python_binding-vendored-stable_source-vendored-stable.json && LD_LIBRARY_PATH=$PWD/canary/examples/tiny/scenarios/_cache/app_over_helper_ocaml/workspace/c/build PYTHONPATH=canary/examples/tiny/scenarios/_cache/app_over_helper_ocaml/workspace/python_cext python3 canary/scripts/inspect_python.py --pkg tiny_cext --watchlist 'sum,diff,offset' > /home/red/code/research/tola/_out/canary/projects/tiny1/app_over_helper_ocaml/build_binding/python/inspect_attrs_app-vendored-stable_lib-vendored-stable_ocaml_binding-vendored-stable_python_binding-vendored-stable_source-vendored-stable.json)
[2026-08-09 15:13:58.792] build_binding_python_inspect  detect  (ok, output present)
[2026-08-09 15:13:58.792] build_binding_python_inspect  check_post  (pass)
[2026-08-09 15:13:58.792] build_binding_python_inspect  done
[2026-08-09 15:13:58.794] probe_binding_python       check_pre  (pass)
[2026-08-09 15:13:58.797] probe_binding_python       cmd  (LD_LIBRARY_PATH=$PWD/canary/examples/tiny/scenarios/_cache/app_over_helper_ocaml/workspace/c/build PYTHONPATH=canary/examples/tiny/scenarios/_cache/app_over_helper_ocaml/workspace/python_cext python3 canary/examples/tiny/scenarios/_cache/app_over_helper_ocaml/workspace/python_cext/examples/probe_baseline.py > /home/red/code/research/tola/_out/canary/projects/tiny1/app_over_helper_ocaml/probe_binding/python/probe_app-vendored-stable_lib-vendored-stable_ocaml_binding-vendored-stable_python_binding-vendored-stable_source-vendored-stable.log 2>&1)
[2026-08-09 15:13:58.809] probe_binding_python       detect  (ok, output present)
[2026-08-09 15:13:58.809] probe_binding_python       compat_predicted  (no contract fired)
[2026-08-09 15:13:58.809] probe_binding_python       contract_skipped  (c3 cmp_behavior: disabled in registry (blocked))
[2026-08-09 15:13:58.809] probe_binding_python       contract_skipped  (c7 api_sound_repack: disabled in registry (stubbed))
[2026-08-09 15:13:58.809] probe_binding_python       contract_skipped  (c8 cmp_api_faithfulness: disabled in registry (stubbed))
[2026-08-09 15:13:58.809] probe_binding_python       done  (no compat failure predicted; success expected)
[2026-08-09 15:13:58.811] probe_binding_python_inspect  check_pre  (pass)
[2026-08-09 15:13:58.813] probe_binding_python_inspect  cmd  (LD_LIBRARY_PATH=$PWD/canary/examples/tiny/scenarios/_cache/app_over_helper_ocaml/workspace/c/build PYTHONPATH=canary/examples/tiny/scenarios/_cache/app_over_helper_ocaml/workspace/python_cext python3 canary/scripts/inspect_python.py --pkg tiny_cext --watchlist 'sum,diff,offset' > /home/red/code/research/tola/_out/canary/projects/tiny1/app_over_helper_ocaml/probe_binding/python/inspect_app-vendored-stable_lib-vendored-stable_ocaml_binding-vendored-stable_python_binding-vendored-stable_source-vendored-stable.json)
[2026-08-09 15:13:58.849] probe_binding_python_inspect  detect  (ok, output present)
[2026-08-09 15:13:58.849] probe_binding_python_inspect  check_post  (pass)
[2026-08-09 15:13:58.849] probe_binding_python_inspect  done
[2026-08-09 15:13:58.851] probe_lib                  check_pre  (pass)
[2026-08-09 15:13:58.854] probe_lib                  cmd  (nm -D canary/examples/tiny/scenarios/_cache/app_over_helper_ocaml/workspace/c/build/libtiny.so.1 | grep -E '^[0-9a-f]+ T tiny_' > /home/red/code/research/tola/_out/canary/projects/tiny1/app_over_helper_ocaml/probe_lib/probe_app-vendored-stable_lib-vendored-stable_ocaml_binding-vendored-stable_python_binding-vendored-stable_source-vendored-stable.log 2>&1)
[2026-08-09 15:13:58.896] probe_lib                  detect  (ok, output present)
[2026-08-09 15:13:58.896] probe_lib                  check_post  (pass)
[2026-08-09 15:13:58.896] probe_lib                  done
[2026-08-09 15:13:58.898] *                          graph_end  (13/13 completed)
[2026-08-09 15:13:58.898] *                          diagram  (_out/canary/projects/tiny1/app_over_helper_ocaml/-run/diagrams/all.mmd)
[2026-08-09 15:13:58.898] *                          diagram  (_out/canary/projects/tiny1/app_over_helper_ocaml/-run/diagrams/full.mmd)
[2026-08-09 15:13:58.899] *                          view  (lib (2 steps))
[2026-08-09 15:13:58.899] *                          view  (probes (5 steps))
[2026-08-09 15:13:58.899] *                          view  (binding_ocaml (4 steps))
[2026-08-09 15:13:58.899] *                          view  (binding_python (4 steps))
[2026-08-09 15:13:58.901] *                          html  (_out/canary/projects/tiny1/app_over_helper_ocaml/-run/result.html)
[2026-08-09 15:13:58.901] *                          index  (_out/canary/projects/index.html)
[2026-08-09 15:13:58.902] *                          invariant  (full.mmd: OK (13 nodes, 13 IDs))
[2026-08-09 15:13:58.902] !                          invariant  (binding_ocaml.mmd: missing [2])
[2026-08-09 15:13:58.902] !                          invariant  (SOME FAILED)
[2026-08-09 15:18:37.703] *                          variant_start  (app-vendored-stable_lib-vendored-stable_ocaml_binding-vendored-stable_python_binding-vendored-stable_source-vendored-stable)
[2026-08-09 15:18:37.703] *                          graph_start  (13 steps)
[2026-08-09 15:18:37.703] configure                  skip  (verdict marker (prior success))
[2026-08-09 15:18:37.703] scan_sources               skip  (verdict marker (prior success))
[2026-08-09 15:18:37.703] build_lib                  skip  (verdict marker (prior success))
[2026-08-09 15:18:37.703] build_lib_inspect          skip  (verdict marker (prior success))
[2026-08-09 15:18:37.703] build_binding_ocaml        skip  (verdict marker (prior success))
[2026-08-09 15:18:37.703] build_binding_ocaml_inspect  skip  (verdict marker (prior success))
[2026-08-09 15:18:37.703] probe_binding_ocaml        skip  (verdict marker (prior success))
[2026-08-09 15:18:37.703] probe_binding_ocaml_inspect  skip  (verdict marker (prior success))
[2026-08-09 15:18:37.703] build_binding_python       skip  (verdict marker (prior success))
[2026-08-09 15:18:37.703] build_binding_python_inspect  skip  (verdict marker (prior success))
[2026-08-09 15:18:37.703] probe_binding_python       skip  (verdict marker (prior success))
[2026-08-09 15:18:37.703] probe_binding_python_inspect  skip  (verdict marker (prior success))
[2026-08-09 15:18:37.703] probe_lib                  skip  (verdict marker (prior success))
[2026-08-09 15:18:37.703] *                          graph_end  (13/13 completed)
[2026-08-09 15:18:37.703] *                          diagram  (_out/canary/projects/tiny1/app_over_helper_ocaml/-run/diagrams/all.mmd)
[2026-08-09 15:18:37.704] *                          diagram  (_out/canary/projects/tiny1/app_over_helper_ocaml/-run/diagrams/full.mmd)
[2026-08-09 15:18:37.704] *                          view  (lib (2 steps))
[2026-08-09 15:18:37.704] *                          view  (probes (5 steps))
[2026-08-09 15:18:37.704] *                          view  (binding_ocaml (4 steps))
[2026-08-09 15:18:37.706] *                          view  (binding_python (4 steps))
[2026-08-09 15:18:37.707] *                          html  (_out/canary/projects/tiny1/app_over_helper_ocaml/-run/result.html)
[2026-08-09 15:18:37.707] *                          index  (_out/canary/projects/index.html)
[2026-08-09 15:18:37.707] *                          invariant  (full.mmd: OK (13 nodes, 13 IDs))
[2026-08-09 15:18:37.707] !                          invariant  (binding_ocaml.mmd: missing [2])
[2026-08-09 15:18:37.707] !                          invariant  (SOME FAILED)
