[2026-08-09 15:14:13.278] *                          variant_start  (app-vendored-stable_lib-vendored-stable_ocaml_binding-vendored-stable_python_binding-vendored-stable_source-vendored-stable)
[2026-08-09 15:14:13.278] *                          graph_start  (13 steps)
[2026-08-09 15:14:13.278] configure                  check_pre  (pass)
[2026-08-09 15:14:13.280] configure                  cmd  (test -d canary/examples/tiny/scenarios/_cache/symbol_version_floor/workspace/c/build || { echo 'lib_dir missing: canary/examples/tiny/scenarios/_cache/symbol_version_floor/workspace/c/build'; exit 1; } && echo 'ok' > /home/red/code/research/tola/_out/canary/projects/tiny1/symbol_version_floor/configure/conf_app-vendored-stable_lib-vendored-stable_ocaml_binding-vendored-stable_python_binding-vendored-stable_source-vendored-stable.ok)
[2026-08-09 15:14:13.281] configure                  detect  (ok, output present)
[2026-08-09 15:14:13.281] configure                  check_post  (pass)
[2026-08-09 15:14:13.281] configure                  done
[2026-08-09 15:14:13.283] scan_sources               check_pre  (pass)
[2026-08-09 15:14:13.285] scan_sources               cmd  (python3 canary/scripts/inspect_tiny_typed.py --layer header --path canary/examples/tiny/scenarios/_cache/symbol_version_floor/workspace/c/include/tiny.h > /home/red/code/research/tola/_out/canary/projects/tiny1/symbol_version_floor/scan_sources/inspect_typed_header_app-vendored-stable_lib-vendored-stable_ocaml_binding-vendored-stable_python_binding-vendored-stable_source-vendored-stable.json && python3 canary/scripts/inspect_tiny_typed.py --layer stub_ocaml --path canary/examples/tiny/scenarios/_cache/symbol_version_floor/workspace/ocaml/tiny_raw.mli > /home/red/code/research/tola/_out/canary/projects/tiny1/symbol_version_floor/scan_sources/inspect_typed_binding_stub_ocaml_app-vendored-stable_lib-vendored-stable_ocaml_binding-vendored-stable_python_binding-vendored-stable_source-vendored-stable.json && python3 canary/scripts/inspect_tiny_typed.py --layer user_ocaml --path canary/examples/tiny/scenarios/_cache/symbol_version_floor/workspace/ocaml/tiny.mli > /home/red/code/research/tola/_out/canary/projects/tiny1/symbol_version_floor/scan_sources/inspect_typed_binding_user_ocaml_app-vendored-stable_lib-vendored-stable_ocaml_binding-vendored-stable_python_binding-vendored-stable_source-vendored-stable.json && python3 canary/scripts/inspect_tiny_typed.py --layer stub_python --path canary/examples/tiny/scenarios/_cache/symbol_version_floor/workspace/python_cext/tiny_cext/_native.c > /home/red/code/research/tola/_out/canary/projects/tiny1/symbol_version_floor/scan_sources/inspect_typed_binding_stub_python_app-vendored-stable_lib-vendored-stable_ocaml_binding-vendored-stable_python_binding-vendored-stable_source-vendored-stable.json && python3 canary/scripts/inspect_tiny_typed.py --layer user_python --path canary/examples/tiny/scenarios/_cache/symbol_version_floor/workspace/python_cext/tiny_cext/__init__.py > /home/red/code/research/tola/_out/canary/projects/tiny1/symbol_version_floor/scan_sources/inspect_typed_binding_user_python_app-vendored-stable_lib-vendored-stable_ocaml_binding-vendored-stable_python_binding-vendored-stable_source-vendored-stable.json && echo 'ok' > /home/red/code/research/tola/_out/canary/projects/tiny1/symbol_version_floor/scan_sources/scan_app-vendored-stable_lib-vendored-stable_ocaml_binding-vendored-stable_python_binding-vendored-stable_source-vendored-stable.ok)
[2026-08-09 15:14:13.453] scan_sources               detect  (ok, output present)
[2026-08-09 15:14:13.453] scan_sources               check_post  (pass)
[2026-08-09 15:14:13.453] scan_sources               done
[2026-08-09 15:14:13.456] build_lib                  check_pre  (pass)
[2026-08-09 15:14:13.458] build_lib                  cmd  (test -f canary/examples/tiny/scenarios/_cache/symbol_version_floor/workspace/c/build/libtiny.so.1 || { mkdir -p canary/examples/tiny/scenarios/_cache/symbol_version_floor/workspace/c/build && gcc -c -fPIC -Icanary/examples/tiny/scenarios/_cache/symbol_version_floor/workspace/c/include canary/examples/tiny/scenarios/_cache/symbol_version_floor/workspace/c/src/tiny.c -o canary/examples/tiny/scenarios/_cache/symbol_version_floor/workspace/c/build/tiny.o && gcc -shared -fPIC -Wl,-soname,libtiny.so.1 -Wl,--version-script=canary/examples/tiny/scenarios/_cache/symbol_version_floor/workspace/c/tiny.map canary/examples/tiny/scenarios/_cache/symbol_version_floor/workspace/c/build/tiny.o -o canary/examples/tiny/scenarios/_cache/symbol_version_floor/workspace/c/build/libtiny.so.1.0 && ln -sf libtiny.so.1.0 canary/examples/tiny/scenarios/_cache/symbol_version_floor/workspace/c/build/libtiny.so.1 && ln -sf libtiny.so.1 canary/examples/tiny/scenarios/_cache/symbol_version_floor/workspace/c/build/libtiny.so ; } && echo 'ok' > /home/red/code/research/tola/_out/canary/projects/tiny1/symbol_version_floor/build_lib/build_app-vendored-stable_lib-vendored-stable_ocaml_binding-vendored-stable_python_binding-vendored-stable_source-vendored-stable.ok)
[2026-08-09 15:14:13.459] build_lib                  detect  (ok, output present)
[2026-08-09 15:14:13.459] build_lib                  check_post  (pass)
[2026-08-09 15:14:13.459] build_lib                  done
[2026-08-09 15:14:13.461] build_lib_inspect          check_pre  (pass)
[2026-08-09 15:14:13.462] build_lib_inspect          cmd  (nm -D "canary/examples/tiny/scenarios/_cache/symbol_version_floor/workspace/c/build/libtiny.so.1" 2>/dev/null \
  | python3 canary/scripts/inspect_native.py --emit-symbols --elf --path "canary/examples/tiny/scenarios/_cache/symbol_version_floor/workspace/c/build/libtiny.so.1" --prefixes 'tiny_' --watchlist 'tiny_sum,tiny_diff,tiny_offset' \
  > /home/red/code/research/tola/_out/canary/projects/tiny1/symbol_version_floor/build_lib/inspect_app-vendored-stable_lib-vendored-stable_ocaml_binding-vendored-stable_python_binding-vendored-stable_source-vendored-stable.json)
[2026-08-09 15:14:13.512] build_lib_inspect          detect  (ok, output present)
[2026-08-09 15:14:13.512] build_lib_inspect          check_post  (pass)
[2026-08-09 15:14:13.512] build_lib_inspect          done
[2026-08-09 15:14:13.514] build_binding_ocaml        check_pre  (pass)
[2026-08-09 15:14:13.517] build_binding_ocaml        cmd  ((LIBRARY_PATH=$PWD/canary/examples/tiny/scenarios/_cache/symbol_version_floor/workspace/c/build LD_RUN_PATH=$PWD/canary/examples/tiny/scenarios/_cache/symbol_version_floor/workspace/c/build dune build --root canary/examples/tiny/scenarios/_cache/symbol_version_floor/workspace ocaml/tiny.cmxa ocaml/libtiny_stubs.a) > /home/red/code/research/tola/_out/canary/projects/tiny1/symbol_version_floor/build_binding/ocaml/build_app-vendored-stable_lib-vendored-stable_ocaml_binding-vendored-stable_python_binding-vendored-stable_source-vendored-stable.log 2>&1 && echo 'ok' > /home/red/code/research/tola/_out/canary/projects/tiny1/symbol_version_floor/build_binding/ocaml/build_app-vendored-stable_lib-vendored-stable_ocaml_binding-vendored-stable_python_binding-vendored-stable_source-vendored-stable.ok)
[2026-08-09 15:14:13.549] build_binding_ocaml        detect  (ok, output present)
[2026-08-09 15:14:13.549] build_binding_ocaml        compat_predicted  (no contract fired)
[2026-08-09 15:14:13.549] build_binding_ocaml        contract_skipped  (c3 cmp_behavior: disabled in registry (blocked))
[2026-08-09 15:14:13.549] build_binding_ocaml        contract_skipped  (c7 api_sound_repack: disabled in registry (stubbed))
[2026-08-09 15:14:13.549] build_binding_ocaml        contract_skipped  (c8 cmp_api_faithfulness: disabled in registry (stubbed))
[2026-08-09 15:14:13.549] build_binding_ocaml        done  (no compat failure predicted; success expected)
[2026-08-09 15:14:13.551] build_binding_ocaml_inspect  check_pre  (pass)
[2026-08-09 15:14:13.553] build_binding_ocaml_inspect  cmd  (python3 canary/scripts/inspect_binding.py --kind stub --path canary/examples/tiny/scenarios/_cache/symbol_version_floor/workspace/_build/default/ocaml/libtiny_stubs.a --prefix tiny_ > /home/red/code/research/tola/_out/canary/projects/tiny1/symbol_version_floor/build_binding/ocaml/inspect_app-vendored-stable_lib-vendored-stable_ocaml_binding-vendored-stable_python_binding-vendored-stable_source-vendored-stable.json && python3 canary/scripts/inspect_binding.py --kind mli --module-prefix Tiny --path canary/examples/tiny/scenarios/_cache/symbol_version_floor/workspace/ocaml/tiny.mli --watchlist 'Tiny,Tiny.sum,Tiny.diff,Tiny.offset' > /home/red/code/research/tola/_out/canary/projects/tiny1/symbol_version_floor/build_binding/ocaml/inspect_mli_app-vendored-stable_lib-vendored-stable_ocaml_binding-vendored-stable_python_binding-vendored-stable_source-vendored-stable.json)
[2026-08-09 15:14:13.674] build_binding_ocaml_inspect  detect  (ok, output present)
[2026-08-09 15:14:13.674] build_binding_ocaml_inspect  check_post  (pass)
[2026-08-09 15:14:13.674] build_binding_ocaml_inspect  done
[2026-08-09 15:14:13.676] probe_binding_ocaml        check_pre  (pass)
[2026-08-09 15:14:13.679] probe_binding_ocaml        cmd  ((LIBRARY_PATH=$PWD/canary/examples/tiny/scenarios/_cache/symbol_version_floor/workspace/c/build LD_RUN_PATH=$PWD/canary/examples/tiny/scenarios/_cache/symbol_version_floor/workspace/c/build dune build --root canary/examples/tiny/scenarios/_cache/symbol_version_floor/workspace ocaml/examples/probe_baseline.exe && LD_LIBRARY_PATH=$PWD/canary/examples/tiny/scenarios/_cache/symbol_version_floor/workspace/c/build canary/examples/tiny/scenarios/_cache/symbol_version_floor/workspace/_build/default/ocaml/examples/probe_baseline.exe) > /home/red/code/research/tola/_out/canary/projects/tiny1/symbol_version_floor/probe_binding/ocaml/probe_app-vendored-stable_lib-vendored-stable_ocaml_binding-vendored-stable_python_binding-vendored-stable_source-vendored-stable.log 2>&1)
[2026-08-09 15:14:13.718] probe_binding_ocaml        detect  (ok, output present)
[2026-08-09 15:14:13.718] probe_binding_ocaml        compat_predicted  (no contract fired)
[2026-08-09 15:14:13.718] probe_binding_ocaml        contract_skipped  (c3 cmp_behavior: disabled in registry (blocked))
[2026-08-09 15:14:13.718] probe_binding_ocaml        contract_skipped  (c7 api_sound_repack: disabled in registry (stubbed))
[2026-08-09 15:14:13.718] probe_binding_ocaml        contract_skipped  (c8 cmp_api_faithfulness: disabled in registry (stubbed))
[2026-08-09 15:14:13.718] probe_binding_ocaml        done  (no compat failure predicted; success expected)
[2026-08-09 15:14:13.720] probe_binding_ocaml_inspect  check_pre  (pass)
[2026-08-09 15:14:13.722] probe_binding_ocaml_inspect  cmd  (python3 canary/scripts/inspect_binding.py --kind mli --module-prefix Tiny --path canary/examples/tiny/scenarios/_cache/symbol_version_floor/workspace/ocaml/tiny.mli --watchlist 'Tiny,Tiny.sum,Tiny.diff,Tiny.offset' > /home/red/code/research/tola/_out/canary/projects/tiny1/symbol_version_floor/probe_binding/ocaml/inspect_app-vendored-stable_lib-vendored-stable_ocaml_binding-vendored-stable_python_binding-vendored-stable_source-vendored-stable.json)
[2026-08-09 15:14:13.763] probe_binding_ocaml_inspect  detect  (ok, output present)
[2026-08-09 15:14:13.763] probe_binding_ocaml_inspect  check_post  (pass)
[2026-08-09 15:14:13.763] probe_binding_ocaml_inspect  done
[2026-08-09 15:14:13.765] build_binding_python       check_pre  (pass)
[2026-08-09 15:14:13.767] build_binding_python       cmd  (ls canary/examples/tiny/scenarios/_cache/symbol_version_floor/workspace/python_cext/tiny_cext/_native.cpython-*.so > /dev/null && echo 'ok' > /home/red/code/research/tola/_out/canary/projects/tiny1/symbol_version_floor/build_binding/python/build_app-vendored-stable_lib-vendored-stable_ocaml_binding-vendored-stable_python_binding-vendored-stable_source-vendored-stable.ok)
[2026-08-09 15:14:13.769] build_binding_python       detect  (ok, output present)
[2026-08-09 15:14:13.769] build_binding_python       check_post  (pass)
[2026-08-09 15:14:13.769] build_binding_python       done
[2026-08-09 15:14:13.771] build_binding_python_inspect  check_pre  (pass)
[2026-08-09 15:14:13.773] build_binding_python_inspect  cmd  (python3 canary/scripts/inspect_binding.py --kind stub --path canary/examples/tiny/scenarios/_cache/symbol_version_floor/workspace/python_cext/tiny_cext/_native.cpython-*.so --prefix tiny_ > /home/red/code/research/tola/_out/canary/projects/tiny1/symbol_version_floor/build_binding/python/inspect_app-vendored-stable_lib-vendored-stable_ocaml_binding-vendored-stable_python_binding-vendored-stable_source-vendored-stable.json && LD_LIBRARY_PATH=$PWD/canary/examples/tiny/scenarios/_cache/symbol_version_floor/workspace/c/build PYTHONPATH=canary/examples/tiny/scenarios/_cache/symbol_version_floor/workspace/python_cext python3 canary/scripts/inspect_python.py --pkg tiny_cext --watchlist 'sum,diff,offset' > /home/red/code/research/tola/_out/canary/projects/tiny1/symbol_version_floor/build_binding/python/inspect_attrs_app-vendored-stable_lib-vendored-stable_ocaml_binding-vendored-stable_python_binding-vendored-stable_source-vendored-stable.json)
[2026-08-09 15:14:13.891] build_binding_python_inspect  detect  (ok, output present)
[2026-08-09 15:14:13.891] build_binding_python_inspect  check_post  (pass)
[2026-08-09 15:14:13.891] build_binding_python_inspect  done
[2026-08-09 15:14:13.893] probe_binding_python       check_pre  (pass)
[2026-08-09 15:14:13.895] probe_binding_python       cmd  (LD_LIBRARY_PATH=$PWD/canary/examples/tiny/scenarios/_cache/symbol_version_floor/workspace/c/build PYTHONPATH=canary/examples/tiny/scenarios/_cache/symbol_version_floor/workspace/python_cext python3 canary/examples/tiny/scenarios/_cache/symbol_version_floor/workspace/python_cext/examples/probe_baseline.py > /home/red/code/research/tola/_out/canary/projects/tiny1/symbol_version_floor/probe_binding/python/probe_app-vendored-stable_lib-vendored-stable_ocaml_binding-vendored-stable_python_binding-vendored-stable_source-vendored-stable.log 2>&1)
[2026-08-09 15:14:13.929] probe_binding_python       cmd_fail  (exit 1)
[2026-08-09 15:14:13.930] probe_binding_python       detect  (error, output present)
[2026-08-09 15:14:13.930] probe_binding_python       compat_predicted  (c5 cmp_sym_version: 1 substring(s))
[2026-08-09 15:14:13.930] probe_binding_python       contract_skipped  (c3 cmp_behavior: disabled in registry (blocked))
[2026-08-09 15:14:13.930] probe_binding_python       contract_skipped  (c7 api_sound_repack: disabled in registry (stubbed))
[2026-08-09 15:14:13.930] probe_binding_python       contract_skipped  (c8 cmp_api_faithfulness: disabled in registry (stubbed))
[2026-08-09 15:14:13.930] probe_binding_python       done  (expected failure confirmed (derived) [c5])
[2026-08-09 15:14:13.932] probe_binding_python_inspect  check_pre  (pass)
[2026-08-09 15:14:13.934] probe_binding_python_inspect  cmd  (LD_LIBRARY_PATH=$PWD/canary/examples/tiny/scenarios/_cache/symbol_version_floor/workspace/c/build PYTHONPATH=canary/examples/tiny/scenarios/_cache/symbol_version_floor/workspace/python_cext python3 canary/scripts/inspect_python.py --pkg tiny_cext --watchlist 'sum,diff,offset' > /home/red/code/research/tola/_out/canary/projects/tiny1/symbol_version_floor/probe_binding/python/inspect_app-vendored-stable_lib-vendored-stable_ocaml_binding-vendored-stable_python_binding-vendored-stable_source-vendored-stable.json)
[2026-08-09 15:14:13.971] probe_binding_python_inspect  detect  (ok, output present)
[2026-08-09 15:14:13.971] probe_binding_python_inspect  check_post  (pass)
[2026-08-09 15:14:13.971] probe_binding_python_inspect  done
[2026-08-09 15:14:13.973] probe_lib                  check_pre  (pass)
[2026-08-09 15:14:13.976] probe_lib                  cmd  (nm -D canary/examples/tiny/scenarios/_cache/symbol_version_floor/workspace/c/build/libtiny.so.1 | grep -E '^[0-9a-f]+ T tiny_' > /home/red/code/research/tola/_out/canary/projects/tiny1/symbol_version_floor/probe_lib/probe_app-vendored-stable_lib-vendored-stable_ocaml_binding-vendored-stable_python_binding-vendored-stable_source-vendored-stable.log 2>&1)
[2026-08-09 15:14:14.019] probe_lib                  detect  (ok, output present)
[2026-08-09 15:14:14.019] probe_lib                  check_post  (pass)
[2026-08-09 15:14:14.019] probe_lib                  done
[2026-08-09 15:14:14.021] *                          graph_end  (13/13 completed)
[2026-08-09 15:14:14.022] *                          diagram  (_out/canary/projects/tiny1/symbol_version_floor/-run/diagrams/all.mmd)
[2026-08-09 15:14:14.022] *                          diagram  (_out/canary/projects/tiny1/symbol_version_floor/-run/diagrams/full.mmd)
[2026-08-09 15:14:14.022] *                          view  (lib (2 steps))
[2026-08-09 15:14:14.022] *                          view  (probes (5 steps))
[2026-08-09 15:14:14.022] *                          view  (binding_ocaml (4 steps))
[2026-08-09 15:14:14.023] *                          view  (binding_python (4 steps))
[2026-08-09 15:14:14.024] *                          html  (_out/canary/projects/tiny1/symbol_version_floor/-run/result.html)
[2026-08-09 15:14:14.025] *                          index  (_out/canary/projects/index.html)
[2026-08-09 15:14:14.025] *                          invariant  (full.mmd: OK (13 nodes, 13 IDs))
[2026-08-09 15:14:14.025] !                          invariant  (binding_ocaml.mmd: missing [2])
[2026-08-09 15:14:14.025] !                          invariant  (SOME FAILED)
[2026-08-09 15:18:30.513] *                          variant_start  (app-vendored-stable_lib-vendored-stable_ocaml_binding-vendored-stable_python_binding-vendored-stable_source-vendored-stable)
[2026-08-09 15:18:30.513] *                          graph_start  (13 steps)
[2026-08-09 15:18:30.513] configure                  skip  (verdict marker (prior success))
[2026-08-09 15:18:30.513] scan_sources               skip  (verdict marker (prior success))
[2026-08-09 15:18:30.513] build_lib                  skip  (verdict marker (prior success))
[2026-08-09 15:18:30.513] build_lib_inspect          skip  (verdict marker (prior success))
[2026-08-09 15:18:30.513] build_binding_ocaml        skip  (verdict marker (prior success))
[2026-08-09 15:18:30.513] build_binding_ocaml_inspect  skip  (verdict marker (prior success))
[2026-08-09 15:18:30.513] probe_binding_ocaml        skip  (verdict marker (prior success))
[2026-08-09 15:18:30.513] probe_binding_ocaml_inspect  skip  (verdict marker (prior success))
[2026-08-09 15:18:30.513] build_binding_python       skip  (verdict marker (prior success))
[2026-08-09 15:18:30.513] build_binding_python_inspect  skip  (verdict marker (prior success))
[2026-08-09 15:18:30.513] probe_binding_python       skip  (verdict marker (prior xfail) [c5])
[2026-08-09 15:18:30.513] probe_binding_python_inspect  skip  (verdict marker (prior success))
[2026-08-09 15:18:30.513] probe_lib                  skip  (verdict marker (prior success))
[2026-08-09 15:18:30.513] *                          graph_end  (13/13 completed)
[2026-08-09 15:18:30.514] *                          diagram  (_out/canary/projects/tiny1/symbol_version_floor/-run/diagrams/all.mmd)
[2026-08-09 15:18:30.514] *                          diagram  (_out/canary/projects/tiny1/symbol_version_floor/-run/diagrams/full.mmd)
[2026-08-09 15:18:30.514] *                          view  (lib (2 steps))
[2026-08-09 15:18:30.514] *                          view  (probes (5 steps))
[2026-08-09 15:18:30.515] *                          view  (binding_ocaml (4 steps))
[2026-08-09 15:18:30.517] *                          view  (binding_python (4 steps))
[2026-08-09 15:18:30.518] *                          html  (_out/canary/projects/tiny1/symbol_version_floor/-run/result.html)
[2026-08-09 15:18:30.519] *                          index  (_out/canary/projects/index.html)
[2026-08-09 15:18:30.519] *                          invariant  (full.mmd: OK (13 nodes, 13 IDs))
[2026-08-09 15:18:30.519] !                          invariant  (binding_ocaml.mmd: missing [2])
[2026-08-09 15:18:30.519] !                          invariant  (SOME FAILED)
