[2026-05-06 19:41:58.081] *                          variant_start  (dev_ab43cb8)
[2026-05-06 19:41:58.081] *                          graph_start  (26 steps)
[2026-05-06 19:41:58.081] fetch_source               check_pre  (pass)
[2026-05-06 19:41:58.083] fetch_source               cmd  (test -d /home/red/code/contrib/llvm-all/llvm-project && echo '/home/red/code/contrib/llvm-all/llvm-project' > /home/red/code/research/tola/_out/canary/projects/llvm/fetch_source/source_dev_ab43cb8.ok)
[2026-05-06 19:41:58.084] fetch_source               check_post  (pass)
[2026-05-06 19:41:58.084] fetch_source               done
[2026-05-06 19:41:58.084] scan_source                check_pre  (pass)
[2026-05-06 19:41:58.086] scan_source                cmd  (test -d /home/red/code/contrib/llvm-all/llvm-project/llvm/include/llvm-c
test -f /home/red/code/contrib/llvm-all/llvm-project/llvm/include/llvm-c/Analysis.h
test -f /home/red/code/contrib/llvm-all/llvm-project/llvm/include/llvm-c/BitReader.h
test -f /home/red/code/contrib/llvm-all/llvm-project/llvm/include/llvm-c/BitWriter.h
test -f /home/red/code/contrib/llvm-all/llvm-project/llvm/include/llvm-c/Comdat.h
test -f /home/red/code/contrib/llvm-all/llvm-project/llvm/include/llvm-c/Core.h
test -f /home/red/code/contrib/llvm-all/llvm-project/llvm/include/llvm-c/DataTypes.h
test -f /home/red/code/contrib/llvm-all/llvm-project/llvm/include/llvm-c/DebugInfo.h
test -f /home/red/code/contrib/llvm-all/llvm-project/llvm/include/llvm-c/Deprecated.h
test -f /home/red/code/contrib/llvm-all/llvm-project/llvm/include/llvm-c/Disassembler.h
test -f /home/red/code/contrib/llvm-all/llvm-project/llvm/include/llvm-c/DisassemblerTypes.h
test -f /home/red/code/contrib/llvm-all/llvm-project/llvm/include/llvm-c/Error.h
test -f /home/red/code/contrib/llvm-all/llvm-project/llvm/include/llvm-c/ErrorHandling.h
test -f /home/red/code/contrib/llvm-all/llvm-project/llvm/include/llvm-c/ExecutionEngine.h
test -f /home/red/code/contrib/llvm-all/llvm-project/llvm/include/llvm-c/ExternC.h
test -f /home/red/code/contrib/llvm-all/llvm-project/llvm/include/llvm-c/IRReader.h
test -f /home/red/code/contrib/llvm-all/llvm-project/llvm/include/llvm-c/LLJIT.h
test -f /home/red/code/contrib/llvm-all/llvm-project/llvm/include/llvm-c/LLJITUtils.h
test -f /home/red/code/contrib/llvm-all/llvm-project/llvm/include/llvm-c/Linker.h
test -f /home/red/code/contrib/llvm-all/llvm-project/llvm/include/llvm-c/Object.h
test -f /home/red/code/contrib/llvm-all/llvm-project/llvm/include/llvm-c/Orc.h
test -f /home/red/code/contrib/llvm-all/llvm-project/llvm/include/llvm-c/OrcEE.h
test -f /home/red/code/contrib/llvm-all/llvm-project/llvm/include/llvm-c/Remarks.h
test -f /home/red/code/contrib/llvm-all/llvm-project/llvm/include/llvm-c/Support.h
test -f /home/red/code/contrib/llvm-all/llvm-project/llvm/include/llvm-c/Target.h
test -f /home/red/code/contrib/llvm-all/llvm-project/llvm/include/llvm-c/TargetMachine.h
test -f /home/red/code/contrib/llvm-all/llvm-project/llvm/include/llvm-c/Types.h
test -f /home/red/code/contrib/llvm-all/llvm-project/llvm/include/llvm-c/Visibility.h
test -f /home/red/code/contrib/llvm-all/llvm-project/llvm/include/llvm-c/blake3.h
test -f /home/red/code/contrib/llvm-all/llvm-project/llvm/include/llvm-c/lto.h
test -f /home/red/code/contrib/llvm-all/llvm-project/llvm/include/llvm-c/Transforms/AggressiveInstCombine.h
test -f /home/red/code/contrib/llvm-all/llvm-project/llvm/include/llvm-c/Transforms/IPO.h
test -f /home/red/code/contrib/llvm-all/llvm-project/llvm/include/llvm-c/Transforms/InstCombine.h
test -f /home/red/code/contrib/llvm-all/llvm-project/llvm/include/llvm-c/Transforms/PassBuilder.h
test -f /home/red/code/contrib/llvm-all/llvm-project/llvm/include/llvm-c/Transforms/Scalar.h
test -f /home/red/code/contrib/llvm-all/llvm-project/llvm/include/llvm-c/Transforms/Utils.h
test -f /home/red/code/contrib/llvm-all/llvm-project/llvm/include/llvm-c/Transforms/Vectorize.h
test -d /home/red/code/contrib/llvm-all/llvm-project/llvm/bindings/ocaml
echo 'scan ok' > /home/red/code/research/tola/_out/canary/projects/llvm/fetch_source/scan_dev_ab43cb8.ok)
[2026-05-06 19:41:58.087] scan_source                check_post  (pass)
[2026-05-06 19:41:58.087] scan_source                done
[2026-05-06 19:41:58.087] configure                  check_pre  (pass)
[2026-05-06 19:41:58.089] configure                  cmd  (eval $(opam env) && cmake \
  -S /home/red/code/contrib/llvm-all/llvm-project/llvm -B /home/red/code/contrib/llvm-all/build -G Ninja \
  -DCMAKE_C_COMPILER=clang-23 \
  -DCMAKE_CXX_COMPILER=clang++-23 \
  -DCMAKE_BUILD_TYPE=Release \
  -DCMAKE_C_COMPILER_LAUNCHER=sccache \
  -DCMAKE_CXX_COMPILER_LAUNCHER=sccache \
  -DLLVM_USE_LINKER=mold \
  -DLLVM_OPTIMIZED_TABLEGEN=ON \
  -DLLVM_PARALLEL_LINK_JOBS=8 \
  -DLLVM_ENABLE_BINDINGS=ON \
  -DLLVM_BUILD_LLVM_DYLIB=ON \
  -DLLVM_LINK_LLVM_DYLIB=ON \
  -DLLVM_TARGETS_TO_BUILD="X86" \
  -DLLVM_ENABLE_PROJECTS="" \
  -DLLVM_ENABLE_RUNTIMES="" \
  -DLLVM_BUILD_TOOLS=OFF \
  -DLLVM_BUILD_EXAMPLES=OFF \
  -DLLVM_INCLUDE_TESTS=OFF \
  -DLLVM_INCLUDE_BENCHMARKS=OFF \
  -DLLVM_INCLUDE_DOCS=OFF \
  -DLLVM_BUILD_RUNTIME=OFF \
  -DLLVM_ENABLE_ASSERTIONS=OFF && echo 'ok' > /home/red/code/research/tola/_out/canary/projects/llvm/configure/conf_dev_ab43cb8.ok)
[2026-05-06 19:42:01.563] configure                  check_post  (pass)
[2026-05-06 19:42:01.563] configure                  done
[2026-05-06 19:42:01.563] build_headers              check_pre  (pass)
[2026-05-06 19:42:01.565] build_headers              cmd  (test -d /home/red/code/contrib/llvm-all/llvm-project/llvm/include/llvm-c && echo 'ok' > /home/red/code/research/tola/_out/canary/projects/llvm/build_headers/headers_dev_ab43cb8.ok)
[2026-05-06 19:42:01.566] build_headers              check_post  (pass)
[2026-05-06 19:42:01.566] build_headers              done
[2026-05-06 19:42:01.566] build_lib                  check_pre  (pass)
[2026-05-06 19:42:01.568] build_lib                  cmd  (ninja -C /home/red/code/contrib/llvm-all/build LLVM && echo 'ok' > /home/red/code/research/tola/_out/canary/projects/llvm/build_lib/build_dev_ab43cb8.ok)
[2026-05-06 19:42:01.673] build_lib                  check_post  (pass)
[2026-05-06 19:42:01.673] build_lib                  done
[2026-05-06 19:42:01.673] install_lib                check_pre  (pass)
[2026-05-06 19:42:01.676] install_lib                cmd  (PREFIX="/home/red/code/contrib/llvm-all/build/../install"
mkdir -p "$PREFIX/lib"
cp /home/red/code/contrib/llvm-all/build/lib/libLLVM*.so "$PREFIX/lib/" 2>/dev/null || true
echo 'ok' > /home/red/code/research/tola/_out/canary/projects/llvm/install_lib/install_dev_ab43cb8.ok)
[2026-05-06 19:42:01.796] install_lib                check_post  (pass)
[2026-05-06 19:42:01.797] install_lib                done
[2026-05-06 19:42:01.797] fetch_lib                  check_pre  (pass)
[2026-05-06 19:42:01.799] fetch_lib                  cmd  (sudo apt-get install -y llvm-19-dev && echo 'installed' > /home/red/code/research/tola/_out/canary/projects/llvm/fetch_lib/lib_dev_ab43cb8.ok)
[2026-05-06 19:42:02.147] fetch_lib                  check_post  (pass)
[2026-05-06 19:42:02.147] fetch_lib                  done
[2026-05-06 19:42:02.147] build_binding_ocaml        check_pre  (pass)
[2026-05-06 19:42:02.150] build_binding_ocaml        cmd  (eval $(opam env) && ninja -C /home/red/code/contrib/llvm-all/build ocaml_all && echo 'ok' > /home/red/code/research/tola/_out/canary/projects/llvm/build_binding/ocaml/build_dev_ab43cb8.ok)
[2026-05-06 19:42:02.321] build_binding_ocaml        check_post  (pass)
[2026-05-06 19:42:02.321] build_binding_ocaml        done
[2026-05-06 19:42:02.322] fetch_binding_ocaml        check_pre  (pass)
[2026-05-06 19:42:02.324] fetch_binding_ocaml        cmd  (eval $(opam env) && opam install llvm.19-shared -y --assume-depexts && eval $(opam env) && opam install -y ocamlfind && echo 'installed' > /home/red/code/research/tola/_out/canary/projects/llvm/fetch_binding/ocaml/binding_dev_ab43cb8.ok)
[2026-05-06 19:42:03.619] fetch_binding_ocaml        check_post  (pass)
[2026-05-06 19:42:03.619] fetch_binding_ocaml        done
[2026-05-06 19:42:03.619] fetch_binding_ocaml_inspect  check_pre  (pass)
[2026-05-06 19:42:03.621] fetch_binding_ocaml_inspect  cmd  (eval $(opam env)
PKG_DIR=$(ocamlfind query 'llvm' 2>/dev/null)
test -n "$PKG_DIR"
python3 canary/scripts/inspect_binding.py --kind mli --dir "$PKG_DIR" \
  --watchlist 'Llvm,Llvm_analysis,Llvm_bitreader,Llvm_bitwriter,Llvm_target,Llvm_executionengine,Llvm.Opcode,Llvm.Opcode.UncondBr' > /home/red/code/research/tola/_out/canary/projects/llvm/fetch_binding/ocaml/inspect_dev_ab43cb8.json)
[2026-05-06 19:42:03.681] fetch_binding_ocaml_inspect  check_post  (pass)
[2026-05-06 19:42:03.681] fetch_binding_ocaml_inspect  done
[2026-05-06 19:42:03.681] fetch_binding_ocaml_stub_inspect  check_pre  (pass)
[2026-05-06 19:42:03.683] fetch_binding_ocaml_stub_inspect  cmd  (eval $(opam env)
PKG_DIR=$(ocamlfind query 'llvm' 2>/dev/null)
test -n "$PKG_DIR"
STUB=$(ls "$PKG_DIR"/lib*.a 2>/dev/null | head -1)
test -n "$STUB"
python3 canary/scripts/inspect_binding.py --kind stub --path "$STUB" \
  --prefix 'LLVM' --watchlist '' \
  > /home/red/code/research/tola/_out/canary/projects/llvm/fetch_binding/ocaml/inspect_stub_dev_ab43cb8.json)
[2026-05-06 19:42:03.789] fetch_binding_ocaml_stub_inspect  check_post  (pass)
[2026-05-06 19:42:03.789] fetch_binding_ocaml_stub_inspect  done
[2026-05-06 19:42:03.790] pack_binding_ocaml         check_pre  (pass)
[2026-05-06 19:42:03.792] pack_binding_ocaml         cmd  (eval $(opam env)
printf 'opam-version: "2.0"\n' > "/home/red/code/research/tola/canary/templates/opam-local-repo/repo"
opam repo remove canary-local 2>/dev/null || true
opam repo add canary-local "file:///home/red/code/research/tola/canary/templates/opam-local-repo" --rank=1
opam update canary-local
CANARY_BUILD_DIR="/home/red/code/contrib/llvm-all/build" opam install -y conf-llvm-shared.dev --assume-depexts
opam remove -y llvm.dev-shared || true
CANARY_BUILD_DIR="/home/red/code/contrib/llvm-all/build" opam install -y llvm.dev-shared --verbose --keep-build-dir --assume-depexts \
  && echo 'ok' > /home/red/code/research/tola/_out/canary/projects/llvm/pack_binding/ocaml/pack_dev_ab43cb8.ok)
[2026-05-06 19:42:27.100] pack_binding_ocaml         check_post  (pass)
[2026-05-06 19:42:27.100] pack_binding_ocaml         done
[2026-05-06 19:42:27.100] pack_binding_ocaml_inspect  check_pre  (pass)
[2026-05-06 19:42:27.102] pack_binding_ocaml_inspect  cmd  (eval $(opam env)
PKG_DIR=$(ocamlfind query 'llvm' 2>/dev/null)
test -n "$PKG_DIR"
python3 canary/scripts/inspect_binding.py --kind mli --dir "$PKG_DIR" \
  --watchlist 'Llvm,Llvm_analysis,Llvm_bitreader,Llvm_bitwriter,Llvm_target,Llvm_executionengine,Llvm.Opcode,Llvm.Opcode.UncondBr' > /home/red/code/research/tola/_out/canary/projects/llvm/pack_binding/ocaml/inspect_dev_ab43cb8.json)
[2026-05-06 19:42:27.162] pack_binding_ocaml_inspect  check_post  (pass)
[2026-05-06 19:42:27.162] pack_binding_ocaml_inspect  done
[2026-05-06 19:42:27.162] pack_binding_ocaml_stub_inspect  check_pre  (pass)
[2026-05-06 19:42:27.164] pack_binding_ocaml_stub_inspect  cmd  (eval $(opam env)
PKG_DIR=$(ocamlfind query 'llvm' 2>/dev/null)
test -n "$PKG_DIR"
STUB=$(ls "$PKG_DIR"/lib*.a 2>/dev/null | head -1)
test -n "$STUB"
python3 canary/scripts/inspect_binding.py --kind stub --path "$STUB" \
  --prefix 'LLVM' --watchlist '' \
  > /home/red/code/research/tola/_out/canary/projects/llvm/pack_binding/ocaml/inspect_stub_dev_ab43cb8.json)
[2026-05-06 19:42:27.271] pack_binding_ocaml_stub_inspect  check_post  (pass)
[2026-05-06 19:42:27.271] pack_binding_ocaml_stub_inspect  done
[2026-05-06 19:42:27.272] probe_binding_ocaml        check_pre  (pass)
[2026-05-06 19:42:27.274] probe_binding_ocaml        cmd  (eval $(opam env)
STUB=$(ls /home/red/code/contrib/llvm-all/build/lib/ocaml/llvm/lib*.a 2>/dev/null | head -1)
test -n "$STUB"
python3 canary/scripts/assert_binary_symbols.py --provided-lib /home/red/code/contrib/llvm-all/build/lib/libLLVM.so --required-lib "$STUB" \
  --symbol-prefix LLVM 2>&1 | tee /home/red/code/research/tola/_out/canary/projects/llvm/probe_binding/ocaml/symbols_dev_ab43cb8.log
grep -q 'OK:' /home/red/code/research/tola/_out/canary/projects/llvm/probe_binding/ocaml/symbols_dev_ab43cb8.log
LLVM_CONFIG=/home/red/code/contrib/llvm-all/build/bin/llvm-config ocamlopt \
  -I /home/red/code/contrib/llvm-all/build/lib/ocaml/llvm /home/red/code/contrib/llvm-all/build/lib/ocaml/llvm/llvm.cmxa /home/red/code/research/tola/canary/examples/llvm/llvm_example_dev.ml \
  -o /home/red/code/research/tola/_out/canary/projects/llvm/probe_binding/ocaml/llvm_example > /home/red/code/research/tola/_out/canary/projects/llvm/probe_binding/ocaml/probe_dev_ab43cb8.log 2>&1 || exit 1
/home/red/code/research/tola/_out/canary/projects/llvm/probe_binding/ocaml/llvm_example >> /home/red/code/research/tola/_out/canary/projects/llvm/probe_binding/ocaml/probe_dev_ab43cb8.log 2>&1)
[2026-05-06 19:42:27.667] probe_binding_ocaml        check_post  (pass)
[2026-05-06 19:42:27.667] probe_binding_ocaml        done
[2026-05-06 19:42:27.668] probe_binding_ocaml_opam   check_pre  (pass)
[2026-05-06 19:42:27.670] probe_binding_ocaml_opam   cmd  (eval $(opam env)
ocamlfind ocamlopt -package llvm -linkpkg /home/red/code/research/tola/canary/examples/llvm/llvm_example_dev.ml \
  -o /home/red/code/research/tola/_out/canary/projects/llvm/probe_binding/ocaml_opam/llvm_example > /home/red/code/research/tola/_out/canary/projects/llvm/probe_binding/ocaml_opam/probe_dev_ab43cb8.log 2>&1 || exit 1
/home/red/code/research/tola/_out/canary/projects/llvm/probe_binding/ocaml_opam/llvm_example >> /home/red/code/research/tola/_out/canary/projects/llvm/probe_binding/ocaml_opam/probe_dev_ab43cb8.log 2>&1)
[2026-05-06 19:42:27.837] probe_binding_ocaml_opam   check_post  (pass)
[2026-05-06 19:42:27.837] probe_binding_ocaml_opam   done
[2026-05-06 19:42:27.837] fetch_binding_python       check_pre  (pass)
[2026-05-06 19:42:27.839] fetch_binding_python       cmd  (set -e
INSTALL_LOG=/home/red/code/research/tola/_out/canary/projects/llvm/fetch_binding/python/install_dev_ab43cb8.log
if command -v pip >/dev/null 2>&1; then
  pip install --quiet llvmlite > "$INSTALL_LOG" 2>&1
elif python3 -m pip --version >/dev/null 2>&1; then
  python3 -m pip install --quiet llvmlite > "$INSTALL_LOG" 2>&1
elif command -v uv >/dev/null 2>&1; then
  uv pip install --quiet llvmlite > "$INSTALL_LOG" 2>&1
else
  echo "no pip / python3 -m pip / uv pip available" > "$INSTALL_LOG"
  exit 1
fi
echo 'installed' > /home/red/code/research/tola/_out/canary/projects/llvm/fetch_binding/python/binding_dev_ab43cb8.ok)
[2026-05-06 19:42:27.887] fetch_binding_python       check_post  (pass)
[2026-05-06 19:42:27.887] fetch_binding_python       done
[2026-05-06 19:42:27.887] fetch_binding_python_inspect  check_pre  (pass)
[2026-05-06 19:42:27.889] fetch_binding_python_inspect  cmd  (python3 canary/scripts/inspect_python.py --pkg 'llvmlite.binding' --watchlist 'initialize,initialize_native_target,parse_assembly,create_mcjit_compiler,Target' > /home/red/code/research/tola/_out/canary/projects/llvm/fetch_binding/python/inspect_dev_ab43cb8.json)
[2026-05-06 19:42:27.959] fetch_binding_python_inspect  check_post  (pass)
[2026-05-06 19:42:27.959] fetch_binding_python_inspect  done
[2026-05-06 19:42:27.959] probe_binding_python       check_pre  (pass)
[2026-05-06 19:42:27.962] probe_binding_python       cmd  (set -e
python3 -c "import llvmlite.binding as llvm; print('llvmlite ok:', llvm.llvm_version_info)" > /home/red/code/research/tola/_out/canary/projects/llvm/probe_binding/python/probe_dev_ab43cb8.log 2>&1 || { cat /home/red/code/research/tola/_out/canary/projects/llvm/probe_binding/python/probe_dev_ab43cb8.log; exit 1; }
cat /home/red/code/research/tola/_out/canary/projects/llvm/probe_binding/python/probe_dev_ab43cb8.log)
[2026-05-06 19:42:28.026] probe_binding_python       check_post  (pass)
[2026-05-06 19:42:28.026] probe_binding_python       done
[2026-05-06 19:42:28.026] probe_lib                  check_pre  (pass)
[2026-05-06 19:42:28.029] probe_lib                  cmd  (COUNT=$(nm -D "/home/red/code/contrib/llvm-all/build/lib/libLLVM.so" 2>/dev/null | grep -v ' U ' | grep -c 'LLVM' || echo 0)
printf 'LLVM symbols exported: %s\n' "$COUNT" | tee /home/red/code/research/tola/_out/canary/projects/llvm/probe_lib/probe_dev_ab43cb8.log
test "$COUNT" -gt 0)
[2026-05-06 19:42:28.112] probe_lib                  check_post  (pass)
[2026-05-06 19:42:28.112] probe_lib                  done
[2026-05-06 19:42:28.112] probe_lib_inspect          check_pre  (pass)
[2026-05-06 19:42:28.114] probe_lib_inspect          cmd  (nm -D "/home/red/code/contrib/llvm-all/build/lib/libLLVM.so" 2>/dev/null \
  | python3 canary/scripts/inspect_native.py --emit-symbols --elf --path "/home/red/code/contrib/llvm-all/build/lib/libLLVM.so" --prefixes 'LLVM' --watchlist 'LLVMContextCreate,LLVMModuleCreateWithName,LLVMCreateBuilder,LLVMBuildAdd,LLVMBuildBr,LLVMBuildRetVoid,LLVMVerifyModule,LLVMDisposeMessage' \
  > /home/red/code/research/tola/_out/canary/projects/llvm/probe_lib/inspect_dev_ab43cb8.json)
[2026-05-06 19:42:28.277] probe_lib_inspect          check_post  (pass)
[2026-05-06 19:42:28.277] probe_lib_inspect          done
[2026-05-06 19:42:28.277] probe_lib_staged           check_pre  (pass)
[2026-05-06 19:42:28.280] probe_lib_staged           cmd  (COUNT=$(nm -D "/home/red/code/contrib/llvm-all/build/../install/lib/libLLVM.so" 2>/dev/null | grep -v ' U ' | grep -c 'LLVM' || echo 0)
printf 'LLVM symbols exported: %s\n' "$COUNT" | tee /home/red/code/research/tola/_out/canary/projects/llvm/probe_lib_staged/probe_dev_ab43cb8.log
test "$COUNT" -gt 0)
[2026-05-06 19:42:28.363] probe_lib_staged           check_post  (pass)
[2026-05-06 19:42:28.363] probe_lib_staged           done
[2026-05-06 19:42:28.363] probe_lib_staged_inspect   check_pre  (pass)
[2026-05-06 19:42:28.365] probe_lib_staged_inspect   cmd  (nm -D "/home/red/code/contrib/llvm-all/build/lib/libLLVM.so" 2>/dev/null \
  | python3 canary/scripts/inspect_native.py --emit-symbols --elf --path "/home/red/code/contrib/llvm-all/build/lib/libLLVM.so" --prefixes 'LLVM' --watchlist 'LLVMContextCreate,LLVMModuleCreateWithName,LLVMCreateBuilder,LLVMBuildAdd,LLVMBuildBr,LLVMBuildRetVoid,LLVMVerifyModule,LLVMDisposeMessage' \
  > /home/red/code/research/tola/_out/canary/projects/llvm/probe_lib_staged/inspect_dev_ab43cb8.json)
[2026-05-06 19:42:28.520] probe_lib_staged_inspect   check_post  (pass)
[2026-05-06 19:42:28.520] probe_lib_staged_inspect   done
[2026-05-06 19:42:28.520] probe_lib_apt              check_pre  (pass)
[2026-05-06 19:42:28.522] probe_lib_apt              cmd  (LLVM_CONFIG=$(if command -v llvm-config-19 >/dev/null 2>&1; then command -v llvm-config-19; elif command -v llvm-config >/dev/null 2>&1; then command -v llvm-config; elif command -v brew >/dev/null 2>&1; then printf '%s\n' "$(brew --prefix llvm@19)/bin/llvm-config-19"; else printf '%s\n' llvm-config-19; fi)
test -x "$LLVM_CONFIG"
"$LLVM_CONFIG" --version > /home/red/code/research/tola/_out/canary/projects/llvm/probe_lib_apt/probe_dev_ab43cb8.log 2>&1)
[2026-05-06 19:42:28.526] probe_lib_apt              check_post  (pass)
[2026-05-06 19:42:28.526] probe_lib_apt              done
[2026-05-06 19:42:28.526] probe_lib_apt_inspect      check_pre  (pass)
[2026-05-06 19:42:28.528] probe_lib_apt_inspect      cmd  (nm -D "/home/red/code/contrib/llvm-all/build/lib/libLLVM.so" 2>/dev/null \
  | python3 canary/scripts/inspect_native.py --emit-symbols --elf --path "/home/red/code/contrib/llvm-all/build/lib/libLLVM.so" --prefixes 'LLVM' --watchlist 'LLVMContextCreate,LLVMModuleCreateWithName,LLVMCreateBuilder,LLVMBuildAdd,LLVMBuildBr,LLVMBuildRetVoid,LLVMVerifyModule,LLVMDisposeMessage' \
  > /home/red/code/research/tola/_out/canary/projects/llvm/probe_lib_apt/inspect_dev_ab43cb8.json)
[2026-05-06 19:42:28.683] probe_lib_apt_inspect      check_post  (pass)
[2026-05-06 19:42:28.683] probe_lib_apt_inspect      done
[2026-05-06 19:42:28.683] probe_app                  check_pre  (pass)
[2026-05-06 19:42:28.685] probe_app                  cmd  ((pip install --quiet llvmlite 2>/dev/null \
 || python3 -m pip install --quiet llvmlite 2>/dev/null \
 || uv pip install --quiet llvmlite)
python3 -c "import llvmlite.binding as llvm; print(llvm.llvm_version_info)" > /home/red/code/research/tola/_out/canary/projects/llvm/probe_app/probe_dev_ab43cb8.log 2>&1)
[2026-05-06 19:42:28.792] probe_app                  check_post  (pass)
[2026-05-06 19:42:28.792] probe_app                  done
[2026-05-06 19:42:28.792] *                          graph_end  (26/26 completed)
[2026-05-06 19:42:28.792] *                          variant_start  (19)
[2026-05-06 19:42:28.792] *                          graph_start  (13 steps)
[2026-05-06 19:42:29.375] fetch_source               check_pre  (pass)
[2026-05-06 19:42:29.378] fetch_source               cmd  (test -d /home/red/code/contrib/llvm-all/llvm-project && echo '/home/red/code/contrib/llvm-all/llvm-project' > /home/red/code/research/tola/_out/canary/projects/llvm/fetch_source/source_19.ok)
[2026-05-06 19:42:29.378] fetch_source               check_post  (pass)
[2026-05-06 19:42:29.378] fetch_source               done
[2026-05-06 19:42:29.378] scan_source                check_pre  (pass)
[2026-05-06 19:42:29.380] scan_source                cmd  (test -d /home/red/code/contrib/llvm-all/llvm-project/llvm/include/llvm-c
test -f /home/red/code/contrib/llvm-all/llvm-project/llvm/include/llvm-c/Analysis.h
test -f /home/red/code/contrib/llvm-all/llvm-project/llvm/include/llvm-c/BitReader.h
test -f /home/red/code/contrib/llvm-all/llvm-project/llvm/include/llvm-c/BitWriter.h
test -f /home/red/code/contrib/llvm-all/llvm-project/llvm/include/llvm-c/Comdat.h
test -f /home/red/code/contrib/llvm-all/llvm-project/llvm/include/llvm-c/Core.h
test -f /home/red/code/contrib/llvm-all/llvm-project/llvm/include/llvm-c/DataTypes.h
test -f /home/red/code/contrib/llvm-all/llvm-project/llvm/include/llvm-c/DebugInfo.h
test -f /home/red/code/contrib/llvm-all/llvm-project/llvm/include/llvm-c/Deprecated.h
test -f /home/red/code/contrib/llvm-all/llvm-project/llvm/include/llvm-c/Disassembler.h
test -f /home/red/code/contrib/llvm-all/llvm-project/llvm/include/llvm-c/DisassemblerTypes.h
test -f /home/red/code/contrib/llvm-all/llvm-project/llvm/include/llvm-c/Error.h
test -f /home/red/code/contrib/llvm-all/llvm-project/llvm/include/llvm-c/ErrorHandling.h
test -f /home/red/code/contrib/llvm-all/llvm-project/llvm/include/llvm-c/ExecutionEngine.h
test -f /home/red/code/contrib/llvm-all/llvm-project/llvm/include/llvm-c/ExternC.h
test -f /home/red/code/contrib/llvm-all/llvm-project/llvm/include/llvm-c/IRReader.h
test -f /home/red/code/contrib/llvm-all/llvm-project/llvm/include/llvm-c/LLJIT.h
test -f /home/red/code/contrib/llvm-all/llvm-project/llvm/include/llvm-c/LLJITUtils.h
test -f /home/red/code/contrib/llvm-all/llvm-project/llvm/include/llvm-c/Linker.h
test -f /home/red/code/contrib/llvm-all/llvm-project/llvm/include/llvm-c/Object.h
test -f /home/red/code/contrib/llvm-all/llvm-project/llvm/include/llvm-c/Orc.h
test -f /home/red/code/contrib/llvm-all/llvm-project/llvm/include/llvm-c/OrcEE.h
test -f /home/red/code/contrib/llvm-all/llvm-project/llvm/include/llvm-c/Remarks.h
test -f /home/red/code/contrib/llvm-all/llvm-project/llvm/include/llvm-c/Support.h
test -f /home/red/code/contrib/llvm-all/llvm-project/llvm/include/llvm-c/Target.h
test -f /home/red/code/contrib/llvm-all/llvm-project/llvm/include/llvm-c/TargetMachine.h
test -f /home/red/code/contrib/llvm-all/llvm-project/llvm/include/llvm-c/Types.h
test -f /home/red/code/contrib/llvm-all/llvm-project/llvm/include/llvm-c/Visibility.h
test -f /home/red/code/contrib/llvm-all/llvm-project/llvm/include/llvm-c/blake3.h
test -f /home/red/code/contrib/llvm-all/llvm-project/llvm/include/llvm-c/lto.h
test -f /home/red/code/contrib/llvm-all/llvm-project/llvm/include/llvm-c/Transforms/AggressiveInstCombine.h
test -f /home/red/code/contrib/llvm-all/llvm-project/llvm/include/llvm-c/Transforms/IPO.h
test -f /home/red/code/contrib/llvm-all/llvm-project/llvm/include/llvm-c/Transforms/InstCombine.h
test -f /home/red/code/contrib/llvm-all/llvm-project/llvm/include/llvm-c/Transforms/PassBuilder.h
test -f /home/red/code/contrib/llvm-all/llvm-project/llvm/include/llvm-c/Transforms/Scalar.h
test -f /home/red/code/contrib/llvm-all/llvm-project/llvm/include/llvm-c/Transforms/Utils.h
test -f /home/red/code/contrib/llvm-all/llvm-project/llvm/include/llvm-c/Transforms/Vectorize.h
test -d /home/red/code/contrib/llvm-all/llvm-project/llvm/bindings/ocaml
echo 'scan ok' > /home/red/code/research/tola/_out/canary/projects/llvm/fetch_source/scan_19.ok)
[2026-05-06 19:42:29.381] scan_source                check_post  (pass)
[2026-05-06 19:42:29.381] scan_source                done
[2026-05-06 19:42:29.381] fetch_lib                  check_pre  (pass)
[2026-05-06 19:42:29.383] fetch_lib                  cmd  (sudo apt-get install -y llvm-19-dev && echo 'installed' > /home/red/code/research/tola/_out/canary/projects/llvm/fetch_lib/lib_19.ok)
[2026-05-06 19:42:29.753] fetch_lib                  check_post  (pass)
[2026-05-06 19:42:29.753] fetch_lib                  done
[2026-05-06 19:42:30.032] fetch_binding_ocaml        check_pre  (pass)
[2026-05-06 19:42:30.034] fetch_binding_ocaml        cmd  (eval $(opam env) && opam install llvm.19-shared -y --assume-depexts && eval $(opam env) && opam install -y ocamlfind && echo 'installed' > /home/red/code/research/tola/_out/canary/projects/llvm/fetch_binding/ocaml/binding_19.ok)
[2026-05-06 19:44:17.999] fetch_binding_ocaml        check_post  (pass)
[2026-05-06 19:44:17.999] fetch_binding_ocaml        done
[2026-05-06 19:44:17.999] fetch_binding_ocaml_inspect  check_pre  (pass)
[2026-05-06 19:44:18.001] fetch_binding_ocaml_inspect  cmd  (echo 'NOTE: api_source is the dev spec reused for stable source llvm/19; watchlist may drift'
eval $(opam env)
PKG_DIR=$(ocamlfind query 'llvm' 2>/dev/null)
test -n "$PKG_DIR"
python3 canary/scripts/inspect_binding.py --kind mli --dir "$PKG_DIR" \
  --watchlist 'Llvm,Llvm_analysis,Llvm_bitreader,Llvm_bitwriter,Llvm_target,Llvm_executionengine,Llvm.Opcode,Llvm.Opcode.UncondBr' > /home/red/code/research/tola/_out/canary/projects/llvm/fetch_binding/ocaml/inspect_19.json)
[2026-05-06 19:44:18.062] fetch_binding_ocaml_inspect  check_post  (pass)
[2026-05-06 19:44:18.062] fetch_binding_ocaml_inspect  done
[2026-05-06 19:44:18.062] fetch_binding_ocaml_stub_inspect  check_pre  (pass)
[2026-05-06 19:44:18.064] fetch_binding_ocaml_stub_inspect  cmd  (echo 'NOTE: api_source is the dev spec reused for stable source llvm/19; watchlist may drift'
eval $(opam env)
PKG_DIR=$(ocamlfind query 'llvm' 2>/dev/null)
test -n "$PKG_DIR"
STUB=$(ls "$PKG_DIR"/lib*.a 2>/dev/null | head -1)
test -n "$STUB"
python3 canary/scripts/inspect_binding.py --kind stub --path "$STUB" \
  --prefix 'LLVM' --watchlist '' \
  > /home/red/code/research/tola/_out/canary/projects/llvm/fetch_binding/ocaml/inspect_stub_19.json)
[2026-05-06 19:44:18.172] fetch_binding_ocaml_stub_inspect  check_post  (pass)
[2026-05-06 19:44:18.172] fetch_binding_ocaml_stub_inspect  done
[2026-05-06 19:44:18.172] probe_binding_ocaml        check_pre  (pass)
[2026-05-06 19:44:18.174] probe_binding_ocaml        cmd  (eval $(opam env)
ocamlfind ocamlopt -package llvm -linkpkg /home/red/code/research/tola/canary/examples/llvm/llvm_example_dev.ml \
  -o /home/red/code/research/tola/_out/canary/projects/llvm/probe_binding/ocaml/llvm_example > /home/red/code/research/tola/_out/canary/projects/llvm/probe_binding/ocaml/probe_19.log 2>&1 || exit 1
/home/red/code/research/tola/_out/canary/projects/llvm/probe_binding/ocaml/llvm_example >> /home/red/code/research/tola/_out/canary/projects/llvm/probe_binding/ocaml/probe_19.log 2>&1)
[2026-05-06 19:44:18.208] probe_binding_ocaml        cmd_fail  (exit 1)
[2026-05-06 19:44:18.208] probe_binding_ocaml        compat_predicted  (3 substring(s))
[2026-05-06 19:44:18.208] probe_binding_ocaml        done  (expected failure confirmed (derived): llvm 19 predates Opcode.UncondBr, added in LLVM 21 (dev, commit #186176))
[2026-05-06 19:44:18.490] fetch_binding_python       skip  (postcondition ok)
[2026-05-06 19:44:18.490] fetch_binding_python_inspect  check_pre  (pass)
[2026-05-06 19:44:18.492] fetch_binding_python_inspect  cmd  (echo 'NOTE: api_source is the dev spec reused for stable source llvm/19; watchlist may drift'
python3 canary/scripts/inspect_python.py --pkg 'llvmlite.binding' --watchlist 'initialize,initialize_native_target,parse_assembly,create_mcjit_compiler,Target' > /home/red/code/research/tola/_out/canary/projects/llvm/fetch_binding/python/inspect_19.json)
[2026-05-06 19:44:18.563] fetch_binding_python_inspect  check_post  (pass)
[2026-05-06 19:44:18.563] fetch_binding_python_inspect  done
[2026-05-06 19:44:18.563] probe_binding_python       check_pre  (pass)
[2026-05-06 19:44:18.565] probe_binding_python       cmd  (set -e
python3 -c "import llvmlite.binding as llvm; print('llvmlite ok:', llvm.llvm_version_info)" > /home/red/code/research/tola/_out/canary/projects/llvm/probe_binding/python/probe_19.log 2>&1 || { cat /home/red/code/research/tola/_out/canary/projects/llvm/probe_binding/python/probe_19.log; exit 1; }
cat /home/red/code/research/tola/_out/canary/projects/llvm/probe_binding/python/probe_19.log)
[2026-05-06 19:44:18.630] probe_binding_python       check_post  (pass)
[2026-05-06 19:44:18.630] probe_binding_python       done
[2026-05-06 19:44:18.630] probe_lib                  check_pre  (pass)
[2026-05-06 19:44:18.632] probe_lib                  cmd  (LLVM_CONFIG=$(if command -v llvm-config-19 >/dev/null 2>&1; then command -v llvm-config-19; elif command -v llvm-config >/dev/null 2>&1; then command -v llvm-config; elif command -v brew >/dev/null 2>&1; then printf '%s\n' "$(brew --prefix llvm@19)/bin/llvm-config-19"; else printf '%s\n' llvm-config-19; fi)
test -x "$LLVM_CONFIG"
"$LLVM_CONFIG" --version > /home/red/code/research/tola/_out/canary/projects/llvm/probe_lib/probe_19.log 2>&1)
[2026-05-06 19:44:18.635] probe_lib                  check_post  (pass)
[2026-05-06 19:44:18.635] probe_lib                  done
[2026-05-06 19:44:18.635] probe_lib_inspect          check_pre  (pass)
[2026-05-06 19:44:18.637] probe_lib_inspect          cmd  (echo 'NOTE: api_source is the dev spec reused for stable source llvm/19; watchlist may drift'
LLVM_CONFIG=$(if command -v llvm-config-19 >/dev/null 2>&1; then command -v llvm-config-19; elif command -v llvm-config >/dev/null 2>&1; then command -v llvm-config; elif command -v brew >/dev/null 2>&1; then printf '%s\n' "$(brew --prefix llvm@19)/bin/llvm-config-19"; else printf '%s\n' llvm-config-19; fi)
LLVM_LIB=$(ls "$("$LLVM_CONFIG" --libdir)"/libLLVM*.so 2>/dev/null | head -1)
test -n "$LLVM_LIB"
nm -D "$LLVM_LIB" 2>/dev/null \
  | python3 canary/scripts/inspect_native.py --emit-symbols --elf --path "$LLVM_LIB" --prefixes 'LLVM' --watchlist 'LLVMContextCreate,LLVMModuleCreateWithName,LLVMCreateBuilder,LLVMBuildAdd,LLVMBuildBr,LLVMBuildRetVoid,LLVMVerifyModule,LLVMDisposeMessage' \
  > /home/red/code/research/tola/_out/canary/projects/llvm/probe_lib/inspect_19.json)
[2026-05-06 19:44:18.833] probe_lib_inspect          check_post  (pass)
[2026-05-06 19:44:18.833] probe_lib_inspect          done
[2026-05-06 19:44:18.833] probe_app                  check_pre  (pass)
[2026-05-06 19:44:18.835] probe_app                  cmd  ((pip install --quiet llvmlite 2>/dev/null \
 || python3 -m pip install --quiet llvmlite 2>/dev/null \
 || uv pip install --quiet llvmlite)
python3 -c "import llvmlite.binding as llvm; print(llvm.llvm_version_info)" > /home/red/code/research/tola/_out/canary/projects/llvm/probe_app/probe_19.log 2>&1)
[2026-05-06 19:44:18.939] probe_app                  check_post  (pass)
[2026-05-06 19:44:18.939] probe_app                  done
[2026-05-06 19:44:18.939] *                          graph_end  (13/13 completed)
[2026-05-06 19:44:18.940] *                          diagram  (_out/canary/projects/llvm/-run/diagrams/all.mmd)
[2026-05-06 19:44:18.941] *                          diagram  (_out/canary/projects/llvm/-run/diagrams/full.mmd)
[2026-05-06 19:44:18.941] *                          view  (source (2 steps))
[2026-05-06 19:44:18.941] *                          view  (lib (9 steps))
[2026-05-06 19:44:18.941] *                          view  (probes (10 steps))
[2026-05-06 19:44:18.941] *                          view  (binding_ocaml (9 steps))
[2026-05-06 19:44:18.941] *                          view  (binding_python (3 steps))
[2026-05-06 19:44:18.943] *                          html  (_out/canary/projects/llvm/-run/result.html)
[2026-05-06 19:44:18.944] *                          index  (_out/canary/projects/index.html)
[2026-05-06 19:44:18.944] !                          invariant  (full.mmd: connectivity errors:
  [12]→[16]: no edge A_pack_binding_ocaml→A_probe_binding_ocaml_opam
  [7]→[16]: no edge A_fetch_lib→A_probe_binding_ocaml_opam
  [5]→[20]: no edge A_build_lib→A_probe_lib
  [7]→[24]: no edge A_fetch_lib→A_probe_lib_apt
  [4]→[8]: no edge A_build_headers→A_build_binding_ocaml
  [5]→[8]: no edge A_build_lib→A_build_binding_ocaml
  [17]→[19]: no edge A_fetch_binding_python→A_probe_binding_python
  [7]→[19]: no edge A_fetch_lib→A_probe_binding_python
  [6]→[22]: no edge A_install_lib→A_probe_lib_staged
  [8]→[15]: no edge A_build_binding_ocaml→A_probe_binding_ocaml
  [7]→[15]: no edge A_fetch_lib→A_probe_binding_ocaml
  [1]→[2]: no edge A_fetch_source→A_scan_source
  [7]→[26]: no edge A_fetch_lib→A_probe_app)
[2026-05-06 19:44:18.944] !                          invariant  (SOME FAILED)
