[2026-08-09 15:14:03.340] *                          variant_start  (app-vendored-stable_lib-vendored-stable_ocaml_binding-vendored-stable_python_binding-vendored-stable_source-vendored-stable)
[2026-08-09 15:14:03.340] *                          graph_start  (13 steps)
[2026-08-09 15:14:03.340] configure                  check_pre  (pass)
[2026-08-09 15:14:03.342] configure                  cmd  (test -d canary/examples/tiny/scenarios/_cache/mutate_lib_at_Sc.4.Python/workspace/c/build || { echo 'lib_dir missing: canary/examples/tiny/scenarios/_cache/mutate_lib_at_Sc.4.Python/workspace/c/build'; exit 1; } && echo 'ok' > /home/red/code/research/tola/_out/canary/projects/tiny1/mutate_lib_at_Sc.4.Python/configure/conf_app-vendored-stable_lib-vendored-stable_ocaml_binding-vendored-stable_python_binding-vendored-stable_source-vendored-stable.ok)
[2026-08-09 15:14:03.343] configure                  detect  (ok, output present)
[2026-08-09 15:14:03.343] configure                  check_post  (pass)
[2026-08-09 15:14:03.343] configure                  done
[2026-08-09 15:14:03.345] scan_sources               check_pre  (pass)
[2026-08-09 15:14:03.347] scan_sources               cmd  (python3 canary/scripts/inspect_tiny_typed.py --layer header --path canary/examples/tiny/scenarios/_cache/mutate_lib_at_Sc.4.Python/workspace/c/include/tiny.h > /home/red/code/research/tola/_out/canary/projects/tiny1/mutate_lib_at_Sc.4.Python/scan_sources/inspect_typed_header_app-vendored-stable_lib-vendored-stable_ocaml_binding-vendored-stable_python_binding-vendored-stable_source-vendored-stable.json && python3 canary/scripts/inspect_tiny_typed.py --layer stub_ocaml --path canary/examples/tiny/scenarios/_cache/mutate_lib_at_Sc.4.Python/workspace/ocaml/tiny_raw.mli > /home/red/code/research/tola/_out/canary/projects/tiny1/mutate_lib_at_Sc.4.Python/scan_sources/inspect_typed_binding_stub_ocaml_app-vendored-stable_lib-vendored-stable_ocaml_binding-vendored-stable_python_binding-vendored-stable_source-vendored-stable.json && python3 canary/scripts/inspect_tiny_typed.py --layer user_ocaml --path canary/examples/tiny/scenarios/_cache/mutate_lib_at_Sc.4.Python/workspace/ocaml/tiny.mli > /home/red/code/research/tola/_out/canary/projects/tiny1/mutate_lib_at_Sc.4.Python/scan_sources/inspect_typed_binding_user_ocaml_app-vendored-stable_lib-vendored-stable_ocaml_binding-vendored-stable_python_binding-vendored-stable_source-vendored-stable.json && python3 canary/scripts/inspect_tiny_typed.py --layer stub_python --path canary/examples/tiny/scenarios/_cache/mutate_lib_at_Sc.4.Python/workspace/python_cext/tiny_cext/_native.c > /home/red/code/research/tola/_out/canary/projects/tiny1/mutate_lib_at_Sc.4.Python/scan_sources/inspect_typed_binding_stub_python_app-vendored-stable_lib-vendored-stable_ocaml_binding-vendored-stable_python_binding-vendored-stable_source-vendored-stable.json && python3 canary/scripts/inspect_tiny_typed.py --layer user_python --path canary/examples/tiny/scenarios/_cache/mutate_lib_at_Sc.4.Python/workspace/python_cext/tiny_cext/__init__.py > /home/red/code/research/tola/_out/canary/projects/tiny1/mutate_lib_at_Sc.4.Python/scan_sources/inspect_typed_binding_user_python_app-vendored-stable_lib-vendored-stable_ocaml_binding-vendored-stable_python_binding-vendored-stable_source-vendored-stable.json && echo 'ok' > /home/red/code/research/tola/_out/canary/projects/tiny1/mutate_lib_at_Sc.4.Python/scan_sources/scan_app-vendored-stable_lib-vendored-stable_ocaml_binding-vendored-stable_python_binding-vendored-stable_source-vendored-stable.ok)
[2026-08-09 15:14:03.510] scan_sources               detect  (ok, output present)
[2026-08-09 15:14:03.510] scan_sources               check_post  (pass)
[2026-08-09 15:14:03.510] scan_sources               done
[2026-08-09 15:14:03.512] build_lib                  check_pre  (pass)
[2026-08-09 15:14:03.515] build_lib                  cmd  (test -f canary/examples/tiny/scenarios/_cache/mutate_lib_at_Sc.4.Python/workspace/c/build/libtiny.so.2 || { mkdir -p canary/examples/tiny/scenarios/_cache/mutate_lib_at_Sc.4.Python/workspace/c/build && gcc -c -fPIC -Icanary/examples/tiny/scenarios/_cache/mutate_lib_at_Sc.4.Python/workspace/c/include canary/examples/tiny/scenarios/_cache/mutate_lib_at_Sc.4.Python/workspace/c/src/tiny.c -o canary/examples/tiny/scenarios/_cache/mutate_lib_at_Sc.4.Python/workspace/c/build/tiny.o && gcc -shared -fPIC -Wl,-soname,libtiny.so.1 -Wl,--version-script=canary/examples/tiny/scenarios/_cache/mutate_lib_at_Sc.4.Python/workspace/c/tiny.map canary/examples/tiny/scenarios/_cache/mutate_lib_at_Sc.4.Python/workspace/c/build/tiny.o -o canary/examples/tiny/scenarios/_cache/mutate_lib_at_Sc.4.Python/workspace/c/build/libtiny.so.1.0 && ln -sf libtiny.so.1.0 canary/examples/tiny/scenarios/_cache/mutate_lib_at_Sc.4.Python/workspace/c/build/libtiny.so.1 && ln -sf libtiny.so.1 canary/examples/tiny/scenarios/_cache/mutate_lib_at_Sc.4.Python/workspace/c/build/libtiny.so ; } && echo 'ok' > /home/red/code/research/tola/_out/canary/projects/tiny1/mutate_lib_at_Sc.4.Python/build_lib/build_app-vendored-stable_lib-vendored-stable_ocaml_binding-vendored-stable_python_binding-vendored-stable_source-vendored-stable.ok)
[2026-08-09 15:14:03.515] build_lib                  detect  (ok, output present)
[2026-08-09 15:14:03.515] build_lib                  check_post  (pass)
[2026-08-09 15:14:03.515] build_lib                  done
[2026-08-09 15:14:03.517] build_lib_inspect          check_pre  (pass)
[2026-08-09 15:14:03.519] build_lib_inspect          cmd  (nm -D "canary/examples/tiny/scenarios/_cache/mutate_lib_at_Sc.4.Python/workspace/c/build/libtiny.so.2" 2>/dev/null \
  | python3 canary/scripts/inspect_native.py --emit-symbols --elf --path "canary/examples/tiny/scenarios/_cache/mutate_lib_at_Sc.4.Python/workspace/c/build/libtiny.so.2" --prefixes 'tiny_' --watchlist 'tiny_sum,tiny_diff,tiny_offset' \
  > /home/red/code/research/tola/_out/canary/projects/tiny1/mutate_lib_at_Sc.4.Python/build_lib/inspect_app-vendored-stable_lib-vendored-stable_ocaml_binding-vendored-stable_python_binding-vendored-stable_source-vendored-stable.json)
[2026-08-09 15:14:03.568] build_lib_inspect          detect  (ok, output present)
[2026-08-09 15:14:03.568] build_lib_inspect          check_post  (pass)
[2026-08-09 15:14:03.568] build_lib_inspect          done
[2026-08-09 15:14:03.570] build_binding_ocaml        check_pre  (pass)
[2026-08-09 15:14:03.573] build_binding_ocaml        cmd  ((LIBRARY_PATH=$PWD/canary/examples/tiny/scenarios/_cache/mutate_lib_at_Sc.4.Python/workspace/c/build LD_RUN_PATH=$PWD/canary/examples/tiny/scenarios/_cache/mutate_lib_at_Sc.4.Python/workspace/c/build dune build --root canary/examples/tiny/scenarios/_cache/mutate_lib_at_Sc.4.Python/workspace ocaml/tiny.cmxa ocaml/libtiny_stubs.a) > /home/red/code/research/tola/_out/canary/projects/tiny1/mutate_lib_at_Sc.4.Python/build_binding/ocaml/build_app-vendored-stable_lib-vendored-stable_ocaml_binding-vendored-stable_python_binding-vendored-stable_source-vendored-stable.log 2>&1 && echo 'ok' > /home/red/code/research/tola/_out/canary/projects/tiny1/mutate_lib_at_Sc.4.Python/build_binding/ocaml/build_app-vendored-stable_lib-vendored-stable_ocaml_binding-vendored-stable_python_binding-vendored-stable_source-vendored-stable.ok)
[2026-08-09 15:14:03.603] build_binding_ocaml        detect  (ok, output present)
[2026-08-09 15:14:03.604] build_binding_ocaml        compat_predicted  (no contract fired)
[2026-08-09 15:14:03.604] build_binding_ocaml        contract_skipped  (c3 cmp_behavior: disabled in registry (blocked))
[2026-08-09 15:14:03.604] build_binding_ocaml        contract_skipped  (c7 api_sound_repack: disabled in registry (stubbed))
[2026-08-09 15:14:03.604] build_binding_ocaml        contract_skipped  (c8 cmp_api_faithfulness: disabled in registry (stubbed))
[2026-08-09 15:14:03.604] build_binding_ocaml        done  (no compat failure predicted; success expected)
[2026-08-09 15:14:03.606] build_binding_ocaml_inspect  check_pre  (pass)
[2026-08-09 15:14:03.607] build_binding_ocaml_inspect  cmd  (python3 canary/scripts/inspect_binding.py --kind stub --path canary/examples/tiny/scenarios/_cache/mutate_lib_at_Sc.4.Python/workspace/_build/default/ocaml/libtiny_stubs.a --prefix tiny_ > /home/red/code/research/tola/_out/canary/projects/tiny1/mutate_lib_at_Sc.4.Python/build_binding/ocaml/inspect_app-vendored-stable_lib-vendored-stable_ocaml_binding-vendored-stable_python_binding-vendored-stable_source-vendored-stable.json && python3 canary/scripts/inspect_binding.py --kind mli --module-prefix Tiny --path canary/examples/tiny/scenarios/_cache/mutate_lib_at_Sc.4.Python/workspace/ocaml/tiny.mli --watchlist 'Tiny,Tiny.sum,Tiny.diff,Tiny.offset' > /home/red/code/research/tola/_out/canary/projects/tiny1/mutate_lib_at_Sc.4.Python/build_binding/ocaml/inspect_mli_app-vendored-stable_lib-vendored-stable_ocaml_binding-vendored-stable_python_binding-vendored-stable_source-vendored-stable.json)
[2026-08-09 15:14:03.726] build_binding_ocaml_inspect  detect  (ok, output present)
[2026-08-09 15:14:03.726] build_binding_ocaml_inspect  check_post  (pass)
[2026-08-09 15:14:03.726] build_binding_ocaml_inspect  done
[2026-08-09 15:14:03.729] probe_binding_ocaml        check_pre  (pass)
[2026-08-09 15:14:03.731] probe_binding_ocaml        cmd  ((LIBRARY_PATH=$PWD/canary/examples/tiny/scenarios/_cache/mutate_lib_at_Sc.4.Python/workspace/c/build LD_RUN_PATH=$PWD/canary/examples/tiny/scenarios/_cache/mutate_lib_at_Sc.4.Python/workspace/c/build dune build --root canary/examples/tiny/scenarios/_cache/mutate_lib_at_Sc.4.Python/workspace ocaml/examples/probe_baseline.exe && LD_LIBRARY_PATH=$PWD/canary/examples/tiny/scenarios/_cache/mutate_lib_at_Sc.4.Python/workspace/c/build canary/examples/tiny/scenarios/_cache/mutate_lib_at_Sc.4.Python/workspace/_build/default/ocaml/examples/probe_baseline.exe) > /home/red/code/research/tola/_out/canary/projects/tiny1/mutate_lib_at_Sc.4.Python/probe_binding/ocaml/probe_app-vendored-stable_lib-vendored-stable_ocaml_binding-vendored-stable_python_binding-vendored-stable_source-vendored-stable.log 2>&1)
[2026-08-09 15:14:03.766] probe_binding_ocaml        detect  (ok, output present)
[2026-08-09 15:14:03.766] probe_binding_ocaml        compat_predicted  (no contract fired)
[2026-08-09 15:14:03.766] probe_binding_ocaml        contract_skipped  (c3 cmp_behavior: disabled in registry (blocked))
[2026-08-09 15:14:03.766] probe_binding_ocaml        contract_skipped  (c7 api_sound_repack: disabled in registry (stubbed))
[2026-08-09 15:14:03.766] probe_binding_ocaml        contract_skipped  (c8 cmp_api_faithfulness: disabled in registry (stubbed))
[2026-08-09 15:14:03.766] probe_binding_ocaml        done  (no compat failure predicted; success expected)
[2026-08-09 15:14:03.768] probe_binding_ocaml_inspect  check_pre  (pass)
[2026-08-09 15:14:03.770] probe_binding_ocaml_inspect  cmd  (python3 canary/scripts/inspect_binding.py --kind mli --module-prefix Tiny --path canary/examples/tiny/scenarios/_cache/mutate_lib_at_Sc.4.Python/workspace/ocaml/tiny.mli --watchlist 'Tiny,Tiny.sum,Tiny.diff,Tiny.offset' > /home/red/code/research/tola/_out/canary/projects/tiny1/mutate_lib_at_Sc.4.Python/probe_binding/ocaml/inspect_app-vendored-stable_lib-vendored-stable_ocaml_binding-vendored-stable_python_binding-vendored-stable_source-vendored-stable.json)
[2026-08-09 15:14:03.810] probe_binding_ocaml_inspect  detect  (ok, output present)
[2026-08-09 15:14:03.810] probe_binding_ocaml_inspect  check_post  (pass)
[2026-08-09 15:14:03.810] probe_binding_ocaml_inspect  done
[2026-08-09 15:14:03.812] build_binding_python       check_pre  (pass)
[2026-08-09 15:14:03.815] build_binding_python       cmd  (ls canary/examples/tiny/scenarios/_cache/mutate_lib_at_Sc.4.Python/workspace/python_cext/tiny_cext/_native.cpython-*.so > /dev/null && echo 'ok' > /home/red/code/research/tola/_out/canary/projects/tiny1/mutate_lib_at_Sc.4.Python/build_binding/python/build_app-vendored-stable_lib-vendored-stable_ocaml_binding-vendored-stable_python_binding-vendored-stable_source-vendored-stable.ok)
[2026-08-09 15:14:03.817] build_binding_python       detect  (ok, output present)
[2026-08-09 15:14:03.817] build_binding_python       check_post  (pass)
[2026-08-09 15:14:03.817] build_binding_python       done
[2026-08-09 15:14:03.820] build_binding_python_inspect  check_pre  (pass)
[2026-08-09 15:14:03.821] build_binding_python_inspect  cmd  (python3 canary/scripts/inspect_binding.py --kind stub --path canary/examples/tiny/scenarios/_cache/mutate_lib_at_Sc.4.Python/workspace/python_cext/tiny_cext/_native.cpython-*.so --prefix tiny_ > /home/red/code/research/tola/_out/canary/projects/tiny1/mutate_lib_at_Sc.4.Python/build_binding/python/inspect_app-vendored-stable_lib-vendored-stable_ocaml_binding-vendored-stable_python_binding-vendored-stable_source-vendored-stable.json && LD_LIBRARY_PATH=$PWD/canary/examples/tiny/scenarios/_cache/mutate_lib_at_Sc.4.Python/workspace/c/build PYTHONPATH=canary/examples/tiny/scenarios/_cache/mutate_lib_at_Sc.4.Python/workspace/python_cext python3 canary/scripts/inspect_python.py --pkg tiny_cext --watchlist 'sum,diff,offset' > /home/red/code/research/tola/_out/canary/projects/tiny1/mutate_lib_at_Sc.4.Python/build_binding/python/inspect_attrs_app-vendored-stable_lib-vendored-stable_ocaml_binding-vendored-stable_python_binding-vendored-stable_source-vendored-stable.json)
[2026-08-09 15:14:03.948] build_binding_python_inspect  detect  (ok, output present)
[2026-08-09 15:14:03.948] build_binding_python_inspect  check_post  (pass)
[2026-08-09 15:14:03.948] build_binding_python_inspect  done
[2026-08-09 15:14:03.950] probe_binding_python       check_pre  (pass)
[2026-08-09 15:14:03.953] probe_binding_python       cmd  (LD_LIBRARY_PATH=$PWD/canary/examples/tiny/scenarios/_cache/mutate_lib_at_Sc.4.Python/workspace/c/build PYTHONPATH=canary/examples/tiny/scenarios/_cache/mutate_lib_at_Sc.4.Python/workspace/python_cext python3 canary/examples/tiny/scenarios/_cache/mutate_lib_at_Sc.4.Python/workspace/python_cext/examples/probe_baseline.py > /home/red/code/research/tola/_out/canary/projects/tiny1/mutate_lib_at_Sc.4.Python/probe_binding/python/probe_app-vendored-stable_lib-vendored-stable_ocaml_binding-vendored-stable_python_binding-vendored-stable_source-vendored-stable.log 2>&1)
[2026-08-09 15:14:03.991] probe_binding_python       cmd_fail  (exit 1)
[2026-08-09 15:14:03.991] probe_binding_python       detect  (error, output present)
[2026-08-09 15:14:03.991] probe_binding_python       compat_predicted  (c4 cmp_abi: 1 substring(s))
[2026-08-09 15:14:03.991] probe_binding_python       contract_skipped  (c3 cmp_behavior: disabled in registry (blocked))
[2026-08-09 15:14:03.991] probe_binding_python       contract_skipped  (c7 api_sound_repack: disabled in registry (stubbed))
[2026-08-09 15:14:03.991] probe_binding_python       contract_skipped  (c8 cmp_api_faithfulness: disabled in registry (stubbed))
[2026-08-09 15:14:03.991] probe_binding_python       done  (expected failure confirmed (derived) [c4])
[2026-08-09 15:14:03.993] probe_binding_python_inspect  check_pre  (pass)
[2026-08-09 15:14:03.995] probe_binding_python_inspect  cmd  (LD_LIBRARY_PATH=$PWD/canary/examples/tiny/scenarios/_cache/mutate_lib_at_Sc.4.Python/workspace/c/build PYTHONPATH=canary/examples/tiny/scenarios/_cache/mutate_lib_at_Sc.4.Python/workspace/python_cext python3 canary/scripts/inspect_python.py --pkg tiny_cext --watchlist 'sum,diff,offset' > /home/red/code/research/tola/_out/canary/projects/tiny1/mutate_lib_at_Sc.4.Python/probe_binding/python/inspect_app-vendored-stable_lib-vendored-stable_ocaml_binding-vendored-stable_python_binding-vendored-stable_source-vendored-stable.json)
[2026-08-09 15:14:04.033] probe_binding_python_inspect  detect  (ok, output present)
[2026-08-09 15:14:04.033] probe_binding_python_inspect  check_post  (pass)
[2026-08-09 15:14:04.033] probe_binding_python_inspect  done
[2026-08-09 15:14:04.036] probe_lib                  check_pre  (pass)
[2026-08-09 15:14:04.038] probe_lib                  cmd  (nm -D canary/examples/tiny/scenarios/_cache/mutate_lib_at_Sc.4.Python/workspace/c/build/libtiny.so.2 | grep -E '^[0-9a-f]+ T tiny_' > /home/red/code/research/tola/_out/canary/projects/tiny1/mutate_lib_at_Sc.4.Python/probe_lib/probe_app-vendored-stable_lib-vendored-stable_ocaml_binding-vendored-stable_python_binding-vendored-stable_source-vendored-stable.log 2>&1)
[2026-08-09 15:14:04.084] probe_lib                  detect  (ok, output present)
[2026-08-09 15:14:04.084] probe_lib                  check_post  (pass)
[2026-08-09 15:14:04.084] probe_lib                  done
[2026-08-09 15:14:04.087] *                          graph_end  (13/13 completed)
[2026-08-09 15:14:04.088] *                          diagram  (_out/canary/projects/tiny1/mutate_lib_at_Sc.4.Python/-run/diagrams/all.mmd)
[2026-08-09 15:14:04.088] *                          diagram  (_out/canary/projects/tiny1/mutate_lib_at_Sc.4.Python/-run/diagrams/full.mmd)
[2026-08-09 15:14:04.088] *                          view  (lib (2 steps))
[2026-08-09 15:14:04.088] *                          view  (probes (5 steps))
[2026-08-09 15:14:04.089] *                          view  (binding_ocaml (4 steps))
[2026-08-09 15:14:04.089] *                          view  (binding_python (4 steps))
[2026-08-09 15:14:04.091] *                          html  (_out/canary/projects/tiny1/mutate_lib_at_Sc.4.Python/-run/result.html)
[2026-08-09 15:14:04.091] *                          index  (_out/canary/projects/index.html)
[2026-08-09 15:14:04.091] *                          invariant  (full.mmd: OK (13 nodes, 13 IDs))
[2026-08-09 15:14:04.092] !                          invariant  (binding_ocaml.mmd: missing [2])
[2026-08-09 15:14:04.092] !                          invariant  (SOME FAILED)
[2026-08-09 15:18:38.893] *                          variant_start  (app-vendored-stable_lib-vendored-stable_ocaml_binding-vendored-stable_python_binding-vendored-stable_source-vendored-stable)
[2026-08-09 15:18:38.893] *                          graph_start  (13 steps)
[2026-08-09 15:18:38.893] configure                  skip  (verdict marker (prior success))
[2026-08-09 15:18:38.893] scan_sources               skip  (verdict marker (prior success))
[2026-08-09 15:18:38.893] build_lib                  skip  (verdict marker (prior success))
[2026-08-09 15:18:38.893] build_lib_inspect          skip  (verdict marker (prior success))
[2026-08-09 15:18:38.893] build_binding_ocaml        skip  (verdict marker (prior success))
[2026-08-09 15:18:38.893] build_binding_ocaml_inspect  skip  (verdict marker (prior success))
[2026-08-09 15:18:38.893] probe_binding_ocaml        skip  (verdict marker (prior success))
[2026-08-09 15:18:38.893] probe_binding_ocaml_inspect  skip  (verdict marker (prior success))
[2026-08-09 15:18:38.893] build_binding_python       skip  (verdict marker (prior success))
[2026-08-09 15:18:38.893] build_binding_python_inspect  skip  (verdict marker (prior success))
[2026-08-09 15:18:38.893] probe_binding_python       skip  (verdict marker (prior xfail) [c4])
[2026-08-09 15:18:38.893] probe_binding_python_inspect  skip  (verdict marker (prior success))
[2026-08-09 15:18:38.893] probe_lib                  skip  (verdict marker (prior success))
[2026-08-09 15:18:38.893] *                          graph_end  (13/13 completed)
[2026-08-09 15:18:38.893] *                          diagram  (_out/canary/projects/tiny1/mutate_lib_at_Sc.4.Python/-run/diagrams/all.mmd)
[2026-08-09 15:18:38.893] *                          diagram  (_out/canary/projects/tiny1/mutate_lib_at_Sc.4.Python/-run/diagrams/full.mmd)
[2026-08-09 15:18:38.894] *                          view  (lib (2 steps))
[2026-08-09 15:18:38.894] *                          view  (probes (5 steps))
[2026-08-09 15:18:38.894] *                          view  (binding_ocaml (4 steps))
[2026-08-09 15:18:38.895] *                          view  (binding_python (4 steps))
[2026-08-09 15:18:38.896] *                          html  (_out/canary/projects/tiny1/mutate_lib_at_Sc.4.Python/-run/result.html)
[2026-08-09 15:18:38.897] *                          index  (_out/canary/projects/index.html)
[2026-08-09 15:18:38.897] *                          invariant  (full.mmd: OK (13 nodes, 13 IDs))
[2026-08-09 15:18:38.897] !                          invariant  (binding_ocaml.mmd: missing [2])
[2026-08-09 15:18:38.897] !                          invariant  (SOME FAILED)
