[2026-05-06 16:58:16.057] *                          graph_start  (7 steps)
[2026-05-06 16:58:16.057] *                          graph_end  (7/7 completed)
[2026-05-06 16:58:16.057] *                          diagram  (_out/canary/projects/sqlite/-run/diagrams/all.mmd)
[2026-05-06 16:58:16.057] *                          diagram  (_out/canary/projects/sqlite/-run/diagrams/full.mmd)
[2026-05-06 16:58:16.058] *                          view  (lib (1 steps))
[2026-05-06 16:58:16.058] *                          view  (probes (4 steps))
[2026-05-06 16:58:16.058] *                          view  (binding_ocaml (3 steps))
[2026-05-06 16:58:16.058] *                          view  (binding_python (3 steps))
[2026-05-06 16:58:16.059] *                          html  (_out/canary/projects/sqlite/-run/result.html)
[2026-05-06 16:58:16.060] *                          index  (_out/canary/projects/index.html)
[2026-05-06 16:58:16.060] !                          invariant  (full.mmd: connectivity errors:
  [5]→[6]: no edge A_fetch_binding_python→A_probe_binding_python
  [1]→[6]: no edge A_fetch_lib→A_probe_binding_python
  [2]→[3]: no edge A_fetch_binding_ocaml→A_probe_binding_ocaml
  [1]→[3]: no edge A_fetch_lib→A_probe_binding_ocaml)
[2026-05-06 16:58:16.060] !                          invariant  (SOME FAILED)
[2026-05-06 18:10:35.488] *                          graph_start  (7 steps)
[2026-05-06 18:10:35.489] probe_binding_ocaml_inspect  check_pre  (pass)
[2026-05-06 18:10:35.491] probe_binding_ocaml_inspect  cmd  (eval $(opam env)
PKG_DIR=$(ocamlfind query 'sqlite3' 2>/dev/null)
test -n "$PKG_DIR"
{ for f in "$PKG_DIR"/*.cmxa "$PKG_DIR"/*.cma; do
    [ -f "$f" ] && ocamlobjinfo "$f"
  done
} | python3 canary/scripts/inspect_ocaml.py --path 'sqlite3' --watchlist 'Sqlite3' \
  > /home/red/code/research/tola/_out/canary/projects/sqlite/probe_binding/ocaml/inspect.json)
[2026-05-06 18:10:35.552] probe_binding_ocaml_inspect  check_post  (pass)
[2026-05-06 18:10:35.552] probe_binding_ocaml_inspect  done
[2026-05-06 18:10:35.552] probe_binding_python_inspect  check_pre  (pass)
[2026-05-06 18:10:35.554] probe_binding_python_inspect  cmd  (python3 canary/scripts/inspect_python.py --pkg 'sqlite3' --watchlist 'connect,sqlite_version,sqlite_version_info,Connection,Cursor' > /home/red/code/research/tola/_out/canary/projects/sqlite/probe_binding/python/inspect.json)
[2026-05-06 18:10:35.589] probe_binding_python_inspect  check_post  (pass)
[2026-05-06 18:10:35.589] probe_binding_python_inspect  done
[2026-05-06 18:10:35.589] *                          graph_end  (7/7 completed)
[2026-05-06 18:10:35.590] *                          diagram  (_out/canary/projects/sqlite/-run/diagrams/all.mmd)
[2026-05-06 18:10:35.590] *                          diagram  (_out/canary/projects/sqlite/-run/diagrams/full.mmd)
[2026-05-06 18:10:35.590] *                          view  (lib (1 steps))
[2026-05-06 18:10:35.590] *                          view  (probes (4 steps))
[2026-05-06 18:10:35.590] *                          view  (binding_ocaml (3 steps))
[2026-05-06 18:10:35.590] *                          view  (binding_python (3 steps))
[2026-05-06 18:10:35.592] *                          html  (_out/canary/projects/sqlite/-run/result.html)
[2026-05-06 18:10:35.593] *                          index  (_out/canary/projects/index.html)
[2026-05-06 18:10:35.593] !                          invariant  (full.mmd: connectivity errors:
  [5]→[6]: no edge A_fetch_binding_python→A_probe_binding_python
  [1]→[6]: no edge A_fetch_lib→A_probe_binding_python
  [2]→[3]: no edge A_fetch_binding_ocaml→A_probe_binding_ocaml
  [1]→[3]: no edge A_fetch_lib→A_probe_binding_ocaml)
[2026-05-06 18:10:35.593] !                          invariant  (SOME FAILED)
