[2026-08-09 15:13:47.624] *                          variant_start  (app-vendored-stable_lib-vendored-stable_ocaml_binding-vendored-stable_python_binding-vendored-stable_source-vendored-stable)
[2026-08-09 15:13:47.624] *                          graph_start  (13 steps)
[2026-08-09 15:13:47.624] configure                  check_pre  (pass)
[2026-08-09 15:13:47.626] configure                  cmd  (test -d canary/examples/tiny/scenarios/_cache/abi_soname_bump/workspace/c/build || { echo 'lib_dir missing: canary/examples/tiny/scenarios/_cache/abi_soname_bump/workspace/c/build'; exit 1; } && echo 'ok' > /home/red/code/research/tola/_out/canary/projects/tiny1/abi_soname_bump/configure/conf_app-vendored-stable_lib-vendored-stable_ocaml_binding-vendored-stable_python_binding-vendored-stable_source-vendored-stable.ok)
[2026-08-09 15:13:47.627] configure                  detect  (ok, output present)
[2026-08-09 15:13:47.627] configure                  check_post  (pass)
[2026-08-09 15:13:47.627] configure                  done
[2026-08-09 15:13:47.629] scan_sources               check_pre  (pass)
[2026-08-09 15:13:47.631] scan_sources               cmd  (python3 canary/scripts/inspect_tiny_typed.py --layer header --path canary/examples/tiny/scenarios/_cache/abi_soname_bump/workspace/c/include/tiny.h > /home/red/code/research/tola/_out/canary/projects/tiny1/abi_soname_bump/scan_sources/inspect_typed_header_app-vendored-stable_lib-vendored-stable_ocaml_binding-vendored-stable_python_binding-vendored-stable_source-vendored-stable.json && python3 canary/scripts/inspect_tiny_typed.py --layer stub_ocaml --path canary/examples/tiny/scenarios/_cache/abi_soname_bump/workspace/ocaml/tiny_raw.mli > /home/red/code/research/tola/_out/canary/projects/tiny1/abi_soname_bump/scan_sources/inspect_typed_binding_stub_ocaml_app-vendored-stable_lib-vendored-stable_ocaml_binding-vendored-stable_python_binding-vendored-stable_source-vendored-stable.json && python3 canary/scripts/inspect_tiny_typed.py --layer user_ocaml --path canary/examples/tiny/scenarios/_cache/abi_soname_bump/workspace/ocaml/tiny.mli > /home/red/code/research/tola/_out/canary/projects/tiny1/abi_soname_bump/scan_sources/inspect_typed_binding_user_ocaml_app-vendored-stable_lib-vendored-stable_ocaml_binding-vendored-stable_python_binding-vendored-stable_source-vendored-stable.json && python3 canary/scripts/inspect_tiny_typed.py --layer stub_python --path canary/examples/tiny/scenarios/_cache/abi_soname_bump/workspace/python_cext/tiny_cext/_native.c > /home/red/code/research/tola/_out/canary/projects/tiny1/abi_soname_bump/scan_sources/inspect_typed_binding_stub_python_app-vendored-stable_lib-vendored-stable_ocaml_binding-vendored-stable_python_binding-vendored-stable_source-vendored-stable.json && python3 canary/scripts/inspect_tiny_typed.py --layer user_python --path canary/examples/tiny/scenarios/_cache/abi_soname_bump/workspace/python_cext/tiny_cext/__init__.py > /home/red/code/research/tola/_out/canary/projects/tiny1/abi_soname_bump/scan_sources/inspect_typed_binding_user_python_app-vendored-stable_lib-vendored-stable_ocaml_binding-vendored-stable_python_binding-vendored-stable_source-vendored-stable.json && echo 'ok' > /home/red/code/research/tola/_out/canary/projects/tiny1/abi_soname_bump/scan_sources/scan_app-vendored-stable_lib-vendored-stable_ocaml_binding-vendored-stable_python_binding-vendored-stable_source-vendored-stable.ok)
[2026-08-09 15:13:47.800] scan_sources               detect  (ok, output present)
[2026-08-09 15:13:47.800] scan_sources               check_post  (pass)
[2026-08-09 15:13:47.800] scan_sources               done
[2026-08-09 15:13:47.802] build_lib                  check_pre  (pass)
[2026-08-09 15:13:47.804] build_lib                  cmd  (test -f canary/examples/tiny/scenarios/_cache/abi_soname_bump/workspace/c/build/libtiny.so.2 || { mkdir -p canary/examples/tiny/scenarios/_cache/abi_soname_bump/workspace/c/build && gcc -c -fPIC -Icanary/examples/tiny/scenarios/_cache/abi_soname_bump/workspace/c/include canary/examples/tiny/scenarios/_cache/abi_soname_bump/workspace/c/src/tiny.c -o canary/examples/tiny/scenarios/_cache/abi_soname_bump/workspace/c/build/tiny.o && gcc -shared -fPIC -Wl,-soname,libtiny.so.1 -Wl,--version-script=canary/examples/tiny/scenarios/_cache/abi_soname_bump/workspace/c/tiny.map canary/examples/tiny/scenarios/_cache/abi_soname_bump/workspace/c/build/tiny.o -o canary/examples/tiny/scenarios/_cache/abi_soname_bump/workspace/c/build/libtiny.so.1.0 && ln -sf libtiny.so.1.0 canary/examples/tiny/scenarios/_cache/abi_soname_bump/workspace/c/build/libtiny.so.1 && ln -sf libtiny.so.1 canary/examples/tiny/scenarios/_cache/abi_soname_bump/workspace/c/build/libtiny.so ; } && echo 'ok' > /home/red/code/research/tola/_out/canary/projects/tiny1/abi_soname_bump/build_lib/build_app-vendored-stable_lib-vendored-stable_ocaml_binding-vendored-stable_python_binding-vendored-stable_source-vendored-stable.ok)
[2026-08-09 15:13:47.805] build_lib                  detect  (ok, output present)
[2026-08-09 15:13:47.805] build_lib                  check_post  (pass)
[2026-08-09 15:13:47.805] build_lib                  done
[2026-08-09 15:13:47.807] build_lib_inspect          check_pre  (pass)
[2026-08-09 15:13:47.808] build_lib_inspect          cmd  (nm -D "canary/examples/tiny/scenarios/_cache/abi_soname_bump/workspace/c/build/libtiny.so.2" 2>/dev/null \
  | python3 canary/scripts/inspect_native.py --emit-symbols --elf --path "canary/examples/tiny/scenarios/_cache/abi_soname_bump/workspace/c/build/libtiny.so.2" --prefixes 'tiny_' --watchlist 'tiny_sum,tiny_diff,tiny_offset' \
  > /home/red/code/research/tola/_out/canary/projects/tiny1/abi_soname_bump/build_lib/inspect_app-vendored-stable_lib-vendored-stable_ocaml_binding-vendored-stable_python_binding-vendored-stable_source-vendored-stable.json)
[2026-08-09 15:13:47.859] build_lib_inspect          detect  (ok, output present)
[2026-08-09 15:13:47.859] build_lib_inspect          check_post  (pass)
[2026-08-09 15:13:47.859] build_lib_inspect          done
[2026-08-09 15:13:47.861] build_binding_ocaml        check_pre  (pass)
[2026-08-09 15:13:47.864] build_binding_ocaml        cmd  ((LIBRARY_PATH=$PWD/canary/examples/tiny/scenarios/_cache/abi_soname_bump/workspace/c/build LD_RUN_PATH=$PWD/canary/examples/tiny/scenarios/_cache/abi_soname_bump/workspace/c/build dune build --root canary/examples/tiny/scenarios/_cache/abi_soname_bump/workspace ocaml/tiny.cmxa ocaml/libtiny_stubs.a) > /home/red/code/research/tola/_out/canary/projects/tiny1/abi_soname_bump/build_binding/ocaml/build_app-vendored-stable_lib-vendored-stable_ocaml_binding-vendored-stable_python_binding-vendored-stable_source-vendored-stable.log 2>&1 && echo 'ok' > /home/red/code/research/tola/_out/canary/projects/tiny1/abi_soname_bump/build_binding/ocaml/build_app-vendored-stable_lib-vendored-stable_ocaml_binding-vendored-stable_python_binding-vendored-stable_source-vendored-stable.ok)
[2026-08-09 15:13:47.900] build_binding_ocaml        detect  (ok, output present)
[2026-08-09 15:13:47.900] build_binding_ocaml        compat_predicted  (no contract fired)
[2026-08-09 15:13:47.900] build_binding_ocaml        contract_skipped  (c3 cmp_behavior: disabled in registry (blocked))
[2026-08-09 15:13:47.900] build_binding_ocaml        contract_skipped  (c7 api_sound_repack: disabled in registry (stubbed))
[2026-08-09 15:13:47.900] build_binding_ocaml        contract_skipped  (c8 cmp_api_faithfulness: disabled in registry (stubbed))
[2026-08-09 15:13:47.900] build_binding_ocaml        done  (no compat failure predicted; success expected)
[2026-08-09 15:13:47.902] build_binding_ocaml_inspect  check_pre  (pass)
[2026-08-09 15:13:47.904] build_binding_ocaml_inspect  cmd  (python3 canary/scripts/inspect_binding.py --kind stub --path canary/examples/tiny/scenarios/_cache/abi_soname_bump/workspace/_build/default/ocaml/libtiny_stubs.a --prefix tiny_ > /home/red/code/research/tola/_out/canary/projects/tiny1/abi_soname_bump/build_binding/ocaml/inspect_app-vendored-stable_lib-vendored-stable_ocaml_binding-vendored-stable_python_binding-vendored-stable_source-vendored-stable.json && python3 canary/scripts/inspect_binding.py --kind mli --module-prefix Tiny --path canary/examples/tiny/scenarios/_cache/abi_soname_bump/workspace/ocaml/tiny.mli --watchlist 'Tiny,Tiny.sum,Tiny.diff,Tiny.offset' > /home/red/code/research/tola/_out/canary/projects/tiny1/abi_soname_bump/build_binding/ocaml/inspect_mli_app-vendored-stable_lib-vendored-stable_ocaml_binding-vendored-stable_python_binding-vendored-stable_source-vendored-stable.json)
[2026-08-09 15:13:48.021] build_binding_ocaml_inspect  detect  (ok, output present)
[2026-08-09 15:13:48.021] build_binding_ocaml_inspect  check_post  (pass)
[2026-08-09 15:13:48.021] build_binding_ocaml_inspect  done
[2026-08-09 15:13:48.024] probe_binding_ocaml        check_pre  (pass)
[2026-08-09 15:13:48.026] probe_binding_ocaml        cmd  ((LIBRARY_PATH=$PWD/canary/examples/tiny/scenarios/_cache/abi_soname_bump/workspace/c/build LD_RUN_PATH=$PWD/canary/examples/tiny/scenarios/_cache/abi_soname_bump/workspace/c/build dune build --root canary/examples/tiny/scenarios/_cache/abi_soname_bump/workspace ocaml/examples/probe_baseline.exe && LD_LIBRARY_PATH=$PWD/canary/examples/tiny/scenarios/_cache/abi_soname_bump/workspace/c/build canary/examples/tiny/scenarios/_cache/abi_soname_bump/workspace/_build/default/ocaml/examples/probe_baseline.exe) > /home/red/code/research/tola/_out/canary/projects/tiny1/abi_soname_bump/probe_binding/ocaml/probe_app-vendored-stable_lib-vendored-stable_ocaml_binding-vendored-stable_python_binding-vendored-stable_source-vendored-stable.log 2>&1)
[2026-08-09 15:13:48.065] probe_binding_ocaml        detect  (ok, output present)
[2026-08-09 15:13:48.066] probe_binding_ocaml        compat_predicted  (no contract fired)
[2026-08-09 15:13:48.066] probe_binding_ocaml        contract_skipped  (c3 cmp_behavior: disabled in registry (blocked))
[2026-08-09 15:13:48.066] probe_binding_ocaml        contract_skipped  (c7 api_sound_repack: disabled in registry (stubbed))
[2026-08-09 15:13:48.066] probe_binding_ocaml        contract_skipped  (c8 cmp_api_faithfulness: disabled in registry (stubbed))
[2026-08-09 15:13:48.066] probe_binding_ocaml        done  (no compat failure predicted; success expected)
[2026-08-09 15:13:48.068] probe_binding_ocaml_inspect  check_pre  (pass)
[2026-08-09 15:13:48.069] probe_binding_ocaml_inspect  cmd  (python3 canary/scripts/inspect_binding.py --kind mli --module-prefix Tiny --path canary/examples/tiny/scenarios/_cache/abi_soname_bump/workspace/ocaml/tiny.mli --watchlist 'Tiny,Tiny.sum,Tiny.diff,Tiny.offset' > /home/red/code/research/tola/_out/canary/projects/tiny1/abi_soname_bump/probe_binding/ocaml/inspect_app-vendored-stable_lib-vendored-stable_ocaml_binding-vendored-stable_python_binding-vendored-stable_source-vendored-stable.json)
[2026-08-09 15:13:48.109] probe_binding_ocaml_inspect  detect  (ok, output present)
[2026-08-09 15:13:48.109] probe_binding_ocaml_inspect  check_post  (pass)
[2026-08-09 15:13:48.109] probe_binding_ocaml_inspect  done
[2026-08-09 15:13:48.111] build_binding_python       check_pre  (pass)
[2026-08-09 15:13:48.114] build_binding_python       cmd  (ls canary/examples/tiny/scenarios/_cache/abi_soname_bump/workspace/python_cext/tiny_cext/_native.cpython-*.so > /dev/null && echo 'ok' > /home/red/code/research/tola/_out/canary/projects/tiny1/abi_soname_bump/build_binding/python/build_app-vendored-stable_lib-vendored-stable_ocaml_binding-vendored-stable_python_binding-vendored-stable_source-vendored-stable.ok)
[2026-08-09 15:13:48.116] build_binding_python       detect  (ok, output present)
[2026-08-09 15:13:48.116] build_binding_python       check_post  (pass)
[2026-08-09 15:13:48.116] build_binding_python       done
[2026-08-09 15:13:48.118] build_binding_python_inspect  check_pre  (pass)
[2026-08-09 15:13:48.119] build_binding_python_inspect  cmd  (python3 canary/scripts/inspect_binding.py --kind stub --path canary/examples/tiny/scenarios/_cache/abi_soname_bump/workspace/python_cext/tiny_cext/_native.cpython-*.so --prefix tiny_ > /home/red/code/research/tola/_out/canary/projects/tiny1/abi_soname_bump/build_binding/python/inspect_app-vendored-stable_lib-vendored-stable_ocaml_binding-vendored-stable_python_binding-vendored-stable_source-vendored-stable.json && LD_LIBRARY_PATH=$PWD/canary/examples/tiny/scenarios/_cache/abi_soname_bump/workspace/c/build PYTHONPATH=canary/examples/tiny/scenarios/_cache/abi_soname_bump/workspace/python_cext python3 canary/scripts/inspect_python.py --pkg tiny_cext --watchlist 'sum,diff,offset' > /home/red/code/research/tola/_out/canary/projects/tiny1/abi_soname_bump/build_binding/python/inspect_attrs_app-vendored-stable_lib-vendored-stable_ocaml_binding-vendored-stable_python_binding-vendored-stable_source-vendored-stable.json)
[2026-08-09 15:13:48.236] build_binding_python_inspect  detect  (ok, output present)
[2026-08-09 15:13:48.236] build_binding_python_inspect  check_post  (pass)
[2026-08-09 15:13:48.236] build_binding_python_inspect  done
[2026-08-09 15:13:48.239] probe_binding_python       check_pre  (pass)
[2026-08-09 15:13:48.241] probe_binding_python       cmd  (LD_LIBRARY_PATH=$PWD/canary/examples/tiny/scenarios/_cache/abi_soname_bump/workspace/c/build PYTHONPATH=canary/examples/tiny/scenarios/_cache/abi_soname_bump/workspace/python_cext python3 canary/examples/tiny/scenarios/_cache/abi_soname_bump/workspace/python_cext/examples/probe_baseline.py > /home/red/code/research/tola/_out/canary/projects/tiny1/abi_soname_bump/probe_binding/python/probe_app-vendored-stable_lib-vendored-stable_ocaml_binding-vendored-stable_python_binding-vendored-stable_source-vendored-stable.log 2>&1)
[2026-08-09 15:13:48.272] probe_binding_python       cmd_fail  (exit 1)
[2026-08-09 15:13:48.272] probe_binding_python       detect  (error, output present)
[2026-08-09 15:13:48.272] probe_binding_python       compat_predicted  (c4 cmp_abi: 1 substring(s))
[2026-08-09 15:13:48.272] probe_binding_python       contract_skipped  (c3 cmp_behavior: disabled in registry (blocked))
[2026-08-09 15:13:48.272] probe_binding_python       contract_skipped  (c7 api_sound_repack: disabled in registry (stubbed))
[2026-08-09 15:13:48.272] probe_binding_python       contract_skipped  (c8 cmp_api_faithfulness: disabled in registry (stubbed))
[2026-08-09 15:13:48.272] probe_binding_python       done  (expected failure confirmed (derived) [c4])
[2026-08-09 15:13:48.274] probe_binding_python_inspect  check_pre  (pass)
[2026-08-09 15:13:48.276] probe_binding_python_inspect  cmd  (LD_LIBRARY_PATH=$PWD/canary/examples/tiny/scenarios/_cache/abi_soname_bump/workspace/c/build PYTHONPATH=canary/examples/tiny/scenarios/_cache/abi_soname_bump/workspace/python_cext python3 canary/scripts/inspect_python.py --pkg tiny_cext --watchlist 'sum,diff,offset' > /home/red/code/research/tola/_out/canary/projects/tiny1/abi_soname_bump/probe_binding/python/inspect_app-vendored-stable_lib-vendored-stable_ocaml_binding-vendored-stable_python_binding-vendored-stable_source-vendored-stable.json)
[2026-08-09 15:13:48.310] probe_binding_python_inspect  detect  (ok, output present)
[2026-08-09 15:13:48.310] probe_binding_python_inspect  check_post  (pass)
[2026-08-09 15:13:48.310] probe_binding_python_inspect  done
[2026-08-09 15:13:48.313] probe_lib                  check_pre  (pass)
[2026-08-09 15:13:48.315] probe_lib                  cmd  (nm -D canary/examples/tiny/scenarios/_cache/abi_soname_bump/workspace/c/build/libtiny.so.2 | grep -E '^[0-9a-f]+ T tiny_' > /home/red/code/research/tola/_out/canary/projects/tiny1/abi_soname_bump/probe_lib/probe_app-vendored-stable_lib-vendored-stable_ocaml_binding-vendored-stable_python_binding-vendored-stable_source-vendored-stable.log 2>&1)
[2026-08-09 15:13:48.357] probe_lib                  detect  (ok, output present)
[2026-08-09 15:13:48.357] probe_lib                  check_post  (pass)
[2026-08-09 15:13:48.357] probe_lib                  done
[2026-08-09 15:13:48.359] *                          graph_end  (13/13 completed)
[2026-08-09 15:13:48.360] *                          diagram  (_out/canary/projects/tiny1/abi_soname_bump/-run/diagrams/all.mmd)
[2026-08-09 15:13:48.360] *                          diagram  (_out/canary/projects/tiny1/abi_soname_bump/-run/diagrams/full.mmd)
[2026-08-09 15:13:48.360] *                          view  (lib (2 steps))
[2026-08-09 15:13:48.360] *                          view  (probes (5 steps))
[2026-08-09 15:13:48.360] *                          view  (binding_ocaml (4 steps))
[2026-08-09 15:13:48.361] *                          view  (binding_python (4 steps))
[2026-08-09 15:13:48.362] *                          html  (_out/canary/projects/tiny1/abi_soname_bump/-run/result.html)
[2026-08-09 15:13:48.363] *                          index  (_out/canary/projects/index.html)
[2026-08-09 15:13:48.363] *                          invariant  (full.mmd: OK (13 nodes, 13 IDs))
[2026-08-09 15:13:48.363] !                          invariant  (binding_ocaml.mmd: missing [2])
[2026-08-09 15:13:48.363] !                          invariant  (SOME FAILED)
[2026-08-09 15:18:31.175] *                          variant_start  (app-vendored-stable_lib-vendored-stable_ocaml_binding-vendored-stable_python_binding-vendored-stable_source-vendored-stable)
[2026-08-09 15:18:31.175] *                          graph_start  (13 steps)
[2026-08-09 15:18:31.175] configure                  skip  (verdict marker (prior success))
[2026-08-09 15:18:31.175] scan_sources               skip  (verdict marker (prior success))
[2026-08-09 15:18:31.175] build_lib                  skip  (verdict marker (prior success))
[2026-08-09 15:18:31.175] build_lib_inspect          skip  (verdict marker (prior success))
[2026-08-09 15:18:31.175] build_binding_ocaml        skip  (verdict marker (prior success))
[2026-08-09 15:18:31.175] build_binding_ocaml_inspect  skip  (verdict marker (prior success))
[2026-08-09 15:18:31.175] probe_binding_ocaml        skip  (verdict marker (prior success))
[2026-08-09 15:18:31.175] probe_binding_ocaml_inspect  skip  (verdict marker (prior success))
[2026-08-09 15:18:31.175] build_binding_python       skip  (verdict marker (prior success))
[2026-08-09 15:18:31.176] build_binding_python_inspect  skip  (verdict marker (prior success))
[2026-08-09 15:18:31.176] probe_binding_python       skip  (verdict marker (prior xfail) [c4])
[2026-08-09 15:18:31.176] probe_binding_python_inspect  skip  (verdict marker (prior success))
[2026-08-09 15:18:31.176] probe_lib                  skip  (verdict marker (prior success))
[2026-08-09 15:18:31.176] *                          graph_end  (13/13 completed)
[2026-08-09 15:18:31.176] *                          diagram  (_out/canary/projects/tiny1/abi_soname_bump/-run/diagrams/all.mmd)
[2026-08-09 15:18:31.176] *                          diagram  (_out/canary/projects/tiny1/abi_soname_bump/-run/diagrams/full.mmd)
[2026-08-09 15:18:31.176] *                          view  (lib (2 steps))
[2026-08-09 15:18:31.176] *                          view  (probes (5 steps))
[2026-08-09 15:18:31.177] *                          view  (binding_ocaml (4 steps))
[2026-08-09 15:18:31.178] *                          view  (binding_python (4 steps))
[2026-08-09 15:18:31.179] *                          html  (_out/canary/projects/tiny1/abi_soname_bump/-run/result.html)
[2026-08-09 15:18:31.179] *                          index  (_out/canary/projects/index.html)
[2026-08-09 15:18:31.179] *                          invariant  (full.mmd: OK (13 nodes, 13 IDs))
[2026-08-09 15:18:31.179] !                          invariant  (binding_ocaml.mmd: missing [2])
[2026-08-09 15:18:31.180] !                          invariant  (SOME FAILED)
[2026-08-12 13:23:47.594] *                          variant_start  (source-vendored-stable_lib-vendored-stable_ocaml_binding-vendored-stable_python_binding-vendored-stable_python_binding-vendored-stable_app-vendored-stable_app-vendored-stable)
[2026-08-12 13:23:47.595] *                          graph_start  (13 steps)
[2026-08-12 13:23:47.595] configure                  check_pre  (pass)
[2026-08-12 13:23:47.597] configure                  cmd  (test -d canary/examples/tiny/scenarios/_cache/abi_soname_bump/workspace/c/build || { echo 'lib_dir missing: canary/examples/tiny/scenarios/_cache/abi_soname_bump/workspace/c/build'; exit 1; } && echo 'ok' > /home/red/code/research/tola/_out/canary/projects/tiny1/abi_soname_bump/configure/conf_source-vendored-stable_lib-vendored-stable_ocaml_binding-vendored-stable_python_binding-vendored-stable_python_binding-vendored-stable_app-vendored-stable_app-vendored-stable.ok)
[2026-08-12 13:23:47.598] configure                  detect  (ok, output present)
[2026-08-12 13:23:47.598] configure                  check_post  (pass)
[2026-08-12 13:23:47.598] configure                  done
[2026-08-12 13:23:47.599] scan_sources               check_pre  (pass)
[2026-08-12 13:23:47.601] scan_sources               cmd  (python3 canary/scripts/inspect_tiny_typed.py --layer header --path canary/examples/tiny/scenarios/_cache/abi_soname_bump/workspace/c/include/tiny.h > /home/red/code/research/tola/_out/canary/projects/tiny1/abi_soname_bump/scan_sources/inspect_typed_header_source-vendored-stable_lib-vendored-stable_ocaml_binding-vendored-stable_python_binding-vendored-stable_python_binding-vendored-stable_app-vendored-stable_app-vendored-stable.json && python3 canary/scripts/inspect_tiny_typed.py --layer stub_ocaml --path canary/examples/tiny/scenarios/_cache/abi_soname_bump/workspace/ocaml/tiny_raw.mli > /home/red/code/research/tola/_out/canary/projects/tiny1/abi_soname_bump/scan_sources/inspect_typed_binding_stub_ocaml_source-vendored-stable_lib-vendored-stable_ocaml_binding-vendored-stable_python_binding-vendored-stable_python_binding-vendored-stable_app-vendored-stable_app-vendored-stable.json && python3 canary/scripts/inspect_tiny_typed.py --layer user_ocaml --path canary/examples/tiny/scenarios/_cache/abi_soname_bump/workspace/ocaml/tiny.mli > /home/red/code/research/tola/_out/canary/projects/tiny1/abi_soname_bump/scan_sources/inspect_typed_binding_user_ocaml_source-vendored-stable_lib-vendored-stable_ocaml_binding-vendored-stable_python_binding-vendored-stable_python_binding-vendored-stable_app-vendored-stable_app-vendored-stable.json && python3 canary/scripts/inspect_tiny_typed.py --layer stub_python --path canary/examples/tiny/scenarios/_cache/abi_soname_bump/workspace/python_cext/tiny_cext/_native.c > /home/red/code/research/tola/_out/canary/projects/tiny1/abi_soname_bump/scan_sources/inspect_typed_binding_stub_python_source-vendored-stable_lib-vendored-stable_ocaml_binding-vendored-stable_python_binding-vendored-stable_python_binding-vendored-stable_app-vendored-stable_app-vendored-stable.json && python3 canary/scripts/inspect_tiny_typed.py --layer user_python --path canary/examples/tiny/scenarios/_cache/abi_soname_bump/workspace/python_cext/tiny_cext/__init__.py > /home/red/code/research/tola/_out/canary/projects/tiny1/abi_soname_bump/scan_sources/inspect_typed_binding_user_python_source-vendored-stable_lib-vendored-stable_ocaml_binding-vendored-stable_python_binding-vendored-stable_python_binding-vendored-stable_app-vendored-stable_app-vendored-stable.json && echo 'ok' > /home/red/code/research/tola/_out/canary/projects/tiny1/abi_soname_bump/scan_sources/scan_source-vendored-stable_lib-vendored-stable_ocaml_binding-vendored-stable_python_binding-vendored-stable_python_binding-vendored-stable_app-vendored-stable_app-vendored-stable.ok)
[2026-08-12 13:23:47.764] scan_sources               detect  (ok, output present)
[2026-08-12 13:23:47.764] scan_sources               check_post  (pass)
[2026-08-12 13:23:47.764] scan_sources               done
[2026-08-12 13:23:47.766] build_lib                  check_pre  (pass)
[2026-08-12 13:23:47.767] build_lib                  cmd  (test -f canary/examples/tiny/scenarios/_cache/abi_soname_bump/workspace/c/build/libtiny.so.2 || { mkdir -p canary/examples/tiny/scenarios/_cache/abi_soname_bump/workspace/c/build && gcc -c -fPIC -Icanary/examples/tiny/scenarios/_cache/abi_soname_bump/workspace/c/include canary/examples/tiny/scenarios/_cache/abi_soname_bump/workspace/c/src/tiny.c -o canary/examples/tiny/scenarios/_cache/abi_soname_bump/workspace/c/build/tiny.o && gcc -shared -fPIC -Wl,-soname,libtiny.so.1 -Wl,--version-script=canary/examples/tiny/scenarios/_cache/abi_soname_bump/workspace/c/tiny.map canary/examples/tiny/scenarios/_cache/abi_soname_bump/workspace/c/build/tiny.o -o canary/examples/tiny/scenarios/_cache/abi_soname_bump/workspace/c/build/libtiny.so.1.0 && ln -sf libtiny.so.1.0 canary/examples/tiny/scenarios/_cache/abi_soname_bump/workspace/c/build/libtiny.so.1 && ln -sf libtiny.so.1 canary/examples/tiny/scenarios/_cache/abi_soname_bump/workspace/c/build/libtiny.so ; } && echo 'ok' > /home/red/code/research/tola/_out/canary/projects/tiny1/abi_soname_bump/build_lib/build_source-vendored-stable_lib-vendored-stable_ocaml_binding-vendored-stable_python_binding-vendored-stable_python_binding-vendored-stable_app-vendored-stable_app-vendored-stable.ok)
[2026-08-12 13:23:47.768] build_lib                  detect  (ok, output present)
[2026-08-12 13:23:47.768] build_lib                  check_post  (pass)
[2026-08-12 13:23:47.768] build_lib                  done
[2026-08-12 13:23:47.770] build_lib_inspect          check_pre  (pass)
[2026-08-12 13:23:47.772] build_lib_inspect          cmd  (nm -D "canary/examples/tiny/scenarios/_cache/abi_soname_bump/workspace/c/build/libtiny.so.2" 2>/dev/null \
  | python3 canary/scripts/inspect_native.py --emit-symbols --elf --path "canary/examples/tiny/scenarios/_cache/abi_soname_bump/workspace/c/build/libtiny.so.2" --prefixes 'tiny_' --watchlist 'tiny_sum,tiny_diff,tiny_offset' \
  > /home/red/code/research/tola/_out/canary/projects/tiny1/abi_soname_bump/build_lib/inspect_source-vendored-stable_lib-vendored-stable_ocaml_binding-vendored-stable_python_binding-vendored-stable_python_binding-vendored-stable_app-vendored-stable_app-vendored-stable.json)
[2026-08-12 13:23:47.819] build_lib_inspect          detect  (ok, output present)
[2026-08-12 13:23:47.819] build_lib_inspect          check_post  (pass)
[2026-08-12 13:23:47.819] build_lib_inspect          done
[2026-08-12 13:23:47.821] build_binding_ocaml        check_pre  (pass)
[2026-08-12 13:23:47.823] build_binding_ocaml        cmd  ((LIBRARY_PATH=$PWD/canary/examples/tiny/scenarios/_cache/abi_soname_bump/workspace/c/build LD_RUN_PATH=$PWD/canary/examples/tiny/scenarios/_cache/abi_soname_bump/workspace/c/build dune build --root canary/examples/tiny/scenarios/_cache/abi_soname_bump/workspace ocaml/tiny.cmxa ocaml/libtiny_stubs.a) > /home/red/code/research/tola/_out/canary/projects/tiny1/abi_soname_bump/build_binding/ocaml/build_source-vendored-stable_lib-vendored-stable_ocaml_binding-vendored-stable_python_binding-vendored-stable_python_binding-vendored-stable_app-vendored-stable_app-vendored-stable.log 2>&1 && echo 'ok' > /home/red/code/research/tola/_out/canary/projects/tiny1/abi_soname_bump/build_binding/ocaml/build_source-vendored-stable_lib-vendored-stable_ocaml_binding-vendored-stable_python_binding-vendored-stable_python_binding-vendored-stable_app-vendored-stable_app-vendored-stable.ok)
[2026-08-12 13:23:47.851] build_binding_ocaml        detect  (ok, output present)
[2026-08-12 13:23:47.851] build_binding_ocaml        compat_predicted  (no contract fired)
[2026-08-12 13:23:47.851] build_binding_ocaml        contract_skipped  (c3 cmp_behavior: disabled in registry (blocked))
[2026-08-12 13:23:47.851] build_binding_ocaml        contract_skipped  (c7 api_sound_repack: disabled in registry (stubbed))
[2026-08-12 13:23:47.851] build_binding_ocaml        contract_skipped  (c8 cmp_api_faithfulness: disabled in registry (stubbed))
[2026-08-12 13:23:47.851] build_binding_ocaml        done  (no compat failure predicted; success expected)
[2026-08-12 13:23:47.853] build_binding_ocaml_inspect  check_pre  (pass)
[2026-08-12 13:23:47.855] build_binding_ocaml_inspect  cmd  (python3 canary/scripts/inspect_binding.py --kind stub --path canary/examples/tiny/scenarios/_cache/abi_soname_bump/workspace/_build/default/ocaml/libtiny_stubs.a --prefix tiny_ > /home/red/code/research/tola/_out/canary/projects/tiny1/abi_soname_bump/build_binding/ocaml/inspect_source-vendored-stable_lib-vendored-stable_ocaml_binding-vendored-stable_python_binding-vendored-stable_python_binding-vendored-stable_app-vendored-stable_app-vendored-stable.json && python3 canary/scripts/inspect_binding.py --kind mli --module-prefix Tiny --path canary/examples/tiny/scenarios/_cache/abi_soname_bump/workspace/ocaml/tiny.mli --watchlist 'Tiny,Tiny.sum,Tiny.diff,Tiny.offset' > /home/red/code/research/tola/_out/canary/projects/tiny1/abi_soname_bump/build_binding/ocaml/inspect_mli_source-vendored-stable_lib-vendored-stable_ocaml_binding-vendored-stable_python_binding-vendored-stable_python_binding-vendored-stable_app-vendored-stable_app-vendored-stable.json)
[2026-08-12 13:23:47.968] build_binding_ocaml_inspect  detect  (ok, output present)
[2026-08-12 13:23:47.968] build_binding_ocaml_inspect  check_post  (pass)
[2026-08-12 13:23:47.968] build_binding_ocaml_inspect  done
[2026-08-12 13:23:47.970] probe_binding_ocaml        check_pre  (pass)
[2026-08-12 13:23:47.972] probe_binding_ocaml        cmd  ((LIBRARY_PATH=$PWD/canary/examples/tiny/scenarios/_cache/abi_soname_bump/workspace/c/build LD_RUN_PATH=$PWD/canary/examples/tiny/scenarios/_cache/abi_soname_bump/workspace/c/build dune build --root canary/examples/tiny/scenarios/_cache/abi_soname_bump/workspace ocaml/examples/probe_baseline.exe && LD_LIBRARY_PATH=$PWD/canary/examples/tiny/scenarios/_cache/abi_soname_bump/workspace/c/build canary/examples/tiny/scenarios/_cache/abi_soname_bump/workspace/_build/default/ocaml/examples/probe_baseline.exe) > /home/red/code/research/tola/_out/canary/projects/tiny1/abi_soname_bump/probe_binding/ocaml/probe_source-vendored-stable_lib-vendored-stable_ocaml_binding-vendored-stable_python_binding-vendored-stable_python_binding-vendored-stable_app-vendored-stable_app-vendored-stable.log 2>&1)
[2026-08-12 13:23:48.001] probe_binding_ocaml        detect  (ok, output present)
[2026-08-12 13:23:48.002] probe_binding_ocaml        compat_predicted  (no contract fired)
[2026-08-12 13:23:48.002] probe_binding_ocaml        contract_skipped  (c3 cmp_behavior: disabled in registry (blocked))
[2026-08-12 13:23:48.002] probe_binding_ocaml        contract_skipped  (c7 api_sound_repack: disabled in registry (stubbed))
[2026-08-12 13:23:48.002] probe_binding_ocaml        contract_skipped  (c8 cmp_api_faithfulness: disabled in registry (stubbed))
[2026-08-12 13:23:48.002] probe_binding_ocaml        done  (no compat failure predicted; success expected)
[2026-08-12 13:23:48.003] probe_binding_ocaml_inspect  check_pre  (pass)
[2026-08-12 13:23:48.005] probe_binding_ocaml_inspect  cmd  (python3 canary/scripts/inspect_binding.py --kind mli --module-prefix Tiny --path canary/examples/tiny/scenarios/_cache/abi_soname_bump/workspace/ocaml/tiny.mli --watchlist 'Tiny,Tiny.sum,Tiny.diff,Tiny.offset' > /home/red/code/research/tola/_out/canary/projects/tiny1/abi_soname_bump/probe_binding/ocaml/inspect_source-vendored-stable_lib-vendored-stable_ocaml_binding-vendored-stable_python_binding-vendored-stable_python_binding-vendored-stable_app-vendored-stable_app-vendored-stable.json)
[2026-08-12 13:23:48.043] probe_binding_ocaml_inspect  detect  (ok, output present)
[2026-08-12 13:23:48.043] probe_binding_ocaml_inspect  check_post  (pass)
[2026-08-12 13:23:48.043] probe_binding_ocaml_inspect  done
[2026-08-12 13:23:48.045] build_binding_python       check_pre  (pass)
[2026-08-12 13:23:48.047] build_binding_python       cmd  (ls canary/examples/tiny/scenarios/_cache/abi_soname_bump/workspace/python_cext/tiny_cext/_native.cpython-*.so > /dev/null && echo 'ok' > /home/red/code/research/tola/_out/canary/projects/tiny1/abi_soname_bump/build_binding/python/build_source-vendored-stable_lib-vendored-stable_ocaml_binding-vendored-stable_python_binding-vendored-stable_python_binding-vendored-stable_app-vendored-stable_app-vendored-stable.ok)
[2026-08-12 13:23:48.049] build_binding_python       detect  (ok, output present)
[2026-08-12 13:23:48.049] build_binding_python       check_post  (pass)
[2026-08-12 13:23:48.049] build_binding_python       done
[2026-08-12 13:23:48.051] build_binding_python_inspect  check_pre  (pass)
[2026-08-12 13:23:48.053] build_binding_python_inspect  cmd  (python3 canary/scripts/inspect_binding.py --kind stub --path canary/examples/tiny/scenarios/_cache/abi_soname_bump/workspace/python_cext/tiny_cext/_native.cpython-*.so --prefix tiny_ > /home/red/code/research/tola/_out/canary/projects/tiny1/abi_soname_bump/build_binding/python/inspect_source-vendored-stable_lib-vendored-stable_ocaml_binding-vendored-stable_python_binding-vendored-stable_python_binding-vendored-stable_app-vendored-stable_app-vendored-stable.json && LD_LIBRARY_PATH=$PWD/canary/examples/tiny/scenarios/_cache/abi_soname_bump/workspace/c/build PYTHONPATH=canary/examples/tiny/scenarios/_cache/abi_soname_bump/workspace/python_cext python3 canary/scripts/inspect_python.py --pkg tiny_cext --watchlist 'sum,diff,offset' > /home/red/code/research/tola/_out/canary/projects/tiny1/abi_soname_bump/build_binding/python/inspect_attrs_source-vendored-stable_lib-vendored-stable_ocaml_binding-vendored-stable_python_binding-vendored-stable_python_binding-vendored-stable_app-vendored-stable_app-vendored-stable.json)
[2026-08-12 13:23:48.167] build_binding_python_inspect  detect  (ok, output present)
[2026-08-12 13:23:48.167] build_binding_python_inspect  check_post  (pass)
[2026-08-12 13:23:48.167] build_binding_python_inspect  done
[2026-08-12 13:23:48.169] probe_binding_python       check_pre  (pass)
[2026-08-12 13:23:48.171] probe_binding_python       cmd  (LD_LIBRARY_PATH=$PWD/canary/examples/tiny/scenarios/_cache/abi_soname_bump/workspace/c/build PYTHONPATH=canary/examples/tiny/scenarios/_cache/abi_soname_bump/workspace/python_cext python3 canary/examples/tiny/scenarios/_cache/abi_soname_bump/workspace/python_cext/examples/probe_baseline.py > /home/red/code/research/tola/_out/canary/projects/tiny1/abi_soname_bump/probe_binding/python/probe_source-vendored-stable_lib-vendored-stable_ocaml_binding-vendored-stable_python_binding-vendored-stable_python_binding-vendored-stable_app-vendored-stable_app-vendored-stable.log 2>&1)
[2026-08-12 13:23:48.201] probe_binding_python       cmd_fail  (exit 1)
[2026-08-12 13:23:48.201] probe_binding_python       detect  (error, output present)
[2026-08-12 13:23:48.202] probe_binding_python       compat_predicted  (c4 cmp_abi: 1 substring(s))
[2026-08-12 13:23:48.202] probe_binding_python       contract_skipped  (c3 cmp_behavior: disabled in registry (blocked))
[2026-08-12 13:23:48.202] probe_binding_python       contract_skipped  (c7 api_sound_repack: disabled in registry (stubbed))
[2026-08-12 13:23:48.202] probe_binding_python       contract_skipped  (c8 cmp_api_faithfulness: disabled in registry (stubbed))
[2026-08-12 13:23:48.202] probe_binding_python       done  (expected failure confirmed (derived) [c4])
[2026-08-12 13:23:48.204] probe_binding_python_inspect  check_pre  (pass)
[2026-08-12 13:23:48.206] probe_binding_python_inspect  cmd  (LD_LIBRARY_PATH=$PWD/canary/examples/tiny/scenarios/_cache/abi_soname_bump/workspace/c/build PYTHONPATH=canary/examples/tiny/scenarios/_cache/abi_soname_bump/workspace/python_cext python3 canary/scripts/inspect_python.py --pkg tiny_cext --watchlist 'sum,diff,offset' > /home/red/code/research/tola/_out/canary/projects/tiny1/abi_soname_bump/probe_binding/python/inspect_source-vendored-stable_lib-vendored-stable_ocaml_binding-vendored-stable_python_binding-vendored-stable_python_binding-vendored-stable_app-vendored-stable_app-vendored-stable.json)
[2026-08-12 13:23:48.239] probe_binding_python_inspect  detect  (ok, output present)
[2026-08-12 13:23:48.239] probe_binding_python_inspect  check_post  (pass)
[2026-08-12 13:23:48.239] probe_binding_python_inspect  done
[2026-08-12 13:23:48.241] probe_lib                  check_pre  (pass)
[2026-08-12 13:23:48.243] probe_lib                  cmd  (nm -D canary/examples/tiny/scenarios/_cache/abi_soname_bump/workspace/c/build/libtiny.so.2 | grep -E '^[0-9a-f]+ T tiny_' > /home/red/code/research/tola/_out/canary/projects/tiny1/abi_soname_bump/probe_lib/probe_source-vendored-stable_lib-vendored-stable_ocaml_binding-vendored-stable_python_binding-vendored-stable_python_binding-vendored-stable_app-vendored-stable_app-vendored-stable.log 2>&1)
[2026-08-12 13:23:48.282] probe_lib                  detect  (ok, output present)
[2026-08-12 13:23:48.283] probe_lib                  check_post  (pass)
[2026-08-12 13:23:48.283] probe_lib                  done
[2026-08-12 13:23:48.284] *                          graph_end  (13/13 completed)
[2026-08-12 13:23:48.285] *                          diagram  (_out/canary/projects/tiny1/abi_soname_bump/-run/diagrams/all.mmd)
[2026-08-12 13:23:48.285] *                          diagram  (_out/canary/projects/tiny1/abi_soname_bump/-run/diagrams/full.mmd)
[2026-08-12 13:23:48.285] *                          view  (lib (2 steps))
[2026-08-12 13:23:48.285] *                          view  (probes (5 steps))
[2026-08-12 13:23:48.285] *                          view  (binding_ocaml (4 steps))
[2026-08-12 13:23:48.285] *                          view  (binding_python (4 steps))
[2026-08-12 13:23:48.287] *                          html  (_out/canary/projects/tiny1/abi_soname_bump/-run/result.html)
[2026-08-12 13:23:48.287] *                          index  (_out/canary/projects/index.html)
[2026-08-12 13:23:48.287] *                          invariant  (full.mmd: OK (13 nodes, 13 IDs))
[2026-08-12 13:23:48.288] !                          invariant  (binding_ocaml.mmd: missing [2])
[2026-08-12 13:23:48.288] !                          invariant  (SOME FAILED)
[2026-08-12 13:24:04.023] *                          variant_start  (source-vendored-stable_lib-vendored-stable_ocaml_binding-vendored-stable_python_binding-vendored-stable_python_binding-vendored-stable_app-vendored-stable_app-vendored-stable)
[2026-08-12 13:24:04.023] *                          graph_start  (13 steps)
[2026-08-12 13:24:04.023] configure                  skip  (verdict marker (prior success))
[2026-08-12 13:24:04.023] scan_sources               skip  (verdict marker (prior success))
[2026-08-12 13:24:04.024] build_lib                  skip  (verdict marker (prior success))
[2026-08-12 13:24:04.024] build_lib_inspect          skip  (verdict marker (prior success))
[2026-08-12 13:24:04.024] build_binding_ocaml        skip  (verdict marker (prior success))
[2026-08-12 13:24:04.024] build_binding_ocaml_inspect  skip  (verdict marker (prior success))
[2026-08-12 13:24:04.024] probe_binding_ocaml        skip  (verdict marker (prior success))
[2026-08-12 13:24:04.024] probe_binding_ocaml_inspect  skip  (verdict marker (prior success))
[2026-08-12 13:24:04.024] build_binding_python       skip  (verdict marker (prior success))
[2026-08-12 13:24:04.024] build_binding_python_inspect  skip  (verdict marker (prior success))
[2026-08-12 13:24:04.024] probe_binding_python       skip  (verdict marker (prior xfail) [c4])
[2026-08-12 13:24:04.024] probe_binding_python_inspect  skip  (verdict marker (prior success))
[2026-08-12 13:24:04.024] probe_lib                  skip  (verdict marker (prior success))
[2026-08-12 13:24:04.024] *                          graph_end  (13/13 completed)
[2026-08-12 13:24:04.024] *                          diagram  (_out/canary/projects/tiny1/abi_soname_bump/-run/diagrams/all.mmd)
[2026-08-12 13:24:04.024] *                          diagram  (_out/canary/projects/tiny1/abi_soname_bump/-run/diagrams/full.mmd)
[2026-08-12 13:24:04.024] *                          view  (lib (2 steps))
[2026-08-12 13:24:04.024] *                          view  (probes (5 steps))
[2026-08-12 13:24:04.024] *                          view  (binding_ocaml (4 steps))
[2026-08-12 13:24:04.026] *                          view  (binding_python (4 steps))
[2026-08-12 13:24:04.026] *                          html  (_out/canary/projects/tiny1/abi_soname_bump/-run/result.html)
[2026-08-12 13:24:04.027] *                          index  (_out/canary/projects/index.html)
[2026-08-12 13:24:04.027] *                          invariant  (full.mmd: OK (13 nodes, 13 IDs))
[2026-08-12 13:24:04.027] !                          invariant  (binding_ocaml.mmd: missing [2])
[2026-08-12 13:24:04.027] !                          invariant  (SOME FAILED)
