[2026-08-09 15:14:00.730] *                          variant_start  (app-vendored-stable_lib-vendored-stable_ocaml_binding-vendored-stable_python_binding-vendored-stable_source-vendored-stable)
[2026-08-09 15:14:00.730] *                          graph_start  (13 steps)
[2026-08-09 15:14:00.730] configure                  check_pre  (pass)
[2026-08-09 15:14:00.732] configure                  cmd  (test -d canary/examples/tiny/scenarios/_cache/header_arity_bump/workspace/c/build || { echo 'lib_dir missing: canary/examples/tiny/scenarios/_cache/header_arity_bump/workspace/c/build'; exit 1; } && echo 'ok' > /home/red/code/research/tola/_out/canary/projects/tiny1/header_arity_bump/configure/conf_app-vendored-stable_lib-vendored-stable_ocaml_binding-vendored-stable_python_binding-vendored-stable_source-vendored-stable.ok)
[2026-08-09 15:14:00.733] configure                  detect  (ok, output present)
[2026-08-09 15:14:00.733] configure                  check_post  (pass)
[2026-08-09 15:14:00.733] configure                  done
[2026-08-09 15:14:00.735] scan_sources               check_pre  (pass)
[2026-08-09 15:14:00.737] scan_sources               cmd  (python3 canary/scripts/inspect_tiny_typed.py --layer header --path canary/examples/tiny/scenarios/_cache/header_arity_bump/workspace/c/include/tiny.h > /home/red/code/research/tola/_out/canary/projects/tiny1/header_arity_bump/scan_sources/inspect_typed_header_app-vendored-stable_lib-vendored-stable_ocaml_binding-vendored-stable_python_binding-vendored-stable_source-vendored-stable.json && python3 canary/scripts/inspect_tiny_typed.py --layer stub_ocaml --path canary/examples/tiny/scenarios/_cache/header_arity_bump/workspace/ocaml/tiny_raw.mli > /home/red/code/research/tola/_out/canary/projects/tiny1/header_arity_bump/scan_sources/inspect_typed_binding_stub_ocaml_app-vendored-stable_lib-vendored-stable_ocaml_binding-vendored-stable_python_binding-vendored-stable_source-vendored-stable.json && python3 canary/scripts/inspect_tiny_typed.py --layer user_ocaml --path canary/examples/tiny/scenarios/_cache/header_arity_bump/workspace/ocaml/tiny.mli > /home/red/code/research/tola/_out/canary/projects/tiny1/header_arity_bump/scan_sources/inspect_typed_binding_user_ocaml_app-vendored-stable_lib-vendored-stable_ocaml_binding-vendored-stable_python_binding-vendored-stable_source-vendored-stable.json && python3 canary/scripts/inspect_tiny_typed.py --layer stub_python --path canary/examples/tiny/scenarios/_cache/header_arity_bump/workspace/python_cext/tiny_cext/_native.c > /home/red/code/research/tola/_out/canary/projects/tiny1/header_arity_bump/scan_sources/inspect_typed_binding_stub_python_app-vendored-stable_lib-vendored-stable_ocaml_binding-vendored-stable_python_binding-vendored-stable_source-vendored-stable.json && python3 canary/scripts/inspect_tiny_typed.py --layer user_python --path canary/examples/tiny/scenarios/_cache/header_arity_bump/workspace/python_cext/tiny_cext/__init__.py > /home/red/code/research/tola/_out/canary/projects/tiny1/header_arity_bump/scan_sources/inspect_typed_binding_user_python_app-vendored-stable_lib-vendored-stable_ocaml_binding-vendored-stable_python_binding-vendored-stable_source-vendored-stable.json && echo 'ok' > /home/red/code/research/tola/_out/canary/projects/tiny1/header_arity_bump/scan_sources/scan_app-vendored-stable_lib-vendored-stable_ocaml_binding-vendored-stable_python_binding-vendored-stable_source-vendored-stable.ok)
[2026-08-09 15:14:00.906] scan_sources               detect  (ok, output present)
[2026-08-09 15:14:00.906] scan_sources               check_post  (pass)
[2026-08-09 15:14:00.906] scan_sources               done
[2026-08-09 15:14:00.908] build_lib                  check_pre  (pass)
[2026-08-09 15:14:00.910] build_lib                  cmd  (test -f canary/examples/tiny/scenarios/_cache/header_arity_bump/workspace/c/build/libtiny.so.1 || { mkdir -p canary/examples/tiny/scenarios/_cache/header_arity_bump/workspace/c/build && gcc -c -fPIC -Icanary/examples/tiny/scenarios/_cache/header_arity_bump/workspace/c/include canary/examples/tiny/scenarios/_cache/header_arity_bump/workspace/c/src/tiny.c -o canary/examples/tiny/scenarios/_cache/header_arity_bump/workspace/c/build/tiny.o && gcc -shared -fPIC -Wl,-soname,libtiny.so.1 -Wl,--version-script=canary/examples/tiny/scenarios/_cache/header_arity_bump/workspace/c/tiny.map canary/examples/tiny/scenarios/_cache/header_arity_bump/workspace/c/build/tiny.o -o canary/examples/tiny/scenarios/_cache/header_arity_bump/workspace/c/build/libtiny.so.1.0 && ln -sf libtiny.so.1.0 canary/examples/tiny/scenarios/_cache/header_arity_bump/workspace/c/build/libtiny.so.1 && ln -sf libtiny.so.1 canary/examples/tiny/scenarios/_cache/header_arity_bump/workspace/c/build/libtiny.so ; } && echo 'ok' > /home/red/code/research/tola/_out/canary/projects/tiny1/header_arity_bump/build_lib/build_app-vendored-stable_lib-vendored-stable_ocaml_binding-vendored-stable_python_binding-vendored-stable_source-vendored-stable.ok)
[2026-08-09 15:14:00.911] build_lib                  detect  (ok, output present)
[2026-08-09 15:14:00.911] build_lib                  check_post  (pass)
[2026-08-09 15:14:00.911] build_lib                  done
[2026-08-09 15:14:00.913] build_lib_inspect          check_pre  (pass)
[2026-08-09 15:14:00.915] build_lib_inspect          cmd  (nm -D "canary/examples/tiny/scenarios/_cache/header_arity_bump/workspace/c/build/libtiny.so.1" 2>/dev/null \
  | python3 canary/scripts/inspect_native.py --emit-symbols --elf --path "canary/examples/tiny/scenarios/_cache/header_arity_bump/workspace/c/build/libtiny.so.1" --prefixes 'tiny_' --watchlist 'tiny_sum,tiny_diff,tiny_offset' \
  > /home/red/code/research/tola/_out/canary/projects/tiny1/header_arity_bump/build_lib/inspect_app-vendored-stable_lib-vendored-stable_ocaml_binding-vendored-stable_python_binding-vendored-stable_source-vendored-stable.json)
[2026-08-09 15:14:00.964] build_lib_inspect          detect  (ok, output present)
[2026-08-09 15:14:00.964] build_lib_inspect          check_post  (pass)
[2026-08-09 15:14:00.964] build_lib_inspect          done
[2026-08-09 15:14:00.966] build_binding_ocaml        check_pre  (pass)
[2026-08-09 15:14:00.969] build_binding_ocaml        cmd  ((LIBRARY_PATH=$PWD/canary/examples/tiny/scenarios/_cache/header_arity_bump/workspace/c/build LD_RUN_PATH=$PWD/canary/examples/tiny/scenarios/_cache/header_arity_bump/workspace/c/build dune build --root canary/examples/tiny/scenarios/_cache/header_arity_bump/workspace ocaml/tiny.cmxa ocaml/libtiny_stubs.a) > /home/red/code/research/tola/_out/canary/projects/tiny1/header_arity_bump/build_binding/ocaml/build_app-vendored-stable_lib-vendored-stable_ocaml_binding-vendored-stable_python_binding-vendored-stable_source-vendored-stable.log 2>&1 && echo 'ok' > /home/red/code/research/tola/_out/canary/projects/tiny1/header_arity_bump/build_binding/ocaml/build_app-vendored-stable_lib-vendored-stable_ocaml_binding-vendored-stable_python_binding-vendored-stable_source-vendored-stable.ok)
[2026-08-09 15:14:01.069] build_binding_ocaml        cmd_fail  (exit 1)
[2026-08-09 15:14:01.069] build_binding_ocaml        detect  (error, output present)
[2026-08-09 15:14:01.069] build_binding_ocaml        compat_predicted  (c6 cmp_type: 1 substring(s))
[2026-08-09 15:14:01.069] build_binding_ocaml        contract_skipped  (c3 cmp_behavior: disabled in registry (blocked))
[2026-08-09 15:14:01.069] build_binding_ocaml        contract_skipped  (c7 api_sound_repack: disabled in registry (stubbed))
[2026-08-09 15:14:01.069] build_binding_ocaml        contract_skipped  (c8 cmp_api_faithfulness: disabled in registry (stubbed))
[2026-08-09 15:14:01.069] build_binding_ocaml        done  (expected failure confirmed (derived) [c6])
[2026-08-09 15:14:01.071] build_binding_ocaml_inspect  check_pre  (pass)
[2026-08-09 15:14:01.073] build_binding_ocaml_inspect  cmd  (python3 canary/scripts/inspect_binding.py --kind stub --path canary/examples/tiny/scenarios/_cache/header_arity_bump/workspace/_build/default/ocaml/libtiny_stubs.a --prefix tiny_ > /home/red/code/research/tola/_out/canary/projects/tiny1/header_arity_bump/build_binding/ocaml/inspect_app-vendored-stable_lib-vendored-stable_ocaml_binding-vendored-stable_python_binding-vendored-stable_source-vendored-stable.json && python3 canary/scripts/inspect_binding.py --kind mli --module-prefix Tiny --path canary/examples/tiny/scenarios/_cache/header_arity_bump/workspace/ocaml/tiny.mli --watchlist 'Tiny,Tiny.sum,Tiny.diff,Tiny.offset' > /home/red/code/research/tola/_out/canary/projects/tiny1/header_arity_bump/build_binding/ocaml/inspect_mli_app-vendored-stable_lib-vendored-stable_ocaml_binding-vendored-stable_python_binding-vendored-stable_source-vendored-stable.json)
[2026-08-09 15:14:01.152] build_binding_ocaml_inspect  detect  (ok, output present)
[2026-08-09 15:14:01.152] build_binding_ocaml_inspect  check_post  (pass)
[2026-08-09 15:14:01.152] build_binding_ocaml_inspect  done
[2026-08-09 15:14:01.154] probe_binding_ocaml        check_pre  (pass)
[2026-08-09 15:14:01.157] probe_binding_ocaml        cmd  ((LIBRARY_PATH=$PWD/canary/examples/tiny/scenarios/_cache/header_arity_bump/workspace/c/build LD_RUN_PATH=$PWD/canary/examples/tiny/scenarios/_cache/header_arity_bump/workspace/c/build dune build --root canary/examples/tiny/scenarios/_cache/header_arity_bump/workspace ocaml/examples/probe_baseline.exe && LD_LIBRARY_PATH=$PWD/canary/examples/tiny/scenarios/_cache/header_arity_bump/workspace/c/build canary/examples/tiny/scenarios/_cache/header_arity_bump/workspace/_build/default/ocaml/examples/probe_baseline.exe) > /home/red/code/research/tola/_out/canary/projects/tiny1/header_arity_bump/probe_binding/ocaml/probe_app-vendored-stable_lib-vendored-stable_ocaml_binding-vendored-stable_python_binding-vendored-stable_source-vendored-stable.log 2>&1)
[2026-08-09 15:14:01.209] probe_binding_ocaml        cmd_fail  (exit 1)
[2026-08-09 15:14:01.209] probe_binding_ocaml        detect  (error, output present)
[2026-08-09 15:14:01.209] probe_binding_ocaml        compat_predicted  (c6 cmp_type: 1 substring(s))
[2026-08-09 15:14:01.209] probe_binding_ocaml        contract_skipped  (c3 cmp_behavior: disabled in registry (blocked))
[2026-08-09 15:14:01.209] probe_binding_ocaml        contract_skipped  (c7 api_sound_repack: disabled in registry (stubbed))
[2026-08-09 15:14:01.209] probe_binding_ocaml        contract_skipped  (c8 cmp_api_faithfulness: disabled in registry (stubbed))
[2026-08-09 15:14:01.209] probe_binding_ocaml        done  (expected failure confirmed (derived) [c6])
[2026-08-09 15:14:01.211] probe_binding_ocaml_inspect  check_pre  (pass)
[2026-08-09 15:14:01.213] probe_binding_ocaml_inspect  cmd  (python3 canary/scripts/inspect_binding.py --kind mli --module-prefix Tiny --path canary/examples/tiny/scenarios/_cache/header_arity_bump/workspace/ocaml/tiny.mli --watchlist 'Tiny,Tiny.sum,Tiny.diff,Tiny.offset' > /home/red/code/research/tola/_out/canary/projects/tiny1/header_arity_bump/probe_binding/ocaml/inspect_app-vendored-stable_lib-vendored-stable_ocaml_binding-vendored-stable_python_binding-vendored-stable_source-vendored-stable.json)
[2026-08-09 15:14:01.253] probe_binding_ocaml_inspect  detect  (ok, output present)
[2026-08-09 15:14:01.253] probe_binding_ocaml_inspect  check_post  (pass)
[2026-08-09 15:14:01.253] probe_binding_ocaml_inspect  done
[2026-08-09 15:14:01.255] build_binding_python       check_pre  (pass)
[2026-08-09 15:14:01.257] build_binding_python       cmd  (ls canary/examples/tiny/scenarios/_cache/header_arity_bump/workspace/python_cext/tiny_cext/_native.cpython-*.so > /dev/null && echo 'ok' > /home/red/code/research/tola/_out/canary/projects/tiny1/header_arity_bump/build_binding/python/build_app-vendored-stable_lib-vendored-stable_ocaml_binding-vendored-stable_python_binding-vendored-stable_source-vendored-stable.ok)
[2026-08-09 15:14:01.259] build_binding_python       detect  (ok, output present)
[2026-08-09 15:14:01.259] build_binding_python       check_post  (pass)
[2026-08-09 15:14:01.259] build_binding_python       done
[2026-08-09 15:14:01.261] build_binding_python_inspect  check_pre  (pass)
[2026-08-09 15:14:01.263] build_binding_python_inspect  cmd  (python3 canary/scripts/inspect_binding.py --kind stub --path canary/examples/tiny/scenarios/_cache/header_arity_bump/workspace/python_cext/tiny_cext/_native.cpython-*.so --prefix tiny_ > /home/red/code/research/tola/_out/canary/projects/tiny1/header_arity_bump/build_binding/python/inspect_app-vendored-stable_lib-vendored-stable_ocaml_binding-vendored-stable_python_binding-vendored-stable_source-vendored-stable.json && LD_LIBRARY_PATH=$PWD/canary/examples/tiny/scenarios/_cache/header_arity_bump/workspace/c/build PYTHONPATH=canary/examples/tiny/scenarios/_cache/header_arity_bump/workspace/python_cext python3 canary/scripts/inspect_python.py --pkg tiny_cext --watchlist 'sum,diff,offset' > /home/red/code/research/tola/_out/canary/projects/tiny1/header_arity_bump/build_binding/python/inspect_attrs_app-vendored-stable_lib-vendored-stable_ocaml_binding-vendored-stable_python_binding-vendored-stable_source-vendored-stable.json)
[2026-08-09 15:14:01.378] build_binding_python_inspect  detect  (ok, output present)
[2026-08-09 15:14:01.378] build_binding_python_inspect  check_post  (pass)
[2026-08-09 15:14:01.378] build_binding_python_inspect  done
[2026-08-09 15:14:01.380] probe_binding_python       check_pre  (pass)
[2026-08-09 15:14:01.382] probe_binding_python       cmd  (LD_LIBRARY_PATH=$PWD/canary/examples/tiny/scenarios/_cache/header_arity_bump/workspace/c/build PYTHONPATH=canary/examples/tiny/scenarios/_cache/header_arity_bump/workspace/python_cext python3 canary/examples/tiny/scenarios/_cache/header_arity_bump/workspace/python_cext/examples/probe_baseline.py > /home/red/code/research/tola/_out/canary/projects/tiny1/header_arity_bump/probe_binding/python/probe_app-vendored-stable_lib-vendored-stable_ocaml_binding-vendored-stable_python_binding-vendored-stable_source-vendored-stable.log 2>&1)
[2026-08-09 15:14:01.394] probe_binding_python       detect  (ok, output present)
[2026-08-09 15:14:01.395] probe_binding_python       compat_predicted  (no contract fired)
[2026-08-09 15:14:01.395] probe_binding_python       contract_skipped  (c3 cmp_behavior: disabled in registry (blocked))
[2026-08-09 15:14:01.395] probe_binding_python       contract_skipped  (c7 api_sound_repack: disabled in registry (stubbed))
[2026-08-09 15:14:01.395] probe_binding_python       contract_skipped  (c8 cmp_api_faithfulness: disabled in registry (stubbed))
[2026-08-09 15:14:01.395] probe_binding_python       done  (no compat failure predicted; success expected)
[2026-08-09 15:14:01.397] probe_binding_python_inspect  check_pre  (pass)
[2026-08-09 15:14:01.398] probe_binding_python_inspect  cmd  (LD_LIBRARY_PATH=$PWD/canary/examples/tiny/scenarios/_cache/header_arity_bump/workspace/c/build PYTHONPATH=canary/examples/tiny/scenarios/_cache/header_arity_bump/workspace/python_cext python3 canary/scripts/inspect_python.py --pkg tiny_cext --watchlist 'sum,diff,offset' > /home/red/code/research/tola/_out/canary/projects/tiny1/header_arity_bump/probe_binding/python/inspect_app-vendored-stable_lib-vendored-stable_ocaml_binding-vendored-stable_python_binding-vendored-stable_source-vendored-stable.json)
[2026-08-09 15:14:01.434] probe_binding_python_inspect  detect  (ok, output present)
[2026-08-09 15:14:01.434] probe_binding_python_inspect  check_post  (pass)
[2026-08-09 15:14:01.434] probe_binding_python_inspect  done
[2026-08-09 15:14:01.436] probe_lib                  check_pre  (pass)
[2026-08-09 15:14:01.438] probe_lib                  cmd  (nm -D canary/examples/tiny/scenarios/_cache/header_arity_bump/workspace/c/build/libtiny.so.1 | grep -E '^[0-9a-f]+ T tiny_' > /home/red/code/research/tola/_out/canary/projects/tiny1/header_arity_bump/probe_lib/probe_app-vendored-stable_lib-vendored-stable_ocaml_binding-vendored-stable_python_binding-vendored-stable_source-vendored-stable.log 2>&1)
[2026-08-09 15:14:01.479] probe_lib                  detect  (ok, output present)
[2026-08-09 15:14:01.480] probe_lib                  check_post  (pass)
[2026-08-09 15:14:01.480] probe_lib                  done
[2026-08-09 15:14:01.482] *                          graph_end  (13/13 completed)
[2026-08-09 15:14:01.482] *                          diagram  (_out/canary/projects/tiny1/header_arity_bump/-run/diagrams/all.mmd)
[2026-08-09 15:14:01.483] *                          diagram  (_out/canary/projects/tiny1/header_arity_bump/-run/diagrams/full.mmd)
[2026-08-09 15:14:01.483] *                          view  (lib (2 steps))
[2026-08-09 15:14:01.483] *                          view  (probes (5 steps))
[2026-08-09 15:14:01.483] *                          view  (binding_ocaml (4 steps))
[2026-08-09 15:14:01.483] *                          view  (binding_python (4 steps))
[2026-08-09 15:14:01.485] *                          html  (_out/canary/projects/tiny1/header_arity_bump/-run/result.html)
[2026-08-09 15:14:01.485] *                          index  (_out/canary/projects/index.html)
[2026-08-09 15:14:01.485] *                          invariant  (full.mmd: OK (13 nodes, 13 IDs))
[2026-08-09 15:14:01.486] !                          invariant  (binding_ocaml.mmd: missing [2])
[2026-08-09 15:14:01.486] !                          invariant  (SOME FAILED)
[2026-08-09 15:18:29.824] *                          variant_start  (app-vendored-stable_lib-vendored-stable_ocaml_binding-vendored-stable_python_binding-vendored-stable_source-vendored-stable)
[2026-08-09 15:18:29.824] *                          graph_start  (13 steps)
[2026-08-09 15:18:29.824] configure                  skip  (verdict marker (prior success))
[2026-08-09 15:18:29.824] scan_sources               skip  (verdict marker (prior success))
[2026-08-09 15:18:29.824] build_lib                  skip  (verdict marker (prior success))
[2026-08-09 15:18:29.824] build_lib_inspect          skip  (verdict marker (prior success))
[2026-08-09 15:18:29.824] build_binding_ocaml        skip  (verdict marker (prior xfail) [c6])
[2026-08-09 15:18:29.824] build_binding_ocaml_inspect  skip  (verdict marker (prior success))
[2026-08-09 15:18:29.824] probe_binding_ocaml        skip  (verdict marker (prior xfail) [c6])
[2026-08-09 15:18:29.824] probe_binding_ocaml_inspect  skip  (verdict marker (prior success))
[2026-08-09 15:18:29.824] build_binding_python       skip  (verdict marker (prior success))
[2026-08-09 15:18:29.824] build_binding_python_inspect  skip  (verdict marker (prior success))
[2026-08-09 15:18:29.824] probe_binding_python       skip  (verdict marker (prior success))
[2026-08-09 15:18:29.824] probe_binding_python_inspect  skip  (verdict marker (prior success))
[2026-08-09 15:18:29.824] probe_lib                  skip  (verdict marker (prior success))
[2026-08-09 15:18:29.824] *                          graph_end  (13/13 completed)
[2026-08-09 15:18:29.824] *                          diagram  (_out/canary/projects/tiny1/header_arity_bump/-run/diagrams/all.mmd)
[2026-08-09 15:18:29.824] *                          diagram  (_out/canary/projects/tiny1/header_arity_bump/-run/diagrams/full.mmd)
[2026-08-09 15:18:29.824] *                          view  (lib (2 steps))
[2026-08-09 15:18:29.825] *                          view  (probes (5 steps))
[2026-08-09 15:18:29.825] *                          view  (binding_ocaml (4 steps))
[2026-08-09 15:18:29.826] *                          view  (binding_python (4 steps))
[2026-08-09 15:18:29.827] *                          html  (_out/canary/projects/tiny1/header_arity_bump/-run/result.html)
[2026-08-09 15:18:29.828] *                          index  (_out/canary/projects/index.html)
[2026-08-09 15:18:29.828] *                          invariant  (full.mmd: OK (13 nodes, 13 IDs))
[2026-08-09 15:18:29.828] !                          invariant  (binding_ocaml.mmd: missing [2])
[2026-08-09 15:18:29.828] !                          invariant  (SOME FAILED)
