[2026-08-09 15:13:48.922] *                          variant_start  (app-vendored-stable_lib-vendored-stable_ocaml_binding-vendored-stable_python_binding-vendored-stable_source-vendored-stable)
[2026-08-09 15:13:48.923] *                          graph_start  (13 steps)
[2026-08-09 15:13:48.923] configure                  check_pre  (pass)
[2026-08-09 15:13:48.925] configure                  cmd  (test -d canary/examples/tiny/scenarios/_cache/api_complete/workspace/c/build || { echo 'lib_dir missing: canary/examples/tiny/scenarios/_cache/api_complete/workspace/c/build'; exit 1; } && echo 'ok' > /home/red/code/research/tola/_out/canary/projects/tiny1/api_complete/configure/conf_app-vendored-stable_lib-vendored-stable_ocaml_binding-vendored-stable_python_binding-vendored-stable_source-vendored-stable.ok)
[2026-08-09 15:13:48.926] configure                  detect  (ok, output present)
[2026-08-09 15:13:48.926] configure                  check_post  (pass)
[2026-08-09 15:13:48.926] configure                  done
[2026-08-09 15:13:48.928] scan_sources               check_pre  (pass)
[2026-08-09 15:13:48.930] scan_sources               cmd  (python3 canary/scripts/inspect_tiny_typed.py --layer header --path canary/examples/tiny/scenarios/_cache/api_complete/workspace/c/include/tiny.h > /home/red/code/research/tola/_out/canary/projects/tiny1/api_complete/scan_sources/inspect_typed_header_app-vendored-stable_lib-vendored-stable_ocaml_binding-vendored-stable_python_binding-vendored-stable_source-vendored-stable.json && python3 canary/scripts/inspect_tiny_typed.py --layer stub_ocaml --path canary/examples/tiny/scenarios/_cache/api_complete/workspace/ocaml/tiny_raw.mli > /home/red/code/research/tola/_out/canary/projects/tiny1/api_complete/scan_sources/inspect_typed_binding_stub_ocaml_app-vendored-stable_lib-vendored-stable_ocaml_binding-vendored-stable_python_binding-vendored-stable_source-vendored-stable.json && python3 canary/scripts/inspect_tiny_typed.py --layer user_ocaml --path canary/examples/tiny/scenarios/_cache/api_complete/workspace/ocaml/tiny.mli > /home/red/code/research/tola/_out/canary/projects/tiny1/api_complete/scan_sources/inspect_typed_binding_user_ocaml_app-vendored-stable_lib-vendored-stable_ocaml_binding-vendored-stable_python_binding-vendored-stable_source-vendored-stable.json && python3 canary/scripts/inspect_tiny_typed.py --layer stub_python --path canary/examples/tiny/scenarios/_cache/api_complete/workspace/python_cext/tiny_cext/_native.c > /home/red/code/research/tola/_out/canary/projects/tiny1/api_complete/scan_sources/inspect_typed_binding_stub_python_app-vendored-stable_lib-vendored-stable_ocaml_binding-vendored-stable_python_binding-vendored-stable_source-vendored-stable.json && python3 canary/scripts/inspect_tiny_typed.py --layer user_python --path canary/examples/tiny/scenarios/_cache/api_complete/workspace/python_cext/tiny_cext/__init__.py > /home/red/code/research/tola/_out/canary/projects/tiny1/api_complete/scan_sources/inspect_typed_binding_user_python_app-vendored-stable_lib-vendored-stable_ocaml_binding-vendored-stable_python_binding-vendored-stable_source-vendored-stable.json && echo 'ok' > /home/red/code/research/tola/_out/canary/projects/tiny1/api_complete/scan_sources/scan_app-vendored-stable_lib-vendored-stable_ocaml_binding-vendored-stable_python_binding-vendored-stable_source-vendored-stable.ok)
[2026-08-09 15:13:49.098] scan_sources               detect  (ok, output present)
[2026-08-09 15:13:49.098] scan_sources               check_post  (pass)
[2026-08-09 15:13:49.098] scan_sources               done
[2026-08-09 15:13:49.101] build_lib                  check_pre  (pass)
[2026-08-09 15:13:49.103] build_lib                  cmd  (test -f canary/examples/tiny/scenarios/_cache/api_complete/workspace/c/build/libtiny.so.1 || { mkdir -p canary/examples/tiny/scenarios/_cache/api_complete/workspace/c/build && gcc -c -fPIC -Icanary/examples/tiny/scenarios/_cache/api_complete/workspace/c/include canary/examples/tiny/scenarios/_cache/api_complete/workspace/c/src/tiny.c -o canary/examples/tiny/scenarios/_cache/api_complete/workspace/c/build/tiny.o && gcc -shared -fPIC -Wl,-soname,libtiny.so.1 -Wl,--version-script=canary/examples/tiny/scenarios/_cache/api_complete/workspace/c/tiny.map canary/examples/tiny/scenarios/_cache/api_complete/workspace/c/build/tiny.o -o canary/examples/tiny/scenarios/_cache/api_complete/workspace/c/build/libtiny.so.1.0 && ln -sf libtiny.so.1.0 canary/examples/tiny/scenarios/_cache/api_complete/workspace/c/build/libtiny.so.1 && ln -sf libtiny.so.1 canary/examples/tiny/scenarios/_cache/api_complete/workspace/c/build/libtiny.so ; } && echo 'ok' > /home/red/code/research/tola/_out/canary/projects/tiny1/api_complete/build_lib/build_app-vendored-stable_lib-vendored-stable_ocaml_binding-vendored-stable_python_binding-vendored-stable_source-vendored-stable.ok)
[2026-08-09 15:13:49.104] build_lib                  detect  (ok, output present)
[2026-08-09 15:13:49.104] build_lib                  check_post  (pass)
[2026-08-09 15:13:49.104] build_lib                  done
[2026-08-09 15:13:49.106] build_lib_inspect          check_pre  (pass)
[2026-08-09 15:13:49.107] build_lib_inspect          cmd  (nm -D "canary/examples/tiny/scenarios/_cache/api_complete/workspace/c/build/libtiny.so.1" 2>/dev/null \
  | python3 canary/scripts/inspect_native.py --emit-symbols --elf --path "canary/examples/tiny/scenarios/_cache/api_complete/workspace/c/build/libtiny.so.1" --prefixes 'tiny_' --watchlist 'tiny_sum,tiny_diff,tiny_offset' \
  > /home/red/code/research/tola/_out/canary/projects/tiny1/api_complete/build_lib/inspect_app-vendored-stable_lib-vendored-stable_ocaml_binding-vendored-stable_python_binding-vendored-stable_source-vendored-stable.json)
[2026-08-09 15:13:49.158] build_lib_inspect          detect  (ok, output present)
[2026-08-09 15:13:49.158] build_lib_inspect          check_post  (pass)
[2026-08-09 15:13:49.158] build_lib_inspect          done
[2026-08-09 15:13:49.160] build_binding_ocaml        check_pre  (pass)
[2026-08-09 15:13:49.163] build_binding_ocaml        cmd  ((LIBRARY_PATH=$PWD/canary/examples/tiny/scenarios/_cache/api_complete/workspace/c/build LD_RUN_PATH=$PWD/canary/examples/tiny/scenarios/_cache/api_complete/workspace/c/build dune build --root canary/examples/tiny/scenarios/_cache/api_complete/workspace ocaml/tiny.cmxa ocaml/libtiny_stubs.a) > /home/red/code/research/tola/_out/canary/projects/tiny1/api_complete/build_binding/ocaml/build_app-vendored-stable_lib-vendored-stable_ocaml_binding-vendored-stable_python_binding-vendored-stable_source-vendored-stable.log 2>&1 && echo 'ok' > /home/red/code/research/tola/_out/canary/projects/tiny1/api_complete/build_binding/ocaml/build_app-vendored-stable_lib-vendored-stable_ocaml_binding-vendored-stable_python_binding-vendored-stable_source-vendored-stable.ok)
[2026-08-09 15:13:49.196] build_binding_ocaml        detect  (ok, output present)
[2026-08-09 15:13:49.196] build_binding_ocaml        compat_predicted  (no contract fired)
[2026-08-09 15:13:49.196] build_binding_ocaml        contract_skipped  (c3 cmp_behavior: disabled in registry (blocked))
[2026-08-09 15:13:49.196] build_binding_ocaml        contract_skipped  (c7 api_sound_repack: disabled in registry (stubbed))
[2026-08-09 15:13:49.196] build_binding_ocaml        contract_skipped  (c8 cmp_api_faithfulness: disabled in registry (stubbed))
[2026-08-09 15:13:49.196] build_binding_ocaml        done  (no compat failure predicted; success expected)
[2026-08-09 15:13:49.198] build_binding_ocaml_inspect  check_pre  (pass)
[2026-08-09 15:13:49.200] build_binding_ocaml_inspect  cmd  (python3 canary/scripts/inspect_binding.py --kind stub --path canary/examples/tiny/scenarios/_cache/api_complete/workspace/_build/default/ocaml/libtiny_stubs.a --prefix tiny_ > /home/red/code/research/tola/_out/canary/projects/tiny1/api_complete/build_binding/ocaml/inspect_app-vendored-stable_lib-vendored-stable_ocaml_binding-vendored-stable_python_binding-vendored-stable_source-vendored-stable.json && python3 canary/scripts/inspect_binding.py --kind mli --module-prefix Tiny --path canary/examples/tiny/scenarios/_cache/api_complete/workspace/ocaml/tiny.mli --watchlist 'Tiny,Tiny.sum,Tiny.diff,Tiny.offset' > /home/red/code/research/tola/_out/canary/projects/tiny1/api_complete/build_binding/ocaml/inspect_mli_app-vendored-stable_lib-vendored-stable_ocaml_binding-vendored-stable_python_binding-vendored-stable_source-vendored-stable.json)
[2026-08-09 15:13:49.324] build_binding_ocaml_inspect  detect  (ok, output present)
[2026-08-09 15:13:49.324] build_binding_ocaml_inspect  check_post  (pass)
[2026-08-09 15:13:49.324] build_binding_ocaml_inspect  done
[2026-08-09 15:13:49.326] probe_binding_ocaml        check_pre  (pass)
[2026-08-09 15:13:49.329] probe_binding_ocaml        cmd  ((LIBRARY_PATH=$PWD/canary/examples/tiny/scenarios/_cache/api_complete/workspace/c/build LD_RUN_PATH=$PWD/canary/examples/tiny/scenarios/_cache/api_complete/workspace/c/build dune build --root canary/examples/tiny/scenarios/_cache/api_complete/workspace ocaml/examples/probe_baseline.exe && LD_LIBRARY_PATH=$PWD/canary/examples/tiny/scenarios/_cache/api_complete/workspace/c/build canary/examples/tiny/scenarios/_cache/api_complete/workspace/_build/default/ocaml/examples/probe_baseline.exe) > /home/red/code/research/tola/_out/canary/projects/tiny1/api_complete/probe_binding/ocaml/probe_app-vendored-stable_lib-vendored-stable_ocaml_binding-vendored-stable_python_binding-vendored-stable_source-vendored-stable.log 2>&1)
[2026-08-09 15:13:49.376] probe_binding_ocaml        cmd_fail  (exit 1)
[2026-08-09 15:13:49.376] probe_binding_ocaml        detect  (error, output present)
[2026-08-09 15:13:49.376] probe_binding_ocaml        compat_predicted  (c2 cmp_api_completeness: 2 substring(s))
[2026-08-09 15:13:49.376] probe_binding_ocaml        contract_skipped  (c3 cmp_behavior: disabled in registry (blocked))
[2026-08-09 15:13:49.376] probe_binding_ocaml        contract_skipped  (c7 api_sound_repack: disabled in registry (stubbed))
[2026-08-09 15:13:49.376] probe_binding_ocaml        contract_skipped  (c8 cmp_api_faithfulness: disabled in registry (stubbed))
[2026-08-09 15:13:49.376] probe_binding_ocaml        done  (expected failure confirmed (derived) [c2])
[2026-08-09 15:13:49.379] probe_binding_ocaml_inspect  check_pre  (pass)
[2026-08-09 15:13:49.380] probe_binding_ocaml_inspect  cmd  (python3 canary/scripts/inspect_binding.py --kind mli --module-prefix Tiny --path canary/examples/tiny/scenarios/_cache/api_complete/workspace/ocaml/tiny.mli --watchlist 'Tiny,Tiny.sum,Tiny.diff,Tiny.offset' > /home/red/code/research/tola/_out/canary/projects/tiny1/api_complete/probe_binding/ocaml/inspect_app-vendored-stable_lib-vendored-stable_ocaml_binding-vendored-stable_python_binding-vendored-stable_source-vendored-stable.json)
[2026-08-09 15:13:49.427] probe_binding_ocaml_inspect  detect  (ok, output present)
[2026-08-09 15:13:49.427] probe_binding_ocaml_inspect  check_post  (pass)
[2026-08-09 15:13:49.427] probe_binding_ocaml_inspect  done
[2026-08-09 15:13:49.429] build_binding_python       check_pre  (pass)
[2026-08-09 15:13:49.432] build_binding_python       cmd  (ls canary/examples/tiny/scenarios/_cache/api_complete/workspace/python_cext/tiny_cext/_native.cpython-*.so > /dev/null && echo 'ok' > /home/red/code/research/tola/_out/canary/projects/tiny1/api_complete/build_binding/python/build_app-vendored-stable_lib-vendored-stable_ocaml_binding-vendored-stable_python_binding-vendored-stable_source-vendored-stable.ok)
[2026-08-09 15:13:49.434] build_binding_python       detect  (ok, output present)
[2026-08-09 15:13:49.434] build_binding_python       check_post  (pass)
[2026-08-09 15:13:49.434] build_binding_python       done
[2026-08-09 15:13:49.436] build_binding_python_inspect  check_pre  (pass)
[2026-08-09 15:13:49.437] build_binding_python_inspect  cmd  (python3 canary/scripts/inspect_binding.py --kind stub --path canary/examples/tiny/scenarios/_cache/api_complete/workspace/python_cext/tiny_cext/_native.cpython-*.so --prefix tiny_ > /home/red/code/research/tola/_out/canary/projects/tiny1/api_complete/build_binding/python/inspect_app-vendored-stable_lib-vendored-stable_ocaml_binding-vendored-stable_python_binding-vendored-stable_source-vendored-stable.json && LD_LIBRARY_PATH=$PWD/canary/examples/tiny/scenarios/_cache/api_complete/workspace/c/build PYTHONPATH=canary/examples/tiny/scenarios/_cache/api_complete/workspace/python_cext python3 canary/scripts/inspect_python.py --pkg tiny_cext --watchlist 'sum,diff,offset' > /home/red/code/research/tola/_out/canary/projects/tiny1/api_complete/build_binding/python/inspect_attrs_app-vendored-stable_lib-vendored-stable_ocaml_binding-vendored-stable_python_binding-vendored-stable_source-vendored-stable.json)
[2026-08-09 15:13:49.555] build_binding_python_inspect  detect  (ok, output present)
[2026-08-09 15:13:49.555] build_binding_python_inspect  check_post  (pass)
[2026-08-09 15:13:49.555] build_binding_python_inspect  done
[2026-08-09 15:13:49.557] probe_binding_python       check_pre  (pass)
[2026-08-09 15:13:49.560] probe_binding_python       cmd  (LD_LIBRARY_PATH=$PWD/canary/examples/tiny/scenarios/_cache/api_complete/workspace/c/build PYTHONPATH=canary/examples/tiny/scenarios/_cache/api_complete/workspace/python_cext python3 canary/examples/tiny/scenarios/_cache/api_complete/workspace/python_cext/examples/probe_baseline.py > /home/red/code/research/tola/_out/canary/projects/tiny1/api_complete/probe_binding/python/probe_app-vendored-stable_lib-vendored-stable_ocaml_binding-vendored-stable_python_binding-vendored-stable_source-vendored-stable.log 2>&1)
[2026-08-09 15:13:49.572] probe_binding_python       detect  (ok, output present)
[2026-08-09 15:13:49.572] probe_binding_python       compat_predicted  (no contract fired)
[2026-08-09 15:13:49.572] probe_binding_python       contract_skipped  (c3 cmp_behavior: disabled in registry (blocked))
[2026-08-09 15:13:49.572] probe_binding_python       contract_skipped  (c7 api_sound_repack: disabled in registry (stubbed))
[2026-08-09 15:13:49.572] probe_binding_python       contract_skipped  (c8 cmp_api_faithfulness: disabled in registry (stubbed))
[2026-08-09 15:13:49.572] probe_binding_python       done  (no compat failure predicted; success expected)
[2026-08-09 15:13:49.575] probe_binding_python_inspect  check_pre  (pass)
[2026-08-09 15:13:49.576] probe_binding_python_inspect  cmd  (LD_LIBRARY_PATH=$PWD/canary/examples/tiny/scenarios/_cache/api_complete/workspace/c/build PYTHONPATH=canary/examples/tiny/scenarios/_cache/api_complete/workspace/python_cext python3 canary/scripts/inspect_python.py --pkg tiny_cext --watchlist 'sum,diff,offset' > /home/red/code/research/tola/_out/canary/projects/tiny1/api_complete/probe_binding/python/inspect_app-vendored-stable_lib-vendored-stable_ocaml_binding-vendored-stable_python_binding-vendored-stable_source-vendored-stable.json)
[2026-08-09 15:13:49.612] probe_binding_python_inspect  detect  (ok, output present)
[2026-08-09 15:13:49.612] probe_binding_python_inspect  check_post  (pass)
[2026-08-09 15:13:49.612] probe_binding_python_inspect  done
[2026-08-09 15:13:49.615] probe_lib                  check_pre  (pass)
[2026-08-09 15:13:49.617] probe_lib                  cmd  (nm -D canary/examples/tiny/scenarios/_cache/api_complete/workspace/c/build/libtiny.so.1 | grep -E '^[0-9a-f]+ T tiny_' > /home/red/code/research/tola/_out/canary/projects/tiny1/api_complete/probe_lib/probe_app-vendored-stable_lib-vendored-stable_ocaml_binding-vendored-stable_python_binding-vendored-stable_source-vendored-stable.log 2>&1)
[2026-08-09 15:13:49.660] probe_lib                  detect  (ok, output present)
[2026-08-09 15:13:49.660] probe_lib                  check_post  (pass)
[2026-08-09 15:13:49.661] probe_lib                  done
[2026-08-09 15:13:49.663] *                          graph_end  (13/13 completed)
[2026-08-09 15:13:49.663] *                          diagram  (_out/canary/projects/tiny1/api_complete/-run/diagrams/all.mmd)
[2026-08-09 15:13:49.663] *                          diagram  (_out/canary/projects/tiny1/api_complete/-run/diagrams/full.mmd)
[2026-08-09 15:13:49.664] *                          view  (lib (2 steps))
[2026-08-09 15:13:49.664] *                          view  (probes (5 steps))
[2026-08-09 15:13:49.664] *                          view  (binding_ocaml (4 steps))
[2026-08-09 15:13:49.664] *                          view  (binding_python (4 steps))
[2026-08-09 15:13:49.666] *                          html  (_out/canary/projects/tiny1/api_complete/-run/result.html)
[2026-08-09 15:13:49.666] *                          index  (_out/canary/projects/index.html)
[2026-08-09 15:13:49.666] *                          invariant  (full.mmd: OK (13 nodes, 13 IDs))
[2026-08-09 15:13:49.666] !                          invariant  (binding_ocaml.mmd: missing [2])
[2026-08-09 15:13:49.667] !                          invariant  (SOME FAILED)
[2026-08-09 15:18:34.143] *                          variant_start  (app-vendored-stable_lib-vendored-stable_ocaml_binding-vendored-stable_python_binding-vendored-stable_source-vendored-stable)
[2026-08-09 15:18:34.143] *                          graph_start  (13 steps)
[2026-08-09 15:18:34.143] configure                  skip  (verdict marker (prior success))
[2026-08-09 15:18:34.143] scan_sources               skip  (verdict marker (prior success))
[2026-08-09 15:18:34.143] build_lib                  skip  (verdict marker (prior success))
[2026-08-09 15:18:34.143] build_lib_inspect          skip  (verdict marker (prior success))
[2026-08-09 15:18:34.143] build_binding_ocaml        skip  (verdict marker (prior success))
[2026-08-09 15:18:34.143] build_binding_ocaml_inspect  skip  (verdict marker (prior success))
[2026-08-09 15:18:34.143] probe_binding_ocaml        skip  (verdict marker (prior xfail) [c2])
[2026-08-09 15:18:34.143] probe_binding_ocaml_inspect  skip  (verdict marker (prior success))
[2026-08-09 15:18:34.143] build_binding_python       skip  (verdict marker (prior success))
[2026-08-09 15:18:34.144] build_binding_python_inspect  skip  (verdict marker (prior success))
[2026-08-09 15:18:34.144] probe_binding_python       skip  (verdict marker (prior success))
[2026-08-09 15:18:34.144] probe_binding_python_inspect  skip  (verdict marker (prior success))
[2026-08-09 15:18:34.144] probe_lib                  skip  (verdict marker (prior success))
[2026-08-09 15:18:34.144] *                          graph_end  (13/13 completed)
[2026-08-09 15:18:34.144] *                          diagram  (_out/canary/projects/tiny1/api_complete/-run/diagrams/all.mmd)
[2026-08-09 15:18:34.144] *                          diagram  (_out/canary/projects/tiny1/api_complete/-run/diagrams/full.mmd)
[2026-08-09 15:18:34.144] *                          view  (lib (2 steps))
[2026-08-09 15:18:34.144] *                          view  (probes (5 steps))
[2026-08-09 15:18:34.144] *                          view  (binding_ocaml (4 steps))
[2026-08-09 15:18:34.146] *                          view  (binding_python (4 steps))
[2026-08-09 15:18:34.147] *                          html  (_out/canary/projects/tiny1/api_complete/-run/result.html)
[2026-08-09 15:18:34.147] *                          index  (_out/canary/projects/index.html)
[2026-08-09 15:18:34.147] *                          invariant  (full.mmd: OK (13 nodes, 13 IDs))
[2026-08-09 15:18:34.147] !                          invariant  (binding_ocaml.mmd: missing [2])
[2026-08-09 15:18:34.148] !                          invariant  (SOME FAILED)
[2026-08-12 13:23:48.824] *                          variant_start  (source-vendored-stable_lib-vendored-stable_ocaml_binding-vendored-stable_python_binding-vendored-stable_python_binding-vendored-stable_app-vendored-stable_app-vendored-stable)
[2026-08-12 13:23:48.825] *                          graph_start  (13 steps)
[2026-08-12 13:23:48.825] configure                  check_pre  (pass)
[2026-08-12 13:23:48.827] configure                  cmd  (test -d canary/examples/tiny/scenarios/_cache/api_complete/workspace/c/build || { echo 'lib_dir missing: canary/examples/tiny/scenarios/_cache/api_complete/workspace/c/build'; exit 1; } && echo 'ok' > /home/red/code/research/tola/_out/canary/projects/tiny1/api_complete/configure/conf_source-vendored-stable_lib-vendored-stable_ocaml_binding-vendored-stable_python_binding-vendored-stable_python_binding-vendored-stable_app-vendored-stable_app-vendored-stable.ok)
[2026-08-12 13:23:48.827] configure                  detect  (ok, output present)
[2026-08-12 13:23:48.827] configure                  check_post  (pass)
[2026-08-12 13:23:48.827] configure                  done
[2026-08-12 13:23:48.829] scan_sources               check_pre  (pass)
[2026-08-12 13:23:48.831] scan_sources               cmd  (python3 canary/scripts/inspect_tiny_typed.py --layer header --path canary/examples/tiny/scenarios/_cache/api_complete/workspace/c/include/tiny.h > /home/red/code/research/tola/_out/canary/projects/tiny1/api_complete/scan_sources/inspect_typed_header_source-vendored-stable_lib-vendored-stable_ocaml_binding-vendored-stable_python_binding-vendored-stable_python_binding-vendored-stable_app-vendored-stable_app-vendored-stable.json && python3 canary/scripts/inspect_tiny_typed.py --layer stub_ocaml --path canary/examples/tiny/scenarios/_cache/api_complete/workspace/ocaml/tiny_raw.mli > /home/red/code/research/tola/_out/canary/projects/tiny1/api_complete/scan_sources/inspect_typed_binding_stub_ocaml_source-vendored-stable_lib-vendored-stable_ocaml_binding-vendored-stable_python_binding-vendored-stable_python_binding-vendored-stable_app-vendored-stable_app-vendored-stable.json && python3 canary/scripts/inspect_tiny_typed.py --layer user_ocaml --path canary/examples/tiny/scenarios/_cache/api_complete/workspace/ocaml/tiny.mli > /home/red/code/research/tola/_out/canary/projects/tiny1/api_complete/scan_sources/inspect_typed_binding_user_ocaml_source-vendored-stable_lib-vendored-stable_ocaml_binding-vendored-stable_python_binding-vendored-stable_python_binding-vendored-stable_app-vendored-stable_app-vendored-stable.json && python3 canary/scripts/inspect_tiny_typed.py --layer stub_python --path canary/examples/tiny/scenarios/_cache/api_complete/workspace/python_cext/tiny_cext/_native.c > /home/red/code/research/tola/_out/canary/projects/tiny1/api_complete/scan_sources/inspect_typed_binding_stub_python_source-vendored-stable_lib-vendored-stable_ocaml_binding-vendored-stable_python_binding-vendored-stable_python_binding-vendored-stable_app-vendored-stable_app-vendored-stable.json && python3 canary/scripts/inspect_tiny_typed.py --layer user_python --path canary/examples/tiny/scenarios/_cache/api_complete/workspace/python_cext/tiny_cext/__init__.py > /home/red/code/research/tola/_out/canary/projects/tiny1/api_complete/scan_sources/inspect_typed_binding_user_python_source-vendored-stable_lib-vendored-stable_ocaml_binding-vendored-stable_python_binding-vendored-stable_python_binding-vendored-stable_app-vendored-stable_app-vendored-stable.json && echo 'ok' > /home/red/code/research/tola/_out/canary/projects/tiny1/api_complete/scan_sources/scan_source-vendored-stable_lib-vendored-stable_ocaml_binding-vendored-stable_python_binding-vendored-stable_python_binding-vendored-stable_app-vendored-stable_app-vendored-stable.ok)
[2026-08-12 13:23:48.989] scan_sources               detect  (ok, output present)
[2026-08-12 13:23:48.989] scan_sources               check_post  (pass)
[2026-08-12 13:23:48.989] scan_sources               done
[2026-08-12 13:23:48.991] build_lib                  check_pre  (pass)
[2026-08-12 13:23:48.993] build_lib                  cmd  (test -f canary/examples/tiny/scenarios/_cache/api_complete/workspace/c/build/libtiny.so.1 || { mkdir -p canary/examples/tiny/scenarios/_cache/api_complete/workspace/c/build && gcc -c -fPIC -Icanary/examples/tiny/scenarios/_cache/api_complete/workspace/c/include canary/examples/tiny/scenarios/_cache/api_complete/workspace/c/src/tiny.c -o canary/examples/tiny/scenarios/_cache/api_complete/workspace/c/build/tiny.o && gcc -shared -fPIC -Wl,-soname,libtiny.so.1 -Wl,--version-script=canary/examples/tiny/scenarios/_cache/api_complete/workspace/c/tiny.map canary/examples/tiny/scenarios/_cache/api_complete/workspace/c/build/tiny.o -o canary/examples/tiny/scenarios/_cache/api_complete/workspace/c/build/libtiny.so.1.0 && ln -sf libtiny.so.1.0 canary/examples/tiny/scenarios/_cache/api_complete/workspace/c/build/libtiny.so.1 && ln -sf libtiny.so.1 canary/examples/tiny/scenarios/_cache/api_complete/workspace/c/build/libtiny.so ; } && echo 'ok' > /home/red/code/research/tola/_out/canary/projects/tiny1/api_complete/build_lib/build_source-vendored-stable_lib-vendored-stable_ocaml_binding-vendored-stable_python_binding-vendored-stable_python_binding-vendored-stable_app-vendored-stable_app-vendored-stable.ok)
[2026-08-12 13:23:48.994] build_lib                  detect  (ok, output present)
[2026-08-12 13:23:48.994] build_lib                  check_post  (pass)
[2026-08-12 13:23:48.994] build_lib                  done
[2026-08-12 13:23:48.996] build_lib_inspect          check_pre  (pass)
[2026-08-12 13:23:48.997] build_lib_inspect          cmd  (nm -D "canary/examples/tiny/scenarios/_cache/api_complete/workspace/c/build/libtiny.so.1" 2>/dev/null \
  | python3 canary/scripts/inspect_native.py --emit-symbols --elf --path "canary/examples/tiny/scenarios/_cache/api_complete/workspace/c/build/libtiny.so.1" --prefixes 'tiny_' --watchlist 'tiny_sum,tiny_diff,tiny_offset' \
  > /home/red/code/research/tola/_out/canary/projects/tiny1/api_complete/build_lib/inspect_source-vendored-stable_lib-vendored-stable_ocaml_binding-vendored-stable_python_binding-vendored-stable_python_binding-vendored-stable_app-vendored-stable_app-vendored-stable.json)
[2026-08-12 13:23:49.046] build_lib_inspect          detect  (ok, output present)
[2026-08-12 13:23:49.046] build_lib_inspect          check_post  (pass)
[2026-08-12 13:23:49.046] build_lib_inspect          done
[2026-08-12 13:23:49.047] build_binding_ocaml        check_pre  (pass)
[2026-08-12 13:23:49.049] build_binding_ocaml        cmd  ((LIBRARY_PATH=$PWD/canary/examples/tiny/scenarios/_cache/api_complete/workspace/c/build LD_RUN_PATH=$PWD/canary/examples/tiny/scenarios/_cache/api_complete/workspace/c/build dune build --root canary/examples/tiny/scenarios/_cache/api_complete/workspace ocaml/tiny.cmxa ocaml/libtiny_stubs.a) > /home/red/code/research/tola/_out/canary/projects/tiny1/api_complete/build_binding/ocaml/build_source-vendored-stable_lib-vendored-stable_ocaml_binding-vendored-stable_python_binding-vendored-stable_python_binding-vendored-stable_app-vendored-stable_app-vendored-stable.log 2>&1 && echo 'ok' > /home/red/code/research/tola/_out/canary/projects/tiny1/api_complete/build_binding/ocaml/build_source-vendored-stable_lib-vendored-stable_ocaml_binding-vendored-stable_python_binding-vendored-stable_python_binding-vendored-stable_app-vendored-stable_app-vendored-stable.ok)
[2026-08-12 13:23:49.076] build_binding_ocaml        detect  (ok, output present)
[2026-08-12 13:23:49.076] build_binding_ocaml        compat_predicted  (no contract fired)
[2026-08-12 13:23:49.076] build_binding_ocaml        contract_skipped  (c3 cmp_behavior: disabled in registry (blocked))
[2026-08-12 13:23:49.076] build_binding_ocaml        contract_skipped  (c7 api_sound_repack: disabled in registry (stubbed))
[2026-08-12 13:23:49.076] build_binding_ocaml        contract_skipped  (c8 cmp_api_faithfulness: disabled in registry (stubbed))
[2026-08-12 13:23:49.076] build_binding_ocaml        done  (no compat failure predicted; success expected)
[2026-08-12 13:23:49.078] build_binding_ocaml_inspect  check_pre  (pass)
[2026-08-12 13:23:49.080] build_binding_ocaml_inspect  cmd  (python3 canary/scripts/inspect_binding.py --kind stub --path canary/examples/tiny/scenarios/_cache/api_complete/workspace/_build/default/ocaml/libtiny_stubs.a --prefix tiny_ > /home/red/code/research/tola/_out/canary/projects/tiny1/api_complete/build_binding/ocaml/inspect_source-vendored-stable_lib-vendored-stable_ocaml_binding-vendored-stable_python_binding-vendored-stable_python_binding-vendored-stable_app-vendored-stable_app-vendored-stable.json && python3 canary/scripts/inspect_binding.py --kind mli --module-prefix Tiny --path canary/examples/tiny/scenarios/_cache/api_complete/workspace/ocaml/tiny.mli --watchlist 'Tiny,Tiny.sum,Tiny.diff,Tiny.offset' > /home/red/code/research/tola/_out/canary/projects/tiny1/api_complete/build_binding/ocaml/inspect_mli_source-vendored-stable_lib-vendored-stable_ocaml_binding-vendored-stable_python_binding-vendored-stable_python_binding-vendored-stable_app-vendored-stable_app-vendored-stable.json)
[2026-08-12 13:23:49.193] build_binding_ocaml_inspect  detect  (ok, output present)
[2026-08-12 13:23:49.193] build_binding_ocaml_inspect  check_post  (pass)
[2026-08-12 13:23:49.193] build_binding_ocaml_inspect  done
[2026-08-12 13:23:49.195] probe_binding_ocaml        check_pre  (pass)
[2026-08-12 13:23:49.196] probe_binding_ocaml        cmd  ((LIBRARY_PATH=$PWD/canary/examples/tiny/scenarios/_cache/api_complete/workspace/c/build LD_RUN_PATH=$PWD/canary/examples/tiny/scenarios/_cache/api_complete/workspace/c/build dune build --root canary/examples/tiny/scenarios/_cache/api_complete/workspace ocaml/examples/probe_baseline.exe && LD_LIBRARY_PATH=$PWD/canary/examples/tiny/scenarios/_cache/api_complete/workspace/c/build canary/examples/tiny/scenarios/_cache/api_complete/workspace/_build/default/ocaml/examples/probe_baseline.exe) > /home/red/code/research/tola/_out/canary/projects/tiny1/api_complete/probe_binding/ocaml/probe_source-vendored-stable_lib-vendored-stable_ocaml_binding-vendored-stable_python_binding-vendored-stable_python_binding-vendored-stable_app-vendored-stable_app-vendored-stable.log 2>&1)
[2026-08-12 13:23:49.237] probe_binding_ocaml        cmd_fail  (exit 1)
[2026-08-12 13:23:49.237] probe_binding_ocaml        detect  (error, output present)
[2026-08-12 13:23:49.237] probe_binding_ocaml        compat_predicted  (c2 cmp_api_completeness: 2 substring(s))
[2026-08-12 13:23:49.237] probe_binding_ocaml        contract_skipped  (c3 cmp_behavior: disabled in registry (blocked))
[2026-08-12 13:23:49.237] probe_binding_ocaml        contract_skipped  (c7 api_sound_repack: disabled in registry (stubbed))
[2026-08-12 13:23:49.237] probe_binding_ocaml        contract_skipped  (c8 cmp_api_faithfulness: disabled in registry (stubbed))
[2026-08-12 13:23:49.238] probe_binding_ocaml        done  (expected failure confirmed (derived) [c2])
[2026-08-12 13:23:49.239] probe_binding_ocaml_inspect  check_pre  (pass)
[2026-08-12 13:23:49.241] probe_binding_ocaml_inspect  cmd  (python3 canary/scripts/inspect_binding.py --kind mli --module-prefix Tiny --path canary/examples/tiny/scenarios/_cache/api_complete/workspace/ocaml/tiny.mli --watchlist 'Tiny,Tiny.sum,Tiny.diff,Tiny.offset' > /home/red/code/research/tola/_out/canary/projects/tiny1/api_complete/probe_binding/ocaml/inspect_source-vendored-stable_lib-vendored-stable_ocaml_binding-vendored-stable_python_binding-vendored-stable_python_binding-vendored-stable_app-vendored-stable_app-vendored-stable.json)
[2026-08-12 13:23:49.278] probe_binding_ocaml_inspect  detect  (ok, output present)
[2026-08-12 13:23:49.278] probe_binding_ocaml_inspect  check_post  (pass)
[2026-08-12 13:23:49.278] probe_binding_ocaml_inspect  done
[2026-08-12 13:23:49.280] build_binding_python       check_pre  (pass)
[2026-08-12 13:23:49.282] build_binding_python       cmd  (ls canary/examples/tiny/scenarios/_cache/api_complete/workspace/python_cext/tiny_cext/_native.cpython-*.so > /dev/null && echo 'ok' > /home/red/code/research/tola/_out/canary/projects/tiny1/api_complete/build_binding/python/build_source-vendored-stable_lib-vendored-stable_ocaml_binding-vendored-stable_python_binding-vendored-stable_python_binding-vendored-stable_app-vendored-stable_app-vendored-stable.ok)
[2026-08-12 13:23:49.284] build_binding_python       detect  (ok, output present)
[2026-08-12 13:23:49.284] build_binding_python       check_post  (pass)
[2026-08-12 13:23:49.284] build_binding_python       done
[2026-08-12 13:23:49.286] build_binding_python_inspect  check_pre  (pass)
[2026-08-12 13:23:49.288] build_binding_python_inspect  cmd  (python3 canary/scripts/inspect_binding.py --kind stub --path canary/examples/tiny/scenarios/_cache/api_complete/workspace/python_cext/tiny_cext/_native.cpython-*.so --prefix tiny_ > /home/red/code/research/tola/_out/canary/projects/tiny1/api_complete/build_binding/python/inspect_source-vendored-stable_lib-vendored-stable_ocaml_binding-vendored-stable_python_binding-vendored-stable_python_binding-vendored-stable_app-vendored-stable_app-vendored-stable.json && LD_LIBRARY_PATH=$PWD/canary/examples/tiny/scenarios/_cache/api_complete/workspace/c/build PYTHONPATH=canary/examples/tiny/scenarios/_cache/api_complete/workspace/python_cext python3 canary/scripts/inspect_python.py --pkg tiny_cext --watchlist 'sum,diff,offset' > /home/red/code/research/tola/_out/canary/projects/tiny1/api_complete/build_binding/python/inspect_attrs_source-vendored-stable_lib-vendored-stable_ocaml_binding-vendored-stable_python_binding-vendored-stable_python_binding-vendored-stable_app-vendored-stable_app-vendored-stable.json)
[2026-08-12 13:23:49.403] build_binding_python_inspect  detect  (ok, output present)
[2026-08-12 13:23:49.403] build_binding_python_inspect  check_post  (pass)
[2026-08-12 13:23:49.403] build_binding_python_inspect  done
[2026-08-12 13:23:49.405] probe_binding_python       check_pre  (pass)
[2026-08-12 13:23:49.407] probe_binding_python       cmd  (LD_LIBRARY_PATH=$PWD/canary/examples/tiny/scenarios/_cache/api_complete/workspace/c/build PYTHONPATH=canary/examples/tiny/scenarios/_cache/api_complete/workspace/python_cext python3 canary/examples/tiny/scenarios/_cache/api_complete/workspace/python_cext/examples/probe_baseline.py > /home/red/code/research/tola/_out/canary/projects/tiny1/api_complete/probe_binding/python/probe_source-vendored-stable_lib-vendored-stable_ocaml_binding-vendored-stable_python_binding-vendored-stable_python_binding-vendored-stable_app-vendored-stable_app-vendored-stable.log 2>&1)
[2026-08-12 13:23:49.419] probe_binding_python       detect  (ok, output present)
[2026-08-12 13:23:49.420] probe_binding_python       compat_predicted  (no contract fired)
[2026-08-12 13:23:49.420] probe_binding_python       contract_skipped  (c3 cmp_behavior: disabled in registry (blocked))
[2026-08-12 13:23:49.420] probe_binding_python       contract_skipped  (c7 api_sound_repack: disabled in registry (stubbed))
[2026-08-12 13:23:49.420] probe_binding_python       contract_skipped  (c8 cmp_api_faithfulness: disabled in registry (stubbed))
[2026-08-12 13:23:49.420] probe_binding_python       done  (no compat failure predicted; success expected)
[2026-08-12 13:23:49.422] probe_binding_python_inspect  check_pre  (pass)
[2026-08-12 13:23:49.424] probe_binding_python_inspect  cmd  (LD_LIBRARY_PATH=$PWD/canary/examples/tiny/scenarios/_cache/api_complete/workspace/c/build PYTHONPATH=canary/examples/tiny/scenarios/_cache/api_complete/workspace/python_cext python3 canary/scripts/inspect_python.py --pkg tiny_cext --watchlist 'sum,diff,offset' > /home/red/code/research/tola/_out/canary/projects/tiny1/api_complete/probe_binding/python/inspect_source-vendored-stable_lib-vendored-stable_ocaml_binding-vendored-stable_python_binding-vendored-stable_python_binding-vendored-stable_app-vendored-stable_app-vendored-stable.json)
[2026-08-12 13:23:49.456] probe_binding_python_inspect  detect  (ok, output present)
[2026-08-12 13:23:49.456] probe_binding_python_inspect  check_post  (pass)
[2026-08-12 13:23:49.456] probe_binding_python_inspect  done
[2026-08-12 13:23:49.458] probe_lib                  check_pre  (pass)
[2026-08-12 13:23:49.460] probe_lib                  cmd  (nm -D canary/examples/tiny/scenarios/_cache/api_complete/workspace/c/build/libtiny.so.1 | grep -E '^[0-9a-f]+ T tiny_' > /home/red/code/research/tola/_out/canary/projects/tiny1/api_complete/probe_lib/probe_source-vendored-stable_lib-vendored-stable_ocaml_binding-vendored-stable_python_binding-vendored-stable_python_binding-vendored-stable_app-vendored-stable_app-vendored-stable.log 2>&1)
[2026-08-12 13:23:49.501] probe_lib                  detect  (ok, output present)
[2026-08-12 13:23:49.501] probe_lib                  check_post  (pass)
[2026-08-12 13:23:49.501] probe_lib                  done
[2026-08-12 13:23:49.503] *                          graph_end  (13/13 completed)
[2026-08-12 13:23:49.504] *                          diagram  (_out/canary/projects/tiny1/api_complete/-run/diagrams/all.mmd)
[2026-08-12 13:23:49.504] *                          diagram  (_out/canary/projects/tiny1/api_complete/-run/diagrams/full.mmd)
[2026-08-12 13:23:49.504] *                          view  (lib (2 steps))
[2026-08-12 13:23:49.504] *                          view  (probes (5 steps))
[2026-08-12 13:23:49.504] *                          view  (binding_ocaml (4 steps))
[2026-08-12 13:23:49.504] *                          view  (binding_python (4 steps))
[2026-08-12 13:23:49.506] *                          html  (_out/canary/projects/tiny1/api_complete/-run/result.html)
[2026-08-12 13:23:49.506] *                          index  (_out/canary/projects/index.html)
[2026-08-12 13:23:49.507] *                          invariant  (full.mmd: OK (13 nodes, 13 IDs))
[2026-08-12 13:23:49.507] !                          invariant  (binding_ocaml.mmd: missing [2])
[2026-08-12 13:23:49.507] !                          invariant  (SOME FAILED)
[2026-08-12 13:24:04.567] *                          variant_start  (source-vendored-stable_lib-vendored-stable_ocaml_binding-vendored-stable_python_binding-vendored-stable_python_binding-vendored-stable_app-vendored-stable_app-vendored-stable)
[2026-08-12 13:24:04.567] *                          graph_start  (13 steps)
[2026-08-12 13:24:04.567] configure                  skip  (verdict marker (prior success))
[2026-08-12 13:24:04.567] scan_sources               skip  (verdict marker (prior success))
[2026-08-12 13:24:04.567] build_lib                  skip  (verdict marker (prior success))
[2026-08-12 13:24:04.567] build_lib_inspect          skip  (verdict marker (prior success))
[2026-08-12 13:24:04.567] build_binding_ocaml        skip  (verdict marker (prior success))
[2026-08-12 13:24:04.567] build_binding_ocaml_inspect  skip  (verdict marker (prior success))
[2026-08-12 13:24:04.567] probe_binding_ocaml        skip  (verdict marker (prior xfail) [c2])
[2026-08-12 13:24:04.567] probe_binding_ocaml_inspect  skip  (verdict marker (prior success))
[2026-08-12 13:24:04.567] build_binding_python       skip  (verdict marker (prior success))
[2026-08-12 13:24:04.567] build_binding_python_inspect  skip  (verdict marker (prior success))
[2026-08-12 13:24:04.567] probe_binding_python       skip  (verdict marker (prior success))
[2026-08-12 13:24:04.567] probe_binding_python_inspect  skip  (verdict marker (prior success))
[2026-08-12 13:24:04.567] probe_lib                  skip  (verdict marker (prior success))
[2026-08-12 13:24:04.567] *                          graph_end  (13/13 completed)
[2026-08-12 13:24:04.567] *                          diagram  (_out/canary/projects/tiny1/api_complete/-run/diagrams/all.mmd)
[2026-08-12 13:24:04.567] *                          diagram  (_out/canary/projects/tiny1/api_complete/-run/diagrams/full.mmd)
[2026-08-12 13:24:04.567] *                          view  (lib (2 steps))
[2026-08-12 13:24:04.567] *                          view  (probes (5 steps))
[2026-08-12 13:24:04.568] *                          view  (binding_ocaml (4 steps))
[2026-08-12 13:24:04.569] *                          view  (binding_python (4 steps))
[2026-08-12 13:24:04.570] *                          html  (_out/canary/projects/tiny1/api_complete/-run/result.html)
[2026-08-12 13:24:04.570] *                          index  (_out/canary/projects/index.html)
[2026-08-12 13:24:04.570] *                          invariant  (full.mmd: OK (13 nodes, 13 IDs))
[2026-08-12 13:24:04.571] !                          invariant  (binding_ocaml.mmd: missing [2])
[2026-08-12 13:24:04.571] !                          invariant  (SOME FAILED)
