[2026-07-23 03:27:00.434] *                          variant_start  (060_core)
[2026-07-23 03:27:00.434] *                          graph_start  (3 steps)
[2026-07-23 03:27:00.435] fetch_lib                  check_pre  (pass)
[2026-07-23 03:27:00.436] fetch_lib                  cmd  (sudo apt-get install -y libssl-dev && echo 'installed' > /home/red/code/research/tola/_out/canary/projects/ssl-variant/fetch_lib/lib_060_core.ok)
[2026-07-23 03:27:00.873] fetch_lib                  detect  (ok, output present)
[2026-07-23 03:27:00.873] fetch_lib                  check_post  (pass)
[2026-07-23 03:27:00.873] fetch_lib                  done
[2026-07-23 03:27:00.873] fetch_binding_ocaml        check_pre  (pass)
[2026-07-23 03:27:00.876] fetch_binding_ocaml        cmd  (eval $(opam env) && opam install ssl.0.6.0 -y && eval $(opam env) && opam install -y ocamlfind && echo 'installed' > /home/red/code/research/tola/_out/canary/projects/ssl-variant/fetch_binding/ocaml/binding_060_core.ok)
[2026-07-23 03:27:07.306] fetch_binding_ocaml        detect  (ok, output present)
[2026-07-23 03:27:07.307] fetch_binding_ocaml        check_post  (pass)
[2026-07-23 03:27:07.307] fetch_binding_ocaml        done
[2026-07-23 03:27:07.307] probe_binding_ocaml        check_pre  (pass)
[2026-07-23 03:27:07.309] probe_binding_ocaml        cmd  (eval $(opam env)
ocamlfind ocamlopt -package ssl -linkpkg canary/examples/ssl_variant/app_core.ml -o /home/red/code/research/tola/_out/canary/projects/ssl-variant/probe_binding/ocaml/ssl_app_core > /home/red/code/research/tola/_out/canary/projects/ssl-variant/probe_binding/ocaml/probe_060_core.log 2>&1 && /home/red/code/research/tola/_out/canary/projects/ssl-variant/probe_binding/ocaml/ssl_app_core >> /home/red/code/research/tola/_out/canary/projects/ssl-variant/probe_binding/ocaml/probe_060_core.log 2>&1
RC=$?
cat /home/red/code/research/tola/_out/canary/projects/ssl-variant/probe_binding/ocaml/probe_060_core.log
exit $RC)
[2026-07-23 03:27:07.406] probe_binding_ocaml        detect  (ok, output present)
[2026-07-23 03:27:07.406] probe_binding_ocaml        check_post  (pass)
[2026-07-23 03:27:07.406] probe_binding_ocaml        done
[2026-07-23 03:27:07.406] *                          graph_end  (3/3 completed)
[2026-07-23 03:27:07.406] *                          variant_start  (060_nlv)
[2026-07-23 03:27:07.406] *                          graph_start  (3 steps)
[2026-07-23 03:27:07.406] fetch_lib                  check_pre  (pass)
[2026-07-23 03:27:07.408] fetch_lib                  cmd  (sudo apt-get install -y libssl-dev && echo 'installed' > /home/red/code/research/tola/_out/canary/projects/ssl-variant/fetch_lib/lib_060_nlv.ok)
[2026-07-23 03:27:07.719] fetch_lib                  detect  (ok, output present)
[2026-07-23 03:27:07.719] fetch_lib                  check_post  (pass)
[2026-07-23 03:27:07.719] fetch_lib                  done
[2026-07-23 03:27:07.719] fetch_binding_ocaml        check_pre  (pass)
[2026-07-23 03:27:07.721] fetch_binding_ocaml        cmd  (eval $(opam env) && opam install ssl.0.6.0 -y && eval $(opam env) && opam install -y ocamlfind && echo 'installed' > /home/red/code/research/tola/_out/canary/projects/ssl-variant/fetch_binding/ocaml/binding_060_nlv.ok)
[2026-07-23 03:27:08.613] fetch_binding_ocaml        detect  (ok, output present)
[2026-07-23 03:27:08.614] fetch_binding_ocaml        check_post  (pass)
[2026-07-23 03:27:08.614] fetch_binding_ocaml        done
[2026-07-23 03:27:08.614] probe_binding_ocaml        check_pre  (pass)
[2026-07-23 03:27:08.615] probe_binding_ocaml        cmd  (eval $(opam env)
ocamlfind ocamlopt -package ssl -linkpkg canary/examples/ssl_variant/app_nlv.ml -o /home/red/code/research/tola/_out/canary/projects/ssl-variant/probe_binding/ocaml/ssl_app_nlv > /home/red/code/research/tola/_out/canary/projects/ssl-variant/probe_binding/ocaml/probe_060_nlv.log 2>&1 && /home/red/code/research/tola/_out/canary/projects/ssl-variant/probe_binding/ocaml/ssl_app_nlv >> /home/red/code/research/tola/_out/canary/projects/ssl-variant/probe_binding/ocaml/probe_060_nlv.log 2>&1
RC=$?
cat /home/red/code/research/tola/_out/canary/projects/ssl-variant/probe_binding/ocaml/probe_060_nlv.log
exit $RC)
[2026-07-23 03:27:08.650] probe_binding_ocaml        cmd_fail  (exit 2)
[2026-07-23 03:27:08.651] probe_binding_ocaml        detect  (error, output present)
[2026-07-23 03:27:08.668] probe_binding_ocaml        done  (expected failure confirmed)
[2026-07-23 03:27:08.668] *                          graph_end  (3/3 completed)
[2026-07-23 03:27:08.668] *                          variant_start  (070_core)
[2026-07-23 03:27:08.668] *                          graph_start  (3 steps)
[2026-07-23 03:27:08.668] fetch_lib                  check_pre  (pass)
[2026-07-23 03:27:08.670] fetch_lib                  cmd  (sudo apt-get install -y libssl-dev && echo 'installed' > /home/red/code/research/tola/_out/canary/projects/ssl-variant/fetch_lib/lib_070_core.ok)
[2026-07-23 03:27:09.001] fetch_lib                  detect  (ok, output present)
[2026-07-23 03:27:09.001] fetch_lib                  check_post  (pass)
[2026-07-23 03:27:09.001] fetch_lib                  done
[2026-07-23 03:27:09.001] fetch_binding_ocaml        check_pre  (pass)
[2026-07-23 03:27:09.003] fetch_binding_ocaml        cmd  (eval $(opam env) && opam install ssl.0.7.0 -y && eval $(opam env) && opam install -y ocamlfind && echo 'installed' > /home/red/code/research/tola/_out/canary/projects/ssl-variant/fetch_binding/ocaml/binding_070_core.ok)
[2026-07-23 03:27:14.225] fetch_binding_ocaml        detect  (ok, output present)
[2026-07-23 03:27:14.225] fetch_binding_ocaml        check_post  (pass)
[2026-07-23 03:27:14.225] fetch_binding_ocaml        done
[2026-07-23 03:27:14.225] probe_binding_ocaml        check_pre  (pass)
[2026-07-23 03:27:14.227] probe_binding_ocaml        cmd  (eval $(opam env)
ocamlfind ocamlopt -package ssl -linkpkg canary/examples/ssl_variant/app_core.ml -o /home/red/code/research/tola/_out/canary/projects/ssl-variant/probe_binding/ocaml/ssl_app_core > /home/red/code/research/tola/_out/canary/projects/ssl-variant/probe_binding/ocaml/probe_070_core.log 2>&1 && /home/red/code/research/tola/_out/canary/projects/ssl-variant/probe_binding/ocaml/ssl_app_core >> /home/red/code/research/tola/_out/canary/projects/ssl-variant/probe_binding/ocaml/probe_070_core.log 2>&1
RC=$?
cat /home/red/code/research/tola/_out/canary/projects/ssl-variant/probe_binding/ocaml/probe_070_core.log
exit $RC)
[2026-07-23 03:27:14.323] probe_binding_ocaml        detect  (ok, output present)
[2026-07-23 03:27:14.323] probe_binding_ocaml        check_post  (pass)
[2026-07-23 03:27:14.323] probe_binding_ocaml        done
[2026-07-23 03:27:14.323] *                          graph_end  (3/3 completed)
[2026-07-23 03:27:14.323] *                          variant_start  (070_nlv)
[2026-07-23 03:27:14.323] *                          graph_start  (3 steps)
[2026-07-23 03:27:14.323] fetch_lib                  check_pre  (pass)
[2026-07-23 03:27:14.325] fetch_lib                  cmd  (sudo apt-get install -y libssl-dev && echo 'installed' > /home/red/code/research/tola/_out/canary/projects/ssl-variant/fetch_lib/lib_070_nlv.ok)
[2026-07-23 03:27:14.674] fetch_lib                  detect  (ok, output present)
[2026-07-23 03:27:14.674] fetch_lib                  check_post  (pass)
[2026-07-23 03:27:14.674] fetch_lib                  done
[2026-07-23 03:27:14.674] fetch_binding_ocaml        check_pre  (pass)
[2026-07-23 03:27:14.676] fetch_binding_ocaml        cmd  (eval $(opam env) && opam install ssl.0.7.0 -y && eval $(opam env) && opam install -y ocamlfind && echo 'installed' > /home/red/code/research/tola/_out/canary/projects/ssl-variant/fetch_binding/ocaml/binding_070_nlv.ok)
[2026-07-23 03:27:15.583] fetch_binding_ocaml        detect  (ok, output present)
[2026-07-23 03:27:15.583] fetch_binding_ocaml        check_post  (pass)
[2026-07-23 03:27:15.583] fetch_binding_ocaml        done
[2026-07-23 03:27:15.583] probe_binding_ocaml        check_pre  (pass)
[2026-07-23 03:27:15.585] probe_binding_ocaml        cmd  (eval $(opam env)
ocamlfind ocamlopt -package ssl -linkpkg canary/examples/ssl_variant/app_nlv.ml -o /home/red/code/research/tola/_out/canary/projects/ssl-variant/probe_binding/ocaml/ssl_app_nlv > /home/red/code/research/tola/_out/canary/projects/ssl-variant/probe_binding/ocaml/probe_070_nlv.log 2>&1 && /home/red/code/research/tola/_out/canary/projects/ssl-variant/probe_binding/ocaml/ssl_app_nlv >> /home/red/code/research/tola/_out/canary/projects/ssl-variant/probe_binding/ocaml/probe_070_nlv.log 2>&1
RC=$?
cat /home/red/code/research/tola/_out/canary/projects/ssl-variant/probe_binding/ocaml/probe_070_nlv.log
exit $RC)
[2026-07-23 03:27:15.679] probe_binding_ocaml        detect  (ok, output present)
[2026-07-23 03:27:15.679] probe_binding_ocaml        check_post  (pass)
[2026-07-23 03:27:15.679] probe_binding_ocaml        done
[2026-07-23 03:27:15.679] *                          graph_end  (3/3 completed)
[2026-07-23 03:27:15.680] *                          diagram  (_out/canary/projects/ssl-variant/-run/diagrams/all.mmd)
[2026-07-23 03:27:15.680] *                          diagram  (_out/canary/projects/ssl-variant/-run/diagrams/full.mmd)
[2026-07-23 03:27:15.680] *                          view  (lib (1 steps))
[2026-07-23 03:27:15.680] *                          view  (probes (1 steps))
[2026-07-23 03:27:15.680] *                          view  (binding_ocaml (2 steps))
[2026-07-23 03:27:15.681] *                          html  (_out/canary/projects/ssl-variant/-run/result.html)
[2026-07-23 03:27:15.683] *                          index  (_out/canary/projects/index.html)
[2026-07-23 03:27:15.683] !                          invariant  (full.mmd: connectivity errors:
  [2]→[3]: no edge A_fetch_binding_ocaml→A_probe_binding_ocaml
  [1]→[3]: no edge A_fetch_lib→A_probe_binding_ocaml)
[2026-07-23 03:27:15.683] !                          invariant  (SOME FAILED)
[2026-07-23 11:26:10.605] *                          diagram  (_out/canary/projects/ssl-variant/-run/diagrams/all.mmd)
[2026-07-23 11:26:10.605] *                          diagram  (_out/canary/projects/ssl-variant/-run/diagrams/full.mmd)
[2026-07-23 11:26:10.606] *                          view  (lib (1 steps))
[2026-07-23 11:26:10.606] *                          view  (probes (1 steps))
[2026-07-23 11:26:10.606] *                          view  (binding_ocaml (2 steps))
[2026-07-23 11:26:10.606] *                          html  (_out/canary/projects/ssl-variant/-run/result.html)
[2026-07-23 11:26:10.608] *                          index  (_out/canary/projects/index.html)
[2026-07-23 11:26:10.608] *                          invariant  (full.mmd: OK (3 nodes, 3 IDs))
[2026-07-23 11:26:10.608] *                          invariant  (binding_ocaml.mmd: OK (3 nodes, 3 IDs))
[2026-07-23 11:26:10.608] *                          invariant  (lib.mmd: OK (3 nodes, 3 IDs))
[2026-07-23 11:26:10.608] *                          invariant  (all.mmd: OK (3 nodes, 3 IDs))
[2026-07-23 11:26:10.608] *                          invariant  (probes.mmd: OK (3 nodes, 3 IDs))
[2026-07-23 11:26:10.608] *                          invariant  (ALL OK)
