The following actions will be performed:
=== remove 1 package
  ⊘ zarith-no-conf dev    [conflicts with zarith]
=== install 4 packages
  ∗ conf-c++       1.0    [required by z3]
  ∗ conf-python-3  9.0.0  [required by z3]
  ∗ z3             4.16.0
  ∗ zarith         1.14   [required by z3]

<><> Processing actions <><><><><><><><><><><><><><><><><><><><><><><><><><><><>
⬇ retrieved conf-python-3.9.0.0  (cached)
⬇ retrieved z3.4.16.0  (cached)
⬇ retrieved zarith.1.14  (cached)
⬇ retrieved zarith-no-conf.dev  (no changes)
⊘ removed   zarith-no-conf.dev
∗ installed conf-c++.1.0
∗ installed conf-python-3.9.0.0
∗ installed zarith.1.14
∗ installed z3.4.16.0
Done.
[NOTE] Package ocamlfind is already installed (current version is 1.9.8).
