[2026-08-09 15:14:14.630] *                          variant_start  (app-vendored-stable_lib-vendored-stable_ocaml_binding-vendored-stable_python_binding-vendored-stable_source-vendored-stable)
[2026-08-09 15:14:14.630] *                          graph_start  (13 steps)
[2026-08-09 15:14:14.630] configure                  check_pre  (pass)
[2026-08-09 15:14:14.632] configure                  cmd  (test -d canary/examples/tiny/scenarios/_cache/type_wrong/workspace/c/build || { echo 'lib_dir missing: canary/examples/tiny/scenarios/_cache/type_wrong/workspace/c/build'; exit 1; } && echo 'ok' > /home/red/code/research/tola/_out/canary/projects/tiny1/type_wrong/configure/conf_app-vendored-stable_lib-vendored-stable_ocaml_binding-vendored-stable_python_binding-vendored-stable_source-vendored-stable.ok)
[2026-08-09 15:14:14.633] configure                  detect  (ok, output present)
[2026-08-09 15:14:14.633] configure                  check_post  (pass)
[2026-08-09 15:14:14.633] configure                  done
[2026-08-09 15:14:14.635] scan_sources               check_pre  (pass)
[2026-08-09 15:14:14.637] scan_sources               cmd  (python3 canary/scripts/inspect_tiny_typed.py --layer header --path canary/examples/tiny/scenarios/_cache/type_wrong/workspace/c/include/tiny.h > /home/red/code/research/tola/_out/canary/projects/tiny1/type_wrong/scan_sources/inspect_typed_header_app-vendored-stable_lib-vendored-stable_ocaml_binding-vendored-stable_python_binding-vendored-stable_source-vendored-stable.json && python3 canary/scripts/inspect_tiny_typed.py --layer stub_ocaml --path canary/examples/tiny/scenarios/_cache/type_wrong/workspace/ocaml/tiny_raw.mli > /home/red/code/research/tola/_out/canary/projects/tiny1/type_wrong/scan_sources/inspect_typed_binding_stub_ocaml_app-vendored-stable_lib-vendored-stable_ocaml_binding-vendored-stable_python_binding-vendored-stable_source-vendored-stable.json && python3 canary/scripts/inspect_tiny_typed.py --layer user_ocaml --path canary/examples/tiny/scenarios/_cache/type_wrong/workspace/ocaml/tiny.mli > /home/red/code/research/tola/_out/canary/projects/tiny1/type_wrong/scan_sources/inspect_typed_binding_user_ocaml_app-vendored-stable_lib-vendored-stable_ocaml_binding-vendored-stable_python_binding-vendored-stable_source-vendored-stable.json && python3 canary/scripts/inspect_tiny_typed.py --layer stub_python --path canary/examples/tiny/scenarios/_cache/type_wrong/workspace/python_cext/tiny_cext/_native.c > /home/red/code/research/tola/_out/canary/projects/tiny1/type_wrong/scan_sources/inspect_typed_binding_stub_python_app-vendored-stable_lib-vendored-stable_ocaml_binding-vendored-stable_python_binding-vendored-stable_source-vendored-stable.json && python3 canary/scripts/inspect_tiny_typed.py --layer user_python --path canary/examples/tiny/scenarios/_cache/type_wrong/workspace/python_cext/tiny_cext/__init__.py > /home/red/code/research/tola/_out/canary/projects/tiny1/type_wrong/scan_sources/inspect_typed_binding_user_python_app-vendored-stable_lib-vendored-stable_ocaml_binding-vendored-stable_python_binding-vendored-stable_source-vendored-stable.json && echo 'ok' > /home/red/code/research/tola/_out/canary/projects/tiny1/type_wrong/scan_sources/scan_app-vendored-stable_lib-vendored-stable_ocaml_binding-vendored-stable_python_binding-vendored-stable_source-vendored-stable.ok)
[2026-08-09 15:14:14.815] scan_sources               detect  (ok, output present)
[2026-08-09 15:14:14.815] scan_sources               check_post  (pass)
[2026-08-09 15:14:14.815] scan_sources               done
[2026-08-09 15:14:14.817] build_lib                  check_pre  (pass)
[2026-08-09 15:14:14.820] build_lib                  cmd  (test -f canary/examples/tiny/scenarios/_cache/type_wrong/workspace/c/build/libtiny.so.1 || { mkdir -p canary/examples/tiny/scenarios/_cache/type_wrong/workspace/c/build && gcc -c -fPIC -Icanary/examples/tiny/scenarios/_cache/type_wrong/workspace/c/include canary/examples/tiny/scenarios/_cache/type_wrong/workspace/c/src/tiny.c -o canary/examples/tiny/scenarios/_cache/type_wrong/workspace/c/build/tiny.o && gcc -shared -fPIC -Wl,-soname,libtiny.so.1 -Wl,--version-script=canary/examples/tiny/scenarios/_cache/type_wrong/workspace/c/tiny.map canary/examples/tiny/scenarios/_cache/type_wrong/workspace/c/build/tiny.o -o canary/examples/tiny/scenarios/_cache/type_wrong/workspace/c/build/libtiny.so.1.0 && ln -sf libtiny.so.1.0 canary/examples/tiny/scenarios/_cache/type_wrong/workspace/c/build/libtiny.so.1 && ln -sf libtiny.so.1 canary/examples/tiny/scenarios/_cache/type_wrong/workspace/c/build/libtiny.so ; } && echo 'ok' > /home/red/code/research/tola/_out/canary/projects/tiny1/type_wrong/build_lib/build_app-vendored-stable_lib-vendored-stable_ocaml_binding-vendored-stable_python_binding-vendored-stable_source-vendored-stable.ok)
[2026-08-09 15:14:14.821] build_lib                  detect  (ok, output present)
[2026-08-09 15:14:14.821] build_lib                  check_post  (pass)
[2026-08-09 15:14:14.821] build_lib                  done
[2026-08-09 15:14:14.823] build_lib_inspect          check_pre  (pass)
[2026-08-09 15:14:14.824] build_lib_inspect          cmd  (nm -D "canary/examples/tiny/scenarios/_cache/type_wrong/workspace/c/build/libtiny.so.1" 2>/dev/null \
  | python3 canary/scripts/inspect_native.py --emit-symbols --elf --path "canary/examples/tiny/scenarios/_cache/type_wrong/workspace/c/build/libtiny.so.1" --prefixes 'tiny_' --watchlist 'tiny_sum,tiny_diff,tiny_offset' \
  > /home/red/code/research/tola/_out/canary/projects/tiny1/type_wrong/build_lib/inspect_app-vendored-stable_lib-vendored-stable_ocaml_binding-vendored-stable_python_binding-vendored-stable_source-vendored-stable.json)
[2026-08-09 15:14:14.900] build_lib_inspect          detect  (ok, output present)
[2026-08-09 15:14:14.900] build_lib_inspect          check_post  (pass)
[2026-08-09 15:14:14.900] build_lib_inspect          done
[2026-08-09 15:14:14.902] build_binding_ocaml        check_pre  (pass)
[2026-08-09 15:14:14.905] build_binding_ocaml        cmd  ((LIBRARY_PATH=$PWD/canary/examples/tiny/scenarios/_cache/type_wrong/workspace/c/build LD_RUN_PATH=$PWD/canary/examples/tiny/scenarios/_cache/type_wrong/workspace/c/build dune build --root canary/examples/tiny/scenarios/_cache/type_wrong/workspace ocaml/tiny.cmxa ocaml/libtiny_stubs.a) > /home/red/code/research/tola/_out/canary/projects/tiny1/type_wrong/build_binding/ocaml/build_app-vendored-stable_lib-vendored-stable_ocaml_binding-vendored-stable_python_binding-vendored-stable_source-vendored-stable.log 2>&1 && echo 'ok' > /home/red/code/research/tola/_out/canary/projects/tiny1/type_wrong/build_binding/ocaml/build_app-vendored-stable_lib-vendored-stable_ocaml_binding-vendored-stable_python_binding-vendored-stable_source-vendored-stable.ok)
[2026-08-09 15:14:14.944] build_binding_ocaml        detect  (ok, output present)
[2026-08-09 15:14:14.944] build_binding_ocaml        compat_predicted  (no contract fired)
[2026-08-09 15:14:14.944] build_binding_ocaml        contract_skipped  (c3 cmp_behavior: disabled in registry (blocked))
[2026-08-09 15:14:14.944] build_binding_ocaml        contract_skipped  (c7 api_sound_repack: disabled in registry (stubbed))
[2026-08-09 15:14:14.944] build_binding_ocaml        contract_skipped  (c8 cmp_api_faithfulness: disabled in registry (stubbed))
[2026-08-09 15:14:14.944] build_binding_ocaml        done  (no compat failure predicted; success expected)
[2026-08-09 15:14:14.946] build_binding_ocaml_inspect  check_pre  (pass)
[2026-08-09 15:14:14.948] build_binding_ocaml_inspect  cmd  (python3 canary/scripts/inspect_binding.py --kind stub --path canary/examples/tiny/scenarios/_cache/type_wrong/workspace/_build/default/ocaml/libtiny_stubs.a --prefix tiny_ > /home/red/code/research/tola/_out/canary/projects/tiny1/type_wrong/build_binding/ocaml/inspect_app-vendored-stable_lib-vendored-stable_ocaml_binding-vendored-stable_python_binding-vendored-stable_source-vendored-stable.json && python3 canary/scripts/inspect_binding.py --kind mli --module-prefix Tiny --path canary/examples/tiny/scenarios/_cache/type_wrong/workspace/ocaml/tiny.mli --watchlist 'Tiny,Tiny.sum,Tiny.diff,Tiny.offset' > /home/red/code/research/tola/_out/canary/projects/tiny1/type_wrong/build_binding/ocaml/inspect_mli_app-vendored-stable_lib-vendored-stable_ocaml_binding-vendored-stable_python_binding-vendored-stable_source-vendored-stable.json)
[2026-08-09 15:14:15.073] build_binding_ocaml_inspect  detect  (ok, output present)
[2026-08-09 15:14:15.073] build_binding_ocaml_inspect  check_post  (pass)
[2026-08-09 15:14:15.073] build_binding_ocaml_inspect  done
[2026-08-09 15:14:15.075] probe_binding_ocaml        check_pre  (pass)
[2026-08-09 15:14:15.078] probe_binding_ocaml        cmd  ((LIBRARY_PATH=$PWD/canary/examples/tiny/scenarios/_cache/type_wrong/workspace/c/build LD_RUN_PATH=$PWD/canary/examples/tiny/scenarios/_cache/type_wrong/workspace/c/build dune build --root canary/examples/tiny/scenarios/_cache/type_wrong/workspace ocaml/examples/probe_baseline.exe && LD_LIBRARY_PATH=$PWD/canary/examples/tiny/scenarios/_cache/type_wrong/workspace/c/build canary/examples/tiny/scenarios/_cache/type_wrong/workspace/_build/default/ocaml/examples/probe_baseline.exe) > /home/red/code/research/tola/_out/canary/projects/tiny1/type_wrong/probe_binding/ocaml/probe_app-vendored-stable_lib-vendored-stable_ocaml_binding-vendored-stable_python_binding-vendored-stable_source-vendored-stable.log 2>&1)
[2026-08-09 15:14:15.115] probe_binding_ocaml        cmd_fail  (exit 1)
[2026-08-09 15:14:15.115] probe_binding_ocaml        detect  (error, output present)
[2026-08-09 15:14:15.115] probe_binding_ocaml        compat_predicted  (no contract fired)
[2026-08-09 15:14:15.115] probe_binding_ocaml        contract_skipped  (c3 cmp_behavior: disabled in registry (blocked))
[2026-08-09 15:14:15.115] probe_binding_ocaml        contract_skipped  (c7 api_sound_repack: disabled in registry (stubbed))
[2026-08-09 15:14:15.115] probe_binding_ocaml        contract_skipped  (c8 cmp_api_faithfulness: disabled in registry (stubbed))
[2026-08-09 15:14:15.115] probe_binding_ocaml        failed  (no compat failure predicted but command failed)
[2026-08-09 15:14:15.115] build_binding_python       check_pre  (pass)
[2026-08-09 15:14:15.118] build_binding_python       cmd  (ls canary/examples/tiny/scenarios/_cache/type_wrong/workspace/python_cext/tiny_cext/_native.cpython-*.so > /dev/null && echo 'ok' > /home/red/code/research/tola/_out/canary/projects/tiny1/type_wrong/build_binding/python/build_app-vendored-stable_lib-vendored-stable_ocaml_binding-vendored-stable_python_binding-vendored-stable_source-vendored-stable.ok)
[2026-08-09 15:14:15.120] build_binding_python       detect  (ok, output present)
[2026-08-09 15:14:15.120] build_binding_python       check_post  (pass)
[2026-08-09 15:14:15.120] build_binding_python       done
[2026-08-09 15:14:15.122] build_binding_python_inspect  check_pre  (pass)
[2026-08-09 15:14:15.123] build_binding_python_inspect  cmd  (python3 canary/scripts/inspect_binding.py --kind stub --path canary/examples/tiny/scenarios/_cache/type_wrong/workspace/python_cext/tiny_cext/_native.cpython-*.so --prefix tiny_ > /home/red/code/research/tola/_out/canary/projects/tiny1/type_wrong/build_binding/python/inspect_app-vendored-stable_lib-vendored-stable_ocaml_binding-vendored-stable_python_binding-vendored-stable_source-vendored-stable.json && LD_LIBRARY_PATH=$PWD/canary/examples/tiny/scenarios/_cache/type_wrong/workspace/c/build PYTHONPATH=canary/examples/tiny/scenarios/_cache/type_wrong/workspace/python_cext python3 canary/scripts/inspect_python.py --pkg tiny_cext --watchlist 'sum,diff,offset' > /home/red/code/research/tola/_out/canary/projects/tiny1/type_wrong/build_binding/python/inspect_attrs_app-vendored-stable_lib-vendored-stable_ocaml_binding-vendored-stable_python_binding-vendored-stable_source-vendored-stable.json)
[2026-08-09 15:14:15.247] build_binding_python_inspect  detect  (ok, output present)
[2026-08-09 15:14:15.247] build_binding_python_inspect  check_post  (pass)
[2026-08-09 15:14:15.247] build_binding_python_inspect  done
[2026-08-09 15:14:15.249] probe_binding_python       check_pre  (pass)
[2026-08-09 15:14:15.252] probe_binding_python       cmd  (LD_LIBRARY_PATH=$PWD/canary/examples/tiny/scenarios/_cache/type_wrong/workspace/c/build PYTHONPATH=canary/examples/tiny/scenarios/_cache/type_wrong/workspace/python_cext python3 canary/examples/tiny/scenarios/_cache/type_wrong/workspace/python_cext/examples/probe_baseline.py > /home/red/code/research/tola/_out/canary/projects/tiny1/type_wrong/probe_binding/python/probe_app-vendored-stable_lib-vendored-stable_ocaml_binding-vendored-stable_python_binding-vendored-stable_source-vendored-stable.log 2>&1)
[2026-08-09 15:14:15.265] probe_binding_python       cmd_fail  (exit 1)
[2026-08-09 15:14:15.265] probe_binding_python       detect  (error, output present)
[2026-08-09 15:14:15.265] probe_binding_python       compat_predicted  (no contract fired)
[2026-08-09 15:14:15.265] probe_binding_python       contract_skipped  (c3 cmp_behavior: disabled in registry (blocked))
[2026-08-09 15:14:15.265] probe_binding_python       contract_skipped  (c7 api_sound_repack: disabled in registry (stubbed))
[2026-08-09 15:14:15.265] probe_binding_python       contract_skipped  (c8 cmp_api_faithfulness: disabled in registry (stubbed))
[2026-08-09 15:14:15.265] probe_binding_python       failed  (no compat failure predicted but command failed)
[2026-08-09 15:14:15.265] probe_lib                  check_pre  (pass)
[2026-08-09 15:14:15.268] probe_lib                  cmd  (nm -D canary/examples/tiny/scenarios/_cache/type_wrong/workspace/c/build/libtiny.so.1 | grep -E '^[0-9a-f]+ T tiny_' > /home/red/code/research/tola/_out/canary/projects/tiny1/type_wrong/probe_lib/probe_app-vendored-stable_lib-vendored-stable_ocaml_binding-vendored-stable_python_binding-vendored-stable_source-vendored-stable.log 2>&1)
[2026-08-09 15:14:15.310] probe_lib                  detect  (ok, output present)
[2026-08-09 15:14:15.310] probe_lib                  check_post  (pass)
[2026-08-09 15:14:15.310] probe_lib                  done
[2026-08-09 15:14:15.312] *                          graph_end  (9/13 completed)
[2026-08-09 15:14:15.312] probe_binding_ocaml        failed
[2026-08-09 15:14:15.312] probe_binding_ocaml_inspect  skipped
[2026-08-09 15:14:15.312] probe_binding_python       failed
[2026-08-09 15:14:15.312] probe_binding_python_inspect  skipped
[2026-08-09 15:14:15.314] *                          diagram  (_out/canary/projects/tiny1/type_wrong/-run/diagrams/all.mmd)
[2026-08-09 15:14:15.314] *                          diagram  (_out/canary/projects/tiny1/type_wrong/-run/diagrams/full.mmd)
[2026-08-09 15:14:15.314] *                          view  (lib (2 steps))
[2026-08-09 15:14:15.314] *                          view  (probes (5 steps))
[2026-08-09 15:14:15.315] *                          view  (binding_ocaml (4 steps))
[2026-08-09 15:14:15.315] *                          view  (binding_python (4 steps))
[2026-08-09 15:14:15.316] *                          html  (_out/canary/projects/tiny1/type_wrong/-run/result.html)
[2026-08-09 15:14:15.317] *                          index  (_out/canary/projects/index.html)
[2026-08-09 15:14:15.317] *                          invariant  (full.mmd: OK (13 nodes, 13 IDs))
[2026-08-09 15:14:15.317] !                          invariant  (binding_ocaml.mmd: missing [2])
[2026-08-09 15:14:15.317] !                          invariant  (SOME FAILED)
[2026-08-09 15:17:57.984] *                          variant_start  (app-vendored-stable_lib-vendored-stable_ocaml_binding-vendored-stable_python_binding-vendored-stable_source-vendored-stable)
[2026-08-09 15:17:57.984] *                          graph_start  (13 steps)
[2026-08-09 15:17:57.984] configure                  skip  (verdict marker (prior success))
[2026-08-09 15:17:57.984] scan_sources               skip  (verdict marker (prior success))
[2026-08-09 15:17:57.984] build_lib                  skip  (verdict marker (prior success))
[2026-08-09 15:17:57.984] build_lib_inspect          skip  (verdict marker (prior success))
[2026-08-09 15:17:57.984] build_binding_ocaml        skip  (verdict marker (prior success))
[2026-08-09 15:17:57.984] build_binding_ocaml_inspect  skip  (verdict marker (prior success))
[2026-08-09 15:17:57.984] build_binding_python       skip  (verdict marker (prior success))
[2026-08-09 15:17:57.984] build_binding_python_inspect  skip  (verdict marker (prior success))
[2026-08-09 15:17:57.984] probe_lib                  skip  (verdict marker (prior success))
[2026-08-09 15:17:57.984] probe_binding_ocaml        check_pre  (pass)
[2026-08-09 15:17:57.986] probe_binding_ocaml        cmd  ((LIBRARY_PATH=$PWD/canary/examples/tiny/scenarios/_cache/type_wrong/workspace/c/build LD_RUN_PATH=$PWD/canary/examples/tiny/scenarios/_cache/type_wrong/workspace/c/build dune build --root canary/examples/tiny/scenarios/_cache/type_wrong/workspace ocaml/examples/probe_baseline.exe && LD_LIBRARY_PATH=$PWD/canary/examples/tiny/scenarios/_cache/type_wrong/workspace/c/build canary/examples/tiny/scenarios/_cache/type_wrong/workspace/_build/default/ocaml/examples/probe_baseline.exe) > /home/red/code/research/tola/_out/canary/projects/tiny1/type_wrong/probe_binding/ocaml/probe_app-vendored-stable_lib-vendored-stable_ocaml_binding-vendored-stable_python_binding-vendored-stable_source-vendored-stable.log 2>&1)
[2026-08-09 15:17:58.019] probe_binding_ocaml        cmd_fail  (exit 1)
[2026-08-09 15:17:58.019] probe_binding_ocaml        detect  (error, output present)
[2026-08-09 15:17:58.019] probe_binding_ocaml        done  (expected failure confirmed)
[2026-08-09 15:17:58.021] probe_binding_ocaml_inspect  check_pre  (pass)
[2026-08-09 15:17:58.023] probe_binding_ocaml_inspect  cmd  (python3 canary/scripts/inspect_binding.py --kind mli --module-prefix Tiny --path canary/examples/tiny/scenarios/_cache/type_wrong/workspace/ocaml/tiny.mli --watchlist 'Tiny,Tiny.sum,Tiny.diff,Tiny.offset' > /home/red/code/research/tola/_out/canary/projects/tiny1/type_wrong/probe_binding/ocaml/inspect_app-vendored-stable_lib-vendored-stable_ocaml_binding-vendored-stable_python_binding-vendored-stable_source-vendored-stable.json)
[2026-08-09 15:17:58.063] probe_binding_ocaml_inspect  detect  (ok, output present)
[2026-08-09 15:17:58.063] probe_binding_ocaml_inspect  check_post  (pass)
[2026-08-09 15:17:58.063] probe_binding_ocaml_inspect  done
[2026-08-09 15:17:58.065] probe_binding_python       check_pre  (pass)
[2026-08-09 15:17:58.067] probe_binding_python       cmd  (LD_LIBRARY_PATH=$PWD/canary/examples/tiny/scenarios/_cache/type_wrong/workspace/c/build PYTHONPATH=canary/examples/tiny/scenarios/_cache/type_wrong/workspace/python_cext python3 canary/examples/tiny/scenarios/_cache/type_wrong/workspace/python_cext/examples/probe_baseline.py > /home/red/code/research/tola/_out/canary/projects/tiny1/type_wrong/probe_binding/python/probe_app-vendored-stable_lib-vendored-stable_ocaml_binding-vendored-stable_python_binding-vendored-stable_source-vendored-stable.log 2>&1)
[2026-08-09 15:17:58.079] probe_binding_python       cmd_fail  (exit 1)
[2026-08-09 15:17:58.080] probe_binding_python       detect  (error, output present)
[2026-08-09 15:17:58.080] probe_binding_python       done  (expected failure confirmed)
[2026-08-09 15:17:58.082] probe_binding_python_inspect  check_pre  (pass)
[2026-08-09 15:17:58.084] probe_binding_python_inspect  cmd  (LD_LIBRARY_PATH=$PWD/canary/examples/tiny/scenarios/_cache/type_wrong/workspace/c/build PYTHONPATH=canary/examples/tiny/scenarios/_cache/type_wrong/workspace/python_cext python3 canary/scripts/inspect_python.py --pkg tiny_cext --watchlist 'sum,diff,offset' > /home/red/code/research/tola/_out/canary/projects/tiny1/type_wrong/probe_binding/python/inspect_app-vendored-stable_lib-vendored-stable_ocaml_binding-vendored-stable_python_binding-vendored-stable_source-vendored-stable.json)
[2026-08-09 15:17:58.119] probe_binding_python_inspect  detect  (ok, output present)
[2026-08-09 15:17:58.119] probe_binding_python_inspect  check_post  (pass)
[2026-08-09 15:17:58.119] probe_binding_python_inspect  done
[2026-08-09 15:17:58.121] *                          graph_end  (13/13 completed)
[2026-08-09 15:17:58.122] *                          diagram  (_out/canary/projects/tiny1/type_wrong/-run/diagrams/all.mmd)
[2026-08-09 15:17:58.122] *                          diagram  (_out/canary/projects/tiny1/type_wrong/-run/diagrams/full.mmd)
[2026-08-09 15:17:58.122] *                          view  (lib (2 steps))
[2026-08-09 15:17:58.122] *                          view  (probes (5 steps))
[2026-08-09 15:17:58.123] *                          view  (binding_ocaml (4 steps))
[2026-08-09 15:17:58.124] *                          view  (binding_python (4 steps))
[2026-08-09 15:17:58.125] *                          html  (_out/canary/projects/tiny1/type_wrong/-run/result.html)
[2026-08-09 15:17:58.125] *                          index  (_out/canary/projects/index.html)
[2026-08-09 15:17:58.125] *                          invariant  (full.mmd: OK (13 nodes, 13 IDs))
[2026-08-09 15:17:58.125] !                          invariant  (binding_ocaml.mmd: missing [2])
[2026-08-09 15:17:58.125] !                          invariant  (SOME FAILED)
[2026-08-09 15:18:31.767] *                          variant_start  (app-vendored-stable_lib-vendored-stable_ocaml_binding-vendored-stable_python_binding-vendored-stable_source-vendored-stable)
[2026-08-09 15:18:31.767] *                          graph_start  (13 steps)
[2026-08-09 15:18:31.767] configure                  skip  (verdict marker (prior success))
[2026-08-09 15:18:31.767] scan_sources               skip  (verdict marker (prior success))
[2026-08-09 15:18:31.767] build_lib                  skip  (verdict marker (prior success))
[2026-08-09 15:18:31.767] build_lib_inspect          skip  (verdict marker (prior success))
[2026-08-09 15:18:31.767] build_binding_ocaml        skip  (verdict marker (prior success))
[2026-08-09 15:18:31.767] build_binding_ocaml_inspect  skip  (verdict marker (prior success))
[2026-08-09 15:18:31.767] probe_binding_ocaml        skip  (verdict marker (prior xfail))
[2026-08-09 15:18:31.767] probe_binding_ocaml_inspect  skip  (verdict marker (prior success))
[2026-08-09 15:18:31.767] build_binding_python       skip  (verdict marker (prior success))
[2026-08-09 15:18:31.767] build_binding_python_inspect  skip  (verdict marker (prior success))
[2026-08-09 15:18:31.767] probe_binding_python       skip  (verdict marker (prior xfail))
[2026-08-09 15:18:31.767] probe_binding_python_inspect  skip  (verdict marker (prior success))
[2026-08-09 15:18:31.767] probe_lib                  skip  (verdict marker (prior success))
[2026-08-09 15:18:31.767] *                          graph_end  (13/13 completed)
[2026-08-09 15:18:31.767] *                          diagram  (_out/canary/projects/tiny1/type_wrong/-run/diagrams/all.mmd)
[2026-08-09 15:18:31.768] *                          diagram  (_out/canary/projects/tiny1/type_wrong/-run/diagrams/full.mmd)
[2026-08-09 15:18:31.768] *                          view  (lib (2 steps))
[2026-08-09 15:18:31.768] *                          view  (probes (5 steps))
[2026-08-09 15:18:31.768] *                          view  (binding_ocaml (4 steps))
[2026-08-09 15:18:31.770] *                          view  (binding_python (4 steps))
[2026-08-09 15:18:31.771] *                          html  (_out/canary/projects/tiny1/type_wrong/-run/result.html)
[2026-08-09 15:18:31.771] *                          index  (_out/canary/projects/index.html)
[2026-08-09 15:18:31.771] *                          invariant  (full.mmd: OK (13 nodes, 13 IDs))
[2026-08-09 15:18:31.771] !                          invariant  (binding_ocaml.mmd: missing [2])
[2026-08-09 15:18:31.771] !                          invariant  (SOME FAILED)
[2026-08-09 15:43:09.381] *                          variant_start  (source-vendored-stable_lib-vendored-stable_ocaml_binding-vendored-stable_python_binding-vendored-stable_python_binding-vendored-stable_app-vendored-stable_app-vendored-stable)
[2026-08-09 15:43:09.381] *                          graph_start  (13 steps)
[2026-08-09 15:43:09.381] configure                  check_pre  (pass)
[2026-08-09 15:43:09.383] configure                  cmd  (test -d canary/examples/tiny/scenarios/_cache/type_wrong/workspace/c/build || { echo 'lib_dir missing: canary/examples/tiny/scenarios/_cache/type_wrong/workspace/c/build'; exit 1; } && echo 'ok' > /home/red/code/research/tola/_out/canary/projects/tiny1/type_wrong/configure/conf_source-vendored-stable_lib-vendored-stable_ocaml_binding-vendored-stable_python_binding-vendored-stable_python_binding-vendored-stable_app-vendored-stable_app-vendored-stable.ok)
[2026-08-09 15:43:09.384] configure                  detect  (ok, output present)
[2026-08-09 15:43:09.384] configure                  check_post  (pass)
[2026-08-09 15:43:09.384] configure                  done
[2026-08-09 15:43:09.386] scan_sources               check_pre  (pass)
[2026-08-09 15:43:09.388] scan_sources               cmd  (python3 canary/scripts/inspect_tiny_typed.py --layer header --path canary/examples/tiny/scenarios/_cache/type_wrong/workspace/c/include/tiny.h > /home/red/code/research/tola/_out/canary/projects/tiny1/type_wrong/scan_sources/inspect_typed_header_source-vendored-stable_lib-vendored-stable_ocaml_binding-vendored-stable_python_binding-vendored-stable_python_binding-vendored-stable_app-vendored-stable_app-vendored-stable.json && python3 canary/scripts/inspect_tiny_typed.py --layer stub_ocaml --path canary/examples/tiny/scenarios/_cache/type_wrong/workspace/ocaml/tiny_raw.mli > /home/red/code/research/tola/_out/canary/projects/tiny1/type_wrong/scan_sources/inspect_typed_binding_stub_ocaml_source-vendored-stable_lib-vendored-stable_ocaml_binding-vendored-stable_python_binding-vendored-stable_python_binding-vendored-stable_app-vendored-stable_app-vendored-stable.json && python3 canary/scripts/inspect_tiny_typed.py --layer user_ocaml --path canary/examples/tiny/scenarios/_cache/type_wrong/workspace/ocaml/tiny.mli > /home/red/code/research/tola/_out/canary/projects/tiny1/type_wrong/scan_sources/inspect_typed_binding_user_ocaml_source-vendored-stable_lib-vendored-stable_ocaml_binding-vendored-stable_python_binding-vendored-stable_python_binding-vendored-stable_app-vendored-stable_app-vendored-stable.json && python3 canary/scripts/inspect_tiny_typed.py --layer stub_python --path canary/examples/tiny/scenarios/_cache/type_wrong/workspace/python_cext/tiny_cext/_native.c > /home/red/code/research/tola/_out/canary/projects/tiny1/type_wrong/scan_sources/inspect_typed_binding_stub_python_source-vendored-stable_lib-vendored-stable_ocaml_binding-vendored-stable_python_binding-vendored-stable_python_binding-vendored-stable_app-vendored-stable_app-vendored-stable.json && python3 canary/scripts/inspect_tiny_typed.py --layer user_python --path canary/examples/tiny/scenarios/_cache/type_wrong/workspace/python_cext/tiny_cext/__init__.py > /home/red/code/research/tola/_out/canary/projects/tiny1/type_wrong/scan_sources/inspect_typed_binding_user_python_source-vendored-stable_lib-vendored-stable_ocaml_binding-vendored-stable_python_binding-vendored-stable_python_binding-vendored-stable_app-vendored-stable_app-vendored-stable.json && echo 'ok' > /home/red/code/research/tola/_out/canary/projects/tiny1/type_wrong/scan_sources/scan_source-vendored-stable_lib-vendored-stable_ocaml_binding-vendored-stable_python_binding-vendored-stable_python_binding-vendored-stable_app-vendored-stable_app-vendored-stable.ok)
[2026-08-09 15:43:09.559] scan_sources               detect  (ok, output present)
[2026-08-09 15:43:09.559] scan_sources               check_post  (pass)
[2026-08-09 15:43:09.559] scan_sources               done
[2026-08-09 15:43:09.561] build_lib                  check_pre  (pass)
[2026-08-09 15:43:09.563] build_lib                  cmd  (test -f canary/examples/tiny/scenarios/_cache/type_wrong/workspace/c/build/libtiny.so.1 || { mkdir -p canary/examples/tiny/scenarios/_cache/type_wrong/workspace/c/build && gcc -c -fPIC -Icanary/examples/tiny/scenarios/_cache/type_wrong/workspace/c/include canary/examples/tiny/scenarios/_cache/type_wrong/workspace/c/src/tiny.c -o canary/examples/tiny/scenarios/_cache/type_wrong/workspace/c/build/tiny.o && gcc -shared -fPIC -Wl,-soname,libtiny.so.1 -Wl,--version-script=canary/examples/tiny/scenarios/_cache/type_wrong/workspace/c/tiny.map canary/examples/tiny/scenarios/_cache/type_wrong/workspace/c/build/tiny.o -o canary/examples/tiny/scenarios/_cache/type_wrong/workspace/c/build/libtiny.so.1.0 && ln -sf libtiny.so.1.0 canary/examples/tiny/scenarios/_cache/type_wrong/workspace/c/build/libtiny.so.1 && ln -sf libtiny.so.1 canary/examples/tiny/scenarios/_cache/type_wrong/workspace/c/build/libtiny.so ; } && echo 'ok' > /home/red/code/research/tola/_out/canary/projects/tiny1/type_wrong/build_lib/build_source-vendored-stable_lib-vendored-stable_ocaml_binding-vendored-stable_python_binding-vendored-stable_python_binding-vendored-stable_app-vendored-stable_app-vendored-stable.ok)
[2026-08-09 15:43:09.564] build_lib                  detect  (ok, output present)
[2026-08-09 15:43:09.564] build_lib                  check_post  (pass)
[2026-08-09 15:43:09.564] build_lib                  done
[2026-08-09 15:43:09.565] build_lib_inspect          check_pre  (pass)
[2026-08-09 15:43:09.567] build_lib_inspect          cmd  (nm -D "canary/examples/tiny/scenarios/_cache/type_wrong/workspace/c/build/libtiny.so.1" 2>/dev/null \
  | python3 canary/scripts/inspect_native.py --emit-symbols --elf --path "canary/examples/tiny/scenarios/_cache/type_wrong/workspace/c/build/libtiny.so.1" --prefixes 'tiny_' --watchlist 'tiny_sum,tiny_diff,tiny_offset' \
  > /home/red/code/research/tola/_out/canary/projects/tiny1/type_wrong/build_lib/inspect_source-vendored-stable_lib-vendored-stable_ocaml_binding-vendored-stable_python_binding-vendored-stable_python_binding-vendored-stable_app-vendored-stable_app-vendored-stable.json)
[2026-08-09 15:43:09.617] build_lib_inspect          detect  (ok, output present)
[2026-08-09 15:43:09.617] build_lib_inspect          check_post  (pass)
[2026-08-09 15:43:09.617] build_lib_inspect          done
[2026-08-09 15:43:09.619] build_binding_ocaml        check_pre  (pass)
[2026-08-09 15:43:09.621] build_binding_ocaml        cmd  ((LIBRARY_PATH=$PWD/canary/examples/tiny/scenarios/_cache/type_wrong/workspace/c/build LD_RUN_PATH=$PWD/canary/examples/tiny/scenarios/_cache/type_wrong/workspace/c/build dune build --root canary/examples/tiny/scenarios/_cache/type_wrong/workspace ocaml/tiny.cmxa ocaml/libtiny_stubs.a) > /home/red/code/research/tola/_out/canary/projects/tiny1/type_wrong/build_binding/ocaml/build_source-vendored-stable_lib-vendored-stable_ocaml_binding-vendored-stable_python_binding-vendored-stable_python_binding-vendored-stable_app-vendored-stable_app-vendored-stable.log 2>&1 && echo 'ok' > /home/red/code/research/tola/_out/canary/projects/tiny1/type_wrong/build_binding/ocaml/build_source-vendored-stable_lib-vendored-stable_ocaml_binding-vendored-stable_python_binding-vendored-stable_python_binding-vendored-stable_app-vendored-stable_app-vendored-stable.ok)
[2026-08-09 15:43:09.650] build_binding_ocaml        detect  (ok, output present)
[2026-08-09 15:43:09.650] build_binding_ocaml        compat_predicted  (no contract fired)
[2026-08-09 15:43:09.650] build_binding_ocaml        contract_skipped  (c3 cmp_behavior: disabled in registry (blocked))
[2026-08-09 15:43:09.650] build_binding_ocaml        contract_skipped  (c7 api_sound_repack: disabled in registry (stubbed))
[2026-08-09 15:43:09.650] build_binding_ocaml        contract_skipped  (c8 cmp_api_faithfulness: disabled in registry (stubbed))
[2026-08-09 15:43:09.650] build_binding_ocaml        done  (no compat failure predicted; success expected)
[2026-08-09 15:43:09.652] build_binding_ocaml_inspect  check_pre  (pass)
[2026-08-09 15:43:09.654] build_binding_ocaml_inspect  cmd  (python3 canary/scripts/inspect_binding.py --kind stub --path canary/examples/tiny/scenarios/_cache/type_wrong/workspace/_build/default/ocaml/libtiny_stubs.a --prefix tiny_ > /home/red/code/research/tola/_out/canary/projects/tiny1/type_wrong/build_binding/ocaml/inspect_source-vendored-stable_lib-vendored-stable_ocaml_binding-vendored-stable_python_binding-vendored-stable_python_binding-vendored-stable_app-vendored-stable_app-vendored-stable.json && python3 canary/scripts/inspect_binding.py --kind mli --module-prefix Tiny --path canary/examples/tiny/scenarios/_cache/type_wrong/workspace/ocaml/tiny.mli --watchlist 'Tiny,Tiny.sum,Tiny.diff,Tiny.offset' > /home/red/code/research/tola/_out/canary/projects/tiny1/type_wrong/build_binding/ocaml/inspect_mli_source-vendored-stable_lib-vendored-stable_ocaml_binding-vendored-stable_python_binding-vendored-stable_python_binding-vendored-stable_app-vendored-stable_app-vendored-stable.json)
[2026-08-09 15:43:09.779] build_binding_ocaml_inspect  detect  (ok, output present)
[2026-08-09 15:43:09.779] build_binding_ocaml_inspect  check_post  (pass)
[2026-08-09 15:43:09.779] build_binding_ocaml_inspect  done
[2026-08-09 15:43:09.781] probe_binding_ocaml        check_pre  (pass)
[2026-08-09 15:43:09.783] probe_binding_ocaml        cmd  ((LIBRARY_PATH=$PWD/canary/examples/tiny/scenarios/_cache/type_wrong/workspace/c/build LD_RUN_PATH=$PWD/canary/examples/tiny/scenarios/_cache/type_wrong/workspace/c/build dune build --root canary/examples/tiny/scenarios/_cache/type_wrong/workspace ocaml/examples/probe_baseline.exe && LD_LIBRARY_PATH=$PWD/canary/examples/tiny/scenarios/_cache/type_wrong/workspace/c/build canary/examples/tiny/scenarios/_cache/type_wrong/workspace/_build/default/ocaml/examples/probe_baseline.exe) > /home/red/code/research/tola/_out/canary/projects/tiny1/type_wrong/probe_binding/ocaml/probe_source-vendored-stable_lib-vendored-stable_ocaml_binding-vendored-stable_python_binding-vendored-stable_python_binding-vendored-stable_app-vendored-stable_app-vendored-stable.log 2>&1)
[2026-08-09 15:43:09.816] probe_binding_ocaml        cmd_fail  (exit 1)
[2026-08-09 15:43:09.816] probe_binding_ocaml        detect  (error, output present)
[2026-08-09 15:43:09.816] probe_binding_ocaml        compat_predicted  (no contract fired)
[2026-08-09 15:43:09.816] probe_binding_ocaml        contract_skipped  (c3 cmp_behavior: disabled in registry (blocked))
[2026-08-09 15:43:09.816] probe_binding_ocaml        contract_skipped  (c7 api_sound_repack: disabled in registry (stubbed))
[2026-08-09 15:43:09.816] probe_binding_ocaml        contract_skipped  (c8 cmp_api_faithfulness: disabled in registry (stubbed))
[2026-08-09 15:43:09.816] probe_binding_ocaml        done  (expected failure confirmed (behavioral: probe.log present despite clean artifact inspection))
[2026-08-09 15:43:09.818] probe_binding_ocaml_inspect  check_pre  (pass)
[2026-08-09 15:43:09.820] probe_binding_ocaml_inspect  cmd  (python3 canary/scripts/inspect_binding.py --kind mli --module-prefix Tiny --path canary/examples/tiny/scenarios/_cache/type_wrong/workspace/ocaml/tiny.mli --watchlist 'Tiny,Tiny.sum,Tiny.diff,Tiny.offset' > /home/red/code/research/tola/_out/canary/projects/tiny1/type_wrong/probe_binding/ocaml/inspect_source-vendored-stable_lib-vendored-stable_ocaml_binding-vendored-stable_python_binding-vendored-stable_python_binding-vendored-stable_app-vendored-stable_app-vendored-stable.json)
[2026-08-09 15:43:09.861] probe_binding_ocaml_inspect  detect  (ok, output present)
[2026-08-09 15:43:09.861] probe_binding_ocaml_inspect  check_post  (pass)
[2026-08-09 15:43:09.861] probe_binding_ocaml_inspect  done
[2026-08-09 15:43:09.863] build_binding_python       check_pre  (pass)
[2026-08-09 15:43:09.865] build_binding_python       cmd  (ls canary/examples/tiny/scenarios/_cache/type_wrong/workspace/python_cext/tiny_cext/_native.cpython-*.so > /dev/null && echo 'ok' > /home/red/code/research/tola/_out/canary/projects/tiny1/type_wrong/build_binding/python/build_source-vendored-stable_lib-vendored-stable_ocaml_binding-vendored-stable_python_binding-vendored-stable_python_binding-vendored-stable_app-vendored-stable_app-vendored-stable.ok)
[2026-08-09 15:43:09.867] build_binding_python       detect  (ok, output present)
[2026-08-09 15:43:09.867] build_binding_python       check_post  (pass)
[2026-08-09 15:43:09.867] build_binding_python       done
[2026-08-09 15:43:09.869] build_binding_python_inspect  check_pre  (pass)
[2026-08-09 15:43:09.871] build_binding_python_inspect  cmd  (python3 canary/scripts/inspect_binding.py --kind stub --path canary/examples/tiny/scenarios/_cache/type_wrong/workspace/python_cext/tiny_cext/_native.cpython-*.so --prefix tiny_ > /home/red/code/research/tola/_out/canary/projects/tiny1/type_wrong/build_binding/python/inspect_source-vendored-stable_lib-vendored-stable_ocaml_binding-vendored-stable_python_binding-vendored-stable_python_binding-vendored-stable_app-vendored-stable_app-vendored-stable.json && LD_LIBRARY_PATH=$PWD/canary/examples/tiny/scenarios/_cache/type_wrong/workspace/c/build PYTHONPATH=canary/examples/tiny/scenarios/_cache/type_wrong/workspace/python_cext python3 canary/scripts/inspect_python.py --pkg tiny_cext --watchlist 'sum,diff,offset' > /home/red/code/research/tola/_out/canary/projects/tiny1/type_wrong/build_binding/python/inspect_attrs_source-vendored-stable_lib-vendored-stable_ocaml_binding-vendored-stable_python_binding-vendored-stable_python_binding-vendored-stable_app-vendored-stable_app-vendored-stable.json)
[2026-08-09 15:43:09.989] build_binding_python_inspect  detect  (ok, output present)
[2026-08-09 15:43:09.990] build_binding_python_inspect  check_post  (pass)
[2026-08-09 15:43:09.990] build_binding_python_inspect  done
[2026-08-09 15:43:09.992] probe_binding_python       check_pre  (pass)
[2026-08-09 15:43:09.993] probe_binding_python       cmd  (LD_LIBRARY_PATH=$PWD/canary/examples/tiny/scenarios/_cache/type_wrong/workspace/c/build PYTHONPATH=canary/examples/tiny/scenarios/_cache/type_wrong/workspace/python_cext python3 canary/examples/tiny/scenarios/_cache/type_wrong/workspace/python_cext/examples/probe_baseline.py > /home/red/code/research/tola/_out/canary/projects/tiny1/type_wrong/probe_binding/python/probe_source-vendored-stable_lib-vendored-stable_ocaml_binding-vendored-stable_python_binding-vendored-stable_python_binding-vendored-stable_app-vendored-stable_app-vendored-stable.log 2>&1)
[2026-08-09 15:43:10.006] probe_binding_python       cmd_fail  (exit 1)
[2026-08-09 15:43:10.006] probe_binding_python       detect  (error, output present)
[2026-08-09 15:43:10.006] probe_binding_python       compat_predicted  (no contract fired)
[2026-08-09 15:43:10.006] probe_binding_python       contract_skipped  (c3 cmp_behavior: disabled in registry (blocked))
[2026-08-09 15:43:10.006] probe_binding_python       contract_skipped  (c7 api_sound_repack: disabled in registry (stubbed))
[2026-08-09 15:43:10.006] probe_binding_python       contract_skipped  (c8 cmp_api_faithfulness: disabled in registry (stubbed))
[2026-08-09 15:43:10.007] probe_binding_python       done  (expected failure confirmed (behavioral: probe.log present despite clean artifact inspection))
[2026-08-09 15:43:10.009] probe_binding_python_inspect  check_pre  (pass)
[2026-08-09 15:43:10.011] probe_binding_python_inspect  cmd  (LD_LIBRARY_PATH=$PWD/canary/examples/tiny/scenarios/_cache/type_wrong/workspace/c/build PYTHONPATH=canary/examples/tiny/scenarios/_cache/type_wrong/workspace/python_cext python3 canary/scripts/inspect_python.py --pkg tiny_cext --watchlist 'sum,diff,offset' > /home/red/code/research/tola/_out/canary/projects/tiny1/type_wrong/probe_binding/python/inspect_source-vendored-stable_lib-vendored-stable_ocaml_binding-vendored-stable_python_binding-vendored-stable_python_binding-vendored-stable_app-vendored-stable_app-vendored-stable.json)
[2026-08-09 15:43:10.046] probe_binding_python_inspect  detect  (ok, output present)
[2026-08-09 15:43:10.046] probe_binding_python_inspect  check_post  (pass)
[2026-08-09 15:43:10.046] probe_binding_python_inspect  done
[2026-08-09 15:43:10.048] probe_lib                  check_pre  (pass)
[2026-08-09 15:43:10.050] probe_lib                  cmd  (nm -D canary/examples/tiny/scenarios/_cache/type_wrong/workspace/c/build/libtiny.so.1 | grep -E '^[0-9a-f]+ T tiny_' > /home/red/code/research/tola/_out/canary/projects/tiny1/type_wrong/probe_lib/probe_source-vendored-stable_lib-vendored-stable_ocaml_binding-vendored-stable_python_binding-vendored-stable_python_binding-vendored-stable_app-vendored-stable_app-vendored-stable.log 2>&1)
[2026-08-09 15:43:10.092] probe_lib                  detect  (ok, output present)
[2026-08-09 15:43:10.092] probe_lib                  check_post  (pass)
[2026-08-09 15:43:10.092] probe_lib                  done
[2026-08-09 15:43:10.094] *                          graph_end  (13/13 completed)
[2026-08-09 15:43:10.095] *                          diagram  (_out/canary/projects/tiny1/type_wrong/-run/diagrams/all.mmd)
[2026-08-09 15:43:10.095] *                          diagram  (_out/canary/projects/tiny1/type_wrong/-run/diagrams/full.mmd)
[2026-08-09 15:43:10.095] *                          view  (lib (2 steps))
[2026-08-09 15:43:10.095] *                          view  (probes (5 steps))
[2026-08-09 15:43:10.095] *                          view  (binding_ocaml (4 steps))
[2026-08-09 15:43:10.095] *                          view  (binding_python (4 steps))
[2026-08-09 15:43:10.097] *                          html  (_out/canary/projects/tiny1/type_wrong/-run/result.html)
[2026-08-09 15:43:10.098] *                          index  (_out/canary/projects/index.html)
[2026-08-09 15:43:10.098] *                          invariant  (full.mmd: OK (13 nodes, 13 IDs))
[2026-08-09 15:43:10.098] !                          invariant  (binding_ocaml.mmd: missing [2])
[2026-08-09 15:43:10.098] !                          invariant  (SOME FAILED)
