[2026-08-09 15:13:55.365] *                          variant_start  (app-vendored-stable_lib-vendored-stable_ocaml_binding-vendored-stable_python_binding-vendored-stable_source-vendored-stable)
[2026-08-09 15:13:55.365] *                          graph_start  (13 steps)
[2026-08-09 15:13:55.365] configure                  check_pre  (pass)
[2026-08-09 15:13:55.367] configure                  cmd  (test -d canary/examples/tiny/scenarios/_cache/api_repack_stub_orphan/workspace/c/build || { echo 'lib_dir missing: canary/examples/tiny/scenarios/_cache/api_repack_stub_orphan/workspace/c/build'; exit 1; } && echo 'ok' > /home/red/code/research/tola/_out/canary/projects/tiny1/api_repack_stub_orphan/configure/conf_app-vendored-stable_lib-vendored-stable_ocaml_binding-vendored-stable_python_binding-vendored-stable_source-vendored-stable.ok)
[2026-08-09 15:13:55.368] configure                  detect  (ok, output present)
[2026-08-09 15:13:55.368] configure                  check_post  (pass)
[2026-08-09 15:13:55.368] configure                  done
[2026-08-09 15:13:55.370] scan_sources               check_pre  (pass)
[2026-08-09 15:13:55.372] scan_sources               cmd  (python3 canary/scripts/inspect_tiny_typed.py --layer header --path canary/examples/tiny/scenarios/_cache/api_repack_stub_orphan/workspace/c/include/tiny.h > /home/red/code/research/tola/_out/canary/projects/tiny1/api_repack_stub_orphan/scan_sources/inspect_typed_header_app-vendored-stable_lib-vendored-stable_ocaml_binding-vendored-stable_python_binding-vendored-stable_source-vendored-stable.json && python3 canary/scripts/inspect_tiny_typed.py --layer stub_ocaml --path canary/examples/tiny/scenarios/_cache/api_repack_stub_orphan/workspace/ocaml/tiny_raw.mli > /home/red/code/research/tola/_out/canary/projects/tiny1/api_repack_stub_orphan/scan_sources/inspect_typed_binding_stub_ocaml_app-vendored-stable_lib-vendored-stable_ocaml_binding-vendored-stable_python_binding-vendored-stable_source-vendored-stable.json && python3 canary/scripts/inspect_tiny_typed.py --layer user_ocaml --path canary/examples/tiny/scenarios/_cache/api_repack_stub_orphan/workspace/ocaml/tiny.mli > /home/red/code/research/tola/_out/canary/projects/tiny1/api_repack_stub_orphan/scan_sources/inspect_typed_binding_user_ocaml_app-vendored-stable_lib-vendored-stable_ocaml_binding-vendored-stable_python_binding-vendored-stable_source-vendored-stable.json && python3 canary/scripts/inspect_tiny_typed.py --layer stub_python --path canary/examples/tiny/scenarios/_cache/api_repack_stub_orphan/workspace/python_cext/tiny_cext/_native.c > /home/red/code/research/tola/_out/canary/projects/tiny1/api_repack_stub_orphan/scan_sources/inspect_typed_binding_stub_python_app-vendored-stable_lib-vendored-stable_ocaml_binding-vendored-stable_python_binding-vendored-stable_source-vendored-stable.json && python3 canary/scripts/inspect_tiny_typed.py --layer user_python --path canary/examples/tiny/scenarios/_cache/api_repack_stub_orphan/workspace/python_cext/tiny_cext/__init__.py > /home/red/code/research/tola/_out/canary/projects/tiny1/api_repack_stub_orphan/scan_sources/inspect_typed_binding_user_python_app-vendored-stable_lib-vendored-stable_ocaml_binding-vendored-stable_python_binding-vendored-stable_source-vendored-stable.json && echo 'ok' > /home/red/code/research/tola/_out/canary/projects/tiny1/api_repack_stub_orphan/scan_sources/scan_app-vendored-stable_lib-vendored-stable_ocaml_binding-vendored-stable_python_binding-vendored-stable_source-vendored-stable.ok)
[2026-08-09 15:13:55.561] scan_sources               detect  (ok, output present)
[2026-08-09 15:13:55.561] scan_sources               check_post  (pass)
[2026-08-09 15:13:55.561] scan_sources               done
[2026-08-09 15:13:55.563] build_lib                  check_pre  (pass)
[2026-08-09 15:13:55.565] build_lib                  cmd  (test -f canary/examples/tiny/scenarios/_cache/api_repack_stub_orphan/workspace/c/build/libtiny.so.1 || { mkdir -p canary/examples/tiny/scenarios/_cache/api_repack_stub_orphan/workspace/c/build && gcc -c -fPIC -Icanary/examples/tiny/scenarios/_cache/api_repack_stub_orphan/workspace/c/include canary/examples/tiny/scenarios/_cache/api_repack_stub_orphan/workspace/c/src/tiny.c -o canary/examples/tiny/scenarios/_cache/api_repack_stub_orphan/workspace/c/build/tiny.o && gcc -shared -fPIC -Wl,-soname,libtiny.so.1 -Wl,--version-script=canary/examples/tiny/scenarios/_cache/api_repack_stub_orphan/workspace/c/tiny.map canary/examples/tiny/scenarios/_cache/api_repack_stub_orphan/workspace/c/build/tiny.o -o canary/examples/tiny/scenarios/_cache/api_repack_stub_orphan/workspace/c/build/libtiny.so.1.0 && ln -sf libtiny.so.1.0 canary/examples/tiny/scenarios/_cache/api_repack_stub_orphan/workspace/c/build/libtiny.so.1 && ln -sf libtiny.so.1 canary/examples/tiny/scenarios/_cache/api_repack_stub_orphan/workspace/c/build/libtiny.so ; } && echo 'ok' > /home/red/code/research/tola/_out/canary/projects/tiny1/api_repack_stub_orphan/build_lib/build_app-vendored-stable_lib-vendored-stable_ocaml_binding-vendored-stable_python_binding-vendored-stable_source-vendored-stable.ok)
[2026-08-09 15:13:55.566] build_lib                  detect  (ok, output present)
[2026-08-09 15:13:55.566] build_lib                  check_post  (pass)
[2026-08-09 15:13:55.566] build_lib                  done
[2026-08-09 15:13:55.568] build_lib_inspect          check_pre  (pass)
[2026-08-09 15:13:55.570] build_lib_inspect          cmd  (nm -D "canary/examples/tiny/scenarios/_cache/api_repack_stub_orphan/workspace/c/build/libtiny.so.1" 2>/dev/null \
  | python3 canary/scripts/inspect_native.py --emit-symbols --elf --path "canary/examples/tiny/scenarios/_cache/api_repack_stub_orphan/workspace/c/build/libtiny.so.1" --prefixes 'tiny_' --watchlist 'tiny_sum,tiny_diff,tiny_offset' \
  > /home/red/code/research/tola/_out/canary/projects/tiny1/api_repack_stub_orphan/build_lib/inspect_app-vendored-stable_lib-vendored-stable_ocaml_binding-vendored-stable_python_binding-vendored-stable_source-vendored-stable.json)
[2026-08-09 15:13:55.621] build_lib_inspect          detect  (ok, output present)
[2026-08-09 15:13:55.621] build_lib_inspect          check_post  (pass)
[2026-08-09 15:13:55.621] build_lib_inspect          done
[2026-08-09 15:13:55.623] build_binding_ocaml        check_pre  (pass)
[2026-08-09 15:13:55.626] build_binding_ocaml        cmd  ((LIBRARY_PATH=$PWD/canary/examples/tiny/scenarios/_cache/api_repack_stub_orphan/workspace/c/build LD_RUN_PATH=$PWD/canary/examples/tiny/scenarios/_cache/api_repack_stub_orphan/workspace/c/build dune build --root canary/examples/tiny/scenarios/_cache/api_repack_stub_orphan/workspace ocaml/tiny.cmxa ocaml/libtiny_stubs.a) > /home/red/code/research/tola/_out/canary/projects/tiny1/api_repack_stub_orphan/build_binding/ocaml/build_app-vendored-stable_lib-vendored-stable_ocaml_binding-vendored-stable_python_binding-vendored-stable_source-vendored-stable.log 2>&1 && echo 'ok' > /home/red/code/research/tola/_out/canary/projects/tiny1/api_repack_stub_orphan/build_binding/ocaml/build_app-vendored-stable_lib-vendored-stable_ocaml_binding-vendored-stable_python_binding-vendored-stable_source-vendored-stable.ok)
[2026-08-09 15:13:55.659] build_binding_ocaml        detect  (ok, output present)
[2026-08-09 15:13:55.659] build_binding_ocaml        compat_predicted  (no contract fired)
[2026-08-09 15:13:55.659] build_binding_ocaml        contract_skipped  (c3 cmp_behavior: disabled in registry (blocked))
[2026-08-09 15:13:55.659] build_binding_ocaml        contract_skipped  (c7 api_sound_repack: disabled in registry (stubbed))
[2026-08-09 15:13:55.659] build_binding_ocaml        contract_skipped  (c8 cmp_api_faithfulness: disabled in registry (stubbed))
[2026-08-09 15:13:55.659] build_binding_ocaml        done  (no compat failure predicted; success expected)
[2026-08-09 15:13:55.661] build_binding_ocaml_inspect  check_pre  (pass)
[2026-08-09 15:13:55.663] build_binding_ocaml_inspect  cmd  (python3 canary/scripts/inspect_binding.py --kind stub --path canary/examples/tiny/scenarios/_cache/api_repack_stub_orphan/workspace/_build/default/ocaml/libtiny_stubs.a --prefix tiny_ > /home/red/code/research/tola/_out/canary/projects/tiny1/api_repack_stub_orphan/build_binding/ocaml/inspect_app-vendored-stable_lib-vendored-stable_ocaml_binding-vendored-stable_python_binding-vendored-stable_source-vendored-stable.json && python3 canary/scripts/inspect_binding.py --kind mli --module-prefix Tiny --path canary/examples/tiny/scenarios/_cache/api_repack_stub_orphan/workspace/ocaml/tiny.mli --watchlist 'Tiny,Tiny.sum,Tiny.diff,Tiny.offset' > /home/red/code/research/tola/_out/canary/projects/tiny1/api_repack_stub_orphan/build_binding/ocaml/inspect_mli_app-vendored-stable_lib-vendored-stable_ocaml_binding-vendored-stable_python_binding-vendored-stable_source-vendored-stable.json)
[2026-08-09 15:13:55.788] build_binding_ocaml_inspect  detect  (ok, output present)
[2026-08-09 15:13:55.788] build_binding_ocaml_inspect  check_post  (pass)
[2026-08-09 15:13:55.788] build_binding_ocaml_inspect  done
[2026-08-09 15:13:55.791] probe_binding_ocaml        check_pre  (pass)
[2026-08-09 15:13:55.794] probe_binding_ocaml        cmd  ((LIBRARY_PATH=$PWD/canary/examples/tiny/scenarios/_cache/api_repack_stub_orphan/workspace/c/build LD_RUN_PATH=$PWD/canary/examples/tiny/scenarios/_cache/api_repack_stub_orphan/workspace/c/build dune build --root canary/examples/tiny/scenarios/_cache/api_repack_stub_orphan/workspace ocaml/examples/probe_baseline.exe && LD_LIBRARY_PATH=$PWD/canary/examples/tiny/scenarios/_cache/api_repack_stub_orphan/workspace/c/build canary/examples/tiny/scenarios/_cache/api_repack_stub_orphan/workspace/_build/default/ocaml/examples/probe_baseline.exe) > /home/red/code/research/tola/_out/canary/projects/tiny1/api_repack_stub_orphan/probe_binding/ocaml/probe_app-vendored-stable_lib-vendored-stable_ocaml_binding-vendored-stable_python_binding-vendored-stable_source-vendored-stable.log 2>&1)
[2026-08-09 15:13:55.831] probe_binding_ocaml        detect  (ok, output present)
[2026-08-09 15:13:55.831] probe_binding_ocaml        compat_predicted  (no contract fired)
[2026-08-09 15:13:55.831] probe_binding_ocaml        contract_skipped  (c3 cmp_behavior: disabled in registry (blocked))
[2026-08-09 15:13:55.831] probe_binding_ocaml        contract_skipped  (c7 api_sound_repack: disabled in registry (stubbed))
[2026-08-09 15:13:55.831] probe_binding_ocaml        contract_skipped  (c8 cmp_api_faithfulness: disabled in registry (stubbed))
[2026-08-09 15:13:55.831] probe_binding_ocaml        done  (no compat failure predicted; success expected)
[2026-08-09 15:13:55.833] probe_binding_ocaml_inspect  check_pre  (pass)
[2026-08-09 15:13:55.835] probe_binding_ocaml_inspect  cmd  (python3 canary/scripts/inspect_binding.py --kind mli --module-prefix Tiny --path canary/examples/tiny/scenarios/_cache/api_repack_stub_orphan/workspace/ocaml/tiny.mli --watchlist 'Tiny,Tiny.sum,Tiny.diff,Tiny.offset' > /home/red/code/research/tola/_out/canary/projects/tiny1/api_repack_stub_orphan/probe_binding/ocaml/inspect_app-vendored-stable_lib-vendored-stable_ocaml_binding-vendored-stable_python_binding-vendored-stable_source-vendored-stable.json)
[2026-08-09 15:13:55.875] probe_binding_ocaml_inspect  detect  (ok, output present)
[2026-08-09 15:13:55.875] probe_binding_ocaml_inspect  check_post  (pass)
[2026-08-09 15:13:55.875] probe_binding_ocaml_inspect  done
[2026-08-09 15:13:55.878] build_binding_python       check_pre  (pass)
[2026-08-09 15:13:55.880] build_binding_python       cmd  (ls canary/examples/tiny/scenarios/_cache/api_repack_stub_orphan/workspace/python_cext/tiny_cext/_native.cpython-*.so > /dev/null && echo 'ok' > /home/red/code/research/tola/_out/canary/projects/tiny1/api_repack_stub_orphan/build_binding/python/build_app-vendored-stable_lib-vendored-stable_ocaml_binding-vendored-stable_python_binding-vendored-stable_source-vendored-stable.ok)
[2026-08-09 15:13:55.882] build_binding_python       detect  (ok, output present)
[2026-08-09 15:13:55.882] build_binding_python       check_post  (pass)
[2026-08-09 15:13:55.882] build_binding_python       done
[2026-08-09 15:13:55.884] build_binding_python_inspect  check_pre  (pass)
[2026-08-09 15:13:55.885] build_binding_python_inspect  cmd  (python3 canary/scripts/inspect_binding.py --kind stub --path canary/examples/tiny/scenarios/_cache/api_repack_stub_orphan/workspace/python_cext/tiny_cext/_native.cpython-*.so --prefix tiny_ > /home/red/code/research/tola/_out/canary/projects/tiny1/api_repack_stub_orphan/build_binding/python/inspect_app-vendored-stable_lib-vendored-stable_ocaml_binding-vendored-stable_python_binding-vendored-stable_source-vendored-stable.json && LD_LIBRARY_PATH=$PWD/canary/examples/tiny/scenarios/_cache/api_repack_stub_orphan/workspace/c/build PYTHONPATH=canary/examples/tiny/scenarios/_cache/api_repack_stub_orphan/workspace/python_cext python3 canary/scripts/inspect_python.py --pkg tiny_cext --watchlist 'sum,diff,offset' > /home/red/code/research/tola/_out/canary/projects/tiny1/api_repack_stub_orphan/build_binding/python/inspect_attrs_app-vendored-stable_lib-vendored-stable_ocaml_binding-vendored-stable_python_binding-vendored-stable_source-vendored-stable.json)
[2026-08-09 15:13:56.004] build_binding_python_inspect  detect  (ok, output present)
[2026-08-09 15:13:56.004] build_binding_python_inspect  check_post  (pass)
[2026-08-09 15:13:56.004] build_binding_python_inspect  done
[2026-08-09 15:13:56.006] probe_binding_python       check_pre  (pass)
[2026-08-09 15:13:56.009] probe_binding_python       cmd  (LD_LIBRARY_PATH=$PWD/canary/examples/tiny/scenarios/_cache/api_repack_stub_orphan/workspace/c/build PYTHONPATH=canary/examples/tiny/scenarios/_cache/api_repack_stub_orphan/workspace/python_cext python3 canary/examples/tiny/scenarios/_cache/api_repack_stub_orphan/workspace/python_cext/examples/probe_baseline.py > /home/red/code/research/tola/_out/canary/projects/tiny1/api_repack_stub_orphan/probe_binding/python/probe_app-vendored-stable_lib-vendored-stable_ocaml_binding-vendored-stable_python_binding-vendored-stable_source-vendored-stable.log 2>&1)
[2026-08-09 15:13:56.022] probe_binding_python       detect  (ok, output present)
[2026-08-09 15:13:56.022] probe_binding_python       compat_predicted  (no contract fired)
[2026-08-09 15:13:56.022] probe_binding_python       contract_skipped  (c3 cmp_behavior: disabled in registry (blocked))
[2026-08-09 15:13:56.022] probe_binding_python       contract_skipped  (c7 api_sound_repack: disabled in registry (stubbed))
[2026-08-09 15:13:56.022] probe_binding_python       contract_skipped  (c8 cmp_api_faithfulness: disabled in registry (stubbed))
[2026-08-09 15:13:56.022] probe_binding_python       done  (no compat failure predicted; success expected)
[2026-08-09 15:13:56.024] probe_binding_python_inspect  check_pre  (pass)
[2026-08-09 15:13:56.026] probe_binding_python_inspect  cmd  (LD_LIBRARY_PATH=$PWD/canary/examples/tiny/scenarios/_cache/api_repack_stub_orphan/workspace/c/build PYTHONPATH=canary/examples/tiny/scenarios/_cache/api_repack_stub_orphan/workspace/python_cext python3 canary/scripts/inspect_python.py --pkg tiny_cext --watchlist 'sum,diff,offset' > /home/red/code/research/tola/_out/canary/projects/tiny1/api_repack_stub_orphan/probe_binding/python/inspect_app-vendored-stable_lib-vendored-stable_ocaml_binding-vendored-stable_python_binding-vendored-stable_source-vendored-stable.json)
[2026-08-09 15:13:56.063] probe_binding_python_inspect  detect  (ok, output present)
[2026-08-09 15:13:56.063] probe_binding_python_inspect  check_post  (pass)
[2026-08-09 15:13:56.063] probe_binding_python_inspect  done
[2026-08-09 15:13:56.065] probe_lib                  check_pre  (pass)
[2026-08-09 15:13:56.068] probe_lib                  cmd  (nm -D canary/examples/tiny/scenarios/_cache/api_repack_stub_orphan/workspace/c/build/libtiny.so.1 | grep -E '^[0-9a-f]+ T tiny_' > /home/red/code/research/tola/_out/canary/projects/tiny1/api_repack_stub_orphan/probe_lib/probe_app-vendored-stable_lib-vendored-stable_ocaml_binding-vendored-stable_python_binding-vendored-stable_source-vendored-stable.log 2>&1)
[2026-08-09 15:13:56.112] probe_lib                  detect  (ok, output present)
[2026-08-09 15:13:56.112] probe_lib                  check_post  (pass)
[2026-08-09 15:13:56.112] probe_lib                  done
[2026-08-09 15:13:56.114] *                          graph_end  (13/13 completed)
[2026-08-09 15:13:56.115] *                          diagram  (_out/canary/projects/tiny1/api_repack_stub_orphan/-run/diagrams/all.mmd)
[2026-08-09 15:13:56.115] *                          diagram  (_out/canary/projects/tiny1/api_repack_stub_orphan/-run/diagrams/full.mmd)
[2026-08-09 15:13:56.115] *                          view  (lib (2 steps))
[2026-08-09 15:13:56.115] *                          view  (probes (5 steps))
[2026-08-09 15:13:56.115] *                          view  (binding_ocaml (4 steps))
[2026-08-09 15:13:56.115] *                          view  (binding_python (4 steps))
[2026-08-09 15:13:56.117] *                          html  (_out/canary/projects/tiny1/api_repack_stub_orphan/-run/result.html)
[2026-08-09 15:13:56.117] *                          index  (_out/canary/projects/index.html)
[2026-08-09 15:13:56.118] *                          invariant  (full.mmd: OK (13 nodes, 13 IDs))
[2026-08-09 15:13:56.118] !                          invariant  (binding_ocaml.mmd: missing [2])
[2026-08-09 15:13:56.118] !                          invariant  (SOME FAILED)
[2026-08-09 15:18:36.509] *                          variant_start  (app-vendored-stable_lib-vendored-stable_ocaml_binding-vendored-stable_python_binding-vendored-stable_source-vendored-stable)
[2026-08-09 15:18:36.509] *                          graph_start  (13 steps)
[2026-08-09 15:18:36.509] configure                  skip  (verdict marker (prior success))
[2026-08-09 15:18:36.509] scan_sources               skip  (verdict marker (prior success))
[2026-08-09 15:18:36.509] build_lib                  skip  (verdict marker (prior success))
[2026-08-09 15:18:36.509] build_lib_inspect          skip  (verdict marker (prior success))
[2026-08-09 15:18:36.509] build_binding_ocaml        skip  (verdict marker (prior success))
[2026-08-09 15:18:36.509] build_binding_ocaml_inspect  skip  (verdict marker (prior success))
[2026-08-09 15:18:36.509] probe_binding_ocaml        skip  (verdict marker (prior success))
[2026-08-09 15:18:36.509] probe_binding_ocaml_inspect  skip  (verdict marker (prior success))
[2026-08-09 15:18:36.509] build_binding_python       skip  (verdict marker (prior success))
[2026-08-09 15:18:36.509] build_binding_python_inspect  skip  (verdict marker (prior success))
[2026-08-09 15:18:36.509] probe_binding_python       skip  (verdict marker (prior success))
[2026-08-09 15:18:36.509] probe_binding_python_inspect  skip  (verdict marker (prior success))
[2026-08-09 15:18:36.509] probe_lib                  skip  (verdict marker (prior success))
[2026-08-09 15:18:36.509] *                          graph_end  (13/13 completed)
[2026-08-09 15:18:36.509] *                          diagram  (_out/canary/projects/tiny1/api_repack_stub_orphan/-run/diagrams/all.mmd)
[2026-08-09 15:18:36.510] *                          diagram  (_out/canary/projects/tiny1/api_repack_stub_orphan/-run/diagrams/full.mmd)
[2026-08-09 15:18:36.510] *                          view  (lib (2 steps))
[2026-08-09 15:18:36.510] *                          view  (probes (5 steps))
[2026-08-09 15:18:36.510] *                          view  (binding_ocaml (4 steps))
[2026-08-09 15:18:36.512] *                          view  (binding_python (4 steps))
[2026-08-09 15:18:36.513] *                          html  (_out/canary/projects/tiny1/api_repack_stub_orphan/-run/result.html)
[2026-08-09 15:18:36.513] *                          index  (_out/canary/projects/index.html)
[2026-08-09 15:18:36.514] *                          invariant  (full.mmd: OK (13 nodes, 13 IDs))
[2026-08-09 15:18:36.514] !                          invariant  (binding_ocaml.mmd: missing [2])
[2026-08-09 15:18:36.514] !                          invariant  (SOME FAILED)
