[2026-08-31 14:24:32.875] *                          variant_start  (lib-fetched-2.1.2_ocaml_binding-fetched-v0.17.0_binding_source_ocaml-fetched)
[2026-08-31 14:24:32.875] *                          graph_start  (6 steps)
[2026-08-31 14:24:32.875] fetch_lib                  check_pre  (pass)
[2026-08-31 14:24:32.877] fetch_lib                  cmd  (eval $(opam env) && opam install libtorch.2.1.2+linux-x86_64 -y --assume-depexts && echo 'installed' > /home/red/code/research/tola/_out/canary/projects/torch/fetch_lib/lib_lib-fetched-2.1.2_ocaml_binding-fetched-v0.17.0_binding_source_ocaml-fetched.ok)
[2026-08-31 14:24:32.877] fetch_lib                  opam_switch  (canary)
[2026-08-31 14:24:32.877] fetch_lib                  platform  (wsl_ubuntu)
[2026-08-31 14:24:33.386] fetch_lib                  cmd_log  (fetch_lib.out_lib-fetched-2.1.2_ocaml_binding-fetched-v0.17.0_binding_source_ocaml-fetched.log)
[2026-08-31 14:24:33.386] fetch_lib                  detect  (ok, output present)
[2026-08-31 14:24:33.386] fetch_lib                  check_post  (pass)
[2026-08-31 14:24:33.386] fetch_lib                  done
[2026-08-31 14:24:33.388] fetch_binding_ocaml        check_pre  (pass)
[2026-08-31 14:24:33.391] fetch_binding_ocaml        cmd  (eval $(opam env) && { opam repo add canary-local "file://$PWD/canary/templates/opam-local-repo" --rank=1 2>/dev/null || opam repo set-url canary-local "file://$PWD/canary/templates/opam-local-repo" ; } && opam update canary-local && eval $(opam env) && opam install torch.v0.17.0 -y && eval $(opam env) && opam install -y ocamlfind && echo 'installed' > /home/red/code/research/tola/_out/canary/projects/torch/fetch_binding/ocaml/binding_lib-fetched-2.1.2_ocaml_binding-fetched-v0.17.0_binding_source_ocaml-fetched.ok)
[2026-08-31 14:24:33.391] fetch_binding_ocaml        opam_switch  (canary)
[2026-08-31 14:24:33.391] fetch_binding_ocaml        platform  (wsl_ubuntu)
[2026-08-31 14:25:31.594] fetch_binding_ocaml        cmd_log  (fetch_binding_ocaml.out_lib-fetched-2.1.2_ocaml_binding-fetched-v0.17.0_binding_source_ocaml-fetched.log)
[2026-08-31 14:25:31.594] fetch_binding_ocaml        cmd_fail  (exit 31)
[2026-08-31 14:25:31.594] fetch_binding_ocaml        cmd_out  (#  2336 | raw_tensor atg_stft_center(gc_tensor self, int64_t n_fft, int64_t hop_length_v, int hop_length_null, int64_t win_length_v, int win_length_null, gc_tensor window, int center, char * pad_mode, int normalized, int onesided, int return_complex);)
[2026-08-31 14:25:31.594] fetch_binding_ocaml        cmd_out  (#       |                                                                                                                                                                               ~~~~~~~^~~~~~~~)
[2026-08-31 14:25:31.594] fetch_binding_ocaml        cmd_out  (# File "src/wrapper/dune", line 4, characters 9-18:)
[2026-08-31 14:25:31.594] fetch_binding_ocaml        cmd_out  (# 4 |   (names torch_api))
[2026-08-31 14:25:31.594] fetch_binding_ocaml        cmd_out  (#              ^^^^^^^^^)
[2026-08-31 14:25:31.594] fetch_binding_ocaml        cmd_out  (# (cd _build/default/src/wrapper && /usr/bin/gcc -std=c++17 -fPIC -D_GLIBCXX_USE_CXX11_ABI=1 -isystem /home/red/.opam/canary/lib/libtorch/include -isystem /home/red/.opam/canary/lib/libtorch/include/torch/csrc/api/include -g -I /home/red/.opam/canary/lib/ocaml -I /home/red/.opam/canary/lib/base -I /home/red/.opam/canary/lib/base/base_internalhash_types -I /home/red/.opam/canary/lib/base/md5 -I [...])
[2026-08-31 14:25:31.594] fetch_binding_ocaml        cmd_out  (# torch_api.cpp:944:10: fatal error: torch_api_generated.cpp: No such file or directory)
[2026-08-31 14:25:31.594] fetch_binding_ocaml        cmd_out  (#   944 | #include "torch_api_generated.cpp")
[2026-08-31 14:25:31.594] fetch_binding_ocaml        cmd_out  (#       |          ^~~~~~~~~~~~~~~~~~~~~~~~~)
[2026-08-31 14:25:31.594] fetch_binding_ocaml        cmd_out  (# compilation terminated.)
[2026-08-31 14:25:31.594] fetch_binding_ocaml        cmd_out  ()
[2026-08-31 14:25:31.594] fetch_binding_ocaml        cmd_out  ()
[2026-08-31 14:25:31.594] fetch_binding_ocaml        cmd_out  ()
[2026-08-31 14:25:31.594] fetch_binding_ocaml        cmd_out  (<><> Error report <><><><><><><><><><><><><><><><><><><><><><><><><><><><><><><>)
[2026-08-31 14:25:31.594] fetch_binding_ocaml        cmd_out  (┌─ The following actions failed)
[2026-08-31 14:25:31.595] fetch_binding_ocaml        cmd_out  (│ λ build torch v0.17.0)
[2026-08-31 14:25:31.595] fetch_binding_ocaml        cmd_out  (└─ )
[2026-08-31 14:25:31.595] fetch_binding_ocaml        cmd_out  (╶─ No changes have been performed)
[2026-08-31 14:25:31.595] fetch_binding_ocaml        cmd_out  ()
[2026-08-31 14:25:31.595] fetch_binding_ocaml        cmd_out  (<><> torch.v0.17.0 troubleshooting ><><><><><><><><><><><><><><><><><><><><><><>)
[2026-08-31 14:25:31.595] fetch_binding_ocaml        cmd_out  (=> Installation of ocaml-torch failed. This likely happened)
[2026-08-31 14:25:31.595] fetch_binding_ocaml        cmd_out  (   because there is no system installation of libtorch to compile)
[2026-08-31 14:25:31.595] fetch_binding_ocaml        cmd_out  (   OCaml bindings against. Please instal the CPU version of libtorch)
[2026-08-31 14:25:31.595] fetch_binding_ocaml        cmd_out  (   through opam, or the appropriate version of libtorch for your GPU)
[2026-08-31 14:25:31.595] fetch_binding_ocaml        cmd_out  (   through the official distribution.)
[2026-08-31 14:25:31.595] fetch_binding_ocaml        detect  (error, output present)
[2026-08-31 14:25:31.595] fetch_binding_ocaml        done  (expected failure confirmed)
[2026-08-31 14:25:31.597] fetch_binding_ocaml_inspect  check_pre  (pass)
[2026-08-31 14:25:31.599] fetch_binding_ocaml_inspect  cmd  (eval $(opam env)
PKG_DIR=$(ocamlfind query 'torch' 2>/dev/null)
test -n "$PKG_DIR"
python3 canary/scripts/inspect_binding.py --kind mli --dir "$PKG_DIR" \
  --watchlist 'Tensor,Device,Scalar,Optimizer,Cuda' > /home/red/code/research/tola/_out/canary/projects/torch/fetch_binding/ocaml/inspect_lib-fetched-2.1.2_ocaml_binding-fetched-v0.17.0_binding_source_ocaml-fetched.json)
[2026-08-31 14:25:31.599] fetch_binding_ocaml_inspect  opam_switch  (canary)
[2026-08-31 14:25:31.599] fetch_binding_ocaml_inspect  platform  (wsl_ubuntu)
[2026-08-31 14:25:31.662] fetch_binding_ocaml_inspect  cmd_log  (fetch_binding_ocaml_inspect.out_lib-fetched-2.1.2_ocaml_binding-fetched-v0.17.0_binding_source_ocaml-fetched.log)
[2026-08-31 14:25:31.662] fetch_binding_ocaml_inspect  detect  (ok, output present)
[2026-08-31 14:25:31.662] fetch_binding_ocaml_inspect  check_post  (pass)
[2026-08-31 14:25:31.662] fetch_binding_ocaml_inspect  done
[2026-08-31 14:25:31.664] probe_binding_ocaml        check_pre  (pass)
[2026-08-31 14:25:31.667] probe_binding_ocaml        cmd  (eval $(opam env)
INSTALLED=$(opam list torch --installed --short --columns=version --color=never 2>/dev/null)
test "$INSTALLED" = "v0.17.0" || { echo "WORLD MISMATCH: switch has torch $INSTALLED, scenario declares torch v0.17.0"; exit 1; }
test -f $(opam var prefix)/lib/libtorch/build-version || { echo 'WORLD: libtorch build-version missing at $(opam var prefix)/lib/libtorch' >&2; exit 1; }
grep -qF '2.1.2' $(opam var prefix)/lib/libtorch/build-version || { echo "WORLD MISMATCH: libtorch build-version $(cat $(opam var prefix)/lib/libtorch/build-version), scenario declares 2.1.2" >&2; exit 1; }
eval $(opam env)
ocamlfind ocamlopt -package torch -linkpkg canary/examples/torch/torch_example.ml -o /home/red/code/research/tola/_out/canary/projects/torch/probe_binding/ocaml/torch_example > /home/red/code/research/tola/_out/canary/projects/torch/probe_binding/ocaml/probe_lib-fetched-2.1.2_ocaml_binding-fetched-v0.17.0_binding_source_ocaml-fetched.log 2>&1 && /home/red/code/research/tola/_out/canary/projects/torch/probe_binding/ocaml/torch_example >> /home/red/code/research/tola/_out/canary/projects/torch/probe_binding/ocaml/probe_lib-fetched-2.1.2_ocaml_binding-fetched-v0.17.0_binding_source_ocaml-fetched.log 2>&1
RC=$?
cat /home/red/code/research/tola/_out/canary/projects/torch/probe_binding/ocaml/probe_lib-fetched-2.1.2_ocaml_binding-fetched-v0.17.0_binding_source_ocaml-fetched.log
exit $RC)
[2026-08-31 14:25:31.667] probe_binding_ocaml        opam_switch  (canary)
[2026-08-31 14:25:31.667] probe_binding_ocaml        platform  (wsl_ubuntu)
[2026-08-31 14:25:31.940] probe_binding_ocaml        cmd_log  (probe_binding_ocaml.out_lib-fetched-2.1.2_ocaml_binding-fetched-v0.17.0_binding_source_ocaml-fetched.log)
[2026-08-31 14:25:31.940] probe_binding_ocaml        cmd_fail  (exit 1)
[2026-08-31 14:25:31.940] probe_binding_ocaml        cmd_out  (WORLD MISMATCH: switch has torch v0.17.0-canary1, scenario declares torch v0.17.0)
[2026-08-31 14:25:31.940] probe_binding_ocaml        detect  (error, output present)
[2026-08-31 14:25:31.940] probe_binding_ocaml        failed  (command failed but output didn't match expected strings)
[2026-08-31 14:25:31.940] probe_lib                  check_pre  (pass)
[2026-08-31 14:25:31.942] probe_lib                  cmd  (test -f $(opam var prefix)/lib/libtorch/build-version || { echo 'WORLD: libtorch build-version missing at $(opam var prefix)/lib/libtorch' >&2; exit 1; }
grep -qF '2.1.2' $(opam var prefix)/lib/libtorch/build-version || { echo "WORLD MISMATCH: libtorch build-version $(cat $(opam var prefix)/lib/libtorch/build-version), scenario declares 2.1.2" >&2; exit 1; }
COUNT=$(nm -D "$(opam var prefix)/lib/libtorch/lib/libtorch_cpu.so" 2>/dev/null | grep -v ' U ' | grep -c '_ZN2at' || echo 0)
printf '_ZN2at symbols exported: %s\n' "$COUNT" | tee /home/red/code/research/tola/_out/canary/projects/torch/probe_lib/probe_lib-fetched-2.1.2_ocaml_binding-fetched-v0.17.0_binding_source_ocaml-fetched.log
test "$COUNT" -gt 0)
[2026-08-31 14:25:31.942] probe_lib                  opam_switch  (canary)
[2026-08-31 14:25:31.942] probe_lib                  platform  (wsl_ubuntu)
[2026-08-31 14:25:32.102] probe_lib                  cmd_log  (probe_lib.out_lib-fetched-2.1.2_ocaml_binding-fetched-v0.17.0_binding_source_ocaml-fetched.log)
[2026-08-31 14:25:32.102] probe_lib                  detect  (ok, output present)
[2026-08-31 14:25:32.102] probe_lib                  check_post  (pass)
[2026-08-31 14:25:32.102] probe_lib                  done
[2026-08-31 14:25:32.104] probe_lib_inspect          check_pre  (pass)
[2026-08-31 14:25:32.106] probe_lib_inspect          cmd  (nm -D "$(opam var prefix)/lib/libtorch/lib/libtorch_cpu.so" 2>/dev/null \
  | python3 canary/scripts/inspect_native.py --emit-symbols --elf --path "$(opam var prefix)/lib/libtorch/lib/libtorch_cpu.so" --prefixes '_ZN2at,_ZN3c10,_ZN5torch' --watchlist '_ZN2at13globalContextEv,_ZN2at15getCPUAllocatorEv,_ZN2at16init_num_threadsEv,_ZN2at15get_num_threadsEv,_ZN2at23get_num_interop_threadsEv,_ZN2at18in_parallel_regionEv' \
  > /home/red/code/research/tola/_out/canary/projects/torch/probe_lib/inspect_lib-fetched-2.1.2_ocaml_binding-fetched-v0.17.0_binding_source_ocaml-fetched.json)
[2026-08-31 14:25:32.106] probe_lib_inspect          opam_switch  (canary)
[2026-08-31 14:25:32.106] probe_lib_inspect          platform  (wsl_ubuntu)
[2026-08-31 14:25:32.322] probe_lib_inspect          cmd_log  (probe_lib_inspect.out_lib-fetched-2.1.2_ocaml_binding-fetched-v0.17.0_binding_source_ocaml-fetched.log)
[2026-08-31 14:25:32.322] probe_lib_inspect          detect  (ok, output present)
[2026-08-31 14:25:32.322] probe_lib_inspect          check_post  (pass)
[2026-08-31 14:25:32.322] probe_lib_inspect          done
[2026-08-31 14:25:32.325] *                          graph_end  (5/6 completed)
[2026-08-31 14:25:32.325] probe_binding_ocaml        failed
[2026-08-31 14:25:32.326] *                          diagram  (_out/canary/projects/torch/-run/diagrams/all.mmd)
[2026-08-31 14:25:32.326] *                          diagram  (_out/canary/projects/torch/-run/diagrams/full.mmd)
[2026-08-31 14:25:32.326] *                          view  (lib (3 steps))
[2026-08-31 14:25:32.326] *                          view  (probes (3 steps))
[2026-08-31 14:25:32.326] *                          view  (binding_ocaml (3 steps))
[2026-08-31 14:25:32.327] *                          html  (_out/canary/projects/torch/-run/result.html)
[2026-08-31 14:25:32.329] *                          index  (_out/canary/projects/index.html)
[2026-08-31 14:25:32.329] *                          invariant  (full.mmd: OK (6 nodes, 6 IDs))
[2026-08-31 14:25:32.329] *                          invariant  (binding_ocaml.mmd: OK (5 nodes, 6 IDs))
[2026-08-31 14:25:32.329] *                          invariant  (lib.mmd: OK (5 nodes, 6 IDs))
[2026-08-31 14:25:32.329] *                          invariant  (all.mmd: OK (4 nodes, 6 IDs))
[2026-08-31 14:25:32.329] *                          invariant  (probes.mmd: OK (6 nodes, 6 IDs))
[2026-08-31 14:25:32.329] *                          invariant  (ALL OK)
[2026-08-31 14:25:32.346] *                          variant_start  (lib-fetched-2.1.2_ocaml_binding-fetched-v0.17.0-canary1_binding_source_ocaml-fetched)
[2026-08-31 14:25:32.346] *                          graph_start  (6 steps)
[2026-08-31 14:25:32.347] fetch_lib                  check_pre  (pass)
[2026-08-31 14:25:32.349] fetch_lib                  cmd  (eval $(opam env) && opam install libtorch.2.1.2+linux-x86_64 -y --assume-depexts && echo 'installed' > /home/red/code/research/tola/_out/canary/projects/torch/fetch_lib/lib_lib-fetched-2.1.2_ocaml_binding-fetched-v0.17.0-canary1_binding_source_ocaml-fetched.ok)
[2026-08-31 14:25:32.349] fetch_lib                  opam_switch  (canary)
[2026-08-31 14:25:32.349] fetch_lib                  platform  (wsl_ubuntu)
[2026-08-31 14:25:32.852] fetch_lib                  cmd_log  (fetch_lib.out_lib-fetched-2.1.2_ocaml_binding-fetched-v0.17.0-canary1_binding_source_ocaml-fetched.log)
[2026-08-31 14:25:32.852] fetch_lib                  detect  (ok, output present)
[2026-08-31 14:25:32.852] fetch_lib                  check_post  (pass)
[2026-08-31 14:25:32.852] fetch_lib                  done
[2026-08-31 14:25:32.854] fetch_binding_ocaml        check_pre  (pass)
[2026-08-31 14:25:32.856] fetch_binding_ocaml        cmd  (eval $(opam env) && { opam repo add canary-local "file://$PWD/canary/templates/opam-local-repo" --rank=1 2>/dev/null || opam repo set-url canary-local "file://$PWD/canary/templates/opam-local-repo" ; } && opam update canary-local && eval $(opam env) && opam install torch.v0.17.0-canary1 -y && eval $(opam env) && opam install -y ocamlfind && echo 'installed' > /home/red/code/research/tola/_out/canary/projects/torch/fetch_binding/ocaml/binding_lib-fetched-2.1.2_ocaml_binding-fetched-v0.17.0-canary1_binding_source_ocaml-fetched.ok)
[2026-08-31 14:25:32.856] fetch_binding_ocaml        opam_switch  (canary)
[2026-08-31 14:25:32.856] fetch_binding_ocaml        platform  (wsl_ubuntu)
[2026-08-31 14:25:34.307] fetch_binding_ocaml        cmd_log  (fetch_binding_ocaml.out_lib-fetched-2.1.2_ocaml_binding-fetched-v0.17.0-canary1_binding_source_ocaml-fetched.log)
[2026-08-31 14:25:34.307] fetch_binding_ocaml        detect  (ok, output present)
[2026-08-31 14:25:34.572] fetch_binding_ocaml        check_post  (pass)
[2026-08-31 14:25:34.572] fetch_binding_ocaml        done
[2026-08-31 14:25:34.574] fetch_binding_ocaml_inspect  check_pre  (pass)
[2026-08-31 14:25:34.576] fetch_binding_ocaml_inspect  cmd  (eval $(opam env)
PKG_DIR=$(ocamlfind query 'torch' 2>/dev/null)
test -n "$PKG_DIR"
python3 canary/scripts/inspect_binding.py --kind mli --dir "$PKG_DIR" \
  --watchlist 'Tensor,Device,Scalar,Optimizer,Cuda' > /home/red/code/research/tola/_out/canary/projects/torch/fetch_binding/ocaml/inspect_lib-fetched-2.1.2_ocaml_binding-fetched-v0.17.0-canary1_binding_source_ocaml-fetched.json)
[2026-08-31 14:25:34.576] fetch_binding_ocaml_inspect  opam_switch  (canary)
[2026-08-31 14:25:34.576] fetch_binding_ocaml_inspect  platform  (wsl_ubuntu)
[2026-08-31 14:25:34.639] fetch_binding_ocaml_inspect  cmd_log  (fetch_binding_ocaml_inspect.out_lib-fetched-2.1.2_ocaml_binding-fetched-v0.17.0-canary1_binding_source_ocaml-fetched.log)
[2026-08-31 14:25:34.639] fetch_binding_ocaml_inspect  detect  (ok, output present)
[2026-08-31 14:25:34.639] fetch_binding_ocaml_inspect  check_post  (pass)
[2026-08-31 14:25:34.639] fetch_binding_ocaml_inspect  done
[2026-08-31 14:25:34.641] probe_binding_ocaml        check_pre  (pass)
[2026-08-31 14:25:34.643] probe_binding_ocaml        cmd  (eval $(opam env)
INSTALLED=$(opam list torch --installed --short --columns=version --color=never 2>/dev/null)
test "$INSTALLED" = "v0.17.0-canary1" || { echo "WORLD MISMATCH: switch has torch $INSTALLED, scenario declares torch v0.17.0-canary1"; exit 1; }
test -f $(opam var prefix)/lib/libtorch/build-version || { echo 'WORLD: libtorch build-version missing at $(opam var prefix)/lib/libtorch' >&2; exit 1; }
grep -qF '2.1.2' $(opam var prefix)/lib/libtorch/build-version || { echo "WORLD MISMATCH: libtorch build-version $(cat $(opam var prefix)/lib/libtorch/build-version), scenario declares 2.1.2" >&2; exit 1; }
eval $(opam env)
ocamlfind ocamlopt -package torch -linkpkg canary/examples/torch/torch_example.ml -o /home/red/code/research/tola/_out/canary/projects/torch/probe_binding/ocaml/torch_example > /home/red/code/research/tola/_out/canary/projects/torch/probe_binding/ocaml/probe_lib-fetched-2.1.2_ocaml_binding-fetched-v0.17.0-canary1_binding_source_ocaml-fetched.log 2>&1 && /home/red/code/research/tola/_out/canary/projects/torch/probe_binding/ocaml/torch_example >> /home/red/code/research/tola/_out/canary/projects/torch/probe_binding/ocaml/probe_lib-fetched-2.1.2_ocaml_binding-fetched-v0.17.0-canary1_binding_source_ocaml-fetched.log 2>&1
RC=$?
cat /home/red/code/research/tola/_out/canary/projects/torch/probe_binding/ocaml/probe_lib-fetched-2.1.2_ocaml_binding-fetched-v0.17.0-canary1_binding_source_ocaml-fetched.log
exit $RC)
[2026-08-31 14:25:34.643] probe_binding_ocaml        opam_switch  (canary)
[2026-08-31 14:25:34.643] probe_binding_ocaml        platform  (wsl_ubuntu)
[2026-08-31 14:25:35.719] probe_binding_ocaml        cmd_log  (probe_binding_ocaml.out_lib-fetched-2.1.2_ocaml_binding-fetched-v0.17.0-canary1_binding_source_ocaml-fetched.log)
[2026-08-31 14:25:35.719] probe_binding_ocaml        detect  (ok, output present)
[2026-08-31 14:25:35.719] probe_binding_ocaml        check_post  (pass)
[2026-08-31 14:25:35.719] probe_binding_ocaml        done
[2026-08-31 14:25:35.721] probe_lib                  check_pre  (pass)
[2026-08-31 14:25:35.723] probe_lib                  cmd  (test -f $(opam var prefix)/lib/libtorch/build-version || { echo 'WORLD: libtorch build-version missing at $(opam var prefix)/lib/libtorch' >&2; exit 1; }
grep -qF '2.1.2' $(opam var prefix)/lib/libtorch/build-version || { echo "WORLD MISMATCH: libtorch build-version $(cat $(opam var prefix)/lib/libtorch/build-version), scenario declares 2.1.2" >&2; exit 1; }
COUNT=$(nm -D "$(opam var prefix)/lib/libtorch/lib/libtorch_cpu.so" 2>/dev/null | grep -v ' U ' | grep -c '_ZN2at' || echo 0)
printf '_ZN2at symbols exported: %s\n' "$COUNT" | tee /home/red/code/research/tola/_out/canary/projects/torch/probe_lib/probe_lib-fetched-2.1.2_ocaml_binding-fetched-v0.17.0-canary1_binding_source_ocaml-fetched.log
test "$COUNT" -gt 0)
[2026-08-31 14:25:35.723] probe_lib                  opam_switch  (canary)
[2026-08-31 14:25:35.723] probe_lib                  platform  (wsl_ubuntu)
[2026-08-31 14:25:35.885] probe_lib                  cmd_log  (probe_lib.out_lib-fetched-2.1.2_ocaml_binding-fetched-v0.17.0-canary1_binding_source_ocaml-fetched.log)
[2026-08-31 14:25:35.885] probe_lib                  detect  (ok, output present)
[2026-08-31 14:25:35.885] probe_lib                  check_post  (pass)
[2026-08-31 14:25:35.885] probe_lib                  done
[2026-08-31 14:25:35.887] probe_lib_inspect          check_pre  (pass)
[2026-08-31 14:25:35.889] probe_lib_inspect          cmd  (nm -D "$(opam var prefix)/lib/libtorch/lib/libtorch_cpu.so" 2>/dev/null \
  | python3 canary/scripts/inspect_native.py --emit-symbols --elf --path "$(opam var prefix)/lib/libtorch/lib/libtorch_cpu.so" --prefixes '_ZN2at,_ZN3c10,_ZN5torch' --watchlist '_ZN2at13globalContextEv,_ZN2at15getCPUAllocatorEv,_ZN2at16init_num_threadsEv,_ZN2at15get_num_threadsEv,_ZN2at23get_num_interop_threadsEv,_ZN2at18in_parallel_regionEv' \
  > /home/red/code/research/tola/_out/canary/projects/torch/probe_lib/inspect_lib-fetched-2.1.2_ocaml_binding-fetched-v0.17.0-canary1_binding_source_ocaml-fetched.json)
[2026-08-31 14:25:35.889] probe_lib_inspect          opam_switch  (canary)
[2026-08-31 14:25:35.889] probe_lib_inspect          platform  (wsl_ubuntu)
[2026-08-31 14:25:36.113] probe_lib_inspect          cmd_log  (probe_lib_inspect.out_lib-fetched-2.1.2_ocaml_binding-fetched-v0.17.0-canary1_binding_source_ocaml-fetched.log)
[2026-08-31 14:25:36.113] probe_lib_inspect          detect  (ok, output present)
[2026-08-31 14:25:36.113] probe_lib_inspect          check_post  (pass)
[2026-08-31 14:25:36.113] probe_lib_inspect          done
[2026-08-31 14:25:36.115] *                          graph_end  (6/6 completed)
[2026-08-31 14:25:36.115] *                          diagram  (_out/canary/projects/torch/-run/diagrams/all.mmd)
[2026-08-31 14:25:36.115] *                          diagram  (_out/canary/projects/torch/-run/diagrams/full.mmd)
[2026-08-31 14:25:36.115] *                          view  (lib (3 steps))
[2026-08-31 14:25:36.116] *                          view  (probes (3 steps))
[2026-08-31 14:25:36.116] *                          view  (binding_ocaml (3 steps))
[2026-08-31 14:25:36.116] *                          html  (_out/canary/projects/torch/-run/result.html)
[2026-08-31 14:25:36.117] *                          index  (_out/canary/projects/index.html)
[2026-08-31 14:25:36.117] *                          invariant  (full.mmd: OK (6 nodes, 6 IDs))
[2026-08-31 14:25:36.117] *                          invariant  (binding_ocaml.mmd: OK (5 nodes, 6 IDs))
[2026-08-31 14:25:36.117] *                          invariant  (lib.mmd: OK (5 nodes, 6 IDs))
[2026-08-31 14:25:36.117] *                          invariant  (all.mmd: OK (4 nodes, 6 IDs))
[2026-08-31 14:25:36.117] *                          invariant  (probes.mmd: OK (6 nodes, 6 IDs))
[2026-08-31 14:25:36.117] *                          invariant  (ALL OK)
[2026-08-31 14:26:24.390] *                          variant_start  (lib-fetched-2.1.2_ocaml_binding-fetched-v0.17.0_binding_source_ocaml-fetched)
[2026-08-31 14:26:24.390] *                          graph_start  (6 steps)
[2026-08-31 14:26:24.390] fetch_lib                  warm_gate  (marker + fingerprint + check_post passed)
[2026-08-31 14:26:24.390] fetch_lib                  skip  (verdict marker (prior success))
[2026-08-31 14:26:24.390] fetch_binding_ocaml        warm_check_post  (FAIL — the postcondition no longer holds; re-running)
[2026-08-31 14:26:24.390] fetch_binding_ocaml_inspect  warm_gate  (marker + fingerprint + check_post passed)
[2026-08-31 14:26:24.390] fetch_binding_ocaml_inspect  skip  (verdict marker (prior success))
[2026-08-31 14:26:24.390] probe_lib                  warm_gate  (marker + fingerprint + check_post passed)
[2026-08-31 14:26:24.390] probe_lib                  skip  (verdict marker (prior success))
[2026-08-31 14:26:24.390] probe_lib_inspect          warm_gate  (marker + fingerprint + check_post passed)
[2026-08-31 14:26:24.390] probe_lib_inspect          skip  (verdict marker (prior success))
[2026-08-31 14:26:24.390] fetch_binding_ocaml        check_pre  (pass)
[2026-08-31 14:26:24.392] fetch_binding_ocaml        cmd  (eval $(opam env) && { opam repo add canary-local "file://$PWD/canary/templates/opam-local-repo" --rank=1 2>/dev/null || opam repo set-url canary-local "file://$PWD/canary/templates/opam-local-repo" ; } && opam update canary-local && eval $(opam env) && opam install torch.v0.17.0 -y && eval $(opam env) && opam install -y ocamlfind && echo 'installed' > /home/red/code/research/tola/_out/canary/projects/torch/fetch_binding/ocaml/binding_lib-fetched-2.1.2_ocaml_binding-fetched-v0.17.0_binding_source_ocaml-fetched.ok)
[2026-08-31 14:26:24.392] fetch_binding_ocaml        opam_switch  (canary)
[2026-08-31 14:26:24.392] fetch_binding_ocaml        platform  (wsl_ubuntu)
[2026-08-31 14:27:21.216] fetch_binding_ocaml        cmd_log  (fetch_binding_ocaml.out_lib-fetched-2.1.2_ocaml_binding-fetched-v0.17.0_binding_source_ocaml-fetched.log)
[2026-08-31 14:27:21.216] fetch_binding_ocaml        cmd_fail  (exit 31)
[2026-08-31 14:27:21.216] fetch_binding_ocaml        cmd_out  (#  2336 | raw_tensor atg_stft_center(gc_tensor self, int64_t n_fft, int64_t hop_length_v, int hop_length_null, int64_t win_length_v, int win_length_null, gc_tensor window, int center, char * pad_mode, int normalized, int onesided, int return_complex);)
[2026-08-31 14:27:21.216] fetch_binding_ocaml        cmd_out  (#       |                                                                                                                                                                               ~~~~~~~^~~~~~~~)
[2026-08-31 14:27:21.216] fetch_binding_ocaml        cmd_out  (# File "src/wrapper/dune", line 4, characters 9-18:)
[2026-08-31 14:27:21.216] fetch_binding_ocaml        cmd_out  (# 4 |   (names torch_api))
[2026-08-31 14:27:21.216] fetch_binding_ocaml        cmd_out  (#              ^^^^^^^^^)
[2026-08-31 14:27:21.216] fetch_binding_ocaml        cmd_out  (# (cd _build/default/src/wrapper && /usr/bin/gcc -std=c++17 -fPIC -D_GLIBCXX_USE_CXX11_ABI=1 -isystem /home/red/.opam/canary/lib/libtorch/include -isystem /home/red/.opam/canary/lib/libtorch/include/torch/csrc/api/include -g -I /home/red/.opam/canary/lib/ocaml -I /home/red/.opam/canary/lib/base -I /home/red/.opam/canary/lib/base/base_internalhash_types -I /home/red/.opam/canary/lib/base/md5 -I [...])
[2026-08-31 14:27:21.216] fetch_binding_ocaml        cmd_out  (# torch_api.cpp:944:10: fatal error: torch_api_generated.cpp: No such file or directory)
[2026-08-31 14:27:21.216] fetch_binding_ocaml        cmd_out  (#   944 | #include "torch_api_generated.cpp")
[2026-08-31 14:27:21.216] fetch_binding_ocaml        cmd_out  (#       |          ^~~~~~~~~~~~~~~~~~~~~~~~~)
[2026-08-31 14:27:21.216] fetch_binding_ocaml        cmd_out  (# compilation terminated.)
[2026-08-31 14:27:21.216] fetch_binding_ocaml        cmd_out  ()
[2026-08-31 14:27:21.216] fetch_binding_ocaml        cmd_out  ()
[2026-08-31 14:27:21.216] fetch_binding_ocaml        cmd_out  ()
[2026-08-31 14:27:21.216] fetch_binding_ocaml        cmd_out  (<><> Error report <><><><><><><><><><><><><><><><><><><><><><><><><><><><><><><>)
[2026-08-31 14:27:21.216] fetch_binding_ocaml        cmd_out  (┌─ The following actions failed)
[2026-08-31 14:27:21.216] fetch_binding_ocaml        cmd_out  (│ λ build torch v0.17.0)
[2026-08-31 14:27:21.216] fetch_binding_ocaml        cmd_out  (└─ )
[2026-08-31 14:27:21.216] fetch_binding_ocaml        cmd_out  (╶─ No changes have been performed)
[2026-08-31 14:27:21.216] fetch_binding_ocaml        cmd_out  ()
[2026-08-31 14:27:21.216] fetch_binding_ocaml        cmd_out  (<><> torch.v0.17.0 troubleshooting ><><><><><><><><><><><><><><><><><><><><><><>)
[2026-08-31 14:27:21.216] fetch_binding_ocaml        cmd_out  (=> Installation of ocaml-torch failed. This likely happened)
[2026-08-31 14:27:21.216] fetch_binding_ocaml        cmd_out  (   because there is no system installation of libtorch to compile)
[2026-08-31 14:27:21.216] fetch_binding_ocaml        cmd_out  (   OCaml bindings against. Please instal the CPU version of libtorch)
[2026-08-31 14:27:21.216] fetch_binding_ocaml        cmd_out  (   through opam, or the appropriate version of libtorch for your GPU)
[2026-08-31 14:27:21.216] fetch_binding_ocaml        cmd_out  (   through the official distribution.)
[2026-08-31 14:27:21.216] fetch_binding_ocaml        detect  (error, output present)
[2026-08-31 14:27:21.216] fetch_binding_ocaml        done  (expected failure confirmed)
[2026-08-31 14:27:21.219] probe_binding_ocaml        check_pre  (pass)
[2026-08-31 14:27:21.221] probe_binding_ocaml        cmd  (eval $(opam env)
INSTALLED=$(opam list torch --installed --short --columns=version --color=never 2>/dev/null)
test "$INSTALLED" = "v0.17.0" || { echo "WORLD MISMATCH: switch has torch $INSTALLED, scenario declares torch v0.17.0"; exit 1; }
test -f $(opam var prefix)/lib/libtorch/build-version || { echo 'WORLD: libtorch build-version missing at $(opam var prefix)/lib/libtorch' >&2; exit 1; }
grep -qF '2.1.2' $(opam var prefix)/lib/libtorch/build-version || { echo "WORLD MISMATCH: libtorch build-version $(cat $(opam var prefix)/lib/libtorch/build-version), scenario declares 2.1.2" >&2; exit 1; }
eval $(opam env)
ocamlfind ocamlopt -package torch -linkpkg canary/examples/torch/torch_example.ml -o /home/red/code/research/tola/_out/canary/projects/torch/probe_binding/ocaml/torch_example > /home/red/code/research/tola/_out/canary/projects/torch/probe_binding/ocaml/probe_lib-fetched-2.1.2_ocaml_binding-fetched-v0.17.0_binding_source_ocaml-fetched.log 2>&1 && /home/red/code/research/tola/_out/canary/projects/torch/probe_binding/ocaml/torch_example >> /home/red/code/research/tola/_out/canary/projects/torch/probe_binding/ocaml/probe_lib-fetched-2.1.2_ocaml_binding-fetched-v0.17.0_binding_source_ocaml-fetched.log 2>&1
RC=$?
cat /home/red/code/research/tola/_out/canary/projects/torch/probe_binding/ocaml/probe_lib-fetched-2.1.2_ocaml_binding-fetched-v0.17.0_binding_source_ocaml-fetched.log
exit $RC)
[2026-08-31 14:27:21.221] probe_binding_ocaml        opam_switch  (canary)
[2026-08-31 14:27:21.221] probe_binding_ocaml        platform  (wsl_ubuntu)
[2026-08-31 14:27:21.487] probe_binding_ocaml        cmd_log  (probe_binding_ocaml.out_lib-fetched-2.1.2_ocaml_binding-fetched-v0.17.0_binding_source_ocaml-fetched.log)
[2026-08-31 14:27:21.487] probe_binding_ocaml        cmd_fail  (exit 1)
[2026-08-31 14:27:21.487] probe_binding_ocaml        cmd_out  (WORLD MISMATCH: switch has torch v0.17.0-canary1, scenario declares torch v0.17.0)
[2026-08-31 14:27:21.487] probe_binding_ocaml        detect  (error, output present)
[2026-08-31 14:27:21.637] probe_binding_ocaml        done  (expected failure confirmed)
[2026-08-31 14:27:21.639] *                          graph_end  (6/6 completed)
[2026-08-31 14:27:21.639] *                          diagram  (_out/canary/projects/torch/-run/diagrams/all.mmd)
[2026-08-31 14:27:21.639] *                          diagram  (_out/canary/projects/torch/-run/diagrams/full.mmd)
[2026-08-31 14:27:21.639] *                          view  (lib (3 steps))
[2026-08-31 14:27:21.639] *                          view  (probes (3 steps))
[2026-08-31 14:27:21.639] *                          view  (binding_ocaml (3 steps))
[2026-08-31 14:27:21.641] *                          html  (_out/canary/projects/torch/-run/result.html)
[2026-08-31 14:27:21.642] *                          index  (_out/canary/projects/index.html)
[2026-08-31 14:27:21.642] *                          invariant  (full.mmd: OK (6 nodes, 6 IDs))
[2026-08-31 14:27:21.642] *                          invariant  (binding_ocaml.mmd: OK (5 nodes, 6 IDs))
[2026-08-31 14:27:21.643] *                          invariant  (lib.mmd: OK (5 nodes, 6 IDs))
[2026-08-31 14:27:21.643] *                          invariant  (all.mmd: OK (4 nodes, 6 IDs))
[2026-08-31 14:27:21.643] *                          invariant  (probes.mmd: OK (6 nodes, 6 IDs))
[2026-08-31 14:27:21.643] *                          invariant  (ALL OK)
[2026-08-31 14:27:21.667] *                          variant_start  (lib-fetched-2.1.2_ocaml_binding-fetched-v0.17.0-canary1_binding_source_ocaml-fetched)
[2026-08-31 14:27:21.667] *                          graph_start  (6 steps)
[2026-08-31 14:27:21.667] fetch_lib                  warm_gate  (marker + fingerprint + check_post passed)
[2026-08-31 14:27:21.667] fetch_lib                  skip  (verdict marker (prior success))
[2026-08-31 14:27:21.928] fetch_binding_ocaml        warm_gate  (marker + fingerprint + check_post passed)
[2026-08-31 14:27:21.928] fetch_binding_ocaml        skip  (verdict marker (prior success))
[2026-08-31 14:27:21.928] fetch_binding_ocaml_inspect  warm_gate  (marker + fingerprint + check_post passed)
[2026-08-31 14:27:21.928] fetch_binding_ocaml_inspect  skip  (verdict marker (prior success))
[2026-08-31 14:27:21.928] probe_binding_ocaml        warm_gate  (marker + fingerprint + check_post passed)
[2026-08-31 14:27:21.928] probe_binding_ocaml        skip  (verdict marker (prior success))
[2026-08-31 14:27:21.928] probe_lib                  warm_gate  (marker + fingerprint + check_post passed)
[2026-08-31 14:27:21.928] probe_lib                  skip  (verdict marker (prior success))
[2026-08-31 14:27:21.928] probe_lib_inspect          warm_gate  (marker + fingerprint + check_post passed)
[2026-08-31 14:27:21.928] probe_lib_inspect          skip  (verdict marker (prior success))
[2026-08-31 14:27:21.928] *                          graph_end  (6/6 completed)
[2026-08-31 14:27:21.928] *                          diagram  (_out/canary/projects/torch/-run/diagrams/all.mmd)
[2026-08-31 14:27:21.929] *                          diagram  (_out/canary/projects/torch/-run/diagrams/full.mmd)
[2026-08-31 14:27:21.929] *                          view  (lib (3 steps))
[2026-08-31 14:27:21.929] *                          view  (probes (3 steps))
[2026-08-31 14:27:21.929] *                          view  (binding_ocaml (3 steps))
[2026-08-31 14:27:21.929] *                          html  (_out/canary/projects/torch/-run/result.html)
[2026-08-31 14:27:21.930] *                          index  (_out/canary/projects/index.html)
[2026-08-31 14:27:21.930] *                          invariant  (full.mmd: OK (6 nodes, 6 IDs))
[2026-08-31 14:27:21.930] *                          invariant  (binding_ocaml.mmd: OK (5 nodes, 6 IDs))
[2026-08-31 14:27:21.930] *                          invariant  (lib.mmd: OK (5 nodes, 6 IDs))
[2026-08-31 14:27:21.931] *                          invariant  (all.mmd: OK (4 nodes, 6 IDs))
[2026-08-31 14:27:21.931] *                          invariant  (probes.mmd: OK (6 nodes, 6 IDs))
[2026-08-31 14:27:21.931] *                          invariant  (ALL OK)
[2026-08-31 14:28:25.952] *                          variant_start  (lib-fetched-2.1.2_ocaml_binding-fetched-v0.17.0_binding_source_ocaml-fetched)
[2026-08-31 14:28:25.952] *                          graph_start  (6 steps)
[2026-08-31 14:28:25.952] fetch_lib                  warm_gate  (marker + fingerprint + check_post passed)
[2026-08-31 14:28:25.952] fetch_lib                  skip  (verdict marker (prior success))
[2026-08-31 14:28:25.953] fetch_binding_ocaml        marker_stale  (spec changed since the marker — re-running)
[2026-08-31 14:28:25.953] fetch_binding_ocaml_inspect  warm_gate  (marker + fingerprint + check_post passed)
[2026-08-31 14:28:25.953] fetch_binding_ocaml_inspect  skip  (verdict marker (prior success))
[2026-08-31 14:28:25.953] probe_binding_ocaml        warm_check_post  (FAIL — the postcondition no longer holds; re-running)
[2026-08-31 14:28:25.953] probe_lib                  warm_gate  (marker + fingerprint + check_post passed)
[2026-08-31 14:28:25.953] probe_lib                  skip  (verdict marker (prior success))
[2026-08-31 14:28:25.953] probe_lib_inspect          warm_gate  (marker + fingerprint + check_post passed)
[2026-08-31 14:28:25.953] probe_lib_inspect          skip  (verdict marker (prior success))
[2026-08-31 14:28:25.953] fetch_binding_ocaml        check_pre  (pass)
[2026-08-31 14:28:25.955] fetch_binding_ocaml        cmd  (eval $(opam env) && opam config subst canary/templates/opam-local-repo/packages/torch/torch.v0.17.0-canary1/opam && { opam repo add canary-local "file://$PWD/canary/templates/opam-local-repo" --rank=1 2>/dev/null || opam repo set-url canary-local "file://$PWD/canary/templates/opam-local-repo" ; } && opam update canary-local && eval $(opam env) && opam install torch.v0.17.0 -y && eval $(opam env) && opam install -y ocamlfind && echo 'installed' > /home/red/code/research/tola/_out/canary/projects/torch/fetch_binding/ocaml/binding_lib-fetched-2.1.2_ocaml_binding-fetched-v0.17.0_binding_source_ocaml-fetched.ok)
[2026-08-31 14:28:25.955] fetch_binding_ocaml        opam_switch  (canary)
[2026-08-31 14:28:25.955] fetch_binding_ocaml        platform  (wsl_ubuntu)
[2026-08-31 14:29:23.244] fetch_binding_ocaml        cmd_log  (fetch_binding_ocaml.out_lib-fetched-2.1.2_ocaml_binding-fetched-v0.17.0_binding_source_ocaml-fetched.log)
[2026-08-31 14:29:23.244] fetch_binding_ocaml        cmd_fail  (exit 31)
[2026-08-31 14:29:23.244] fetch_binding_ocaml        cmd_out  (#  2336 | raw_tensor atg_stft_center(gc_tensor self, int64_t n_fft, int64_t hop_length_v, int hop_length_null, int64_t win_length_v, int win_length_null, gc_tensor window, int center, char * pad_mode, int normalized, int onesided, int return_complex);)
[2026-08-31 14:29:23.244] fetch_binding_ocaml        cmd_out  (#       |                                                                                                                                                                               ~~~~~~~^~~~~~~~)
[2026-08-31 14:29:23.244] fetch_binding_ocaml        cmd_out  (# File "src/wrapper/dune", line 4, characters 9-18:)
[2026-08-31 14:29:23.244] fetch_binding_ocaml        cmd_out  (# 4 |   (names torch_api))
[2026-08-31 14:29:23.244] fetch_binding_ocaml        cmd_out  (#              ^^^^^^^^^)
[2026-08-31 14:29:23.244] fetch_binding_ocaml        cmd_out  (# (cd _build/default/src/wrapper && /usr/bin/gcc -std=c++17 -fPIC -D_GLIBCXX_USE_CXX11_ABI=1 -isystem /home/red/.opam/canary/lib/libtorch/include -isystem /home/red/.opam/canary/lib/libtorch/include/torch/csrc/api/include -g -I /home/red/.opam/canary/lib/ocaml -I /home/red/.opam/canary/lib/base -I /home/red/.opam/canary/lib/base/base_internalhash_types -I /home/red/.opam/canary/lib/base/md5 -I [...])
[2026-08-31 14:29:23.244] fetch_binding_ocaml        cmd_out  (# torch_api.cpp:944:10: fatal error: torch_api_generated.cpp: No such file or directory)
[2026-08-31 14:29:23.244] fetch_binding_ocaml        cmd_out  (#   944 | #include "torch_api_generated.cpp")
[2026-08-31 14:29:23.244] fetch_binding_ocaml        cmd_out  (#       |          ^~~~~~~~~~~~~~~~~~~~~~~~~)
[2026-08-31 14:29:23.244] fetch_binding_ocaml        cmd_out  (# compilation terminated.)
[2026-08-31 14:29:23.244] fetch_binding_ocaml        cmd_out  ()
[2026-08-31 14:29:23.244] fetch_binding_ocaml        cmd_out  ()
[2026-08-31 14:29:23.244] fetch_binding_ocaml        cmd_out  ()
[2026-08-31 14:29:23.244] fetch_binding_ocaml        cmd_out  (<><> Error report <><><><><><><><><><><><><><><><><><><><><><><><><><><><><><><>)
[2026-08-31 14:29:23.244] fetch_binding_ocaml        cmd_out  (┌─ The following actions failed)
[2026-08-31 14:29:23.244] fetch_binding_ocaml        cmd_out  (│ λ build torch v0.17.0)
[2026-08-31 14:29:23.244] fetch_binding_ocaml        cmd_out  (└─ )
[2026-08-31 14:29:23.244] fetch_binding_ocaml        cmd_out  (╶─ No changes have been performed)
[2026-08-31 14:29:23.244] fetch_binding_ocaml        cmd_out  ()
[2026-08-31 14:29:23.244] fetch_binding_ocaml        cmd_out  (<><> torch.v0.17.0 troubleshooting ><><><><><><><><><><><><><><><><><><><><><><>)
[2026-08-31 14:29:23.244] fetch_binding_ocaml        cmd_out  (=> Installation of ocaml-torch failed. This likely happened)
[2026-08-31 14:29:23.244] fetch_binding_ocaml        cmd_out  (   because there is no system installation of libtorch to compile)
[2026-08-31 14:29:23.244] fetch_binding_ocaml        cmd_out  (   OCaml bindings against. Please instal the CPU version of libtorch)
[2026-08-31 14:29:23.244] fetch_binding_ocaml        cmd_out  (   through opam, or the appropriate version of libtorch for your GPU)
[2026-08-31 14:29:23.244] fetch_binding_ocaml        cmd_out  (   through the official distribution.)
[2026-08-31 14:29:23.244] fetch_binding_ocaml        detect  (error, output present)
[2026-08-31 14:29:23.244] fetch_binding_ocaml        done  (expected failure confirmed)
[2026-08-31 14:29:23.246] probe_binding_ocaml        check_pre  (pass)
[2026-08-31 14:29:23.248] probe_binding_ocaml        cmd  (eval $(opam env)
INSTALLED=$(opam list torch --installed --short --columns=version --color=never 2>/dev/null)
test "$INSTALLED" = "v0.17.0" || { echo "WORLD MISMATCH: switch has torch $INSTALLED, scenario declares torch v0.17.0"; exit 1; }
test -f $(opam var prefix)/lib/libtorch/build-version || { echo 'WORLD: libtorch build-version missing at $(opam var prefix)/lib/libtorch' >&2; exit 1; }
grep -qF '2.1.2' $(opam var prefix)/lib/libtorch/build-version || { echo "WORLD MISMATCH: libtorch build-version $(cat $(opam var prefix)/lib/libtorch/build-version), scenario declares 2.1.2" >&2; exit 1; }
eval $(opam env)
ocamlfind ocamlopt -package torch -linkpkg canary/examples/torch/torch_example.ml -o /home/red/code/research/tola/_out/canary/projects/torch/probe_binding/ocaml/torch_example > /home/red/code/research/tola/_out/canary/projects/torch/probe_binding/ocaml/probe_lib-fetched-2.1.2_ocaml_binding-fetched-v0.17.0_binding_source_ocaml-fetched.log 2>&1 && /home/red/code/research/tola/_out/canary/projects/torch/probe_binding/ocaml/torch_example >> /home/red/code/research/tola/_out/canary/projects/torch/probe_binding/ocaml/probe_lib-fetched-2.1.2_ocaml_binding-fetched-v0.17.0_binding_source_ocaml-fetched.log 2>&1
RC=$?
cat /home/red/code/research/tola/_out/canary/projects/torch/probe_binding/ocaml/probe_lib-fetched-2.1.2_ocaml_binding-fetched-v0.17.0_binding_source_ocaml-fetched.log
exit $RC)
[2026-08-31 14:29:23.248] probe_binding_ocaml        opam_switch  (canary)
[2026-08-31 14:29:23.248] probe_binding_ocaml        platform  (wsl_ubuntu)
[2026-08-31 14:29:23.508] probe_binding_ocaml        cmd_log  (probe_binding_ocaml.out_lib-fetched-2.1.2_ocaml_binding-fetched-v0.17.0_binding_source_ocaml-fetched.log)
[2026-08-31 14:29:23.508] probe_binding_ocaml        cmd_fail  (exit 1)
[2026-08-31 14:29:23.508] probe_binding_ocaml        cmd_out  (WORLD MISMATCH: switch has torch v0.17.0-canary1, scenario declares torch v0.17.0)
[2026-08-31 14:29:23.508] probe_binding_ocaml        detect  (error, output present)
[2026-08-31 14:29:23.656] probe_binding_ocaml        done  (expected failure confirmed)
[2026-08-31 14:29:23.658] *                          graph_end  (6/6 completed)
[2026-08-31 14:29:23.658] *                          diagram  (_out/canary/projects/torch/-run/diagrams/all.mmd)
[2026-08-31 14:29:23.658] *                          diagram  (_out/canary/projects/torch/-run/diagrams/full.mmd)
[2026-08-31 14:29:23.659] *                          view  (lib (3 steps))
[2026-08-31 14:29:23.659] *                          view  (probes (3 steps))
[2026-08-31 14:29:23.659] *                          view  (binding_ocaml (3 steps))
[2026-08-31 14:29:23.661] *                          html  (_out/canary/projects/torch/-run/result.html)
[2026-08-31 14:29:23.661] *                          index  (_out/canary/projects/index.html)
[2026-08-31 14:29:23.662] *                          invariant  (full.mmd: OK (6 nodes, 6 IDs))
[2026-08-31 14:29:23.662] *                          invariant  (binding_ocaml.mmd: OK (5 nodes, 6 IDs))
[2026-08-31 14:29:23.662] *                          invariant  (lib.mmd: OK (5 nodes, 6 IDs))
[2026-08-31 14:29:23.662] *                          invariant  (all.mmd: OK (4 nodes, 6 IDs))
[2026-08-31 14:29:23.662] *                          invariant  (probes.mmd: OK (6 nodes, 6 IDs))
[2026-08-31 14:29:23.662] *                          invariant  (ALL OK)
[2026-08-31 14:29:23.685] *                          variant_start  (lib-fetched-2.1.2_ocaml_binding-fetched-v0.17.0-canary1_binding_source_ocaml-fetched)
[2026-08-31 14:29:23.685] *                          graph_start  (6 steps)
[2026-08-31 14:29:23.685] fetch_lib                  warm_gate  (marker + fingerprint + check_post passed)
[2026-08-31 14:29:23.685] fetch_lib                  skip  (verdict marker (prior success))
[2026-08-31 14:29:23.685] fetch_binding_ocaml        marker_stale  (spec changed since the marker — re-running)
[2026-08-31 14:29:23.685] fetch_binding_ocaml_inspect  warm_gate  (marker + fingerprint + check_post passed)
[2026-08-31 14:29:23.685] fetch_binding_ocaml_inspect  skip  (verdict marker (prior success))
[2026-08-31 14:29:23.685] probe_binding_ocaml        warm_gate  (marker + fingerprint + check_post passed)
[2026-08-31 14:29:23.685] probe_binding_ocaml        skip  (verdict marker (prior success))
[2026-08-31 14:29:23.685] probe_lib                  warm_gate  (marker + fingerprint + check_post passed)
[2026-08-31 14:29:23.685] probe_lib                  skip  (verdict marker (prior success))
[2026-08-31 14:29:23.685] probe_lib_inspect          warm_gate  (marker + fingerprint + check_post passed)
[2026-08-31 14:29:23.685] probe_lib_inspect          skip  (verdict marker (prior success))
[2026-08-31 14:29:23.685] fetch_binding_ocaml        check_pre  (pass)
[2026-08-31 14:29:23.688] fetch_binding_ocaml        cmd  (eval $(opam env) && opam config subst canary/templates/opam-local-repo/packages/torch/torch.v0.17.0-canary1/opam && { opam repo add canary-local "file://$PWD/canary/templates/opam-local-repo" --rank=1 2>/dev/null || opam repo set-url canary-local "file://$PWD/canary/templates/opam-local-repo" ; } && opam update canary-local && eval $(opam env) && opam install torch.v0.17.0-canary1 -y && eval $(opam env) && opam install -y ocamlfind && echo 'installed' > /home/red/code/research/tola/_out/canary/projects/torch/fetch_binding/ocaml/binding_lib-fetched-2.1.2_ocaml_binding-fetched-v0.17.0-canary1_binding_source_ocaml-fetched.ok)
[2026-08-31 14:29:23.688] fetch_binding_ocaml        opam_switch  (canary)
[2026-08-31 14:29:23.688] fetch_binding_ocaml        platform  (wsl_ubuntu)
[2026-08-31 14:29:25.273] fetch_binding_ocaml        cmd_log  (fetch_binding_ocaml.out_lib-fetched-2.1.2_ocaml_binding-fetched-v0.17.0-canary1_binding_source_ocaml-fetched.log)
[2026-08-31 14:29:25.273] fetch_binding_ocaml        detect  (ok, output present)
[2026-08-31 14:29:25.523] fetch_binding_ocaml        check_post  (pass)
[2026-08-31 14:29:25.523] fetch_binding_ocaml        done
[2026-08-31 14:29:25.526] *                          graph_end  (6/6 completed)
[2026-08-31 14:29:25.526] *                          diagram  (_out/canary/projects/torch/-run/diagrams/all.mmd)
[2026-08-31 14:29:25.526] *                          diagram  (_out/canary/projects/torch/-run/diagrams/full.mmd)
[2026-08-31 14:29:25.526] *                          view  (lib (3 steps))
[2026-08-31 14:29:25.526] *                          view  (probes (3 steps))
[2026-08-31 14:29:25.526] *                          view  (binding_ocaml (3 steps))
[2026-08-31 14:29:25.527] *                          html  (_out/canary/projects/torch/-run/result.html)
[2026-08-31 14:29:25.528] *                          index  (_out/canary/projects/index.html)
[2026-08-31 14:29:25.528] *                          invariant  (full.mmd: OK (6 nodes, 6 IDs))
[2026-08-31 14:29:25.528] *                          invariant  (binding_ocaml.mmd: OK (5 nodes, 6 IDs))
[2026-08-31 14:29:25.528] *                          invariant  (lib.mmd: OK (5 nodes, 6 IDs))
[2026-08-31 14:29:25.528] *                          invariant  (all.mmd: OK (4 nodes, 6 IDs))
[2026-08-31 14:29:25.528] *                          invariant  (probes.mmd: OK (6 nodes, 6 IDs))
[2026-08-31 14:29:25.528] *                          invariant  (ALL OK)
